2026-05-19 00:06:14,560 - baseUtils.py - INFO - 配置文件读取成功：E:\develop\PythonProject\OrangeHRM\Config\配置文件.ini
2026-05-19 00:06:14,561 - globalManager.py - INFO - 全局变量管理器初始化成功
2026-05-19 00:06:14,921 - baseUtils.py - INFO - 配置文件读取成功：E:\develop\PythonProject\OrangeHRM\Config\配置文件.ini
2026-05-19 00:06:14,922 - baseData.py - INFO - 数据驱动读取成功：01登录功能
2026-05-19 00:06:14,924 - baseUtils.py - INFO - 配置文件读取成功：E:\develop\PythonProject\OrangeHRM\Config\配置文件.ini
2026-05-19 00:06:14,925 - baseData.py - INFO - 数据驱动读取成功：02修改员工信息功能
2026-05-19 00:06:16,092 - conftest.py - INFO - ✅ 启动浏览器成功：chrome
2026-05-19 00:06:16,093 - baseUtils.py - INFO - 配置文件读取成功：E:\develop\PythonProject\OrangeHRM\Config\配置文件.ini
2026-05-19 00:06:16,094 - 01登录页面元素信息.yaml - INFO - ========== 开始执行 OrangeHRM 登录操作 ==========
2026-05-19 00:06:16,095 - baseUtils.py - INFO - 配置文件读取成功：E:\develop\PythonProject\OrangeHRM\Config\配置文件.ini
2026-05-19 00:06:21,539 - 01登录页面元素信息.yaml - INFO - ========== OrangeHRM 登录操作执行完成 ==========
2026-05-19 00:06:21,541 - baseUtils.py - INFO - 配置文件读取成功：E:\develop\PythonProject\OrangeHRM\Config\配置文件.ini
2026-05-19 00:06:25,766 - baseAutoWeb.py - INFO - 🔍 通用下拉选择：年假
2026-05-19 00:06:32,816 - baseAutoWeb.py - INFO - ✅ 通用自定义下拉选择成功
2026-05-19 00:06:32,938 - 02修改员工信息.yaml - INFO - 输入结束时间
2026-05-19 00:06:33,112 - 02修改员工信息.yaml - INFO - 输入开始时间
2026-05-19 00:06:33,227 - 02修改员工信息.yaml - INFO - 输入请假原因
2026-05-19 00:06:33,428 - 02修改员工信息.yaml - INFO - 点击申请
2026-05-19 00:06:33,429 - baseUtils.py - INFO - 配置文件读取成功：E:\develop\PythonProject\OrangeHRM\Config\配置文件.ini
2026-05-19 00:06:38,128 - conftest.py - INFO - ✅ 浏览器驱动已退出
2026-05-19 00:18:57,323 - baseUtils.py - INFO - 配置文件读取成功：E:\develop\PythonProject\OrangeHRM\Config\配置文件.ini
2026-05-19 00:18:57,323 - globalManager.py - INFO - 全局变量管理器初始化成功
2026-05-19 00:18:57,719 - baseUtils.py - INFO - 配置文件读取成功：E:\develop\PythonProject\OrangeHRM\Config\配置文件.ini
2026-05-19 00:18:57,720 - baseData.py - INFO - 数据驱动读取成功：01登录功能
2026-05-19 00:18:57,721 - baseUtils.py - INFO - 配置文件读取成功：E:\develop\PythonProject\OrangeHRM\Config\配置文件.ini
2026-05-19 00:18:57,723 - baseData.py - INFO - 数据驱动读取成功：02修改员工信息功能
2026-05-19 00:18:58,903 - conftest.py - INFO - ✅ 启动浏览器成功：chrome
2026-05-19 00:18:58,904 - baseUtils.py - INFO - 配置文件读取成功：E:\develop\PythonProject\OrangeHRM\Config\配置文件.ini
2026-05-19 00:18:58,904 - 01登录页面元素信息.yaml - INFO - ========== 开始执行 OrangeHRM 登录操作 ==========
2026-05-19 00:18:58,905 - baseUtils.py - INFO - 配置文件读取成功：E:\develop\PythonProject\OrangeHRM\Config\配置文件.ini
2026-05-19 00:19:04,340 - 01登录页面元素信息.yaml - INFO - ========== OrangeHRM 登录操作执行完成 ==========
2026-05-19 00:19:04,342 - baseUtils.py - INFO - 配置文件读取成功：E:\develop\PythonProject\OrangeHRM\Config\配置文件.ini
2026-05-19 00:19:09,298 - baseAutoWeb.py - INFO - 🔍 通用下拉选择：年假
2026-05-19 00:19:16,348 - baseAutoWeb.py - INFO - ✅ 通用自定义下拉选择成功
2026-05-19 00:19:16,593 - 02修改员工信息.yaml - INFO - 打破日期联动锁
2026-05-19 00:19:16,929 - 02修改员工信息.yaml - INFO - 输入开始时间：2026-06-10
2026-05-19 00:19:17,444 - 02修改员工信息.yaml - INFO - 输入结束时间：2026-06-12
2026-05-19 00:19:17,561 - 02修改员工信息.yaml - INFO - 输入请假原因
2026-05-19 00:19:17,755 - 02修改员工信息.yaml - INFO - 点击申请
2026-05-19 00:19:17,757 - baseUtils.py - INFO - 配置文件读取成功：E:\develop\PythonProject\OrangeHRM\Config\配置文件.ini
2026-05-19 00:19:22,344 - conftest.py - INFO - ✅ 浏览器驱动已退出
2026-05-19 00:23:10,147 - baseUtils.py - INFO - 配置文件读取成功：E:\develop\PythonProject\OrangeHRM\Config\配置文件.ini
2026-05-19 00:23:10,147 - globalManager.py - INFO - 全局变量管理器初始化成功
2026-05-19 00:23:10,478 - baseUtils.py - INFO - 配置文件读取成功：E:\develop\PythonProject\OrangeHRM\Config\配置文件.ini
2026-05-19 00:23:10,480 - baseData.py - INFO - 数据驱动读取成功：01登录功能
2026-05-19 00:23:10,481 - baseUtils.py - INFO - 配置文件读取成功：E:\develop\PythonProject\OrangeHRM\Config\配置文件.ini
2026-05-19 00:23:10,481 - baseData.py - INFO - 数据驱动读取成功：02修改员工信息功能
2026-05-19 00:23:11,655 - conftest.py - INFO - ✅ 启动浏览器成功：chrome
2026-05-19 00:23:11,657 - baseUtils.py - INFO - 配置文件读取成功：E:\develop\PythonProject\OrangeHRM\Config\配置文件.ini
2026-05-19 00:23:11,657 - 01登录页面元素信息.yaml - INFO - ========== 开始执行 OrangeHRM 登录操作 ==========
2026-05-19 00:23:11,658 - baseUtils.py - INFO - 配置文件读取成功：E:\develop\PythonProject\OrangeHRM\Config\配置文件.ini
2026-05-19 00:23:17,978 - 01登录页面元素信息.yaml - INFO - ========== OrangeHRM 登录操作执行完成 ==========
2026-05-19 00:23:17,980 - baseUtils.py - INFO - 配置文件读取成功：E:\develop\PythonProject\OrangeHRM\Config\配置文件.ini
2026-05-19 00:23:21,354 - baseAutoWeb.py - INFO - 🔍 通用下拉选择：年假
2026-05-19 00:23:28,484 - baseAutoWeb.py - INFO - ✅ 通用自定义下拉选择成功
2026-05-19 00:23:28,728 - 02修改员工信息.yaml - INFO - 打破日期联动锁
2026-05-19 00:23:29,063 - 02修改员工信息.yaml - INFO - 输入开始时间：2026-06-10
2026-05-19 00:23:29,578 - 02修改员工信息.yaml - INFO - 输入结束时间：2026-06-11
2026-05-19 00:23:29,692 - 02修改员工信息.yaml - INFO - 输入请假原因
2026-05-19 00:23:29,878 - 02修改员工信息.yaml - INFO - 点击申请
2026-05-19 00:23:29,879 - baseUtils.py - INFO - 配置文件读取成功：E:\develop\PythonProject\OrangeHRM\Config\配置文件.ini
2026-05-19 00:23:34,516 - conftest.py - INFO - ✅ 浏览器驱动已退出
2026-05-19 00:27:41,436 - baseUtils.py - INFO - 配置文件读取成功：E:\develop\PythonProject\OrangeHRM\Config\配置文件.ini
2026-05-19 00:27:41,436 - globalManager.py - INFO - 全局变量管理器初始化成功
2026-05-19 00:27:41,761 - baseUtils.py - INFO - 配置文件读取成功：E:\develop\PythonProject\OrangeHRM\Config\配置文件.ini
2026-05-19 00:27:41,762 - baseData.py - INFO - 数据驱动读取成功：01登录功能
2026-05-19 00:27:41,763 - baseUtils.py - INFO - 配置文件读取成功：E:\develop\PythonProject\OrangeHRM\Config\配置文件.ini
2026-05-19 00:27:41,764 - baseData.py - INFO - 数据驱动读取成功：02修改员工信息功能
2026-05-19 00:27:42,909 - conftest.py - INFO - ✅ 启动浏览器成功：chrome
2026-05-19 00:27:42,910 - baseUtils.py - INFO - 配置文件读取成功：E:\develop\PythonProject\OrangeHRM\Config\配置文件.ini
2026-05-19 00:27:42,910 - 01登录页面元素信息.yaml - INFO - ========== 开始执行 OrangeHRM 登录操作 ==========
2026-05-19 00:27:42,912 - baseUtils.py - INFO - 配置文件读取成功：E:\develop\PythonProject\OrangeHRM\Config\配置文件.ini
2026-05-19 00:27:48,497 - 01登录页面元素信息.yaml - INFO - ========== OrangeHRM 登录操作执行完成 ==========
2026-05-19 00:27:48,500 - baseUtils.py - INFO - 配置文件读取成功：E:\develop\PythonProject\OrangeHRM\Config\配置文件.ini
2026-05-19 00:27:52,698 - baseAutoWeb.py - INFO - 🔍 通用下拉选择：年假
2026-05-19 00:27:59,717 - baseAutoWeb.py - INFO - ✅ 通用自定义下拉选择成功
2026-05-19 00:27:59,900 - 02修改员工信息.yaml - INFO - 输入开始时间
2026-05-19 00:27:59,932 - 02修改员工信息.yaml - INFO - 输入结束时间
2026-05-19 00:28:00,062 - 02修改员工信息.yaml - INFO - 输入请假原因
2026-05-19 00:28:00,261 - 02修改员工信息.yaml - INFO - 点击申请
2026-05-19 00:28:00,262 - baseUtils.py - INFO - 配置文件读取成功：E:\develop\PythonProject\OrangeHRM\Config\配置文件.ini
2026-05-19 00:28:00,915 - 02修改员工信息.yaml - INFO - ✅ 申请请假成功
2026-05-19 00:28:00,915 - test_web_ohrm.py - INFO - ✅ 【员工申请请假】用例执行完成
2026-05-19 00:28:03,126 - conftest.py - INFO - ✅ 浏览器驱动已退出
2026-05-19 00:32:40,046 - baseUtils.py - INFO - 配置文件读取成功：E:\develop\PythonProject\OrangeHRM\Config\配置文件.ini
2026-05-19 00:32:40,046 - globalManager.py - INFO - 全局变量管理器初始化成功
2026-05-19 00:32:40,418 - baseUtils.py - INFO - 配置文件读取成功：E:\develop\PythonProject\OrangeHRM\Config\配置文件.ini
2026-05-19 00:32:40,420 - baseData.py - INFO - 数据驱动读取成功：01登录功能
2026-05-19 00:32:40,421 - baseUtils.py - INFO - 配置文件读取成功：E:\develop\PythonProject\OrangeHRM\Config\配置文件.ini
2026-05-19 00:32:40,422 - baseData.py - INFO - 数据驱动读取成功：02修改员工信息功能
2026-05-19 00:32:41,580 - conftest.py - INFO - ✅ 启动浏览器成功：chrome
2026-05-19 00:32:41,582 - baseUtils.py - INFO - 配置文件读取成功：E:\develop\PythonProject\OrangeHRM\Config\配置文件.ini
2026-05-19 00:32:41,583 - 01登录页面元素信息.yaml - INFO - ========== 开始执行 OrangeHRM 登录操作 ==========
2026-05-19 00:32:41,584 - baseUtils.py - INFO - 配置文件读取成功：E:\develop\PythonProject\OrangeHRM\Config\配置文件.ini
2026-05-19 00:32:47,875 - 01登录页面元素信息.yaml - INFO - ========== OrangeHRM 登录操作执行完成 ==========
2026-05-19 00:32:47,878 - baseUtils.py - INFO - 配置文件读取成功：E:\develop\PythonProject\OrangeHRM\Config\配置文件.ini
2026-05-19 00:32:51,319 - baseAutoWeb.py - INFO - 🔍 通用下拉选择：年假
2026-05-19 00:32:58,238 - baseAutoWeb.py - INFO - ✅ 通用自定义下拉选择成功
2026-05-19 00:33:08,279 - baseUtils.py - INFO - 配置文件读取成功：E:\develop\PythonProject\OrangeHRM\Config\配置文件.ini
2026-05-19 00:33:12,873 - conftest.py - INFO - ✅ 浏览器驱动已退出
2026-05-19 00:33:27,779 - baseUtils.py - INFO - 配置文件读取成功：E:\develop\PythonProject\OrangeHRM\Config\配置文件.ini
2026-05-19 00:33:27,779 - globalManager.py - INFO - 全局变量管理器初始化成功
2026-05-19 00:33:28,091 - baseUtils.py - INFO - 配置文件读取成功：E:\develop\PythonProject\OrangeHRM\Config\配置文件.ini
2026-05-19 00:33:28,092 - baseData.py - INFO - 数据驱动读取成功：01登录功能
2026-05-19 00:33:28,093 - baseUtils.py - INFO - 配置文件读取成功：E:\develop\PythonProject\OrangeHRM\Config\配置文件.ini
2026-05-19 00:33:28,094 - baseData.py - INFO - 数据驱动读取成功：02修改员工信息功能
2026-05-19 00:33:29,239 - conftest.py - INFO - ✅ 启动浏览器成功：chrome
2026-05-19 00:33:29,240 - baseUtils.py - INFO - 配置文件读取成功：E:\develop\PythonProject\OrangeHRM\Config\配置文件.ini
2026-05-19 00:33:29,241 - 01登录页面元素信息.yaml - INFO - ========== 开始执行 OrangeHRM 登录操作 ==========
2026-05-19 00:33:29,242 - baseUtils.py - INFO - 配置文件读取成功：E:\develop\PythonProject\OrangeHRM\Config\配置文件.ini
2026-05-19 00:33:34,680 - 01登录页面元素信息.yaml - INFO - ========== OrangeHRM 登录操作执行完成 ==========
2026-05-19 00:33:34,682 - baseUtils.py - INFO - 配置文件读取成功：E:\develop\PythonProject\OrangeHRM\Config\配置文件.ini
2026-05-19 00:33:38,686 - baseAutoWeb.py - INFO - 🔍 通用下拉选择：年假
2026-05-19 00:33:45,594 - baseAutoWeb.py - INFO - ✅ 通用自定义下拉选择成功
2026-05-19 00:33:55,636 - baseUtils.py - INFO - 配置文件读取成功：E:\develop\PythonProject\OrangeHRM\Config\配置文件.ini
2026-05-19 00:34:00,213 - conftest.py - INFO - ✅ 浏览器驱动已退出
2026-05-19 00:34:30,594 - baseUtils.py - INFO - 配置文件读取成功：E:\develop\PythonProject\OrangeHRM\Config\配置文件.ini
2026-05-19 00:34:30,595 - globalManager.py - INFO - 全局变量管理器初始化成功
2026-05-19 00:34:30,916 - baseUtils.py - INFO - 配置文件读取成功：E:\develop\PythonProject\OrangeHRM\Config\配置文件.ini
2026-05-19 00:34:30,917 - baseData.py - INFO - 数据驱动读取成功：01登录功能
2026-05-19 00:34:30,918 - baseUtils.py - INFO - 配置文件读取成功：E:\develop\PythonProject\OrangeHRM\Config\配置文件.ini
2026-05-19 00:34:30,919 - baseData.py - INFO - 数据驱动读取成功：02修改员工信息功能
2026-05-19 00:34:32,078 - conftest.py - INFO - ✅ 启动浏览器成功：chrome
2026-05-19 00:34:32,080 - baseUtils.py - INFO - 配置文件读取成功：E:\develop\PythonProject\OrangeHRM\Config\配置文件.ini
2026-05-19 00:34:32,080 - 01登录页面元素信息.yaml - INFO - ========== 开始执行 OrangeHRM 登录操作 ==========
2026-05-19 00:34:32,081 - baseUtils.py - INFO - 配置文件读取成功：E:\develop\PythonProject\OrangeHRM\Config\配置文件.ini
2026-05-19 00:34:37,528 - 01登录页面元素信息.yaml - INFO - ========== OrangeHRM 登录操作执行完成 ==========
2026-05-19 00:34:37,530 - baseUtils.py - INFO - 配置文件读取成功：E:\develop\PythonProject\OrangeHRM\Config\配置文件.ini
2026-05-19 00:34:41,576 - baseAutoWeb.py - INFO - 🔍 通用下拉选择：年假
2026-05-19 00:34:48,520 - baseAutoWeb.py - INFO - ✅ 通用自定义下拉选择成功
2026-05-19 00:34:58,563 - baseUtils.py - INFO - 配置文件读取成功：E:\develop\PythonProject\OrangeHRM\Config\配置文件.ini
2026-05-19 00:35:03,160 - conftest.py - INFO - ✅ 浏览器驱动已退出
2026-05-19 00:48:04,869 - baseUtils.py - INFO - 配置文件读取成功：E:\develop\PythonProject\OrangeHRM\Config\配置文件.ini
2026-05-19 00:48:04,870 - globalManager.py - INFO - 全局变量管理器初始化成功
2026-05-19 00:48:05,249 - baseUtils.py - INFO - 配置文件读取成功：E:\develop\PythonProject\OrangeHRM\Config\配置文件.ini
2026-05-19 00:48:05,250 - baseData.py - INFO - 数据驱动读取成功：01登录功能
2026-05-19 00:48:05,251 - baseUtils.py - INFO - 配置文件读取成功：E:\develop\PythonProject\OrangeHRM\Config\配置文件.ini
2026-05-19 00:48:05,252 - baseData.py - INFO - 数据驱动读取成功：02修改员工信息功能
2026-05-19 00:48:06,422 - conftest.py - INFO - ✅ 启动浏览器成功：chrome
2026-05-19 00:48:06,424 - baseUtils.py - INFO - 配置文件读取成功：E:\develop\PythonProject\OrangeHRM\Config\配置文件.ini
2026-05-19 00:48:06,424 - 01登录页面元素信息.yaml - INFO - ========== 开始执行 OrangeHRM 登录操作 ==========
2026-05-19 00:48:06,425 - baseUtils.py - INFO - 配置文件读取成功：E:\develop\PythonProject\OrangeHRM\Config\配置文件.ini
2026-05-19 00:48:11,877 - 01登录页面元素信息.yaml - INFO - ========== OrangeHRM 登录操作执行完成 ==========
2026-05-19 00:48:11,880 - baseUtils.py - INFO - 配置文件读取成功：E:\develop\PythonProject\OrangeHRM\Config\配置文件.ini
2026-05-19 00:48:15,889 - baseAutoWeb.py - INFO - 🔍 通用下拉选择：年假
2026-05-19 00:48:22,843 - baseAutoWeb.py - INFO - ✅ 通用自定义下拉选择成功
2026-05-19 00:48:22,843 - baseAutoWeb.py - INFO - 📅 选择日历日期：2026-06-10
2026-05-19 00:48:27,914 - baseAutoWeb.py - ERROR - ❌ 日历选择失败：Message: no such element: Unable to locate element: {"method":"xpath","selector":"./following-sibling::button"}
  (Session info: chrome=148.0.7778.168)
Stacktrace:
	chromedriver!GetHandleVerifier [0x7ff726c00295+146d5]
	chromedriver!GetHandleVerifier [0x7ff726c00300+14740]
	chromedriver!(No symbol) [0x7ff72696d7cd]
	chromedriver!(No symbol) [0x7ff7269c6c4e]
	chromedriver!(No symbol) [0x7ff7269c6f5c]
	chromedriver!(No symbol) [0x7ff7269baadc]
	chromedriver!(No symbol) [0x7ff7269ba986]
	chromedriver!(No symbol) [0x7ff726a14818]
	chromedriver!(No symbol) [0x7ff7269b9018]
	chromedriver!(No symbol) [0x7ff7269b9f03]
	chromedriver!GetHandleVerifier [0x7ff726f15949+329d89]
	chromedriver!GetHandleVerifier [0x7ff726f0fe96+3242d6]
	chromedriver!GetHandleVerifier [0x7ff726f33102+347542]
	chromedriver!GetHandleVerifier [0x7ff726c1d425+31865]
	chromedriver!GetHandleVerifier [0x7ff726c2605c+3a49c]
	chromedriver!GetHandleVerifier [0x7ff726c09684+1dac4]
	chromedriver!GetHandleVerifier [0x7ff726c09836+1dc76]
	chromedriver!GetHandleVerifier [0x7ff726bee347+2787]
	KERNEL32!BaseThreadInitThunk [0x7ffc4a11e8d7+17]
	ntdll!RtlUserThreadStart [0x7ffc4b40c3fc+2c]

2026-05-19 00:48:30,558 - conftest.py - INFO - ✅ 浏览器驱动已退出
2026-05-19 00:55:12,213 - baseUtils.py - INFO - 配置文件读取成功：E:\develop\PythonProject\OrangeHRM\Config\配置文件.ini
2026-05-19 00:55:12,213 - globalManager.py - INFO - 全局变量管理器初始化成功
2026-05-19 00:55:12,554 - baseUtils.py - INFO - 配置文件读取成功：E:\develop\PythonProject\OrangeHRM\Config\配置文件.ini
2026-05-19 00:55:12,555 - baseData.py - INFO - 数据驱动读取成功：01登录功能
2026-05-19 00:55:12,556 - baseUtils.py - INFO - 配置文件读取成功：E:\develop\PythonProject\OrangeHRM\Config\配置文件.ini
2026-05-19 00:55:12,557 - baseData.py - INFO - 数据驱动读取成功：02修改员工信息功能
2026-05-19 00:55:13,720 - conftest.py - INFO - ✅ 启动浏览器成功：chrome
2026-05-19 00:55:13,721 - baseUtils.py - INFO - 配置文件读取成功：E:\develop\PythonProject\OrangeHRM\Config\配置文件.ini
2026-05-19 00:55:13,721 - 01登录页面元素信息.yaml - INFO - ========== 开始执行 OrangeHRM 登录操作 ==========
2026-05-19 00:55:13,722 - baseUtils.py - INFO - 配置文件读取成功：E:\develop\PythonProject\OrangeHRM\Config\配置文件.ini
2026-05-19 00:55:19,248 - 01登录页面元素信息.yaml - INFO - ========== OrangeHRM 登录操作执行完成 ==========
2026-05-19 00:55:19,251 - baseUtils.py - INFO - 配置文件读取成功：E:\develop\PythonProject\OrangeHRM\Config\配置文件.ini
2026-05-19 00:55:23,578 - baseAutoWeb.py - INFO - 🔍 通用下拉选择：年假
2026-05-19 00:55:30,653 - baseAutoWeb.py - INFO - ✅ 通用自定义下拉选择成功
2026-05-19 00:55:30,654 - baseAutoWeb.py - INFO - 📅 选择日历日期：2026-06-10
2026-05-19 00:55:35,726 - baseAutoWeb.py - ERROR - ❌ 日历选择失败：Message: no such element: Unable to locate element: {"method":"xpath","selector":"./following-sibling::button"}
  (Session info: chrome=148.0.7778.168)
Stacktrace:
	chromedriver!GetHandleVerifier [0x7ff726c00295+146d5]
	chromedriver!GetHandleVerifier [0x7ff726c00300+14740]
	chromedriver!(No symbol) [0x7ff72696d7cd]
	chromedriver!(No symbol) [0x7ff7269c6c4e]
	chromedriver!(No symbol) [0x7ff7269c6f5c]
	chromedriver!(No symbol) [0x7ff7269baadc]
	chromedriver!(No symbol) [0x7ff7269ba986]
	chromedriver!(No symbol) [0x7ff726a14818]
	chromedriver!(No symbol) [0x7ff7269b9018]
	chromedriver!(No symbol) [0x7ff7269b9f03]
	chromedriver!GetHandleVerifier [0x7ff726f15949+329d89]
	chromedriver!GetHandleVerifier [0x7ff726f0fe96+3242d6]
	chromedriver!GetHandleVerifier [0x7ff726f33102+347542]
	chromedriver!GetHandleVerifier [0x7ff726c1d425+31865]
	chromedriver!GetHandleVerifier [0x7ff726c2605c+3a49c]
	chromedriver!GetHandleVerifier [0x7ff726c09684+1dac4]
	chromedriver!GetHandleVerifier [0x7ff726c09836+1dc76]
	chromedriver!GetHandleVerifier [0x7ff726bee347+2787]
	KERNEL32!BaseThreadInitThunk [0x7ffc4a11e8d7+17]
	ntdll!RtlUserThreadStart [0x7ffc4b40c3fc+2c]

2026-05-19 00:55:38,313 - conftest.py - INFO - ✅ 浏览器驱动已退出
2026-05-19 00:59:54,183 - baseUtils.py - INFO - 配置文件读取成功：E:\develop\PythonProject\OrangeHRM\Config\配置文件.ini
2026-05-19 00:59:54,184 - globalManager.py - INFO - 全局变量管理器初始化成功
2026-05-19 00:59:54,518 - baseUtils.py - INFO - 配置文件读取成功：E:\develop\PythonProject\OrangeHRM\Config\配置文件.ini
2026-05-19 00:59:54,519 - baseData.py - INFO - 数据驱动读取成功：01登录功能
2026-05-19 00:59:54,520 - baseUtils.py - INFO - 配置文件读取成功：E:\develop\PythonProject\OrangeHRM\Config\配置文件.ini
2026-05-19 00:59:54,521 - baseData.py - INFO - 数据驱动读取成功：02修改员工信息功能
2026-05-19 00:59:55,687 - conftest.py - INFO - ✅ 启动浏览器成功：chrome
2026-05-19 00:59:55,688 - baseUtils.py - INFO - 配置文件读取成功：E:\develop\PythonProject\OrangeHRM\Config\配置文件.ini
2026-05-19 00:59:55,689 - 01登录页面元素信息.yaml - INFO - ========== 开始执行 OrangeHRM 登录操作 ==========
2026-05-19 00:59:55,690 - baseUtils.py - INFO - 配置文件读取成功：E:\develop\PythonProject\OrangeHRM\Config\配置文件.ini
2026-05-19 01:00:01,207 - 01登录页面元素信息.yaml - INFO - ========== OrangeHRM 登录操作执行完成 ==========
2026-05-19 01:00:01,209 - baseUtils.py - INFO - 配置文件读取成功：E:\develop\PythonProject\OrangeHRM\Config\配置文件.ini
2026-05-19 01:00:05,531 - baseAutoWeb.py - INFO - 🔍 通用下拉选择：年假
2026-05-19 01:00:12,593 - baseAutoWeb.py - INFO - ✅ 通用自定义下拉选择成功
2026-05-19 01:00:12,593 - baseAutoWeb.py - INFO - 📅 选择日历日期：2026-06-10
2026-05-19 01:00:34,647 - baseAutoWeb.py - ERROR - ❌ 日历选择失败：Message: 
Stacktrace:
	chromedriver!GetHandleVerifier [0x7ff726c00295+146d5]
	chromedriver!GetHandleVerifier [0x7ff726c00300+14740]
	chromedriver!(No symbol) [0x7ff72696d7cd]
	chromedriver!(No symbol) [0x7ff7269c6c4e]
	chromedriver!(No symbol) [0x7ff7269c6f5c]
	chromedriver!(No symbol) [0x7ff726a17cc7]
	chromedriver!(No symbol) [0x7ff726a14818]
	chromedriver!(No symbol) [0x7ff7269b9018]
	chromedriver!(No symbol) [0x7ff7269b9f03]
	chromedriver!GetHandleVerifier [0x7ff726f15949+329d89]
	chromedriver!GetHandleVerifier [0x7ff726f0fe96+3242d6]
	chromedriver!GetHandleVerifier [0x7ff726f33102+347542]
	chromedriver!GetHandleVerifier [0x7ff726c1d425+31865]
	chromedriver!GetHandleVerifier [0x7ff726c2605c+3a49c]
	chromedriver!GetHandleVerifier [0x7ff726c09684+1dac4]
	chromedriver!GetHandleVerifier [0x7ff726c09836+1dc76]
	chromedriver!GetHandleVerifier [0x7ff726bee347+2787]
	KERNEL32!BaseThreadInitThunk [0x7ffc4a11e8d7+17]
	ntdll!RtlUserThreadStart [0x7ffc4b40c3fc+2c]

2026-05-19 01:00:37,255 - conftest.py - INFO - ✅ 浏览器驱动已退出
