2026-05-16 19:04:42,231 - baseUtils.py - INFO - 配置文件读取成功：E:\develop\PythonProject\OrangeHRM\Config\配置文件.ini
2026-05-16 19:04:42,231 - globalManager.py - INFO - 全局变量管理器初始化成功
2026-05-16 19:04:42,590 - baseUtils.py - INFO - 配置文件读取成功：E:\develop\PythonProject\OrangeHRM\Config\配置文件.ini
2026-05-16 19:04:42,591 - baseData.py - INFO - 数据驱动读取成功：01登录功能
2026-05-16 19:04:42,592 - baseUtils.py - INFO - 配置文件读取成功：E:\develop\PythonProject\OrangeHRM\Config\配置文件.ini
2026-05-16 19:04:42,593 - baseData.py - INFO - 数据驱动读取成功：02修改员工信息功能
2026-05-16 19:04:43,759 - conftest.py - INFO - ✅ 启动浏览器成功：chrome
2026-05-16 19:04:43,762 - baseUtils.py - INFO - 配置文件读取成功：E:\develop\PythonProject\OrangeHRM\Config\配置文件.ini
2026-05-16 19:04:43,762 - 01登录页面元素信息.yaml - INFO - ========== 开始执行 OrangeHRM 登录操作 ==========
2026-05-16 19:04:43,763 - baseUtils.py - INFO - 配置文件读取成功：E:\develop\PythonProject\OrangeHRM\Config\配置文件.ini
2026-05-16 19:04:48,882 - 01登录页面元素信息.yaml - INFO - ========== OrangeHRM 登录操作执行完成 ==========
2026-05-16 19:04:48,883 - test_web_ohrm.py - INFO - ========== 开始执行【添加员工信息】用例 ==========
2026-05-16 19:04:48,885 - baseUtils.py - INFO - 配置文件读取成功：E:\develop\PythonProject\OrangeHRM\Config\配置文件.ini
2026-05-16 19:04:51,751 - 02修改员工信息.yaml - INFO - ✅ 点击个人信息管理系统
2026-05-16 19:04:52,931 - 02修改员工信息.yaml - INFO - ✅ 点击添加员工按钮
2026-05-16 19:04:53,951 - 02修改员工信息.yaml - INFO - ✅ 员工姓名输入完成：Xie Shengqiang
2026-05-16 19:04:54,195 - 02修改员工信息.yaml - INFO - ✅ 员工ID输入完成：202501
2026-05-16 19:04:57,277 - 02修改员工信息.yaml - INFO - ✅ 员工信息添加完成，点击保存
2026-05-16 19:04:57,278 - baseUtils.py - INFO - 配置文件读取成功：E:\develop\PythonProject\OrangeHRM\Config\配置文件.ini
2026-05-16 19:05:10,095 - conftest.py - INFO - ✅ 浏览器驱动已退出
2026-05-16 19:07:59,317 - baseUtils.py - INFO - 配置文件读取成功：E:\develop\PythonProject\OrangeHRM\Config\配置文件.ini
2026-05-16 19:07:59,317 - globalManager.py - INFO - 全局变量管理器初始化成功
2026-05-16 19:07:59,717 - baseUtils.py - INFO - 配置文件读取成功：E:\develop\PythonProject\OrangeHRM\Config\配置文件.ini
2026-05-16 19:07:59,718 - baseData.py - INFO - 数据驱动读取成功：01登录功能
2026-05-16 19:07:59,719 - baseUtils.py - INFO - 配置文件读取成功：E:\develop\PythonProject\OrangeHRM\Config\配置文件.ini
2026-05-16 19:07:59,720 - baseData.py - INFO - 数据驱动读取成功：02修改员工信息功能
2026-05-16 19:08:00,890 - conftest.py - INFO - ✅ 启动浏览器成功：chrome
2026-05-16 19:08:00,891 - baseUtils.py - INFO - 配置文件读取成功：E:\develop\PythonProject\OrangeHRM\Config\配置文件.ini
2026-05-16 19:08:00,892 - 01登录页面元素信息.yaml - INFO - ========== 开始执行 OrangeHRM 登录操作 ==========
2026-05-16 19:08:00,893 - baseUtils.py - INFO - 配置文件读取成功：E:\develop\PythonProject\OrangeHRM\Config\配置文件.ini
2026-05-16 19:08:05,984 - 01登录页面元素信息.yaml - INFO - ========== OrangeHRM 登录操作执行完成 ==========
2026-05-16 19:08:05,986 - test_web_ohrm.py - INFO - ========== 开始执行【添加员工信息】用例 ==========
2026-05-16 19:08:05,988 - baseUtils.py - INFO - 配置文件读取成功：E:\develop\PythonProject\OrangeHRM\Config\配置文件.ini
2026-05-16 19:08:08,924 - 02修改员工信息.yaml - INFO - ✅ 点击个人信息管理系统
2026-05-16 19:08:10,126 - 02修改员工信息.yaml - INFO - ✅ 点击添加员工按钮
2026-05-16 19:08:11,111 - 02修改员工信息.yaml - INFO - ✅ 员工姓名输入完成：Xie Shengqiang
2026-05-16 19:08:11,335 - 02修改员工信息.yaml - INFO - ✅ 员工ID输入完成：202501
2026-05-16 19:08:14,417 - 02修改员工信息.yaml - INFO - ✅ 员工信息添加完成，点击保存
2026-05-16 19:08:14,419 - baseUtils.py - INFO - 配置文件读取成功：E:\develop\PythonProject\OrangeHRM\Config\配置文件.ini
2026-05-16 19:08:22,117 - conftest.py - INFO - ✅ 浏览器驱动已退出
2026-05-16 19:12:15,108 - baseUtils.py - INFO - 配置文件读取成功：E:\develop\PythonProject\OrangeHRM\Config\配置文件.ini
2026-05-16 19:12:15,108 - globalManager.py - INFO - 全局变量管理器初始化成功
2026-05-16 19:12:15,516 - baseUtils.py - INFO - 配置文件读取成功：E:\develop\PythonProject\OrangeHRM\Config\配置文件.ini
2026-05-16 19:12:15,517 - baseData.py - INFO - 数据驱动读取成功：01登录功能
2026-05-16 19:12:15,518 - baseUtils.py - INFO - 配置文件读取成功：E:\develop\PythonProject\OrangeHRM\Config\配置文件.ini
2026-05-16 19:12:15,519 - baseData.py - INFO - 数据驱动读取成功：02修改员工信息功能
2026-05-16 19:12:16,694 - conftest.py - INFO - ✅ 启动浏览器成功：chrome
2026-05-16 19:12:16,696 - baseUtils.py - INFO - 配置文件读取成功：E:\develop\PythonProject\OrangeHRM\Config\配置文件.ini
2026-05-16 19:12:16,697 - 01登录页面元素信息.yaml - INFO - ========== 开始执行 OrangeHRM 登录操作 ==========
2026-05-16 19:12:16,698 - baseUtils.py - INFO - 配置文件读取成功：E:\develop\PythonProject\OrangeHRM\Config\配置文件.ini
2026-05-16 19:12:22,570 - 01登录页面元素信息.yaml - INFO - ========== OrangeHRM 登录操作执行完成 ==========
2026-05-16 19:12:22,572 - test_web_ohrm.py - INFO - ========== 开始执行【添加员工信息】用例 ==========
2026-05-16 19:12:22,574 - baseUtils.py - INFO - 配置文件读取成功：E:\develop\PythonProject\OrangeHRM\Config\配置文件.ini
2026-05-16 19:12:24,719 - 02修改员工信息.yaml - INFO - ✅ 点击个人信息管理系统
2026-05-16 19:12:25,900 - 02修改员工信息.yaml - INFO - ✅ 点击添加员工按钮
2026-05-16 19:12:26,848 - 02修改员工信息.yaml - INFO - ✅ 员工姓名输入完成：Xie Shengqiang
2026-05-16 19:12:27,063 - 02修改员工信息.yaml - INFO - ✅ 员工ID输入完成：202501
2026-05-16 19:12:30,138 - 02修改员工信息.yaml - INFO - ✅ 员工信息添加完成，点击保存
2026-05-16 19:12:30,140 - baseUtils.py - INFO - 配置文件读取成功：E:\develop\PythonProject\OrangeHRM\Config\配置文件.ini
2026-05-16 19:12:47,726 - conftest.py - INFO - ✅ 浏览器驱动已退出
2026-05-16 19:29:28,346 - baseUtils.py - INFO - 配置文件读取成功：E:\develop\PythonProject\OrangeHRM\Config\配置文件.ini
2026-05-16 19:29:28,346 - globalManager.py - INFO - 全局变量管理器初始化成功
2026-05-16 19:29:28,769 - baseUtils.py - INFO - 配置文件读取成功：E:\develop\PythonProject\OrangeHRM\Config\配置文件.ini
2026-05-16 19:29:28,770 - baseData.py - INFO - 数据驱动读取成功：01登录功能
2026-05-16 19:29:28,771 - baseUtils.py - INFO - 配置文件读取成功：E:\develop\PythonProject\OrangeHRM\Config\配置文件.ini
2026-05-16 19:29:28,772 - baseData.py - INFO - 数据驱动读取成功：02修改员工信息功能
2026-05-16 19:29:29,945 - conftest.py - INFO - ✅ 启动浏览器成功：chrome
2026-05-16 19:29:29,946 - baseUtils.py - INFO - 配置文件读取成功：E:\develop\PythonProject\OrangeHRM\Config\配置文件.ini
2026-05-16 19:29:29,946 - 01登录页面元素信息.yaml - INFO - ========== 开始执行 OrangeHRM 登录操作 ==========
2026-05-16 19:29:29,947 - baseUtils.py - INFO - 配置文件读取成功：E:\develop\PythonProject\OrangeHRM\Config\配置文件.ini
2026-05-16 19:29:35,044 - 01登录页面元素信息.yaml - INFO - ========== OrangeHRM 登录操作执行完成 ==========
2026-05-16 19:29:35,045 - test_web_ohrm.py - INFO - ========== 开始执行【添加员工信息】用例 ==========
2026-05-16 19:29:35,047 - baseUtils.py - INFO - 配置文件读取成功：E:\develop\PythonProject\OrangeHRM\Config\配置文件.ini
2026-05-16 19:29:38,105 - 02修改员工信息.yaml - INFO - ✅ 点击个人信息管理系统
2026-05-16 19:29:39,302 - 02修改员工信息.yaml - INFO - ✅ 点击添加员工按钮
2026-05-16 19:29:40,333 - 02修改员工信息.yaml - INFO - ✅ 员工姓名输入完成：Xie Shengqiang
2026-05-16 19:29:40,537 - 02修改员工信息.yaml - INFO - ✅ 员工ID输入完成：202501
2026-05-16 19:29:43,616 - 02修改员工信息.yaml - INFO - ✅ 员工信息添加完成，点击保存
2026-05-16 19:29:43,618 - baseUtils.py - INFO - 配置文件读取成功：E:\develop\PythonProject\OrangeHRM\Config\配置文件.ini
2026-05-16 19:30:01,227 - conftest.py - INFO - ✅ 浏览器驱动已退出
2026-05-16 19:31:56,705 - baseUtils.py - INFO - 配置文件读取成功：E:\develop\PythonProject\OrangeHRM\Config\配置文件.ini
2026-05-16 19:31:56,705 - globalManager.py - INFO - 全局变量管理器初始化成功
2026-05-16 19:31:57,110 - baseUtils.py - INFO - 配置文件读取成功：E:\develop\PythonProject\OrangeHRM\Config\配置文件.ini
2026-05-16 19:31:57,112 - baseData.py - INFO - 数据驱动读取成功：01登录功能
2026-05-16 19:31:57,113 - baseUtils.py - INFO - 配置文件读取成功：E:\develop\PythonProject\OrangeHRM\Config\配置文件.ini
2026-05-16 19:31:57,114 - baseData.py - INFO - 数据驱动读取成功：02修改员工信息功能
2026-05-16 19:31:58,270 - conftest.py - INFO - ✅ 启动浏览器成功：chrome
2026-05-16 19:31:58,271 - baseUtils.py - INFO - 配置文件读取成功：E:\develop\PythonProject\OrangeHRM\Config\配置文件.ini
2026-05-16 19:31:58,272 - 01登录页面元素信息.yaml - INFO - ========== 开始执行 OrangeHRM 登录操作 ==========
2026-05-16 19:31:58,273 - baseUtils.py - INFO - 配置文件读取成功：E:\develop\PythonProject\OrangeHRM\Config\配置文件.ini
2026-05-16 19:32:03,356 - 01登录页面元素信息.yaml - INFO - ========== OrangeHRM 登录操作执行完成 ==========
2026-05-16 19:32:03,357 - test_web_ohrm.py - INFO - ========== 开始执行【添加员工信息】用例 ==========
2026-05-16 19:32:03,359 - baseUtils.py - INFO - 配置文件读取成功：E:\develop\PythonProject\OrangeHRM\Config\配置文件.ini
2026-05-16 19:32:06,353 - 02修改员工信息.yaml - INFO - ✅ 点击个人信息管理系统
2026-05-16 19:32:07,563 - 02修改员工信息.yaml - INFO - ✅ 点击添加员工按钮
2026-05-16 19:32:08,603 - 02修改员工信息.yaml - INFO - ✅ 员工姓名输入完成：Xie Shengqiang
2026-05-16 19:32:08,830 - 02修改员工信息.yaml - INFO - ✅ 员工ID输入完成：202501
2026-05-16 19:32:11,910 - 02修改员工信息.yaml - INFO - ✅ 员工信息添加完成，点击保存
2026-05-16 19:32:11,911 - baseUtils.py - INFO - 配置文件读取成功：E:\develop\PythonProject\OrangeHRM\Config\配置文件.ini
2026-05-16 19:32:19,605 - conftest.py - INFO - ✅ 浏览器驱动已退出
2026-05-16 19:35:27,992 - baseUtils.py - INFO - 配置文件读取成功：E:\develop\PythonProject\OrangeHRM\Config\配置文件.ini
2026-05-16 19:35:27,993 - globalManager.py - INFO - 全局变量管理器初始化成功
2026-05-16 19:35:28,331 - baseUtils.py - INFO - 配置文件读取成功：E:\develop\PythonProject\OrangeHRM\Config\配置文件.ini
2026-05-16 19:35:28,333 - baseData.py - INFO - 数据驱动读取成功：01登录功能
2026-05-16 19:35:28,334 - baseUtils.py - INFO - 配置文件读取成功：E:\develop\PythonProject\OrangeHRM\Config\配置文件.ini
2026-05-16 19:35:28,335 - baseData.py - INFO - 数据驱动读取成功：02修改员工信息功能
2026-05-16 19:35:29,516 - conftest.py - INFO - ✅ 启动浏览器成功：chrome
2026-05-16 19:35:29,518 - baseUtils.py - INFO - 配置文件读取成功：E:\develop\PythonProject\OrangeHRM\Config\配置文件.ini
2026-05-16 19:35:29,519 - 01登录页面元素信息.yaml - INFO - ========== 开始执行 OrangeHRM 登录操作 ==========
2026-05-16 19:35:29,520 - baseUtils.py - INFO - 配置文件读取成功：E:\develop\PythonProject\OrangeHRM\Config\配置文件.ini
2026-05-16 19:35:34,665 - 01登录页面元素信息.yaml - INFO - ========== OrangeHRM 登录操作执行完成 ==========
2026-05-16 19:35:34,666 - test_web_ohrm.py - INFO - ========== 开始执行【添加员工信息】用例 ==========
2026-05-16 19:35:34,667 - baseUtils.py - INFO - 配置文件读取成功：E:\develop\PythonProject\OrangeHRM\Config\配置文件.ini
2026-05-16 19:35:37,658 - 02修改员工信息.yaml - INFO - ✅ 点击个人信息管理系统
2026-05-16 19:35:38,816 - 02修改员工信息.yaml - INFO - ✅ 点击添加员工按钮
2026-05-16 19:35:39,843 - 02修改员工信息.yaml - INFO - ✅ 员工姓名输入完成：Xie Shengqiang
2026-05-16 19:35:40,060 - 02修改员工信息.yaml - INFO - ✅ 员工ID输入完成：202501
2026-05-16 19:35:43,142 - 02修改员工信息.yaml - INFO - ✅ 员工信息添加完成，点击保存
2026-05-16 19:35:43,143 - baseUtils.py - INFO - 配置文件读取成功：E:\develop\PythonProject\OrangeHRM\Config\配置文件.ini
2026-05-16 19:36:01,693 - conftest.py - INFO - ✅ 浏览器驱动已退出
2026-05-16 19:37:26,028 - baseUtils.py - INFO - 配置文件读取成功：E:\develop\PythonProject\OrangeHRM\Config\配置文件.ini
2026-05-16 19:37:26,029 - globalManager.py - INFO - 全局变量管理器初始化成功
2026-05-16 19:37:26,350 - baseUtils.py - INFO - 配置文件读取成功：E:\develop\PythonProject\OrangeHRM\Config\配置文件.ini
2026-05-16 19:37:26,351 - baseData.py - INFO - 数据驱动读取成功：01登录功能
2026-05-16 19:37:26,352 - baseUtils.py - INFO - 配置文件读取成功：E:\develop\PythonProject\OrangeHRM\Config\配置文件.ini
2026-05-16 19:37:26,353 - baseData.py - INFO - 数据驱动读取成功：02修改员工信息功能
2026-05-16 19:37:27,517 - conftest.py - INFO - ✅ 启动浏览器成功：chrome
2026-05-16 19:37:27,519 - baseUtils.py - INFO - 配置文件读取成功：E:\develop\PythonProject\OrangeHRM\Config\配置文件.ini
2026-05-16 19:37:27,519 - 01登录页面元素信息.yaml - INFO - ========== 开始执行 OrangeHRM 登录操作 ==========
2026-05-16 19:37:27,520 - baseUtils.py - INFO - 配置文件读取成功：E:\develop\PythonProject\OrangeHRM\Config\配置文件.ini
2026-05-16 19:37:32,603 - 01登录页面元素信息.yaml - INFO - ========== OrangeHRM 登录操作执行完成 ==========
2026-05-16 19:37:32,604 - test_web_ohrm.py - INFO - ========== 开始执行【添加员工信息】用例 ==========
2026-05-16 19:37:32,606 - baseUtils.py - INFO - 配置文件读取成功：E:\develop\PythonProject\OrangeHRM\Config\配置文件.ini
2026-05-16 19:37:35,558 - 02修改员工信息.yaml - INFO - ✅ 点击个人信息管理系统
2026-05-16 19:37:36,770 - 02修改员工信息.yaml - INFO - ✅ 点击添加员工按钮
2026-05-16 19:37:37,763 - 02修改员工信息.yaml - INFO - ✅ 员工姓名输入完成：Xie Shengqiang
2026-05-16 19:37:37,981 - 02修改员工信息.yaml - INFO - ✅ 员工ID输入完成：202501
2026-05-16 19:37:41,061 - 02修改员工信息.yaml - INFO - ✅ 员工信息添加完成，点击保存
2026-05-16 19:37:41,062 - baseUtils.py - INFO - 配置文件读取成功：E:\develop\PythonProject\OrangeHRM\Config\配置文件.ini
2026-05-16 19:37:59,642 - conftest.py - INFO - ✅ 浏览器驱动已退出
2026-05-16 19:44:25,294 - baseUtils.py - INFO - 配置文件读取成功：E:\develop\PythonProject\OrangeHRM\Config\配置文件.ini
2026-05-16 19:44:25,295 - globalManager.py - INFO - 全局变量管理器初始化成功
2026-05-16 19:44:25,614 - baseUtils.py - INFO - 配置文件读取成功：E:\develop\PythonProject\OrangeHRM\Config\配置文件.ini
2026-05-16 19:44:25,615 - baseData.py - INFO - 数据驱动读取成功：01登录功能
2026-05-16 19:44:25,616 - baseUtils.py - INFO - 配置文件读取成功：E:\develop\PythonProject\OrangeHRM\Config\配置文件.ini
2026-05-16 19:44:25,617 - baseData.py - INFO - 数据驱动读取成功：02修改员工信息功能
2026-05-16 19:44:26,792 - conftest.py - INFO - ✅ 启动浏览器成功：chrome
2026-05-16 19:44:26,794 - baseUtils.py - INFO - 配置文件读取成功：E:\develop\PythonProject\OrangeHRM\Config\配置文件.ini
2026-05-16 19:44:26,794 - 01登录页面元素信息.yaml - INFO - ========== 开始执行 OrangeHRM 登录操作 ==========
2026-05-16 19:44:26,795 - baseUtils.py - INFO - 配置文件读取成功：E:\develop\PythonProject\OrangeHRM\Config\配置文件.ini
2026-05-16 19:44:31,907 - 01登录页面元素信息.yaml - INFO - ========== OrangeHRM 登录操作执行完成 ==========
2026-05-16 19:44:31,908 - test_web_ohrm.py - INFO - ========== 开始执行【添加员工信息】用例 ==========
2026-05-16 19:44:31,909 - baseUtils.py - INFO - 配置文件读取成功：E:\develop\PythonProject\OrangeHRM\Config\配置文件.ini
2026-05-16 19:44:36,140 - 02修改员工信息.yaml - INFO - ✅ 点击个人信息管理系统
2026-05-16 19:44:37,433 - 02修改员工信息.yaml - INFO - ✅ 点击添加员工按钮
2026-05-16 19:44:38,422 - 02修改员工信息.yaml - INFO - ✅ 员工姓名输入完成：Xie Shengqiang
2026-05-16 19:44:38,650 - 02修改员工信息.yaml - INFO - ✅ 员工ID输入完成：202501
2026-05-16 19:44:41,728 - 02修改员工信息.yaml - INFO - ✅ 员工信息添加完成，点击保存
2026-05-16 19:44:41,729 - baseUtils.py - INFO - 配置文件读取成功：E:\develop\PythonProject\OrangeHRM\Config\配置文件.ini
2026-05-16 19:44:59,407 - conftest.py - INFO - ✅ 浏览器驱动已退出
2026-05-16 19:55:21,533 - baseUtils.py - INFO - 配置文件读取成功：E:\develop\PythonProject\OrangeHRM\Config\配置文件.ini
2026-05-16 19:55:21,534 - globalManager.py - INFO - 全局变量管理器初始化成功
2026-05-16 19:55:21,849 - baseUtils.py - INFO - 配置文件读取成功：E:\develop\PythonProject\OrangeHRM\Config\配置文件.ini
2026-05-16 19:55:21,850 - baseData.py - INFO - 数据驱动读取成功：01登录功能
2026-05-16 19:55:21,851 - baseUtils.py - INFO - 配置文件读取成功：E:\develop\PythonProject\OrangeHRM\Config\配置文件.ini
2026-05-16 19:55:21,852 - baseData.py - INFO - 数据驱动读取成功：02修改员工信息功能
2026-05-16 19:55:23,021 - conftest.py - INFO - ✅ 启动浏览器成功：chrome
2026-05-16 19:55:23,022 - baseUtils.py - INFO - 配置文件读取成功：E:\develop\PythonProject\OrangeHRM\Config\配置文件.ini
2026-05-16 19:55:23,022 - 01登录页面元素信息.yaml - INFO - ========== 开始执行 OrangeHRM 登录操作 ==========
2026-05-16 19:55:23,023 - baseUtils.py - INFO - 配置文件读取成功：E:\develop\PythonProject\OrangeHRM\Config\配置文件.ini
2026-05-16 19:55:28,120 - 01登录页面元素信息.yaml - INFO - ========== OrangeHRM 登录操作执行完成 ==========
2026-05-16 19:55:28,121 - test_web_ohrm.py - INFO - ========== 开始执行【添加员工信息】用例 ==========
2026-05-16 19:55:28,123 - baseUtils.py - INFO - 配置文件读取成功：E:\develop\PythonProject\OrangeHRM\Config\配置文件.ini
2026-05-16 19:55:31,067 - 02修改员工信息.yaml - INFO - ✅ 点击个人信息管理系统
2026-05-16 19:55:32,286 - 02修改员工信息.yaml - INFO - ✅ 点击添加员工按钮
2026-05-16 19:55:33,235 - 02修改员工信息.yaml - INFO - ✅ 员工姓名输入完成：Xie Shengqiang
2026-05-16 19:55:33,435 - 02修改员工信息.yaml - INFO - ✅ 员工ID输入完成：202501
2026-05-16 19:55:36,509 - 02修改员工信息.yaml - INFO - ✅ 员工信息添加完成，点击保存
2026-05-16 19:55:36,510 - baseUtils.py - INFO - 配置文件读取成功：E:\develop\PythonProject\OrangeHRM\Config\配置文件.ini
2026-05-16 19:55:54,054 - conftest.py - INFO - ✅ 浏览器驱动已退出
2026-05-16 19:57:31,875 - baseUtils.py - INFO - 配置文件读取成功：E:\develop\PythonProject\OrangeHRM\Config\配置文件.ini
2026-05-16 19:57:31,875 - globalManager.py - INFO - 全局变量管理器初始化成功
2026-05-16 19:57:32,268 - baseUtils.py - INFO - 配置文件读取成功：E:\develop\PythonProject\OrangeHRM\Config\配置文件.ini
2026-05-16 19:57:32,270 - baseData.py - INFO - 数据驱动读取成功：01登录功能
2026-05-16 19:57:32,271 - baseUtils.py - INFO - 配置文件读取成功：E:\develop\PythonProject\OrangeHRM\Config\配置文件.ini
2026-05-16 19:57:32,271 - baseData.py - INFO - 数据驱动读取成功：02修改员工信息功能
2026-05-16 19:57:33,437 - conftest.py - INFO - ✅ 启动浏览器成功：chrome
2026-05-16 19:57:33,439 - baseUtils.py - INFO - 配置文件读取成功：E:\develop\PythonProject\OrangeHRM\Config\配置文件.ini
2026-05-16 19:57:33,439 - 01登录页面元素信息.yaml - INFO - ========== 开始执行 OrangeHRM 登录操作 ==========
2026-05-16 19:57:33,440 - baseUtils.py - INFO - 配置文件读取成功：E:\develop\PythonProject\OrangeHRM\Config\配置文件.ini
2026-05-16 19:57:38,547 - 01登录页面元素信息.yaml - INFO - ========== OrangeHRM 登录操作执行完成 ==========
2026-05-16 19:57:38,548 - test_web_ohrm.py - INFO - ========== 开始执行【添加员工信息】用例 ==========
2026-05-16 19:57:38,550 - baseUtils.py - INFO - 配置文件读取成功：E:\develop\PythonProject\OrangeHRM\Config\配置文件.ini
2026-05-16 19:57:41,555 - 02修改员工信息.yaml - INFO - ✅ 点击个人信息管理系统
2026-05-16 19:57:42,772 - 02修改员工信息.yaml - INFO - ✅ 点击添加员工按钮
2026-05-16 19:57:43,802 - 02修改员工信息.yaml - INFO - ✅ 员工姓名输入完成：Xie Shengqiang
2026-05-16 19:57:44,007 - 02修改员工信息.yaml - INFO - ✅ 员工ID输入完成：202501
2026-05-16 19:57:47,083 - 02修改员工信息.yaml - INFO - ✅ 员工信息添加完成，点击保存
2026-05-16 19:57:47,084 - baseUtils.py - INFO - 配置文件读取成功：E:\develop\PythonProject\OrangeHRM\Config\配置文件.ini
2026-05-16 19:58:06,669 - conftest.py - INFO - ✅ 浏览器驱动已退出
