2026-05-17 00:12:13,177 - baseUtils.py - INFO - 配置文件读取成功：E:\develop\PythonProject\OrangeHRM\Config\配置文件.ini
2026-05-17 00:12:13,178 - globalManager.py - INFO - 全局变量管理器初始化成功
2026-05-17 00:12:13,543 - baseUtils.py - INFO - 配置文件读取成功：E:\develop\PythonProject\OrangeHRM\Config\配置文件.ini
2026-05-17 00:12:13,544 - baseData.py - INFO - 数据驱动读取成功：01登录功能
2026-05-17 00:12:13,545 - baseUtils.py - INFO - 配置文件读取成功：E:\develop\PythonProject\OrangeHRM\Config\配置文件.ini
2026-05-17 00:12:13,546 - baseUtils.py - INFO - 配置文件读取成功：E:\develop\PythonProject\OrangeHRM\Config\配置文件.ini
2026-05-17 00:12:13,547 - baseData.py - INFO - 数据驱动读取成功：02修改员工信息功能
2026-05-17 00:12:14,715 - conftest.py - INFO - ✅ 启动浏览器成功：chrome
2026-05-17 00:12:14,717 - baseUtils.py - INFO - 配置文件读取成功：E:\develop\PythonProject\OrangeHRM\Config\配置文件.ini
2026-05-17 00:12:14,717 - 01登录页面元素信息.yaml - INFO - ========== 开始执行 OrangeHRM 登录操作 ==========
2026-05-17 00:12:14,718 - baseUtils.py - INFO - 配置文件读取成功：E:\develop\PythonProject\OrangeHRM\Config\配置文件.ini
2026-05-17 00:12:20,278 - 01登录页面元素信息.yaml - INFO - ========== OrangeHRM 登录操作执行完成 ==========
2026-05-17 00:12:20,280 - baseUtils.py - INFO - 配置文件读取成功：E:\develop\PythonProject\OrangeHRM\Config\配置文件.ini
2026-05-17 00:12:23,395 - 02修改员工信息.yaml - INFO - ✅ 点击个人信息管理系统
2026-05-17 00:12:24,603 - 02修改员工信息.yaml - INFO - ✅ 点击添加员工按钮
2026-05-17 00:12:28,965 - conftest.py - INFO - ✅ 浏览器驱动已退出
2026-05-17 00:17:56,596 - baseUtils.py - INFO - 配置文件读取成功：E:\develop\PythonProject\OrangeHRM\Config\配置文件.ini
2026-05-17 00:17:56,596 - globalManager.py - INFO - 全局变量管理器初始化成功
2026-05-17 00:17:56,913 - baseUtils.py - INFO - 配置文件读取成功：E:\develop\PythonProject\OrangeHRM\Config\配置文件.ini
2026-05-17 00:17:56,914 - baseData.py - INFO - 数据驱动读取成功：01登录功能
2026-05-17 00:17:56,915 - baseUtils.py - INFO - 配置文件读取成功：E:\develop\PythonProject\OrangeHRM\Config\配置文件.ini
2026-05-17 00:17:56,916 - baseUtils.py - INFO - 配置文件读取成功：E:\develop\PythonProject\OrangeHRM\Config\配置文件.ini
2026-05-17 00:17:56,922 - baseData.py - INFO - 数据驱动读取成功：02修改员工信息功能
2026-05-17 00:17:58,071 - conftest.py - INFO - ✅ 启动浏览器成功：chrome
2026-05-17 00:17:58,073 - baseUtils.py - INFO - 配置文件读取成功：E:\develop\PythonProject\OrangeHRM\Config\配置文件.ini
2026-05-17 00:17:58,073 - 01登录页面元素信息.yaml - INFO - ========== 开始执行 OrangeHRM 登录操作 ==========
2026-05-17 00:17:58,074 - baseUtils.py - INFO - 配置文件读取成功：E:\develop\PythonProject\OrangeHRM\Config\配置文件.ini
2026-05-17 00:18:03,582 - 01登录页面元素信息.yaml - INFO - ========== OrangeHRM 登录操作执行完成 ==========
2026-05-17 00:18:03,585 - baseUtils.py - INFO - 配置文件读取成功：E:\develop\PythonProject\OrangeHRM\Config\配置文件.ini
2026-05-17 00:18:06,713 - 02修改员工信息.yaml - INFO - ✅ 点击个人信息管理系统
2026-05-17 00:18:07,900 - 02修改员工信息.yaml - INFO - ✅ 点击添加员工按钮
2026-05-17 00:18:15,181 - conftest.py - INFO - ✅ 浏览器驱动已退出
2026-05-17 00:26:52,477 - baseUtils.py - INFO - 配置文件读取成功：E:\develop\PythonProject\OrangeHRM\Config\配置文件.ini
2026-05-17 00:26:52,478 - globalManager.py - INFO - 全局变量管理器初始化成功
2026-05-17 00:26:52,801 - baseUtils.py - INFO - 配置文件读取成功：E:\develop\PythonProject\OrangeHRM\Config\配置文件.ini
2026-05-17 00:26:52,803 - baseData.py - INFO - 数据驱动读取成功：01登录功能
2026-05-17 00:26:52,804 - baseUtils.py - INFO - 配置文件读取成功：E:\develop\PythonProject\OrangeHRM\Config\配置文件.ini
2026-05-17 00:26:52,805 - baseData.py - INFO - 数据驱动读取成功：02修改员工信息功能
2026-05-17 00:26:53,960 - conftest.py - INFO - ✅ 启动浏览器成功：chrome
2026-05-17 00:26:53,961 - baseUtils.py - INFO - 配置文件读取成功：E:\develop\PythonProject\OrangeHRM\Config\配置文件.ini
2026-05-17 00:26:53,962 - 01登录页面元素信息.yaml - INFO - ========== 开始执行 OrangeHRM 登录操作 ==========
2026-05-17 00:26:53,963 - baseUtils.py - INFO - 配置文件读取成功：E:\develop\PythonProject\OrangeHRM\Config\配置文件.ini
2026-05-17 00:27:00,418 - 01登录页面元素信息.yaml - INFO - ========== OrangeHRM 登录操作执行完成 ==========
2026-05-17 00:27:00,421 - baseUtils.py - INFO - 配置文件读取成功：E:\develop\PythonProject\OrangeHRM\Config\配置文件.ini
2026-05-17 00:27:02,602 - 02修改员工信息.yaml - INFO - ✅ 点击个人信息管理系统
2026-05-17 00:27:03,806 - 02修改员工信息.yaml - INFO - ✅ 点击添加员工按钮
2026-05-17 00:27:07,632 - baseUtils.py - INFO - 配置文件读取成功：E:\develop\PythonProject\OrangeHRM\Config\配置文件.ini
2026-05-17 00:27:08,654 - 02修改员工信息.yaml - INFO - ✅ Employee Id already exists的提示成功
2026-05-17 00:27:08,654 - test_web_ohrm.py - INFO - ✅ 【添加新员工输入已经存在的识别号】用例执行完成
2026-05-17 00:27:10,864 - conftest.py - INFO - ✅ 浏览器驱动已退出
