2026-05-18 20:15:47,077 - baseUtils.py - INFO - 配置文件读取成功：E:\develop\PythonProject\OrangeHRM\Config\配置文件.ini
2026-05-18 20:15:47,077 - globalManager.py - INFO - 全局变量管理器初始化成功
2026-05-18 20:15:47,460 - baseUtils.py - INFO - 配置文件读取成功：E:\develop\PythonProject\OrangeHRM\Config\配置文件.ini
2026-05-18 20:15:47,462 - baseData.py - INFO - 数据驱动读取成功：01登录功能
2026-05-18 20:15:47,463 - baseUtils.py - INFO - 配置文件读取成功：E:\develop\PythonProject\OrangeHRM\Config\配置文件.ini
2026-05-18 20:15:47,464 - baseData.py - INFO - 数据驱动读取成功：02修改员工信息功能
2026-05-18 20:15:48,629 - conftest.py - INFO - ✅ 启动浏览器成功：chrome
2026-05-18 20:15:48,631 - baseUtils.py - INFO - 配置文件读取成功：E:\develop\PythonProject\OrangeHRM\Config\配置文件.ini
2026-05-18 20:15:48,632 - 01登录页面元素信息.yaml - INFO - ========== 开始执行 OrangeHRM 登录操作 ==========
2026-05-18 20:15:48,633 - baseUtils.py - INFO - 配置文件读取成功：E:\develop\PythonProject\OrangeHRM\Config\配置文件.ini
2026-05-18 20:15:54,091 - 01登录页面元素信息.yaml - INFO - ========== OrangeHRM 登录操作执行完成 ==========
2026-05-18 20:15:54,094 - baseUtils.py - INFO - 配置文件读取成功：E:\develop\PythonProject\OrangeHRM\Config\配置文件.ini
2026-05-18 20:15:58,808 - baseAutoWeb.py - INFO - ✅ 滚动成功：admin/huadong
2026-05-18 20:16:01,022 - conftest.py - INFO - ✅ 浏览器驱动已退出
2026-05-18 20:20:08,647 - baseUtils.py - INFO - 配置文件读取成功：E:\develop\PythonProject\OrangeHRM\Config\配置文件.ini
2026-05-18 20:20:08,648 - globalManager.py - INFO - 全局变量管理器初始化成功
2026-05-18 20:20:08,976 - baseUtils.py - INFO - 配置文件读取成功：E:\develop\PythonProject\OrangeHRM\Config\配置文件.ini
2026-05-18 20:20:08,977 - baseData.py - INFO - 数据驱动读取成功：01登录功能
2026-05-18 20:20:08,978 - baseUtils.py - INFO - 配置文件读取成功：E:\develop\PythonProject\OrangeHRM\Config\配置文件.ini
2026-05-18 20:20:08,979 - baseData.py - INFO - 数据驱动读取成功：02修改员工信息功能
2026-05-18 20:20:10,137 - conftest.py - INFO - ✅ 启动浏览器成功：chrome
2026-05-18 20:20:10,138 - baseUtils.py - INFO - 配置文件读取成功：E:\develop\PythonProject\OrangeHRM\Config\配置文件.ini
2026-05-18 20:20:10,138 - 01登录页面元素信息.yaml - INFO - ========== 开始执行 OrangeHRM 登录操作 ==========
2026-05-18 20:20:10,139 - baseUtils.py - INFO - 配置文件读取成功：E:\develop\PythonProject\OrangeHRM\Config\配置文件.ini
2026-05-18 20:20:15,587 - 01登录页面元素信息.yaml - INFO - ========== OrangeHRM 登录操作执行完成 ==========
2026-05-18 20:20:15,589 - baseUtils.py - INFO - 配置文件读取成功：E:\develop\PythonProject\OrangeHRM\Config\配置文件.ini
2026-05-18 20:20:19,852 - baseAutoWeb.py - INFO - ✅ 滚动成功：admin/huadong
2026-05-18 20:20:20,619 - baseAutoWeb.py - INFO - ✅ 勾选成功：四四 李
2026-05-18 20:20:21,139 - baseAutoWeb.py - INFO - ✅ 滚动成功：admin/ratify
2026-05-18 20:20:21,332 - 02修改员工信息.yaml - INFO - 点击批准
2026-05-18 20:20:21,334 - baseUtils.py - INFO - 配置文件读取成功：E:\develop\PythonProject\OrangeHRM\Config\配置文件.ini
2026-05-18 20:20:26,014 - conftest.py - INFO - ✅ 浏览器驱动已退出
2026-05-18 20:23:32,745 - baseUtils.py - INFO - 配置文件读取成功：E:\develop\PythonProject\OrangeHRM\Config\配置文件.ini
2026-05-18 20:23:32,745 - globalManager.py - INFO - 全局变量管理器初始化成功
2026-05-18 20:23:33,162 - baseUtils.py - INFO - 配置文件读取成功：E:\develop\PythonProject\OrangeHRM\Config\配置文件.ini
2026-05-18 20:23:33,164 - baseData.py - INFO - 数据驱动读取成功：01登录功能
2026-05-18 20:23:33,165 - baseUtils.py - INFO - 配置文件读取成功：E:\develop\PythonProject\OrangeHRM\Config\配置文件.ini
2026-05-18 20:23:33,166 - baseData.py - INFO - 数据驱动读取成功：02修改员工信息功能
2026-05-18 20:23:34,333 - conftest.py - INFO - ✅ 启动浏览器成功：chrome
2026-05-18 20:23:34,334 - baseUtils.py - INFO - 配置文件读取成功：E:\develop\PythonProject\OrangeHRM\Config\配置文件.ini
2026-05-18 20:23:34,334 - 01登录页面元素信息.yaml - INFO - ========== 开始执行 OrangeHRM 登录操作 ==========
2026-05-18 20:23:34,335 - baseUtils.py - INFO - 配置文件读取成功：E:\develop\PythonProject\OrangeHRM\Config\配置文件.ini
2026-05-18 20:23:39,797 - 01登录页面元素信息.yaml - INFO - ========== OrangeHRM 登录操作执行完成 ==========
2026-05-18 20:23:39,800 - baseUtils.py - INFO - 配置文件读取成功：E:\develop\PythonProject\OrangeHRM\Config\配置文件.ini
2026-05-18 20:23:43,755 - baseAutoWeb.py - INFO - 🔍 通用下拉选择：年假
2026-05-18 20:23:50,742 - baseAutoWeb.py - INFO - ✅ 通用自定义下拉选择成功
2026-05-18 20:23:50,775 - 02修改员工信息.yaml - INFO - 输入开始时间
2026-05-18 20:23:50,809 - 02修改员工信息.yaml - INFO - 输入结束时间
2026-05-18 20:23:50,949 - 02修改员工信息.yaml - INFO - 输入请假原因
2026-05-18 20:23:51,144 - 02修改员工信息.yaml - INFO - 点击申请
2026-05-18 20:23:51,145 - baseUtils.py - INFO - 配置文件读取成功：E:\develop\PythonProject\OrangeHRM\Config\配置文件.ini
2026-05-18 20:23:55,753 - conftest.py - INFO - ✅ 浏览器驱动已退出
2026-05-18 20:23:56,899 - conftest.py - INFO - ✅ 启动浏览器成功：chrome
2026-05-18 20:23:56,900 - baseUtils.py - INFO - 配置文件读取成功：E:\develop\PythonProject\OrangeHRM\Config\配置文件.ini
2026-05-18 20:23:56,900 - 01登录页面元素信息.yaml - INFO - ========== 开始执行 OrangeHRM 登录操作 ==========
2026-05-18 20:23:56,901 - baseUtils.py - INFO - 配置文件读取成功：E:\develop\PythonProject\OrangeHRM\Config\配置文件.ini
2026-05-18 20:24:02,467 - 01登录页面元素信息.yaml - INFO - ========== OrangeHRM 登录操作执行完成 ==========
2026-05-18 20:24:02,469 - baseUtils.py - INFO - 配置文件读取成功：E:\develop\PythonProject\OrangeHRM\Config\配置文件.ini
2026-05-18 20:24:16,480 - baseAutoWeb.py - ERROR - ❌ 滚动失败：Message: 
Stacktrace:
	chromedriver!GetHandleVerifier [0x7ff726c00295+146d5]
	chromedriver!GetHandleVerifier [0x7ff726c00300+14740]
	chromedriver!(No symbol) [0x7ff72696d7cd]
	chromedriver!(No symbol) [0x7ff7269c6c4e]
	chromedriver!(No symbol) [0x7ff7269c6f5c]
	chromedriver!(No symbol) [0x7ff726a17cc7]
	chromedriver!(No symbol) [0x7ff726a14818]
	chromedriver!(No symbol) [0x7ff7269b9018]
	chromedriver!(No symbol) [0x7ff7269b9f03]
	chromedriver!GetHandleVerifier [0x7ff726f15949+329d89]
	chromedriver!GetHandleVerifier [0x7ff726f0fe96+3242d6]
	chromedriver!GetHandleVerifier [0x7ff726f33102+347542]
	chromedriver!GetHandleVerifier [0x7ff726c1d425+31865]
	chromedriver!GetHandleVerifier [0x7ff726c2605c+3a49c]
	chromedriver!GetHandleVerifier [0x7ff726c09684+1dac4]
	chromedriver!GetHandleVerifier [0x7ff726c09836+1dc76]
	chromedriver!GetHandleVerifier [0x7ff726bee347+2787]
	KERNEL32!BaseThreadInitThunk [0x7ffc4a11e8d7+17]
	ntdll!RtlUserThreadStart [0x7ffc4b40c3fc+2c]

2026-05-18 20:24:30,028 - conftest.py - INFO - ✅ 浏览器驱动已退出
2026-05-18 20:26:11,913 - baseUtils.py - INFO - 配置文件读取成功：E:\develop\PythonProject\OrangeHRM\Config\配置文件.ini
2026-05-18 20:26:11,914 - globalManager.py - INFO - 全局变量管理器初始化成功
2026-05-18 20:26:12,320 - baseUtils.py - INFO - 配置文件读取成功：E:\develop\PythonProject\OrangeHRM\Config\配置文件.ini
2026-05-18 20:26:12,322 - baseData.py - INFO - 数据驱动读取成功：01登录功能
2026-05-18 20:26:12,322 - baseUtils.py - INFO - 配置文件读取成功：E:\develop\PythonProject\OrangeHRM\Config\配置文件.ini
2026-05-18 20:26:12,323 - baseData.py - INFO - 数据驱动读取成功：02修改员工信息功能
2026-05-18 20:26:13,494 - conftest.py - INFO - ✅ 启动浏览器成功：chrome
2026-05-18 20:26:13,496 - baseUtils.py - INFO - 配置文件读取成功：E:\develop\PythonProject\OrangeHRM\Config\配置文件.ini
2026-05-18 20:26:13,496 - 01登录页面元素信息.yaml - INFO - ========== 开始执行 OrangeHRM 登录操作 ==========
2026-05-18 20:26:13,497 - baseUtils.py - INFO - 配置文件读取成功：E:\develop\PythonProject\OrangeHRM\Config\配置文件.ini
2026-05-18 20:26:18,986 - 01登录页面元素信息.yaml - INFO - ========== OrangeHRM 登录操作执行完成 ==========
2026-05-18 20:26:18,989 - baseUtils.py - INFO - 配置文件读取成功：E:\develop\PythonProject\OrangeHRM\Config\配置文件.ini
2026-05-18 20:26:23,203 - baseAutoWeb.py - INFO - 🔍 通用下拉选择：年假
2026-05-18 20:26:30,178 - baseAutoWeb.py - INFO - ✅ 通用自定义下拉选择成功
2026-05-18 20:26:30,214 - 02修改员工信息.yaml - INFO - 输入开始时间
2026-05-18 20:26:30,250 - 02修改员工信息.yaml - INFO - 输入结束时间
2026-05-18 20:26:30,379 - 02修改员工信息.yaml - INFO - 输入请假原因
2026-05-18 20:26:30,574 - 02修改员工信息.yaml - INFO - 点击申请
2026-05-18 20:26:30,575 - baseUtils.py - INFO - 配置文件读取成功：E:\develop\PythonProject\OrangeHRM\Config\配置文件.ini
2026-05-18 20:26:35,184 - conftest.py - INFO - ✅ 浏览器驱动已退出
2026-05-18 20:26:36,326 - conftest.py - INFO - ✅ 启动浏览器成功：chrome
2026-05-18 20:26:36,328 - baseUtils.py - INFO - 配置文件读取成功：E:\develop\PythonProject\OrangeHRM\Config\配置文件.ini
2026-05-18 20:26:36,328 - 01登录页面元素信息.yaml - INFO - ========== 开始执行 OrangeHRM 登录操作 ==========
2026-05-18 20:26:36,329 - baseUtils.py - INFO - 配置文件读取成功：E:\develop\PythonProject\OrangeHRM\Config\配置文件.ini
2026-05-18 20:26:38,887 - baseAutoWeb.py - ERROR - 执行click操作失败，元素：login/username，错误：Message: invalid session id: session deleted as the browser has closed the connection
from disconnected: not connected to DevTools
  (Session info: chrome=148.0.7778.168)
Stacktrace:
	chromedriver!GetHandleVerifier [0x7ff726c00295+146d5]
	chromedriver!GetHandleVerifier [0x7ff726c00300+14740]
	chromedriver!(No symbol) [0x7ff72696d7cd]
	chromedriver!(No symbol) [0x7ff726958842]
	chromedriver!(No symbol) [0x7ff72697f0b1]
	chromedriver!(No symbol) [0x7ff7269f70b0]
	chromedriver!(No symbol) [0x7ff726a140e2]
	chromedriver!(No symbol) [0x7ff7269b9018]
	chromedriver!(No symbol) [0x7ff7269b9f03]
	chromedriver!GetHandleVerifier [0x7ff726f15949+329d89]
	chromedriver!GetHandleVerifier [0x7ff726f0fe96+3242d6]
	chromedriver!GetHandleVerifier [0x7ff726f33102+347542]
	chromedriver!GetHandleVerifier [0x7ff726c1d425+31865]
	chromedriver!GetHandleVerifier [0x7ff726c2605c+3a49c]
	chromedriver!GetHandleVerifier [0x7ff726c09684+1dac4]
	chromedriver!GetHandleVerifier [0x7ff726c09836+1dc76]
	chromedriver!GetHandleVerifier [0x7ff726bee347+2787]
	KERNEL32!BaseThreadInitThunk [0x7ffc4a11e8d7+17]
	ntdll!RtlUserThreadStart [0x7ffc4b40c3fc+2c]

2026-05-18 20:26:38,967 - conftest.py - ERROR - Web截图异常：Message: invalid session id
Stacktrace:
	chromedriver!GetHandleVerifier [0x7ff726c00295+146d5]
	chromedriver!GetHandleVerifier [0x7ff726c00300+14740]
	chromedriver!(No symbol) [0x7ff72696d5b6]
	chromedriver!(No symbol) [0x7ff7269b8093]
	chromedriver!(No symbol) [0x7ff7269efe72]
	chromedriver!(No symbol) [0x7ff7269ea0d1]
	chromedriver!(No symbol) [0x7ff7269e9383]
	chromedriver!(No symbol) [0x7ff7269360b5]
	chromedriver!GetHandleVerifier [0x7ff726f15949+329d89]
	chromedriver!GetHandleVerifier [0x7ff726f0fe96+3242d6]
	chromedriver!GetHandleVerifier [0x7ff726f33102+347542]
	chromedriver!GetHandleVerifier [0x7ff726c1d425+31865]
	chromedriver!GetHandleVerifier [0x7ff726c2605c+3a49c]
	chromedriver!(No symbol) [0x7ff726934e4a]
	chromedriver!GetHandleVerifier [0x7ff727072118+486558]
	KERNEL32!BaseThreadInitThunk [0x7ffc4a11e8d7+17]
	ntdll!RtlUserThreadStart [0x7ffc4b40c3fc+2c]

2026-05-18 20:31:29,430 - baseUtils.py - INFO - 配置文件读取成功：E:\develop\PythonProject\OrangeHRM\Config\配置文件.ini
2026-05-18 20:31:29,430 - globalManager.py - INFO - 全局变量管理器初始化成功
2026-05-18 20:31:29,769 - baseUtils.py - INFO - 配置文件读取成功：E:\develop\PythonProject\OrangeHRM\Config\配置文件.ini
2026-05-18 20:31:29,770 - baseData.py - INFO - 数据驱动读取成功：01登录功能
2026-05-18 20:31:29,771 - baseUtils.py - INFO - 配置文件读取成功：E:\develop\PythonProject\OrangeHRM\Config\配置文件.ini
2026-05-18 20:31:29,772 - baseData.py - INFO - 数据驱动读取成功：02修改员工信息功能
2026-05-18 20:31:30,923 - conftest.py - INFO - ✅ 启动浏览器成功：chrome
2026-05-18 20:31:30,924 - baseUtils.py - INFO - 配置文件读取成功：E:\develop\PythonProject\OrangeHRM\Config\配置文件.ini
2026-05-18 20:31:30,925 - 01登录页面元素信息.yaml - INFO - ========== 开始执行 OrangeHRM 登录操作 ==========
2026-05-18 20:31:30,926 - baseUtils.py - INFO - 配置文件读取成功：E:\develop\PythonProject\OrangeHRM\Config\配置文件.ini
2026-05-18 20:31:36,377 - 01登录页面元素信息.yaml - INFO - ========== OrangeHRM 登录操作执行完成 ==========
2026-05-18 20:31:36,379 - baseUtils.py - INFO - 配置文件读取成功：E:\develop\PythonProject\OrangeHRM\Config\配置文件.ini
2026-05-18 20:31:40,698 - baseAutoWeb.py - INFO - 🔍 通用下拉选择：年假
2026-05-18 20:31:47,926 - baseAutoWeb.py - INFO - ✅ 通用自定义下拉选择成功
2026-05-18 20:31:47,962 - 02修改员工信息.yaml - INFO - 输入开始时间
2026-05-18 20:31:47,996 - 02修改员工信息.yaml - INFO - 输入结束时间
2026-05-18 20:31:48,123 - 02修改员工信息.yaml - INFO - 输入请假原因
2026-05-18 20:31:48,314 - 02修改员工信息.yaml - INFO - 点击申请
2026-05-18 20:31:48,315 - baseUtils.py - INFO - 配置文件读取成功：E:\develop\PythonProject\OrangeHRM\Config\配置文件.ini
2026-05-18 20:31:52,917 - conftest.py - INFO - ✅ 浏览器驱动已退出
2026-05-18 20:31:54,079 - conftest.py - INFO - ✅ 启动浏览器成功：chrome
2026-05-18 20:31:54,081 - baseUtils.py - INFO - 配置文件读取成功：E:\develop\PythonProject\OrangeHRM\Config\配置文件.ini
2026-05-18 20:31:54,081 - 01登录页面元素信息.yaml - INFO - ========== 开始执行 OrangeHRM 登录操作 ==========
2026-05-18 20:31:54,082 - baseUtils.py - INFO - 配置文件读取成功：E:\develop\PythonProject\OrangeHRM\Config\配置文件.ini
2026-05-18 20:31:56,665 - baseAutoWeb.py - ERROR - 执行click操作失败，元素：login/username，错误：Message: invalid session id: session deleted as the browser has closed the connection
from disconnected: not connected to DevTools
  (Session info: chrome=148.0.7778.168)
Stacktrace:
	chromedriver!GetHandleVerifier [0x7ff726c00295+146d5]
	chromedriver!GetHandleVerifier [0x7ff726c00300+14740]
	chromedriver!(No symbol) [0x7ff72696d7cd]
	chromedriver!(No symbol) [0x7ff726958842]
	chromedriver!(No symbol) [0x7ff72697f0b1]
	chromedriver!(No symbol) [0x7ff7269f70b0]
	chromedriver!(No symbol) [0x7ff726a140e2]
	chromedriver!(No symbol) [0x7ff7269b9018]
	chromedriver!(No symbol) [0x7ff7269b9f03]
	chromedriver!GetHandleVerifier [0x7ff726f15949+329d89]
	chromedriver!GetHandleVerifier [0x7ff726f0fe96+3242d6]
	chromedriver!GetHandleVerifier [0x7ff726f33102+347542]
	chromedriver!GetHandleVerifier [0x7ff726c1d425+31865]
	chromedriver!GetHandleVerifier [0x7ff726c2605c+3a49c]
	chromedriver!GetHandleVerifier [0x7ff726c09684+1dac4]
	chromedriver!GetHandleVerifier [0x7ff726c09836+1dc76]
	chromedriver!GetHandleVerifier [0x7ff726bee347+2787]
	KERNEL32!BaseThreadInitThunk [0x7ffc4a11e8d7+17]
	ntdll!RtlUserThreadStart [0x7ffc4b40c3fc+2c]

2026-05-18 20:32:17,357 - conftest.py - INFO - ✅ 浏览器驱动已退出
2026-05-18 20:33:19,167 - baseUtils.py - INFO - 配置文件读取成功：E:\develop\PythonProject\OrangeHRM\Config\配置文件.ini
2026-05-18 20:33:19,167 - globalManager.py - INFO - 全局变量管理器初始化成功
2026-05-18 20:33:19,495 - baseUtils.py - INFO - 配置文件读取成功：E:\develop\PythonProject\OrangeHRM\Config\配置文件.ini
2026-05-18 20:33:19,496 - baseData.py - INFO - 数据驱动读取成功：01登录功能
2026-05-18 20:33:19,497 - baseUtils.py - INFO - 配置文件读取成功：E:\develop\PythonProject\OrangeHRM\Config\配置文件.ini
2026-05-18 20:33:19,498 - baseData.py - INFO - 数据驱动读取成功：02修改员工信息功能
2026-05-18 20:33:20,661 - conftest.py - INFO - ✅ 启动浏览器成功：chrome
2026-05-18 20:33:20,662 - baseUtils.py - INFO - 配置文件读取成功：E:\develop\PythonProject\OrangeHRM\Config\配置文件.ini
2026-05-18 20:33:20,663 - 01登录页面元素信息.yaml - INFO - ========== 开始执行 OrangeHRM 登录操作 ==========
2026-05-18 20:33:20,664 - baseUtils.py - INFO - 配置文件读取成功：E:\develop\PythonProject\OrangeHRM\Config\配置文件.ini
2026-05-18 20:33:26,134 - 01登录页面元素信息.yaml - INFO - ========== OrangeHRM 登录操作执行完成 ==========
2026-05-18 20:33:26,136 - baseUtils.py - INFO - 配置文件读取成功：E:\develop\PythonProject\OrangeHRM\Config\配置文件.ini
2026-05-18 20:33:30,104 - baseAutoWeb.py - INFO - 🔍 通用下拉选择：年假
2026-05-18 20:33:37,316 - baseAutoWeb.py - INFO - ✅ 通用自定义下拉选择成功
2026-05-18 20:33:37,493 - 02修改员工信息.yaml - INFO - 输入开始时间
2026-05-18 20:33:37,527 - 02修改员工信息.yaml - INFO - 输入结束时间
2026-05-18 20:33:37,653 - 02修改员工信息.yaml - INFO - 输入请假原因
2026-05-18 20:33:37,854 - 02修改员工信息.yaml - INFO - 点击申请
2026-05-18 20:33:37,856 - baseUtils.py - INFO - 配置文件读取成功：E:\develop\PythonProject\OrangeHRM\Config\配置文件.ini
2026-05-18 20:33:38,465 - 02修改员工信息.yaml - INFO - ✅ 申请请假成功
2026-05-18 20:33:38,465 - test_web_ohrm.py - INFO - ✅ 【员工申请请假】用例执行完成
2026-05-18 20:33:40,660 - conftest.py - INFO - ✅ 浏览器驱动已退出
2026-05-18 20:33:41,788 - conftest.py - INFO - ✅ 启动浏览器成功：chrome
2026-05-18 20:33:41,789 - baseUtils.py - INFO - 配置文件读取成功：E:\develop\PythonProject\OrangeHRM\Config\配置文件.ini
2026-05-18 20:33:41,790 - 01登录页面元素信息.yaml - INFO - ========== 开始执行 OrangeHRM 登录操作 ==========
2026-05-18 20:33:41,791 - baseUtils.py - INFO - 配置文件读取成功：E:\develop\PythonProject\OrangeHRM\Config\配置文件.ini
2026-05-18 20:33:48,141 - 01登录页面元素信息.yaml - INFO - ========== OrangeHRM 登录操作执行完成 ==========
2026-05-18 20:33:48,144 - baseUtils.py - INFO - 配置文件读取成功：E:\develop\PythonProject\OrangeHRM\Config\配置文件.ini
2026-05-18 20:33:52,287 - baseAutoWeb.py - INFO - ✅ 滚动成功：admin/huadong
2026-05-18 20:33:53,049 - baseAutoWeb.py - INFO - ✅ 勾选成功：四四 李
2026-05-18 20:33:53,573 - baseAutoWeb.py - INFO - ✅ 滚动成功：admin/ratify
2026-05-18 20:33:53,771 - 02修改员工信息.yaml - INFO - 点击批准
2026-05-18 20:33:53,771 - baseAutoWeb.py - INFO - 🔍 智能处理确认弹窗，操作：confirm
2026-05-18 20:34:00,144 - baseAutoWeb.py - INFO - ✅ 点击按钮成功
2026-05-18 20:34:00,154 - baseAutoWeb.py - INFO - ✅ 弹窗已关闭，操作完成
2026-05-18 20:34:00,155 - baseUtils.py - INFO - 配置文件读取成功：E:\develop\PythonProject\OrangeHRM\Config\配置文件.ini
2026-05-18 20:34:04,762 - conftest.py - INFO - ✅ 浏览器驱动已退出
2026-05-18 20:37:54,116 - baseUtils.py - INFO - 配置文件读取成功：E:\develop\PythonProject\OrangeHRM\Config\配置文件.ini
2026-05-18 20:37:54,116 - globalManager.py - INFO - 全局变量管理器初始化成功
2026-05-18 20:37:54,449 - baseUtils.py - INFO - 配置文件读取成功：E:\develop\PythonProject\OrangeHRM\Config\配置文件.ini
2026-05-18 20:37:54,451 - baseData.py - INFO - 数据驱动读取成功：01登录功能
2026-05-18 20:37:54,452 - baseUtils.py - INFO - 配置文件读取成功：E:\develop\PythonProject\OrangeHRM\Config\配置文件.ini
2026-05-18 20:37:54,453 - baseData.py - INFO - 数据驱动读取成功：02修改员工信息功能
2026-05-18 20:37:55,626 - conftest.py - INFO - ✅ 启动浏览器成功：chrome
2026-05-18 20:37:55,627 - baseUtils.py - INFO - 配置文件读取成功：E:\develop\PythonProject\OrangeHRM\Config\配置文件.ini
2026-05-18 20:37:55,628 - 01登录页面元素信息.yaml - INFO - ========== 开始执行 OrangeHRM 登录操作 ==========
2026-05-18 20:37:55,629 - baseUtils.py - INFO - 配置文件读取成功：E:\develop\PythonProject\OrangeHRM\Config\配置文件.ini
2026-05-18 20:38:01,182 - 01登录页面元素信息.yaml - INFO - ========== OrangeHRM 登录操作执行完成 ==========
2026-05-18 20:38:01,185 - baseUtils.py - INFO - 配置文件读取成功：E:\develop\PythonProject\OrangeHRM\Config\配置文件.ini
2026-05-18 20:38:05,396 - baseAutoWeb.py - INFO - 🔍 通用下拉选择：年假
2026-05-18 20:38:12,388 - baseAutoWeb.py - INFO - ✅ 通用自定义下拉选择成功
2026-05-18 20:38:12,573 - 02修改员工信息.yaml - INFO - 输入开始时间
2026-05-18 20:38:12,608 - 02修改员工信息.yaml - INFO - 输入结束时间
2026-05-18 20:38:12,740 - 02修改员工信息.yaml - INFO - 输入请假原因
2026-05-18 20:38:12,947 - 02修改员工信息.yaml - INFO - 点击申请
2026-05-18 20:38:12,949 - baseUtils.py - INFO - 配置文件读取成功：E:\develop\PythonProject\OrangeHRM\Config\配置文件.ini
2026-05-18 20:38:13,599 - 02修改员工信息.yaml - INFO - ✅ 申请请假成功
2026-05-18 20:38:13,599 - test_web_ohrm.py - INFO - ✅ 【员工申请请假】用例执行完成
2026-05-18 20:38:15,812 - conftest.py - INFO - ✅ 浏览器驱动已退出
2026-05-18 20:38:16,943 - conftest.py - INFO - ✅ 启动浏览器成功：chrome
2026-05-18 20:38:16,944 - baseUtils.py - INFO - 配置文件读取成功：E:\develop\PythonProject\OrangeHRM\Config\配置文件.ini
2026-05-18 20:38:16,945 - 01登录页面元素信息.yaml - INFO - ========== 开始执行 OrangeHRM 登录操作 ==========
2026-05-18 20:38:16,946 - baseUtils.py - INFO - 配置文件读取成功：E:\develop\PythonProject\OrangeHRM\Config\配置文件.ini
2026-05-18 20:38:22,408 - 01登录页面元素信息.yaml - INFO - ========== OrangeHRM 登录操作执行完成 ==========
2026-05-18 20:38:22,411 - baseUtils.py - INFO - 配置文件读取成功：E:\develop\PythonProject\OrangeHRM\Config\配置文件.ini
2026-05-18 20:38:26,716 - baseAutoWeb.py - INFO - ✅ 滚动成功：admin/huadong
2026-05-18 20:38:27,488 - baseAutoWeb.py - INFO - ✅ 勾选成功：四四 李
2026-05-18 20:38:28,011 - baseAutoWeb.py - INFO - ✅ 滚动成功：admin/ratify
2026-05-18 20:38:28,207 - 02修改员工信息.yaml - INFO - 点击批准
2026-05-18 20:38:28,207 - baseAutoWeb.py - INFO - 🔍 智能处理确认弹窗，操作：confirm
2026-05-18 20:38:34,061 - baseAutoWeb.py - INFO - ✅ 点击按钮成功
2026-05-18 20:38:34,073 - baseAutoWeb.py - INFO - ✅ 弹窗已关闭，操作完成
2026-05-18 20:38:34,074 - baseUtils.py - INFO - 配置文件读取成功：E:\develop\PythonProject\OrangeHRM\Config\配置文件.ini
2026-05-18 20:38:34,388 - test_web_ohrm.py - INFO - ✅ 【管理员批准假期】用例执行完成
2026-05-18 20:38:36,597 - conftest.py - INFO - ✅ 浏览器驱动已退出
