2026-05-19 01:03:05,564 - baseUtils.py - INFO - 配置文件读取成功：E:\develop\PythonProject\OrangeHRM\Config\配置文件.ini
2026-05-19 01:03:05,565 - globalManager.py - INFO - 全局变量管理器初始化成功
2026-05-19 01:03:05,945 - baseUtils.py - INFO - 配置文件读取成功：E:\develop\PythonProject\OrangeHRM\Config\配置文件.ini
2026-05-19 01:03:05,946 - baseData.py - INFO - 数据驱动读取成功：01登录功能
2026-05-19 01:03:05,948 - baseUtils.py - INFO - 配置文件读取成功：E:\develop\PythonProject\OrangeHRM\Config\配置文件.ini
2026-05-19 01:03:05,949 - baseData.py - INFO - 数据驱动读取成功：02修改员工信息功能
2026-05-19 01:03:07,113 - conftest.py - INFO - ✅ 启动浏览器成功：chrome
2026-05-19 01:03:07,115 - baseUtils.py - INFO - 配置文件读取成功：E:\develop\PythonProject\OrangeHRM\Config\配置文件.ini
2026-05-19 01:03:07,116 - 01登录页面元素信息.yaml - INFO - ========== 开始执行 OrangeHRM 登录操作 ==========
2026-05-19 01:03:07,117 - baseUtils.py - INFO - 配置文件读取成功：E:\develop\PythonProject\OrangeHRM\Config\配置文件.ini
2026-05-19 01:03:12,714 - 01登录页面元素信息.yaml - INFO - ========== OrangeHRM 登录操作执行完成 ==========
2026-05-19 01:03:12,717 - baseUtils.py - INFO - 配置文件读取成功：E:\develop\PythonProject\OrangeHRM\Config\配置文件.ini
2026-05-19 01:03:17,112 - baseAutoWeb.py - INFO - 🔍 通用下拉选择：年假
2026-05-19 01:03:24,296 - baseAutoWeb.py - INFO - ✅ 通用自定义下拉选择成功
2026-05-19 01:03:24,296 - baseAutoWeb.py - INFO - 📅 开始选择日期：2026-06-10
2026-05-19 01:03:40,959 - baseAutoWeb.py - ERROR - ❌ 日历选择失败：Message: 
Stacktrace:
	chromedriver!GetHandleVerifier [0x7ff726c00295+146d5]
	chromedriver!GetHandleVerifier [0x7ff726c00300+14740]
	chromedriver!(No symbol) [0x7ff72696d7cd]
	chromedriver!(No symbol) [0x7ff7269c6c4e]
	chromedriver!(No symbol) [0x7ff7269c6f5c]
	chromedriver!(No symbol) [0x7ff726a17cc7]
	chromedriver!(No symbol) [0x7ff726a14818]
	chromedriver!(No symbol) [0x7ff7269b9018]
	chromedriver!(No symbol) [0x7ff7269b9f03]
	chromedriver!GetHandleVerifier [0x7ff726f15949+329d89]
	chromedriver!GetHandleVerifier [0x7ff726f0fe96+3242d6]
	chromedriver!GetHandleVerifier [0x7ff726f33102+347542]
	chromedriver!GetHandleVerifier [0x7ff726c1d425+31865]
	chromedriver!GetHandleVerifier [0x7ff726c2605c+3a49c]
	chromedriver!GetHandleVerifier [0x7ff726c09684+1dac4]
	chromedriver!GetHandleVerifier [0x7ff726c09836+1dc76]
	chromedriver!GetHandleVerifier [0x7ff726bee347+2787]
	KERNEL32!BaseThreadInitThunk [0x7ffc4a11e8d7+17]
	ntdll!RtlUserThreadStart [0x7ffc4b40c3fc+2c]
Traceback (most recent call last):
  File "E:\develop\PythonProject\OrangeHRM\Base\baseAutoWeb.py", line 751, in select_calendar_date
    WebDriverWait(self.driver, timeout).until(
    ~~~~~~~~~~~~~~~~~~~~~~~~~~~~~~~~~~~~~~~~~^
        EC.visibility_of_element_located((By.CLASS_NAME, "oxd-calendar"))
        ^^^^^^^^^^^^^^^^^^^^^^^^^^^^^^^^^^^^^^^^^^^^^^^^^^^^^^^^^^^^^^^^^
    )
    ^
  File "E:\develop\PythonProject\OrangeHRM\.venv\Lib\site-packages\selenium\webdriver\support\wait.py", line 87, in until
    raise TimeoutException(message, screen, stacktrace)
selenium.common.exceptions.TimeoutException: Message: 
Stacktrace:
	chromedriver!GetHandleVerifier [0x7ff726c00295+146d5]
	chromedriver!GetHandleVerifier [0x7ff726c00300+14740]
	chromedriver!(No symbol) [0x7ff72696d7cd]
	chromedriver!(No symbol) [0x7ff7269c6c4e]
	chromedriver!(No symbol) [0x7ff7269c6f5c]
	chromedriver!(No symbol) [0x7ff726a17cc7]
	chromedriver!(No symbol) [0x7ff726a14818]
	chromedriver!(No symbol) [0x7ff7269b9018]
	chromedriver!(No symbol) [0x7ff7269b9f03]
	chromedriver!GetHandleVerifier [0x7ff726f15949+329d89]
	chromedriver!GetHandleVerifier [0x7ff726f0fe96+3242d6]
	chromedriver!GetHandleVerifier [0x7ff726f33102+347542]
	chromedriver!GetHandleVerifier [0x7ff726c1d425+31865]
	chromedriver!GetHandleVerifier [0x7ff726c2605c+3a49c]
	chromedriver!GetHandleVerifier [0x7ff726c09684+1dac4]
	chromedriver!GetHandleVerifier [0x7ff726c09836+1dc76]
	chromedriver!GetHandleVerifier [0x7ff726bee347+2787]
	KERNEL32!BaseThreadInitThunk [0x7ffc4a11e8d7+17]
	ntdll!RtlUserThreadStart [0x7ffc4b40c3fc+2c]

2026-05-19 01:03:43,615 - conftest.py - INFO - ✅ 浏览器驱动已退出
2026-05-19 01:07:14,097 - baseUtils.py - INFO - 配置文件读取成功：E:\develop\PythonProject\OrangeHRM\Config\配置文件.ini
2026-05-19 01:07:14,098 - globalManager.py - INFO - 全局变量管理器初始化成功
2026-05-19 01:07:14,528 - baseUtils.py - INFO - 配置文件读取成功：E:\develop\PythonProject\OrangeHRM\Config\配置文件.ini
2026-05-19 01:07:14,530 - baseData.py - INFO - 数据驱动读取成功：01登录功能
2026-05-19 01:07:14,531 - baseUtils.py - INFO - 配置文件读取成功：E:\develop\PythonProject\OrangeHRM\Config\配置文件.ini
2026-05-19 01:07:14,532 - baseData.py - INFO - 数据驱动读取成功：02修改员工信息功能
2026-05-19 01:07:15,703 - conftest.py - INFO - ✅ 启动浏览器成功：chrome
2026-05-19 01:07:15,704 - baseUtils.py - INFO - 配置文件读取成功：E:\develop\PythonProject\OrangeHRM\Config\配置文件.ini
2026-05-19 01:07:15,705 - 01登录页面元素信息.yaml - INFO - ========== 开始执行 OrangeHRM 登录操作 ==========
2026-05-19 01:07:15,706 - baseUtils.py - INFO - 配置文件读取成功：E:\develop\PythonProject\OrangeHRM\Config\配置文件.ini
2026-05-19 01:07:21,204 - 01登录页面元素信息.yaml - INFO - ========== OrangeHRM 登录操作执行完成 ==========
2026-05-19 01:07:21,207 - baseUtils.py - INFO - 配置文件读取成功：E:\develop\PythonProject\OrangeHRM\Config\配置文件.ini
2026-05-19 01:07:25,545 - baseAutoWeb.py - INFO - 🔍 通用下拉选择：年假
2026-05-19 01:07:32,799 - baseAutoWeb.py - INFO - ✅ 通用自定义下拉选择成功
2026-05-19 01:07:32,799 - baseAutoWeb.py - INFO - 📅 选择日期：2026-06-10
2026-05-19 01:07:49,428 - baseAutoWeb.py - ERROR - ❌ 日历选择失败：Message: 
Stacktrace:
	chromedriver!GetHandleVerifier [0x7ff726c00295+146d5]
	chromedriver!GetHandleVerifier [0x7ff726c00300+14740]
	chromedriver!(No symbol) [0x7ff72696d7cd]
	chromedriver!(No symbol) [0x7ff7269c6c4e]
	chromedriver!(No symbol) [0x7ff7269c6f5c]
	chromedriver!(No symbol) [0x7ff726a17cc7]
	chromedriver!(No symbol) [0x7ff726a14818]
	chromedriver!(No symbol) [0x7ff7269b9018]
	chromedriver!(No symbol) [0x7ff7269b9f03]
	chromedriver!GetHandleVerifier [0x7ff726f15949+329d89]
	chromedriver!GetHandleVerifier [0x7ff726f0fe96+3242d6]
	chromedriver!GetHandleVerifier [0x7ff726f33102+347542]
	chromedriver!GetHandleVerifier [0x7ff726c1d425+31865]
	chromedriver!GetHandleVerifier [0x7ff726c2605c+3a49c]
	chromedriver!GetHandleVerifier [0x7ff726c09684+1dac4]
	chromedriver!GetHandleVerifier [0x7ff726c09836+1dc76]
	chromedriver!GetHandleVerifier [0x7ff726bee347+2787]
	KERNEL32!BaseThreadInitThunk [0x7ffc4a11e8d7+17]
	ntdll!RtlUserThreadStart [0x7ffc4b40c3fc+2c]
Traceback (most recent call last):
  File "E:\develop\PythonProject\OrangeHRM\Base\baseAutoWeb.py", line 748, in select_calendar_date
    WebDriverWait(self.driver, timeout).until(
    ~~~~~~~~~~~~~~~~~~~~~~~~~~~~~~~~~~~~~~~~~^
        EC.visibility_of_element_located((By.CLASS_NAME, "oxd-calendar"))
        ^^^^^^^^^^^^^^^^^^^^^^^^^^^^^^^^^^^^^^^^^^^^^^^^^^^^^^^^^^^^^^^^^
    )
    ^
  File "E:\develop\PythonProject\OrangeHRM\.venv\Lib\site-packages\selenium\webdriver\support\wait.py", line 87, in until
    raise TimeoutException(message, screen, stacktrace)
selenium.common.exceptions.TimeoutException: Message: 
Stacktrace:
	chromedriver!GetHandleVerifier [0x7ff726c00295+146d5]
	chromedriver!GetHandleVerifier [0x7ff726c00300+14740]
	chromedriver!(No symbol) [0x7ff72696d7cd]
	chromedriver!(No symbol) [0x7ff7269c6c4e]
	chromedriver!(No symbol) [0x7ff7269c6f5c]
	chromedriver!(No symbol) [0x7ff726a17cc7]
	chromedriver!(No symbol) [0x7ff726a14818]
	chromedriver!(No symbol) [0x7ff7269b9018]
	chromedriver!(No symbol) [0x7ff7269b9f03]
	chromedriver!GetHandleVerifier [0x7ff726f15949+329d89]
	chromedriver!GetHandleVerifier [0x7ff726f0fe96+3242d6]
	chromedriver!GetHandleVerifier [0x7ff726f33102+347542]
	chromedriver!GetHandleVerifier [0x7ff726c1d425+31865]
	chromedriver!GetHandleVerifier [0x7ff726c2605c+3a49c]
	chromedriver!GetHandleVerifier [0x7ff726c09684+1dac4]
	chromedriver!GetHandleVerifier [0x7ff726c09836+1dc76]
	chromedriver!GetHandleVerifier [0x7ff726bee347+2787]
	KERNEL32!BaseThreadInitThunk [0x7ffc4a11e8d7+17]
	ntdll!RtlUserThreadStart [0x7ffc4b40c3fc+2c]

2026-05-19 01:07:51,984 - conftest.py - INFO - ✅ 浏览器驱动已退出
2026-05-19 01:11:53,558 - baseUtils.py - INFO - 配置文件读取成功：E:\develop\PythonProject\OrangeHRM\Config\配置文件.ini
2026-05-19 01:11:53,559 - globalManager.py - INFO - 全局变量管理器初始化成功
2026-05-19 01:11:53,985 - baseUtils.py - INFO - 配置文件读取成功：E:\develop\PythonProject\OrangeHRM\Config\配置文件.ini
2026-05-19 01:11:53,986 - baseData.py - INFO - 数据驱动读取成功：01登录功能
2026-05-19 01:11:53,987 - baseUtils.py - INFO - 配置文件读取成功：E:\develop\PythonProject\OrangeHRM\Config\配置文件.ini
2026-05-19 01:11:53,988 - baseData.py - INFO - 数据驱动读取成功：02修改员工信息功能
2026-05-19 01:11:55,155 - conftest.py - INFO - ✅ 启动浏览器成功：chrome
2026-05-19 01:11:55,156 - baseUtils.py - INFO - 配置文件读取成功：E:\develop\PythonProject\OrangeHRM\Config\配置文件.ini
2026-05-19 01:11:55,156 - 01登录页面元素信息.yaml - INFO - ========== 开始执行 OrangeHRM 登录操作 ==========
2026-05-19 01:11:55,157 - baseUtils.py - INFO - 配置文件读取成功：E:\develop\PythonProject\OrangeHRM\Config\配置文件.ini
2026-05-19 01:12:00,678 - 01登录页面元素信息.yaml - INFO - ========== OrangeHRM 登录操作执行完成 ==========
2026-05-19 01:12:00,681 - baseUtils.py - INFO - 配置文件读取成功：E:\develop\PythonProject\OrangeHRM\Config\配置文件.ini
2026-05-19 01:12:04,959 - baseAutoWeb.py - INFO - 🔍 通用下拉选择：年假
2026-05-19 01:12:12,157 - baseAutoWeb.py - INFO - ✅ 通用自定义下拉选择成功
2026-05-19 01:12:12,715 - baseAutoWeb.py - INFO - ✅ 日期赋值并触发校验成功：worker/end = 2026-06-12
2026-05-19 01:12:13,265 - baseAutoWeb.py - INFO - ✅ 日期赋值并触发校验成功：worker/start = 2026-06-10
2026-05-19 01:12:13,807 - baseAutoWeb.py - INFO - ✅ 日期赋值并触发校验成功：worker/end = 2026-06-12
2026-05-19 01:12:13,931 - 02修改员工信息.yaml - INFO - 输入请假原因
2026-05-19 01:12:14,126 - 02修改员工信息.yaml - INFO - 点击申请
2026-05-19 01:12:14,128 - baseUtils.py - INFO - 配置文件读取成功：E:\develop\PythonProject\OrangeHRM\Config\配置文件.ini
2026-05-19 01:12:14,781 - 02修改员工信息.yaml - INFO - ✅ 假期余额不足提示成功
2026-05-19 01:12:14,781 - test_web_ohrm.py - INFO - ✅ 【员工假期余额不足】用例执行完成
2026-05-19 01:12:16,983 - conftest.py - INFO - ✅ 浏览器驱动已退出
2026-05-19 01:12:42,978 - baseUtils.py - INFO - 配置文件读取成功：E:\develop\PythonProject\OrangeHRM\Config\配置文件.ini
2026-05-19 01:12:42,978 - globalManager.py - INFO - 全局变量管理器初始化成功
2026-05-19 01:12:43,296 - baseUtils.py - INFO - 配置文件读取成功：E:\develop\PythonProject\OrangeHRM\Config\配置文件.ini
2026-05-19 01:12:43,298 - baseData.py - INFO - 数据驱动读取成功：01登录功能
2026-05-19 01:12:43,298 - baseUtils.py - INFO - 配置文件读取成功：E:\develop\PythonProject\OrangeHRM\Config\配置文件.ini
2026-05-19 01:12:43,300 - baseData.py - INFO - 数据驱动读取成功：02修改员工信息功能
2026-05-19 01:12:44,469 - conftest.py - INFO - ✅ 启动浏览器成功：chrome
2026-05-19 01:12:44,470 - baseUtils.py - INFO - 配置文件读取成功：E:\develop\PythonProject\OrangeHRM\Config\配置文件.ini
2026-05-19 01:12:44,471 - 01登录页面元素信息.yaml - INFO - ========== 开始执行 OrangeHRM 登录操作 ==========
2026-05-19 01:12:44,472 - baseUtils.py - INFO - 配置文件读取成功：E:\develop\PythonProject\OrangeHRM\Config\配置文件.ini
2026-05-19 01:12:49,897 - 01登录页面元素信息.yaml - INFO - ========== OrangeHRM 登录操作执行完成 ==========
2026-05-19 01:12:49,899 - baseUtils.py - INFO - 配置文件读取成功：E:\develop\PythonProject\OrangeHRM\Config\配置文件.ini
2026-05-19 01:12:53,905 - baseAutoWeb.py - INFO - 🔍 通用下拉选择：年假
2026-05-19 01:13:01,085 - baseAutoWeb.py - INFO - ✅ 通用自定义下拉选择成功
2026-05-19 01:13:01,646 - baseAutoWeb.py - INFO - ✅ 日期赋值并触发校验成功：worker/end = 2026-06-12
2026-05-19 01:13:02,199 - baseAutoWeb.py - INFO - ✅ 日期赋值并触发校验成功：worker/start = 2026-06-10
2026-05-19 01:13:02,748 - baseAutoWeb.py - INFO - ✅ 日期赋值并触发校验成功：worker/end = 2026-06-12
2026-05-19 01:13:02,870 - 02修改员工信息.yaml - INFO - 输入请假原因
2026-05-19 01:13:03,073 - 02修改员工信息.yaml - INFO - 点击申请
2026-05-19 01:13:03,075 - baseUtils.py - INFO - 配置文件读取成功：E:\develop\PythonProject\OrangeHRM\Config\配置文件.ini
2026-05-19 01:13:03,725 - 02修改员工信息.yaml - INFO - ✅ 假期余额不足提示成功
2026-05-19 01:13:03,726 - test_web_ohrm.py - INFO - ✅ 【员工假期余额不足】用例执行完成
2026-05-19 01:13:05,927 - conftest.py - INFO - ✅ 浏览器驱动已退出
2026-05-19 01:16:28,192 - baseUtils.py - INFO - 配置文件读取成功：E:\develop\PythonProject\OrangeHRM\Config\配置文件.ini
2026-05-19 01:16:28,192 - globalManager.py - INFO - 全局变量管理器初始化成功
2026-05-19 01:16:28,540 - baseUtils.py - INFO - 配置文件读取成功：E:\develop\PythonProject\OrangeHRM\Config\配置文件.ini
2026-05-19 01:16:28,541 - baseData.py - INFO - 数据驱动读取成功：01登录功能
2026-05-19 01:16:28,542 - baseUtils.py - INFO - 配置文件读取成功：E:\develop\PythonProject\OrangeHRM\Config\配置文件.ini
2026-05-19 01:16:28,543 - baseData.py - INFO - 数据驱动读取成功：02修改员工信息功能
2026-05-19 01:16:29,693 - conftest.py - INFO - ✅ 启动浏览器成功：chrome
2026-05-19 01:16:29,695 - baseUtils.py - INFO - 配置文件读取成功：E:\develop\PythonProject\OrangeHRM\Config\配置文件.ini
2026-05-19 01:16:29,695 - 01登录页面元素信息.yaml - INFO - ========== 开始执行 OrangeHRM 登录操作 ==========
2026-05-19 01:16:29,696 - baseUtils.py - INFO - 配置文件读取成功：E:\develop\PythonProject\OrangeHRM\Config\配置文件.ini
2026-05-19 01:16:35,291 - 01登录页面元素信息.yaml - INFO - ========== OrangeHRM 登录操作执行完成 ==========
2026-05-19 01:16:35,293 - baseUtils.py - INFO - 配置文件读取成功：E:\develop\PythonProject\OrangeHRM\Config\配置文件.ini
2026-05-19 01:16:39,530 - baseAutoWeb.py - INFO - 🔍 通用下拉选择：年假
2026-05-19 01:16:46,696 - baseAutoWeb.py - INFO - ✅ 通用自定义下拉选择成功
2026-05-19 01:16:47,261 - baseAutoWeb.py - INFO - ✅ 日期赋值并触发校验成功：worker/start = 2026-06-10
2026-05-19 01:16:47,816 - baseAutoWeb.py - INFO - ✅ 日期赋值并触发校验成功：worker/end = 2026-06-12
2026-05-19 01:16:47,927 - 02修改员工信息.yaml - INFO - 输入请假原因
2026-05-19 01:16:48,115 - 02修改员工信息.yaml - INFO - 点击申请
2026-05-19 01:16:48,116 - baseUtils.py - INFO - 配置文件读取成功：E:\develop\PythonProject\OrangeHRM\Config\配置文件.ini
2026-05-19 01:16:48,769 - 02修改员工信息.yaml - INFO - ✅ 假期余额不足提示成功
2026-05-19 01:16:48,769 - test_web_ohrm.py - INFO - ✅ 【员工假期余额不足】用例执行完成
2026-05-19 01:16:50,976 - conftest.py - INFO - ✅ 浏览器驱动已退出
2026-05-19 01:17:33,920 - baseUtils.py - INFO - 配置文件读取成功：E:\develop\PythonProject\OrangeHRM\Config\配置文件.ini
2026-05-19 01:17:33,921 - globalManager.py - INFO - 全局变量管理器初始化成功
2026-05-19 01:17:34,254 - baseUtils.py - INFO - 配置文件读取成功：E:\develop\PythonProject\OrangeHRM\Config\配置文件.ini
2026-05-19 01:17:34,256 - baseData.py - INFO - 数据驱动读取成功：01登录功能
2026-05-19 01:17:34,257 - baseUtils.py - INFO - 配置文件读取成功：E:\develop\PythonProject\OrangeHRM\Config\配置文件.ini
2026-05-19 01:17:34,258 - baseData.py - INFO - 数据驱动读取成功：02修改员工信息功能
2026-05-19 01:17:35,417 - conftest.py - INFO - ✅ 启动浏览器成功：chrome
2026-05-19 01:17:35,419 - baseUtils.py - INFO - 配置文件读取成功：E:\develop\PythonProject\OrangeHRM\Config\配置文件.ini
2026-05-19 01:17:35,419 - 01登录页面元素信息.yaml - INFO - ========== 开始执行 OrangeHRM 登录操作 ==========
2026-05-19 01:17:35,420 - baseUtils.py - INFO - 配置文件读取成功：E:\develop\PythonProject\OrangeHRM\Config\配置文件.ini
2026-05-19 01:17:40,890 - 01登录页面元素信息.yaml - INFO - ========== OrangeHRM 登录操作执行完成 ==========
2026-05-19 01:17:40,893 - baseUtils.py - INFO - 配置文件读取成功：E:\develop\PythonProject\OrangeHRM\Config\配置文件.ini
2026-05-19 01:17:44,917 - baseAutoWeb.py - INFO - 🔍 通用下拉选择：年假
2026-05-19 01:17:51,794 - baseAutoWeb.py - INFO - ✅ 通用自定义下拉选择成功
2026-05-19 01:17:52,474 - 02修改员工信息.yaml - INFO - 输入请假原因
2026-05-19 01:17:52,668 - 02修改员工信息.yaml - INFO - 点击申请
2026-05-19 01:17:52,669 - baseUtils.py - INFO - 配置文件读取成功：E:\develop\PythonProject\OrangeHRM\Config\配置文件.ini
2026-05-19 01:17:53,274 - 02修改员工信息.yaml - INFO - ✅ 假期余额不足提示成功
2026-05-19 01:17:53,274 - test_web_ohrm.py - INFO - ✅ 【员工假期余额不足】用例执行完成
2026-05-19 01:17:55,475 - conftest.py - INFO - ✅ 浏览器驱动已退出
2026-05-19 01:17:59,334 - baseUtils.py - INFO - 配置文件读取成功：E:\develop\PythonProject\OrangeHRM\Config\配置文件.ini
2026-05-19 01:17:59,334 - globalManager.py - INFO - 全局变量管理器初始化成功
2026-05-19 01:17:59,648 - baseUtils.py - INFO - 配置文件读取成功：E:\develop\PythonProject\OrangeHRM\Config\配置文件.ini
2026-05-19 01:17:59,649 - baseData.py - INFO - 数据驱动读取成功：01登录功能
2026-05-19 01:17:59,650 - baseUtils.py - INFO - 配置文件读取成功：E:\develop\PythonProject\OrangeHRM\Config\配置文件.ini
2026-05-19 01:17:59,651 - baseData.py - INFO - 数据驱动读取成功：02修改员工信息功能
2026-05-19 01:18:00,805 - conftest.py - INFO - ✅ 启动浏览器成功：chrome
2026-05-19 01:18:00,807 - baseUtils.py - INFO - 配置文件读取成功：E:\develop\PythonProject\OrangeHRM\Config\配置文件.ini
2026-05-19 01:18:00,807 - 01登录页面元素信息.yaml - INFO - ========== 开始执行 OrangeHRM 登录操作 ==========
2026-05-19 01:18:00,808 - baseUtils.py - INFO - 配置文件读取成功：E:\develop\PythonProject\OrangeHRM\Config\配置文件.ini
2026-05-19 01:18:06,228 - 01登录页面元素信息.yaml - INFO - ========== OrangeHRM 登录操作执行完成 ==========
2026-05-19 01:18:06,230 - baseUtils.py - INFO - 配置文件读取成功：E:\develop\PythonProject\OrangeHRM\Config\配置文件.ini
2026-05-19 01:18:10,222 - baseAutoWeb.py - INFO - 🔍 通用下拉选择：年假
2026-05-19 01:18:17,346 - baseAutoWeb.py - INFO - ✅ 通用自定义下拉选择成功
2026-05-19 01:18:18,015 - 02修改员工信息.yaml - INFO - 输入请假原因
2026-05-19 01:18:18,205 - 02修改员工信息.yaml - INFO - 点击申请
2026-05-19 01:18:18,206 - baseUtils.py - INFO - 配置文件读取成功：E:\develop\PythonProject\OrangeHRM\Config\配置文件.ini
2026-05-19 01:18:18,802 - 02修改员工信息.yaml - INFO - ✅ 假期余额不足提示成功
2026-05-19 01:18:18,802 - test_web_ohrm.py - INFO - ✅ 【员工假期余额不足】用例执行完成
2026-05-19 01:18:21,013 - conftest.py - INFO - ✅ 浏览器驱动已退出
2026-05-19 01:18:22,245 - baseUtils.py - INFO - 配置文件读取成功：E:\develop\PythonProject\OrangeHRM\Config\配置文件.ini
2026-05-19 01:18:22,246 - globalManager.py - INFO - 全局变量管理器初始化成功
2026-05-19 01:18:22,540 - baseUtils.py - INFO - 配置文件读取成功：E:\develop\PythonProject\OrangeHRM\Config\配置文件.ini
2026-05-19 01:18:22,542 - baseData.py - INFO - 数据驱动读取成功：01登录功能
2026-05-19 01:18:22,543 - baseUtils.py - INFO - 配置文件读取成功：E:\develop\PythonProject\OrangeHRM\Config\配置文件.ini
2026-05-19 01:18:22,544 - baseData.py - INFO - 数据驱动读取成功：02修改员工信息功能
2026-05-19 01:18:23,712 - conftest.py - INFO - ✅ 启动浏览器成功：chrome
2026-05-19 01:18:23,713 - baseUtils.py - INFO - 配置文件读取成功：E:\develop\PythonProject\OrangeHRM\Config\配置文件.ini
2026-05-19 01:18:23,713 - 01登录页面元素信息.yaml - INFO - ========== 开始执行 OrangeHRM 登录操作 ==========
2026-05-19 01:18:23,714 - baseUtils.py - INFO - 配置文件读取成功：E:\develop\PythonProject\OrangeHRM\Config\配置文件.ini
2026-05-19 01:18:29,137 - 01登录页面元素信息.yaml - INFO - ========== OrangeHRM 登录操作执行完成 ==========
2026-05-19 01:18:29,139 - baseUtils.py - INFO - 配置文件读取成功：E:\develop\PythonProject\OrangeHRM\Config\配置文件.ini
2026-05-19 01:18:33,229 - baseAutoWeb.py - INFO - 🔍 通用下拉选择：年假
2026-05-19 01:18:40,274 - baseAutoWeb.py - INFO - ✅ 通用自定义下拉选择成功
2026-05-19 01:18:40,934 - 02修改员工信息.yaml - INFO - 输入请假原因
2026-05-19 01:18:41,121 - 02修改员工信息.yaml - INFO - 点击申请
2026-05-19 01:18:41,123 - baseUtils.py - INFO - 配置文件读取成功：E:\develop\PythonProject\OrangeHRM\Config\配置文件.ini
2026-05-19 01:18:41,762 - 02修改员工信息.yaml - INFO - ✅ 假期余额不足提示成功
2026-05-19 01:18:41,763 - test_web_ohrm.py - INFO - ✅ 【员工假期余额不足】用例执行完成
2026-05-19 01:18:43,966 - conftest.py - INFO - ✅ 浏览器驱动已退出
2026-05-19 01:18:45,691 - baseUtils.py - INFO - 配置文件读取成功：E:\develop\PythonProject\OrangeHRM\Config\配置文件.ini
2026-05-19 01:18:45,692 - globalManager.py - INFO - 全局变量管理器初始化成功
2026-05-19 01:18:45,987 - baseUtils.py - INFO - 配置文件读取成功：E:\develop\PythonProject\OrangeHRM\Config\配置文件.ini
2026-05-19 01:18:45,989 - baseData.py - INFO - 数据驱动读取成功：01登录功能
2026-05-19 01:18:45,990 - baseUtils.py - INFO - 配置文件读取成功：E:\develop\PythonProject\OrangeHRM\Config\配置文件.ini
2026-05-19 01:18:45,991 - baseData.py - INFO - 数据驱动读取成功：02修改员工信息功能
2026-05-19 01:18:47,153 - conftest.py - INFO - ✅ 启动浏览器成功：chrome
2026-05-19 01:18:47,154 - baseUtils.py - INFO - 配置文件读取成功：E:\develop\PythonProject\OrangeHRM\Config\配置文件.ini
2026-05-19 01:18:47,155 - 01登录页面元素信息.yaml - INFO - ========== 开始执行 OrangeHRM 登录操作 ==========
2026-05-19 01:18:47,156 - baseUtils.py - INFO - 配置文件读取成功：E:\develop\PythonProject\OrangeHRM\Config\配置文件.ini
2026-05-19 01:18:52,586 - 01登录页面元素信息.yaml - INFO - ========== OrangeHRM 登录操作执行完成 ==========
2026-05-19 01:18:52,588 - baseUtils.py - INFO - 配置文件读取成功：E:\develop\PythonProject\OrangeHRM\Config\配置文件.ini
2026-05-19 01:18:56,749 - baseAutoWeb.py - INFO - 🔍 通用下拉选择：年假
2026-05-19 01:19:03,835 - baseAutoWeb.py - INFO - ✅ 通用自定义下拉选择成功
2026-05-19 01:19:04,493 - 02修改员工信息.yaml - INFO - 输入请假原因
2026-05-19 01:19:04,683 - 02修改员工信息.yaml - INFO - 点击申请
2026-05-19 01:19:04,684 - baseUtils.py - INFO - 配置文件读取成功：E:\develop\PythonProject\OrangeHRM\Config\配置文件.ini
2026-05-19 01:19:05,311 - 02修改员工信息.yaml - INFO - ✅ 假期余额不足提示成功
2026-05-19 01:19:05,311 - test_web_ohrm.py - INFO - ✅ 【员工假期余额不足】用例执行完成
2026-05-19 01:19:07,514 - conftest.py - INFO - ✅ 浏览器驱动已退出
2026-05-19 01:19:20,396 - baseUtils.py - INFO - 配置文件读取成功：E:\develop\PythonProject\OrangeHRM\Config\配置文件.ini
2026-05-19 01:19:20,396 - globalManager.py - INFO - 全局变量管理器初始化成功
2026-05-19 01:19:20,711 - baseUtils.py - INFO - 配置文件读取成功：E:\develop\PythonProject\OrangeHRM\Config\配置文件.ini
2026-05-19 01:19:20,712 - baseData.py - INFO - 数据驱动读取成功：01登录功能
2026-05-19 01:19:20,713 - baseUtils.py - INFO - 配置文件读取成功：E:\develop\PythonProject\OrangeHRM\Config\配置文件.ini
2026-05-19 01:19:20,714 - baseData.py - INFO - 数据驱动读取成功：02修改员工信息功能
2026-05-19 01:19:21,880 - conftest.py - INFO - ✅ 启动浏览器成功：chrome
2026-05-19 01:19:21,881 - baseUtils.py - INFO - 配置文件读取成功：E:\develop\PythonProject\OrangeHRM\Config\配置文件.ini
2026-05-19 01:19:21,881 - 01登录页面元素信息.yaml - INFO - ========== 开始执行 OrangeHRM 登录操作 ==========
2026-05-19 01:19:21,882 - baseUtils.py - INFO - 配置文件读取成功：E:\develop\PythonProject\OrangeHRM\Config\配置文件.ini
2026-05-19 01:19:27,341 - 01登录页面元素信息.yaml - INFO - ========== OrangeHRM 登录操作执行完成 ==========
2026-05-19 01:19:27,343 - baseUtils.py - INFO - 配置文件读取成功：E:\develop\PythonProject\OrangeHRM\Config\配置文件.ini
2026-05-19 01:19:32,299 - baseAutoWeb.py - INFO - 🔍 通用下拉选择：年假
2026-05-19 01:19:39,495 - baseAutoWeb.py - INFO - ✅ 通用自定义下拉选择成功
2026-05-19 01:19:40,151 - 02修改员工信息.yaml - INFO - 输入请假原因
2026-05-19 01:19:45,346 - 02修改员工信息.yaml - INFO - 点击申请
2026-05-19 01:19:45,348 - baseUtils.py - INFO - 配置文件读取成功：E:\develop\PythonProject\OrangeHRM\Config\配置文件.ini
2026-05-19 01:19:45,942 - 02修改员工信息.yaml - INFO - ✅ 假期余额不足提示成功
2026-05-19 01:19:45,943 - test_web_ohrm.py - INFO - ✅ 【员工假期余额不足】用例执行完成
2026-05-19 01:19:48,137 - conftest.py - INFO - ✅ 浏览器驱动已退出
2026-05-19 01:25:39,153 - baseUtils.py - INFO - 配置文件读取成功：E:\develop\PythonProject\OrangeHRM\Config\配置文件.ini
2026-05-19 01:25:39,153 - globalManager.py - INFO - 全局变量管理器初始化成功
2026-05-19 01:25:39,511 - baseUtils.py - INFO - 配置文件读取成功：E:\develop\PythonProject\OrangeHRM\Config\配置文件.ini
2026-05-19 01:25:39,512 - baseData.py - INFO - 数据驱动读取成功：01登录功能
2026-05-19 01:25:39,513 - baseUtils.py - INFO - 配置文件读取成功：E:\develop\PythonProject\OrangeHRM\Config\配置文件.ini
2026-05-19 01:25:39,514 - baseData.py - INFO - 数据驱动读取成功：02修改员工信息功能
2026-05-19 01:25:40,682 - conftest.py - INFO - ✅ 启动浏览器成功：chrome
2026-05-19 01:25:40,683 - baseUtils.py - INFO - 配置文件读取成功：E:\develop\PythonProject\OrangeHRM\Config\配置文件.ini
2026-05-19 01:25:40,683 - 01登录页面元素信息.yaml - INFO - ========== 开始执行 OrangeHRM 登录操作 ==========
2026-05-19 01:25:40,684 - baseUtils.py - INFO - 配置文件读取成功：E:\develop\PythonProject\OrangeHRM\Config\配置文件.ini
2026-05-19 01:25:46,169 - 01登录页面元素信息.yaml - INFO - ========== OrangeHRM 登录操作执行完成 ==========
2026-05-19 01:25:46,171 - baseUtils.py - INFO - 配置文件读取成功：E:\develop\PythonProject\OrangeHRM\Config\配置文件.ini
2026-05-19 01:25:50,487 - baseAutoWeb.py - INFO - 🔍 通用下拉选择：年假
2026-05-19 01:25:56,098 - baseAutoWeb.py - ERROR - ❌ 下拉选择失败：Message: 
Stacktrace:
	chromedriver!GetHandleVerifier [0x7ff726c00295+146d5]
	chromedriver!GetHandleVerifier [0x7ff726c00300+14740]
	chromedriver!(No symbol) [0x7ff72696d7cd]
	chromedriver!(No symbol) [0x7ff7269c6c4e]
	chromedriver!(No symbol) [0x7ff7269c6f5c]
	chromedriver!(No symbol) [0x7ff726a17cc7]
	chromedriver!(No symbol) [0x7ff726a14818]
	chromedriver!(No symbol) [0x7ff7269b9018]
	chromedriver!(No symbol) [0x7ff7269b9f03]
	chromedriver!GetHandleVerifier [0x7ff726f15949+329d89]
	chromedriver!GetHandleVerifier [0x7ff726f0fe96+3242d6]
	chromedriver!GetHandleVerifier [0x7ff726f33102+347542]
	chromedriver!GetHandleVerifier [0x7ff726c1d425+31865]
	chromedriver!GetHandleVerifier [0x7ff726c2605c+3a49c]
	chromedriver!GetHandleVerifier [0x7ff726c09684+1dac4]
	chromedriver!GetHandleVerifier [0x7ff726c09836+1dc76]
	chromedriver!GetHandleVerifier [0x7ff726bee347+2787]
	KERNEL32!BaseThreadInitThunk [0x7ffc4a11e8d7+17]
	ntdll!RtlUserThreadStart [0x7ffc4b40c3fc+2c]

2026-05-19 01:25:56,736 - 02修改员工信息.yaml - INFO - 输入请假原因
2026-05-19 01:26:01,931 - 02修改员工信息.yaml - INFO - 点击申请
2026-05-19 01:26:01,932 - baseUtils.py - INFO - 配置文件读取成功：E:\develop\PythonProject\OrangeHRM\Config\配置文件.ini
2026-05-19 01:26:06,514 - conftest.py - INFO - ✅ 浏览器驱动已退出
2026-05-19 01:26:40,923 - baseUtils.py - INFO - 配置文件读取成功：E:\develop\PythonProject\OrangeHRM\Config\配置文件.ini
2026-05-19 01:26:40,924 - globalManager.py - INFO - 全局变量管理器初始化成功
2026-05-19 01:26:41,269 - baseUtils.py - INFO - 配置文件读取成功：E:\develop\PythonProject\OrangeHRM\Config\配置文件.ini
2026-05-19 01:26:41,271 - baseData.py - INFO - 数据驱动读取成功：01登录功能
2026-05-19 01:26:41,272 - baseUtils.py - INFO - 配置文件读取成功：E:\develop\PythonProject\OrangeHRM\Config\配置文件.ini
2026-05-19 01:26:41,272 - baseData.py - INFO - 数据驱动读取成功：02修改员工信息功能
2026-05-19 01:26:42,458 - conftest.py - INFO - ✅ 启动浏览器成功：chrome
2026-05-19 01:26:42,460 - baseUtils.py - INFO - 配置文件读取成功：E:\develop\PythonProject\OrangeHRM\Config\配置文件.ini
2026-05-19 01:26:42,460 - 01登录页面元素信息.yaml - INFO - ========== 开始执行 OrangeHRM 登录操作 ==========
2026-05-19 01:26:42,461 - baseUtils.py - INFO - 配置文件读取成功：E:\develop\PythonProject\OrangeHRM\Config\配置文件.ini
2026-05-19 01:26:47,879 - 01登录页面元素信息.yaml - INFO - ========== OrangeHRM 登录操作执行完成 ==========
2026-05-19 01:26:47,881 - baseUtils.py - INFO - 配置文件读取成功：E:\develop\PythonProject\OrangeHRM\Config\配置文件.ini
2026-05-19 01:26:51,967 - baseAutoWeb.py - INFO - 🔍 通用下拉选择：年假
2026-05-19 01:26:59,180 - baseAutoWeb.py - INFO - ✅ 通用自定义下拉选择成功
2026-05-19 01:26:59,856 - 02修改员工信息.yaml - INFO - 输入请假原因
2026-05-19 01:27:05,052 - 02修改员工信息.yaml - INFO - 点击申请
2026-05-19 01:27:05,054 - baseUtils.py - INFO - 配置文件读取成功：E:\develop\PythonProject\OrangeHRM\Config\配置文件.ini
2026-05-19 01:27:05,680 - 02修改员工信息.yaml - INFO - ✅ 假期余额不足提示成功
2026-05-19 01:27:05,680 - test_web_ohrm.py - INFO - ✅ 【员工假期余额不足】用例执行完成
2026-05-19 01:27:07,879 - conftest.py - INFO - ✅ 浏览器驱动已退出
2026-05-19 01:29:11,431 - baseUtils.py - INFO - 配置文件读取成功：E:\develop\PythonProject\OrangeHRM\Config\配置文件.ini
2026-05-19 01:29:11,431 - globalManager.py - INFO - 全局变量管理器初始化成功
2026-05-19 01:29:11,774 - baseUtils.py - INFO - 配置文件读取成功：E:\develop\PythonProject\OrangeHRM\Config\配置文件.ini
2026-05-19 01:29:11,776 - baseData.py - INFO - 数据驱动读取成功：01登录功能
2026-05-19 01:29:11,777 - baseUtils.py - INFO - 配置文件读取成功：E:\develop\PythonProject\OrangeHRM\Config\配置文件.ini
2026-05-19 01:29:11,778 - baseData.py - INFO - 数据驱动读取成功：02修改员工信息功能
2026-05-19 01:29:12,947 - conftest.py - INFO - ✅ 启动浏览器成功：chrome
2026-05-19 01:29:12,948 - baseUtils.py - INFO - 配置文件读取成功：E:\develop\PythonProject\OrangeHRM\Config\配置文件.ini
2026-05-19 01:29:12,949 - 01登录页面元素信息.yaml - INFO - ========== 开始执行 OrangeHRM 登录操作 ==========
2026-05-19 01:29:12,949 - baseUtils.py - INFO - 配置文件读取成功：E:\develop\PythonProject\OrangeHRM\Config\配置文件.ini
2026-05-19 01:29:18,422 - 01登录页面元素信息.yaml - INFO - ========== OrangeHRM 登录操作执行完成 ==========
2026-05-19 01:29:18,424 - baseUtils.py - INFO - 配置文件读取成功：E:\develop\PythonProject\OrangeHRM\Config\配置文件.ini
2026-05-19 01:29:22,725 - baseAutoWeb.py - INFO - 🔍 通用下拉选择：年假
2026-05-19 01:29:39,072 - baseAutoWeb.py - ERROR - ❌ 下拉选择失败：未找到匹配的选项
2026-05-19 01:29:39,716 - 02修改员工信息.yaml - INFO - 输入请假原因
2026-05-19 01:29:44,919 - 02修改员工信息.yaml - INFO - 点击申请
2026-05-19 01:29:44,920 - baseUtils.py - INFO - 配置文件读取成功：E:\develop\PythonProject\OrangeHRM\Config\配置文件.ini
2026-05-19 01:29:49,496 - conftest.py - INFO - ✅ 浏览器驱动已退出
2026-05-19 01:33:15,521 - baseUtils.py - INFO - 配置文件读取成功：E:\develop\PythonProject\OrangeHRM\Config\配置文件.ini
2026-05-19 01:33:15,522 - globalManager.py - INFO - 全局变量管理器初始化成功
2026-05-19 01:33:15,870 - baseUtils.py - INFO - 配置文件读取成功：E:\develop\PythonProject\OrangeHRM\Config\配置文件.ini
2026-05-19 01:33:15,871 - baseData.py - INFO - 数据驱动读取成功：01登录功能
2026-05-19 01:33:15,872 - baseUtils.py - INFO - 配置文件读取成功：E:\develop\PythonProject\OrangeHRM\Config\配置文件.ini
2026-05-19 01:33:15,873 - baseData.py - INFO - 数据驱动读取成功：02修改员工信息功能
2026-05-19 01:33:17,031 - conftest.py - INFO - ✅ 启动浏览器成功：chrome
2026-05-19 01:33:17,032 - baseUtils.py - INFO - 配置文件读取成功：E:\develop\PythonProject\OrangeHRM\Config\配置文件.ini
2026-05-19 01:33:17,032 - 01登录页面元素信息.yaml - INFO - ========== 开始执行 OrangeHRM 登录操作 ==========
2026-05-19 01:33:17,033 - baseUtils.py - INFO - 配置文件读取成功：E:\develop\PythonProject\OrangeHRM\Config\配置文件.ini
2026-05-19 01:33:22,568 - 01登录页面元素信息.yaml - INFO - ========== OrangeHRM 登录操作执行完成 ==========
2026-05-19 01:33:22,570 - baseUtils.py - INFO - 配置文件读取成功：E:\develop\PythonProject\OrangeHRM\Config\配置文件.ini
2026-05-19 01:33:26,789 - baseAutoWeb.py - INFO - 🔍 通用下拉选择：年假
2026-05-19 01:33:43,171 - baseAutoWeb.py - ERROR - ❌ 下拉选择失败：未找到匹配的选项
2026-05-19 01:33:43,812 - 02修改员工信息.yaml - INFO - 输入请假原因
2026-05-19 01:33:49,004 - 02修改员工信息.yaml - INFO - 点击申请
2026-05-19 01:33:49,006 - baseUtils.py - INFO - 配置文件读取成功：E:\develop\PythonProject\OrangeHRM\Config\配置文件.ini
2026-05-19 01:33:53,588 - conftest.py - INFO - ✅ 浏览器驱动已退出
2026-05-19 01:34:04,627 - baseUtils.py - INFO - 配置文件读取成功：E:\develop\PythonProject\OrangeHRM\Config\配置文件.ini
2026-05-19 01:34:04,627 - globalManager.py - INFO - 全局变量管理器初始化成功
2026-05-19 01:34:04,938 - baseUtils.py - INFO - 配置文件读取成功：E:\develop\PythonProject\OrangeHRM\Config\配置文件.ini
2026-05-19 01:34:04,940 - baseData.py - INFO - 数据驱动读取成功：01登录功能
2026-05-19 01:34:04,941 - baseUtils.py - INFO - 配置文件读取成功：E:\develop\PythonProject\OrangeHRM\Config\配置文件.ini
2026-05-19 01:34:04,942 - baseData.py - INFO - 数据驱动读取成功：02修改员工信息功能
2026-05-19 01:34:06,110 - conftest.py - INFO - ✅ 启动浏览器成功：chrome
2026-05-19 01:34:06,111 - baseUtils.py - INFO - 配置文件读取成功：E:\develop\PythonProject\OrangeHRM\Config\配置文件.ini
2026-05-19 01:34:06,112 - 01登录页面元素信息.yaml - INFO - ========== 开始执行 OrangeHRM 登录操作 ==========
2026-05-19 01:34:06,113 - baseUtils.py - INFO - 配置文件读取成功：E:\develop\PythonProject\OrangeHRM\Config\配置文件.ini
2026-05-19 01:34:11,567 - 01登录页面元素信息.yaml - INFO - ========== OrangeHRM 登录操作执行完成 ==========
2026-05-19 01:34:11,569 - baseUtils.py - INFO - 配置文件读取成功：E:\develop\PythonProject\OrangeHRM\Config\配置文件.ini
2026-05-19 01:34:15,560 - baseAutoWeb.py - INFO - 🔍 通用下拉选择：年假
2026-05-19 01:34:31,956 - baseAutoWeb.py - ERROR - ❌ 下拉选择失败：未找到匹配的选项
2026-05-19 01:34:32,607 - 02修改员工信息.yaml - INFO - 输入请假原因
2026-05-19 01:34:37,809 - 02修改员工信息.yaml - INFO - 点击申请
2026-05-19 01:34:37,810 - baseUtils.py - INFO - 配置文件读取成功：E:\develop\PythonProject\OrangeHRM\Config\配置文件.ini
2026-05-19 01:34:42,395 - conftest.py - INFO - ✅ 浏览器驱动已退出
2026-05-19 01:36:26,958 - baseUtils.py - INFO - 配置文件读取成功：E:\develop\PythonProject\OrangeHRM\Config\配置文件.ini
2026-05-19 01:36:26,959 - globalManager.py - INFO - 全局变量管理器初始化成功
2026-05-19 01:36:27,365 - baseUtils.py - INFO - 配置文件读取成功：E:\develop\PythonProject\OrangeHRM\Config\配置文件.ini
2026-05-19 01:36:27,366 - baseData.py - INFO - 数据驱动读取成功：01登录功能
2026-05-19 01:36:27,367 - baseUtils.py - INFO - 配置文件读取成功：E:\develop\PythonProject\OrangeHRM\Config\配置文件.ini
2026-05-19 01:36:27,368 - baseData.py - INFO - 数据驱动读取成功：02修改员工信息功能
2026-05-19 01:36:28,523 - conftest.py - INFO - ✅ 启动浏览器成功：chrome
2026-05-19 01:36:28,525 - baseUtils.py - INFO - 配置文件读取成功：E:\develop\PythonProject\OrangeHRM\Config\配置文件.ini
2026-05-19 01:36:28,526 - 01登录页面元素信息.yaml - INFO - ========== 开始执行 OrangeHRM 登录操作 ==========
2026-05-19 01:36:28,527 - baseUtils.py - INFO - 配置文件读取成功：E:\develop\PythonProject\OrangeHRM\Config\配置文件.ini
2026-05-19 01:36:33,998 - 01登录页面元素信息.yaml - INFO - ========== OrangeHRM 登录操作执行完成 ==========
2026-05-19 01:36:34,001 - baseUtils.py - INFO - 配置文件读取成功：E:\develop\PythonProject\OrangeHRM\Config\配置文件.ini
2026-05-19 01:36:38,232 - baseAutoWeb.py - INFO - 🔍 通用下拉选择：年假
2026-05-19 01:36:38,701 - baseAutoWeb.py - INFO - ✅ 找到下拉框元素：('xpath', "//label[text()='休假类型']/../following-sibling::div//i")
2026-05-19 01:36:38,721 - baseAutoWeb.py - INFO - ✅ 识别为OrangeHRM OXD下拉
2026-05-19 01:36:49,464 - baseAutoWeb.py - ERROR - ❌ 下拉选择失败：Message: 
Stacktrace:
	chromedriver!GetHandleVerifier [0x7ff726c00295+146d5]
	chromedriver!GetHandleVerifier [0x7ff726c00300+14740]
	chromedriver!(No symbol) [0x7ff72696d7cd]
	chromedriver!(No symbol) [0x7ff7269c6c4e]
	chromedriver!(No symbol) [0x7ff7269c6f5c]
	chromedriver!(No symbol) [0x7ff726a17cc7]
	chromedriver!(No symbol) [0x7ff726a14818]
	chromedriver!(No symbol) [0x7ff7269b9018]
	chromedriver!(No symbol) [0x7ff7269b9f03]
	chromedriver!GetHandleVerifier [0x7ff726f15949+329d89]
	chromedriver!GetHandleVerifier [0x7ff726f0fe96+3242d6]
	chromedriver!GetHandleVerifier [0x7ff726f33102+347542]
	chromedriver!GetHandleVerifier [0x7ff726c1d425+31865]
	chromedriver!GetHandleVerifier [0x7ff726c2605c+3a49c]
	chromedriver!GetHandleVerifier [0x7ff726c09684+1dac4]
	chromedriver!GetHandleVerifier [0x7ff726c09836+1dc76]
	chromedriver!GetHandleVerifier [0x7ff726bee347+2787]
	KERNEL32!BaseThreadInitThunk [0x7ffc4a11e8d7+17]
	ntdll!RtlUserThreadStart [0x7ffc4b40c3fc+2c]
Traceback (most recent call last):
  File "E:\develop\PythonProject\OrangeHRM\Base\baseAutoWeb.py", line 732, in select_dropdown
    option = wait.until(EC.element_to_be_clickable((By.XPATH, option_xpath)))
  File "E:\develop\PythonProject\OrangeHRM\.venv\Lib\site-packages\selenium\webdriver\support\wait.py", line 87, in until
    raise TimeoutException(message, screen, stacktrace)
selenium.common.exceptions.TimeoutException: Message: 
Stacktrace:
	chromedriver!GetHandleVerifier [0x7ff726c00295+146d5]
	chromedriver!GetHandleVerifier [0x7ff726c00300+14740]
	chromedriver!(No symbol) [0x7ff72696d7cd]
	chromedriver!(No symbol) [0x7ff7269c6c4e]
	chromedriver!(No symbol) [0x7ff7269c6f5c]
	chromedriver!(No symbol) [0x7ff726a17cc7]
	chromedriver!(No symbol) [0x7ff726a14818]
	chromedriver!(No symbol) [0x7ff7269b9018]
	chromedriver!(No symbol) [0x7ff7269b9f03]
	chromedriver!GetHandleVerifier [0x7ff726f15949+329d89]
	chromedriver!GetHandleVerifier [0x7ff726f0fe96+3242d6]
	chromedriver!GetHandleVerifier [0x7ff726f33102+347542]
	chromedriver!GetHandleVerifier [0x7ff726c1d425+31865]
	chromedriver!GetHandleVerifier [0x7ff726c2605c+3a49c]
	chromedriver!GetHandleVerifier [0x7ff726c09684+1dac4]
	chromedriver!GetHandleVerifier [0x7ff726c09836+1dc76]
	chromedriver!GetHandleVerifier [0x7ff726bee347+2787]
	KERNEL32!BaseThreadInitThunk [0x7ffc4a11e8d7+17]
	ntdll!RtlUserThreadStart [0x7ffc4b40c3fc+2c]

2026-05-19 01:36:52,037 - conftest.py - INFO - ✅ 浏览器驱动已退出
2026-05-19 01:36:57,673 - baseUtils.py - INFO - 配置文件读取成功：E:\develop\PythonProject\OrangeHRM\Config\配置文件.ini
2026-05-19 01:36:57,674 - globalManager.py - INFO - 全局变量管理器初始化成功
2026-05-19 01:36:57,986 - baseUtils.py - INFO - 配置文件读取成功：E:\develop\PythonProject\OrangeHRM\Config\配置文件.ini
2026-05-19 01:36:57,987 - baseData.py - INFO - 数据驱动读取成功：01登录功能
2026-05-19 01:36:57,989 - baseUtils.py - INFO - 配置文件读取成功：E:\develop\PythonProject\OrangeHRM\Config\配置文件.ini
2026-05-19 01:36:57,990 - baseData.py - INFO - 数据驱动读取成功：02修改员工信息功能
2026-05-19 01:36:59,148 - conftest.py - INFO - ✅ 启动浏览器成功：chrome
2026-05-19 01:36:59,150 - baseUtils.py - INFO - 配置文件读取成功：E:\develop\PythonProject\OrangeHRM\Config\配置文件.ini
2026-05-19 01:36:59,151 - 01登录页面元素信息.yaml - INFO - ========== 开始执行 OrangeHRM 登录操作 ==========
2026-05-19 01:36:59,152 - baseUtils.py - INFO - 配置文件读取成功：E:\develop\PythonProject\OrangeHRM\Config\配置文件.ini
2026-05-19 01:37:04,604 - 01登录页面元素信息.yaml - INFO - ========== OrangeHRM 登录操作执行完成 ==========
2026-05-19 01:37:04,606 - baseUtils.py - INFO - 配置文件读取成功：E:\develop\PythonProject\OrangeHRM\Config\配置文件.ini
2026-05-19 01:37:08,658 - baseAutoWeb.py - INFO - 🔍 通用下拉选择：年假
2026-05-19 01:37:09,080 - baseAutoWeb.py - INFO - ✅ 找到下拉框元素：('xpath', "//label[text()='休假类型']/../following-sibling::div//i")
2026-05-19 01:37:09,101 - baseAutoWeb.py - INFO - ✅ 识别为OrangeHRM OXD下拉
2026-05-19 01:37:19,919 - baseAutoWeb.py - ERROR - ❌ 下拉选择失败：Message: 
Stacktrace:
	chromedriver!GetHandleVerifier [0x7ff726c00295+146d5]
	chromedriver!GetHandleVerifier [0x7ff726c00300+14740]
	chromedriver!(No symbol) [0x7ff72696d7cd]
	chromedriver!(No symbol) [0x7ff7269c6c4e]
	chromedriver!(No symbol) [0x7ff7269c6f5c]
	chromedriver!(No symbol) [0x7ff726a17cc7]
	chromedriver!(No symbol) [0x7ff726a14818]
	chromedriver!(No symbol) [0x7ff7269b9018]
	chromedriver!(No symbol) [0x7ff7269b9f03]
	chromedriver!GetHandleVerifier [0x7ff726f15949+329d89]
	chromedriver!GetHandleVerifier [0x7ff726f0fe96+3242d6]
	chromedriver!GetHandleVerifier [0x7ff726f33102+347542]
	chromedriver!GetHandleVerifier [0x7ff726c1d425+31865]
	chromedriver!GetHandleVerifier [0x7ff726c2605c+3a49c]
	chromedriver!GetHandleVerifier [0x7ff726c09684+1dac4]
	chromedriver!GetHandleVerifier [0x7ff726c09836+1dc76]
	chromedriver!GetHandleVerifier [0x7ff726bee347+2787]
	KERNEL32!BaseThreadInitThunk [0x7ffc4a11e8d7+17]
	ntdll!RtlUserThreadStart [0x7ffc4b40c3fc+2c]
Traceback (most recent call last):
  File "E:\develop\PythonProject\OrangeHRM\Base\baseAutoWeb.py", line 732, in select_dropdown
    option = wait.until(EC.element_to_be_clickable((By.XPATH, option_xpath)))
  File "E:\develop\PythonProject\OrangeHRM\.venv\Lib\site-packages\selenium\webdriver\support\wait.py", line 87, in until
    raise TimeoutException(message, screen, stacktrace)
selenium.common.exceptions.TimeoutException: Message: 
Stacktrace:
	chromedriver!GetHandleVerifier [0x7ff726c00295+146d5]
	chromedriver!GetHandleVerifier [0x7ff726c00300+14740]
	chromedriver!(No symbol) [0x7ff72696d7cd]
	chromedriver!(No symbol) [0x7ff7269c6c4e]
	chromedriver!(No symbol) [0x7ff7269c6f5c]
	chromedriver!(No symbol) [0x7ff726a17cc7]
	chromedriver!(No symbol) [0x7ff726a14818]
	chromedriver!(No symbol) [0x7ff7269b9018]
	chromedriver!(No symbol) [0x7ff7269b9f03]
	chromedriver!GetHandleVerifier [0x7ff726f15949+329d89]
	chromedriver!GetHandleVerifier [0x7ff726f0fe96+3242d6]
	chromedriver!GetHandleVerifier [0x7ff726f33102+347542]
	chromedriver!GetHandleVerifier [0x7ff726c1d425+31865]
	chromedriver!GetHandleVerifier [0x7ff726c2605c+3a49c]
	chromedriver!GetHandleVerifier [0x7ff726c09684+1dac4]
	chromedriver!GetHandleVerifier [0x7ff726c09836+1dc76]
	chromedriver!GetHandleVerifier [0x7ff726bee347+2787]
	KERNEL32!BaseThreadInitThunk [0x7ffc4a11e8d7+17]
	ntdll!RtlUserThreadStart [0x7ffc4b40c3fc+2c]

2026-05-19 01:37:22,499 - conftest.py - INFO - ✅ 浏览器驱动已退出
2026-05-19 01:40:38,119 - baseUtils.py - INFO - 配置文件读取成功：E:\develop\PythonProject\OrangeHRM\Config\配置文件.ini
2026-05-19 01:40:38,119 - globalManager.py - INFO - 全局变量管理器初始化成功
2026-05-19 01:40:38,533 - baseUtils.py - INFO - 配置文件读取成功：E:\develop\PythonProject\OrangeHRM\Config\配置文件.ini
2026-05-19 01:40:38,534 - baseData.py - INFO - 数据驱动读取成功：01登录功能
2026-05-19 01:40:38,535 - baseUtils.py - INFO - 配置文件读取成功：E:\develop\PythonProject\OrangeHRM\Config\配置文件.ini
2026-05-19 01:40:38,536 - baseData.py - INFO - 数据驱动读取成功：02修改员工信息功能
2026-05-19 01:40:39,700 - conftest.py - INFO - ✅ 启动浏览器成功：chrome
2026-05-19 01:40:39,701 - baseUtils.py - INFO - 配置文件读取成功：E:\develop\PythonProject\OrangeHRM\Config\配置文件.ini
2026-05-19 01:40:39,702 - 01登录页面元素信息.yaml - INFO - ========== 开始执行 OrangeHRM 登录操作 ==========
2026-05-19 01:40:39,703 - baseUtils.py - INFO - 配置文件读取成功：E:\develop\PythonProject\OrangeHRM\Config\配置文件.ini
2026-05-19 01:40:45,250 - 01登录页面元素信息.yaml - INFO - ========== OrangeHRM 登录操作执行完成 ==========
2026-05-19 01:40:45,252 - baseUtils.py - INFO - 配置文件读取成功：E:\develop\PythonProject\OrangeHRM\Config\配置文件.ini
2026-05-19 01:40:49,554 - baseAutoWeb.py - INFO - 🔍 通用下拉选择：年假
2026-05-19 01:41:01,063 - baseAutoWeb.py - ERROR - ❌ 下拉选择失败：Message: 
Stacktrace:
	chromedriver!GetHandleVerifier [0x7ff726c00295+146d5]
	chromedriver!GetHandleVerifier [0x7ff726c00300+14740]
	chromedriver!(No symbol) [0x7ff72696d7cd]
	chromedriver!(No symbol) [0x7ff7269c6c4e]
	chromedriver!(No symbol) [0x7ff7269c6f5c]
	chromedriver!(No symbol) [0x7ff726a17cc7]
	chromedriver!(No symbol) [0x7ff726a14818]
	chromedriver!(No symbol) [0x7ff7269b9018]
	chromedriver!(No symbol) [0x7ff7269b9f03]
	chromedriver!GetHandleVerifier [0x7ff726f15949+329d89]
	chromedriver!GetHandleVerifier [0x7ff726f0fe96+3242d6]
	chromedriver!GetHandleVerifier [0x7ff726f33102+347542]
	chromedriver!GetHandleVerifier [0x7ff726c1d425+31865]
	chromedriver!GetHandleVerifier [0x7ff726c2605c+3a49c]
	chromedriver!GetHandleVerifier [0x7ff726c09684+1dac4]
	chromedriver!GetHandleVerifier [0x7ff726c09836+1dc76]
	chromedriver!GetHandleVerifier [0x7ff726bee347+2787]
	KERNEL32!BaseThreadInitThunk [0x7ffc4a11e8d7+17]
	ntdll!RtlUserThreadStart [0x7ffc4b40c3fc+2c]

2026-05-19 01:41:01,702 - 02修改员工信息.yaml - INFO - 输入请假原因
2026-05-19 01:41:06,897 - 02修改员工信息.yaml - INFO - 点击申请
2026-05-19 01:41:06,898 - baseUtils.py - INFO - 配置文件读取成功：E:\develop\PythonProject\OrangeHRM\Config\配置文件.ini
2026-05-19 01:41:11,518 - conftest.py - INFO - ✅ 浏览器驱动已退出
2026-05-19 01:42:10,767 - baseUtils.py - INFO - 配置文件读取成功：E:\develop\PythonProject\OrangeHRM\Config\配置文件.ini
2026-05-19 01:42:10,767 - globalManager.py - INFO - 全局变量管理器初始化成功
2026-05-19 01:42:11,191 - baseUtils.py - INFO - 配置文件读取成功：E:\develop\PythonProject\OrangeHRM\Config\配置文件.ini
2026-05-19 01:42:11,192 - baseData.py - INFO - 数据驱动读取成功：01登录功能
2026-05-19 01:42:11,193 - baseUtils.py - INFO - 配置文件读取成功：E:\develop\PythonProject\OrangeHRM\Config\配置文件.ini
2026-05-19 01:42:11,194 - baseData.py - INFO - 数据驱动读取成功：02修改员工信息功能
2026-05-19 01:42:12,365 - conftest.py - INFO - ✅ 启动浏览器成功：chrome
2026-05-19 01:42:12,367 - baseUtils.py - INFO - 配置文件读取成功：E:\develop\PythonProject\OrangeHRM\Config\配置文件.ini
2026-05-19 01:42:12,367 - 01登录页面元素信息.yaml - INFO - ========== 开始执行 OrangeHRM 登录操作 ==========
2026-05-19 01:42:12,369 - baseUtils.py - INFO - 配置文件读取成功：E:\develop\PythonProject\OrangeHRM\Config\配置文件.ini
2026-05-19 01:42:17,816 - 01登录页面元素信息.yaml - INFO - ========== OrangeHRM 登录操作执行完成 ==========
2026-05-19 01:42:17,819 - baseUtils.py - INFO - 配置文件读取成功：E:\develop\PythonProject\OrangeHRM\Config\配置文件.ini
2026-05-19 01:42:21,844 - baseAutoWeb.py - INFO - 🔍 通用下拉选择：年假
2026-05-19 01:42:22,292 - baseAutoWeb.py - INFO - ✅ 点击下拉箭头成功
2026-05-19 01:42:33,060 - baseAutoWeb.py - ERROR - ❌ 下拉选择失败：Message: 
Stacktrace:
	chromedriver!GetHandleVerifier [0x7ff726c00295+146d5]
	chromedriver!GetHandleVerifier [0x7ff726c00300+14740]
	chromedriver!(No symbol) [0x7ff72696d7cd]
	chromedriver!(No symbol) [0x7ff7269c6c4e]
	chromedriver!(No symbol) [0x7ff7269c6f5c]
	chromedriver!(No symbol) [0x7ff726a17cc7]
	chromedriver!(No symbol) [0x7ff726a14818]
	chromedriver!(No symbol) [0x7ff7269b9018]
	chromedriver!(No symbol) [0x7ff7269b9f03]
	chromedriver!GetHandleVerifier [0x7ff726f15949+329d89]
	chromedriver!GetHandleVerifier [0x7ff726f0fe96+3242d6]
	chromedriver!GetHandleVerifier [0x7ff726f33102+347542]
	chromedriver!GetHandleVerifier [0x7ff726c1d425+31865]
	chromedriver!GetHandleVerifier [0x7ff726c2605c+3a49c]
	chromedriver!GetHandleVerifier [0x7ff726c09684+1dac4]
	chromedriver!GetHandleVerifier [0x7ff726c09836+1dc76]
	chromedriver!GetHandleVerifier [0x7ff726bee347+2787]
	KERNEL32!BaseThreadInitThunk [0x7ffc4a11e8d7+17]
	ntdll!RtlUserThreadStart [0x7ffc4b40c3fc+2c]
Traceback (most recent call last):
  File "E:\develop\PythonProject\OrangeHRM\Base\baseAutoWeb.py", line 727, in select_dropdown
    option = wait.until(EC.element_to_be_clickable((By.XPATH, option_xpath)))
  File "E:\develop\PythonProject\OrangeHRM\.venv\Lib\site-packages\selenium\webdriver\support\wait.py", line 87, in until
    raise TimeoutException(message, screen, stacktrace)
selenium.common.exceptions.TimeoutException: Message: 
Stacktrace:
	chromedriver!GetHandleVerifier [0x7ff726c00295+146d5]
	chromedriver!GetHandleVerifier [0x7ff726c00300+14740]
	chromedriver!(No symbol) [0x7ff72696d7cd]
	chromedriver!(No symbol) [0x7ff7269c6c4e]
	chromedriver!(No symbol) [0x7ff7269c6f5c]
	chromedriver!(No symbol) [0x7ff726a17cc7]
	chromedriver!(No symbol) [0x7ff726a14818]
	chromedriver!(No symbol) [0x7ff7269b9018]
	chromedriver!(No symbol) [0x7ff7269b9f03]
	chromedriver!GetHandleVerifier [0x7ff726f15949+329d89]
	chromedriver!GetHandleVerifier [0x7ff726f0fe96+3242d6]
	chromedriver!GetHandleVerifier [0x7ff726f33102+347542]
	chromedriver!GetHandleVerifier [0x7ff726c1d425+31865]
	chromedriver!GetHandleVerifier [0x7ff726c2605c+3a49c]
	chromedriver!GetHandleVerifier [0x7ff726c09684+1dac4]
	chromedriver!GetHandleVerifier [0x7ff726c09836+1dc76]
	chromedriver!GetHandleVerifier [0x7ff726bee347+2787]
	KERNEL32!BaseThreadInitThunk [0x7ffc4a11e8d7+17]
	ntdll!RtlUserThreadStart [0x7ffc4b40c3fc+2c]

2026-05-19 01:42:35,753 - conftest.py - INFO - ✅ 浏览器驱动已退出
2026-05-19 01:43:30,262 - baseUtils.py - INFO - 配置文件读取成功：E:\develop\PythonProject\OrangeHRM\Config\配置文件.ini
2026-05-19 01:43:30,262 - globalManager.py - INFO - 全局变量管理器初始化成功
2026-05-19 01:43:30,596 - baseUtils.py - INFO - 配置文件读取成功：E:\develop\PythonProject\OrangeHRM\Config\配置文件.ini
2026-05-19 01:43:30,598 - baseData.py - INFO - 数据驱动读取成功：01登录功能
2026-05-19 01:43:30,599 - baseUtils.py - INFO - 配置文件读取成功：E:\develop\PythonProject\OrangeHRM\Config\配置文件.ini
2026-05-19 01:43:30,600 - baseData.py - INFO - 数据驱动读取成功：02修改员工信息功能
2026-05-19 01:43:31,765 - conftest.py - INFO - ✅ 启动浏览器成功：chrome
2026-05-19 01:43:31,767 - baseUtils.py - INFO - 配置文件读取成功：E:\develop\PythonProject\OrangeHRM\Config\配置文件.ini
2026-05-19 01:43:31,767 - 01登录页面元素信息.yaml - INFO - ========== 开始执行 OrangeHRM 登录操作 ==========
2026-05-19 01:43:31,768 - baseUtils.py - INFO - 配置文件读取成功：E:\develop\PythonProject\OrangeHRM\Config\配置文件.ini
2026-05-19 01:43:37,313 - 01登录页面元素信息.yaml - INFO - ========== OrangeHRM 登录操作执行完成 ==========
2026-05-19 01:43:37,315 - baseUtils.py - INFO - 配置文件读取成功：E:\develop\PythonProject\OrangeHRM\Config\配置文件.ini
2026-05-19 01:43:41,656 - baseAutoWeb.py - INFO - 🔍 通用下拉选择：年假
2026-05-19 01:43:53,198 - baseAutoWeb.py - ERROR - ❌ 下拉选择失败：Message: 
Stacktrace:
	chromedriver!GetHandleVerifier [0x7ff726c00295+146d5]
	chromedriver!GetHandleVerifier [0x7ff726c00300+14740]
	chromedriver!(No symbol) [0x7ff72696d7cd]
	chromedriver!(No symbol) [0x7ff7269c6c4e]
	chromedriver!(No symbol) [0x7ff7269c6f5c]
	chromedriver!(No symbol) [0x7ff726a17cc7]
	chromedriver!(No symbol) [0x7ff726a14818]
	chromedriver!(No symbol) [0x7ff7269b9018]
	chromedriver!(No symbol) [0x7ff7269b9f03]
	chromedriver!GetHandleVerifier [0x7ff726f15949+329d89]
	chromedriver!GetHandleVerifier [0x7ff726f0fe96+3242d6]
	chromedriver!GetHandleVerifier [0x7ff726f33102+347542]
	chromedriver!GetHandleVerifier [0x7ff726c1d425+31865]
	chromedriver!GetHandleVerifier [0x7ff726c2605c+3a49c]
	chromedriver!GetHandleVerifier [0x7ff726c09684+1dac4]
	chromedriver!GetHandleVerifier [0x7ff726c09836+1dc76]
	chromedriver!GetHandleVerifier [0x7ff726bee347+2787]
	KERNEL32!BaseThreadInitThunk [0x7ffc4a11e8d7+17]
	ntdll!RtlUserThreadStart [0x7ffc4b40c3fc+2c]

2026-05-19 01:43:53,836 - 02修改员工信息.yaml - INFO - 输入请假原因
2026-05-19 01:43:59,032 - 02修改员工信息.yaml - INFO - 点击申请
2026-05-19 01:43:59,033 - baseUtils.py - INFO - 配置文件读取成功：E:\develop\PythonProject\OrangeHRM\Config\配置文件.ini
2026-05-19 01:44:05,209 - conftest.py - INFO - ✅ 浏览器驱动已退出
2026-05-19 01:45:55,652 - baseUtils.py - INFO - 配置文件读取成功：E:\develop\PythonProject\OrangeHRM\Config\配置文件.ini
2026-05-19 01:45:55,652 - globalManager.py - INFO - 全局变量管理器初始化成功
2026-05-19 01:45:56,066 - baseUtils.py - INFO - 配置文件读取成功：E:\develop\PythonProject\OrangeHRM\Config\配置文件.ini
2026-05-19 01:45:56,067 - baseData.py - INFO - 数据驱动读取成功：01登录功能
2026-05-19 01:45:56,068 - baseUtils.py - INFO - 配置文件读取成功：E:\develop\PythonProject\OrangeHRM\Config\配置文件.ini
2026-05-19 01:45:56,069 - baseData.py - INFO - 数据驱动读取成功：02修改员工信息功能
2026-05-19 01:45:57,241 - conftest.py - INFO - ✅ 启动浏览器成功：chrome
2026-05-19 01:45:57,242 - baseUtils.py - INFO - 配置文件读取成功：E:\develop\PythonProject\OrangeHRM\Config\配置文件.ini
2026-05-19 01:45:57,243 - 01登录页面元素信息.yaml - INFO - ========== 开始执行 OrangeHRM 登录操作 ==========
2026-05-19 01:45:57,244 - baseUtils.py - INFO - 配置文件读取成功：E:\develop\PythonProject\OrangeHRM\Config\配置文件.ini
2026-05-19 01:46:02,772 - 01登录页面元素信息.yaml - INFO - ========== OrangeHRM 登录操作执行完成 ==========
2026-05-19 01:46:02,775 - baseUtils.py - INFO - 配置文件读取成功：E:\develop\PythonProject\OrangeHRM\Config\配置文件.ini
2026-05-19 01:46:07,092 - baseAutoWeb.py - INFO - 🔍 通用下拉选择：年假
2026-05-19 01:46:37,418 - baseAutoWeb.py - ERROR - ❌ 未找到选项“年假”，可用选项：['休假\n时间\n我的信息\n绩效\n仪表盘\nDirectory\nClaim\n激动\n休假\n四四 李\n申请\n我的休假\n权利\n报告\n申请休假\n休假类型\n-- Select --\n剩余休假\n0.00 Day(s)\n起始日期\n结束日期\n评论\n* 需要\n申请\nOrangeHRM OS 5.8.1\n© 2005 - 2026 OrangeHRM, Inc. All rights reserved.', '休假\n时间\n我的信息\n绩效\n仪表盘\nDirectory\nClaim\n激动\n休假\n四四 李\n申请\n我的休假\n权利\n报告\n申请休假\n休假类型\n-- Select --\n剩余休假\n0.00 Day(s)\n起始日期\n结束日期\n评论\n* 需要\n申请\nOrangeHRM OS 5.8.1\n© 2005 - 2026 OrangeHRM, Inc. All rights reserved.', '休假\n时间\n我的信息\n绩效\n仪表盘\nDirectory\nClaim\n激动\n休假\n四四 李\n申请\n我的休假\n权利\n报告', '休假\n时间\n我的信息\n绩效\n仪表盘\nDirectory\nClaim\n激动', '休假', '休假', '时间', '时间', '我的信息', '我的信息', '绩效', '绩效', '仪表盘', '仪表盘', 'Directory', 'Directory', 'Claim', 'Claim', '激动', '激动', '休假\n四四 李', '休假', '休假', '四四 李', '四四 李', '四四 李', '申请\n我的休假\n权利\n报告', '申请', '我的休假', '权利', '权利', '报告', '报告', '申请休假\n休假类型\n-- Select --\n剩余休假\n0.00 Day(s)\n起始日期\n结束日期\n评论\n* 需要\n申请\nOrangeHRM OS 5.8.1\n© 2005 - 2026 OrangeHRM, Inc. All rights reserved.', '申请休假\n休假类型\n-- Select --\n剩余休假\n0.00 Day(s)\n起始日期\n结束日期\n评论\n* 需要\n申请', '申请休假\n休假类型\n-- Select --\n剩余休假\n0.00 Day(s)\n起始日期\n结束日期\n评论\n* 需要\n申请', '申请休假\n休假类型\n-- Select --\n剩余休假\n0.00 Day(s)\n起始日期\n结束日期\n评论\n* 需要\n申请', '休假类型\n-- Select --\n剩余休假\n0.00 Day(s)', '休假类型\n-- Select --\n剩余休假\n0.00 Day(s)', '休假类型\n-- Select --', '休假类型\n-- Select --', '休假类型', '-- Select --', '-- Select --', '-- Select --', '-- Select --', '剩余休假\n0.00 Day(s)', '剩余休假\n0.00 Day(s)', '剩余休假', '0.00 Day(s)', '起始日期\n结束日期', '起始日期\n结束日期', '起始日期', '起始日期', '起始日期', '结束日期', '结束日期', '结束日期', '评论', '评论', '评论', '评论', '评论', '* 需要\n申请', 'OrangeHRM OS 5.8.1\n© 2005 - 2026 OrangeHRM, Inc. All rights reserved.']
2026-05-19 01:46:38,096 - 02修改员工信息.yaml - INFO - 输入请假原因
2026-05-19 01:46:43,297 - 02修改员工信息.yaml - INFO - 点击申请
2026-05-19 01:46:43,298 - baseUtils.py - INFO - 配置文件读取成功：E:\develop\PythonProject\OrangeHRM\Config\配置文件.ini
2026-05-19 01:46:47,908 - conftest.py - INFO - ✅ 浏览器驱动已退出
2026-05-19 01:49:40,593 - baseUtils.py - INFO - 配置文件读取成功：E:\develop\PythonProject\OrangeHRM\Config\配置文件.ini
2026-05-19 01:49:40,593 - globalManager.py - INFO - 全局变量管理器初始化成功
2026-05-19 01:49:40,995 - baseUtils.py - INFO - 配置文件读取成功：E:\develop\PythonProject\OrangeHRM\Config\配置文件.ini
2026-05-19 01:49:40,997 - baseData.py - INFO - 数据驱动读取成功：01登录功能
2026-05-19 01:49:40,998 - baseUtils.py - INFO - 配置文件读取成功：E:\develop\PythonProject\OrangeHRM\Config\配置文件.ini
2026-05-19 01:49:40,999 - baseData.py - INFO - 数据驱动读取成功：02修改员工信息功能
2026-05-19 01:49:42,175 - conftest.py - INFO - ✅ 启动浏览器成功：chrome
2026-05-19 01:49:42,176 - baseUtils.py - INFO - 配置文件读取成功：E:\develop\PythonProject\OrangeHRM\Config\配置文件.ini
2026-05-19 01:49:42,177 - 01登录页面元素信息.yaml - INFO - ========== 开始执行 OrangeHRM 登录操作 ==========
2026-05-19 01:49:42,178 - baseUtils.py - INFO - 配置文件读取成功：E:\develop\PythonProject\OrangeHRM\Config\配置文件.ini
2026-05-19 01:49:47,637 - 01登录页面元素信息.yaml - INFO - ========== OrangeHRM 登录操作执行完成 ==========
2026-05-19 01:49:47,640 - baseUtils.py - INFO - 配置文件读取成功：E:\develop\PythonProject\OrangeHRM\Config\配置文件.ini
2026-05-19 01:49:51,917 - baseAutoWeb.py - INFO - 🔍 通用下拉选择：年假
2026-05-19 01:50:22,022 - baseAutoWeb.py - ERROR - ❌ 未找到选项“年假”，可用选项：['休假\n时间\n我的信息\n绩效\n仪表盘\nDirectory\nClaim\n激动\n休假\n四四 李\n申请\n我的休假\n权利\n报告\n申请休假\n休假类型\n-- Select --\n剩余休假\n0.00 Day(s)\n起始日期\n结束日期\n评论\n* 需要\n申请\nOrangeHRM OS 5.8.1\n© 2005 - 2026 OrangeHRM, Inc. All rights reserved.', '休假\n时间\n我的信息\n绩效\n仪表盘\nDirectory\nClaim\n激动\n休假\n四四 李\n申请\n我的休假\n权利\n报告\n申请休假\n休假类型\n-- Select --\n剩余休假\n0.00 Day(s)\n起始日期\n结束日期\n评论\n* 需要\n申请\nOrangeHRM OS 5.8.1\n© 2005 - 2026 OrangeHRM, Inc. All rights reserved.', '休假\n时间\n我的信息\n绩效\n仪表盘\nDirectory\nClaim\n激动\n休假\n四四 李\n申请\n我的休假\n权利\n报告', '休假\n时间\n我的信息\n绩效\n仪表盘\nDirectory\nClaim\n激动', '休假', '休假', '时间', '时间', '我的信息', '我的信息', '绩效', '绩效', '仪表盘', '仪表盘', 'Directory', 'Directory', 'Claim', 'Claim', '激动', '激动', '休假\n四四 李', '休假', '休假', '四四 李', '四四 李', '四四 李', '申请\n我的休假\n权利\n报告', '申请', '我的休假', '权利', '权利', '报告', '报告', '申请休假\n休假类型\n-- Select --\n剩余休假\n0.00 Day(s)\n起始日期\n结束日期\n评论\n* 需要\n申请\nOrangeHRM OS 5.8.1\n© 2005 - 2026 OrangeHRM, Inc. All rights reserved.', '申请休假\n休假类型\n-- Select --\n剩余休假\n0.00 Day(s)\n起始日期\n结束日期\n评论\n* 需要\n申请', '申请休假\n休假类型\n-- Select --\n剩余休假\n0.00 Day(s)\n起始日期\n结束日期\n评论\n* 需要\n申请', '申请休假\n休假类型\n-- Select --\n剩余休假\n0.00 Day(s)\n起始日期\n结束日期\n评论\n* 需要\n申请', '休假类型\n-- Select --\n剩余休假\n0.00 Day(s)', '休假类型\n-- Select --\n剩余休假\n0.00 Day(s)', '休假类型\n-- Select --', '休假类型\n-- Select --', '休假类型', '-- Select --', '-- Select --', '-- Select --', '-- Select --', '剩余休假\n0.00 Day(s)', '剩余休假\n0.00 Day(s)', '剩余休假', '0.00 Day(s)', '起始日期\n结束日期', '起始日期\n结束日期', '起始日期', '起始日期', '起始日期', '结束日期', '结束日期', '结束日期', '评论', '评论', '评论', '评论', '评论', '* 需要\n申请', 'OrangeHRM OS 5.8.1\n© 2005 - 2026 OrangeHRM, Inc. All rights reserved.']
2026-05-19 01:50:22,694 - 02修改员工信息.yaml - INFO - 输入请假原因
2026-05-19 01:50:27,899 - 02修改员工信息.yaml - INFO - 点击申请
2026-05-19 01:50:27,901 - baseUtils.py - INFO - 配置文件读取成功：E:\develop\PythonProject\OrangeHRM\Config\配置文件.ini
2026-05-19 01:50:32,562 - conftest.py - INFO - ✅ 浏览器驱动已退出
2026-05-19 01:51:01,897 - baseUtils.py - INFO - 配置文件读取成功：E:\develop\PythonProject\OrangeHRM\Config\配置文件.ini
2026-05-19 01:51:01,897 - globalManager.py - INFO - 全局变量管理器初始化成功
2026-05-19 01:51:02,206 - baseUtils.py - INFO - 配置文件读取成功：E:\develop\PythonProject\OrangeHRM\Config\配置文件.ini
2026-05-19 01:51:02,207 - baseData.py - INFO - 数据驱动读取成功：01登录功能
2026-05-19 01:51:02,208 - baseUtils.py - INFO - 配置文件读取成功：E:\develop\PythonProject\OrangeHRM\Config\配置文件.ini
2026-05-19 01:51:02,209 - baseData.py - INFO - 数据驱动读取成功：02修改员工信息功能
2026-05-19 01:51:03,384 - conftest.py - INFO - ✅ 启动浏览器成功：chrome
2026-05-19 01:51:03,386 - baseUtils.py - INFO - 配置文件读取成功：E:\develop\PythonProject\OrangeHRM\Config\配置文件.ini
2026-05-19 01:51:03,386 - 01登录页面元素信息.yaml - INFO - ========== 开始执行 OrangeHRM 登录操作 ==========
2026-05-19 01:51:03,387 - baseUtils.py - INFO - 配置文件读取成功：E:\develop\PythonProject\OrangeHRM\Config\配置文件.ini
2026-05-19 01:51:08,849 - 01登录页面元素信息.yaml - INFO - ========== OrangeHRM 登录操作执行完成 ==========
2026-05-19 01:51:08,851 - baseUtils.py - INFO - 配置文件读取成功：E:\develop\PythonProject\OrangeHRM\Config\配置文件.ini
2026-05-19 01:51:12,865 - baseAutoWeb.py - INFO - 🔍 通用下拉选择：年假
2026-05-19 01:51:19,845 - baseAutoWeb.py - INFO - ✅ 通用自定义下拉选择成功
2026-05-19 01:51:20,506 - 02修改员工信息.yaml - INFO - 输入请假原因
2026-05-19 01:51:25,700 - 02修改员工信息.yaml - INFO - 点击申请
2026-05-19 01:51:25,702 - baseUtils.py - INFO - 配置文件读取成功：E:\develop\PythonProject\OrangeHRM\Config\配置文件.ini
2026-05-19 01:51:26,350 - 02修改员工信息.yaml - INFO - ✅ 假期余额不足提示成功
2026-05-19 01:51:26,350 - test_web_ohrm.py - INFO - ✅ 【员工假期余额不足】用例执行完成
2026-05-19 01:51:28,581 - conftest.py - INFO - ✅ 浏览器驱动已退出
2026-05-19 01:53:04,532 - baseUtils.py - INFO - 配置文件读取成功：E:\develop\PythonProject\OrangeHRM\Config\配置文件.ini
2026-05-19 01:53:04,533 - globalManager.py - INFO - 全局变量管理器初始化成功
2026-05-19 01:53:04,967 - baseUtils.py - INFO - 配置文件读取成功：E:\develop\PythonProject\OrangeHRM\Config\配置文件.ini
2026-05-19 01:53:04,969 - baseData.py - INFO - 数据驱动读取成功：01登录功能
2026-05-19 01:53:04,971 - baseUtils.py - INFO - 配置文件读取成功：E:\develop\PythonProject\OrangeHRM\Config\配置文件.ini
2026-05-19 01:53:04,972 - baseData.py - INFO - 数据驱动读取成功：02修改员工信息功能
2026-05-19 01:53:06,144 - conftest.py - INFO - ✅ 启动浏览器成功：chrome
2026-05-19 01:53:06,146 - baseUtils.py - INFO - 配置文件读取成功：E:\develop\PythonProject\OrangeHRM\Config\配置文件.ini
2026-05-19 01:53:06,146 - 01登录页面元素信息.yaml - INFO - ========== 开始执行 OrangeHRM 登录操作 ==========
2026-05-19 01:53:06,147 - baseUtils.py - INFO - 配置文件读取成功：E:\develop\PythonProject\OrangeHRM\Config\配置文件.ini
2026-05-19 01:53:11,642 - 01登录页面元素信息.yaml - INFO - ========== OrangeHRM 登录操作执行完成 ==========
2026-05-19 01:53:11,645 - baseUtils.py - INFO - 配置文件读取成功：E:\develop\PythonProject\OrangeHRM\Config\配置文件.ini
2026-05-19 01:53:15,972 - baseAutoWeb.py - INFO - 🔍 通用下拉选择：年假
2026-05-19 01:53:22,590 - baseAutoWeb.py - INFO - ✅ 通用自定义下拉选择成功
2026-05-19 01:53:23,263 - 02修改员工信息.yaml - INFO - 输入请假原因
2026-05-19 01:53:28,460 - 02修改员工信息.yaml - INFO - 点击申请
2026-05-19 01:53:28,461 - baseUtils.py - INFO - 配置文件读取成功：E:\develop\PythonProject\OrangeHRM\Config\配置文件.ini
2026-05-19 01:53:29,049 - 02修改员工信息.yaml - INFO - ✅ 假期余额不足提示成功
2026-05-19 01:53:29,049 - test_web_ohrm.py - INFO - ✅ 【员工假期余额不足】用例执行完成
2026-05-19 01:53:31,237 - conftest.py - INFO - ✅ 浏览器驱动已退出
2026-05-19 01:54:21,219 - baseUtils.py - INFO - 配置文件读取成功：E:\develop\PythonProject\OrangeHRM\Config\配置文件.ini
2026-05-19 01:54:21,219 - globalManager.py - INFO - 全局变量管理器初始化成功
2026-05-19 01:54:21,547 - baseUtils.py - INFO - 配置文件读取成功：E:\develop\PythonProject\OrangeHRM\Config\配置文件.ini
2026-05-19 01:54:21,548 - baseData.py - INFO - 数据驱动读取成功：01登录功能
2026-05-19 01:54:21,549 - baseUtils.py - INFO - 配置文件读取成功：E:\develop\PythonProject\OrangeHRM\Config\配置文件.ini
2026-05-19 01:54:21,550 - baseData.py - INFO - 数据驱动读取成功：02修改员工信息功能
2026-05-19 01:54:22,721 - conftest.py - INFO - ✅ 启动浏览器成功：chrome
2026-05-19 01:54:22,722 - baseUtils.py - INFO - 配置文件读取成功：E:\develop\PythonProject\OrangeHRM\Config\配置文件.ini
2026-05-19 01:54:22,723 - 01登录页面元素信息.yaml - INFO - ========== 开始执行 OrangeHRM 登录操作 ==========
2026-05-19 01:54:22,724 - baseUtils.py - INFO - 配置文件读取成功：E:\develop\PythonProject\OrangeHRM\Config\配置文件.ini
2026-05-19 01:54:29,000 - 01登录页面元素信息.yaml - INFO - ========== OrangeHRM 登录操作执行完成 ==========
2026-05-19 01:54:29,003 - baseUtils.py - INFO - 配置文件读取成功：E:\develop\PythonProject\OrangeHRM\Config\配置文件.ini
2026-05-19 01:54:32,129 - baseAutoWeb.py - INFO - 🔍 通用下拉选择：年假
2026-05-19 01:54:39,090 - baseAutoWeb.py - INFO - ✅ 通用自定义下拉选择成功
2026-05-19 01:54:39,762 - 02修改员工信息.yaml - INFO - 输入请假原因
2026-05-19 01:54:44,956 - 02修改员工信息.yaml - INFO - 点击申请
2026-05-19 01:54:44,957 - baseUtils.py - INFO - 配置文件读取成功：E:\develop\PythonProject\OrangeHRM\Config\配置文件.ini
2026-05-19 01:54:45,617 - 02修改员工信息.yaml - INFO - ✅ 假期余额不足提示成功
2026-05-19 01:54:45,617 - test_web_ohrm.py - INFO - ✅ 【员工假期余额不足】用例执行完成
2026-05-19 01:54:47,813 - conftest.py - INFO - ✅ 浏览器驱动已退出
2026-05-19 01:55:16,789 - baseUtils.py - INFO - 配置文件读取成功：E:\develop\PythonProject\OrangeHRM\Config\配置文件.ini
2026-05-19 01:55:16,790 - globalManager.py - INFO - 全局变量管理器初始化成功
2026-05-19 01:55:17,126 - baseUtils.py - INFO - 配置文件读取成功：E:\develop\PythonProject\OrangeHRM\Config\配置文件.ini
2026-05-19 01:55:17,127 - baseData.py - INFO - 数据驱动读取成功：01登录功能
2026-05-19 01:55:17,128 - baseUtils.py - INFO - 配置文件读取成功：E:\develop\PythonProject\OrangeHRM\Config\配置文件.ini
2026-05-19 01:55:17,129 - baseData.py - INFO - 数据驱动读取成功：02修改员工信息功能
2026-05-19 01:55:18,300 - conftest.py - INFO - ✅ 启动浏览器成功：chrome
2026-05-19 01:55:18,301 - baseUtils.py - INFO - 配置文件读取成功：E:\develop\PythonProject\OrangeHRM\Config\配置文件.ini
2026-05-19 01:55:18,302 - 01登录页面元素信息.yaml - INFO - ========== 开始执行 OrangeHRM 登录操作 ==========
2026-05-19 01:55:18,303 - baseUtils.py - INFO - 配置文件读取成功：E:\develop\PythonProject\OrangeHRM\Config\配置文件.ini
2026-05-19 01:55:23,827 - 01登录页面元素信息.yaml - INFO - ========== OrangeHRM 登录操作执行完成 ==========
2026-05-19 01:55:23,829 - baseUtils.py - INFO - 配置文件读取成功：E:\develop\PythonProject\OrangeHRM\Config\配置文件.ini
2026-05-19 01:55:28,106 - baseAutoWeb.py - INFO - 🔍 通用下拉选择：年假
2026-05-19 01:55:35,075 - baseAutoWeb.py - INFO - ✅ 通用自定义下拉选择成功
2026-05-19 01:55:35,743 - 02修改员工信息.yaml - INFO - 输入请假原因
2026-05-19 01:55:40,942 - 02修改员工信息.yaml - INFO - 点击申请
2026-05-19 01:55:40,943 - baseUtils.py - INFO - 配置文件读取成功：E:\develop\PythonProject\OrangeHRM\Config\配置文件.ini
2026-05-19 01:55:41,603 - 02修改员工信息.yaml - INFO - ✅ 假期余额不足提示成功
2026-05-19 01:55:41,604 - test_web_ohrm.py - INFO - ✅ 【员工假期余额不足】用例执行完成
2026-05-19 01:55:43,784 - conftest.py - INFO - ✅ 浏览器驱动已退出
2026-05-19 01:58:17,617 - baseUtils.py - INFO - 配置文件读取成功：E:\develop\PythonProject\OrangeHRM\Config\配置文件.ini
2026-05-19 01:58:17,617 - globalManager.py - INFO - 全局变量管理器初始化成功
2026-05-19 01:58:18,074 - baseUtils.py - INFO - 配置文件读取成功：E:\develop\PythonProject\OrangeHRM\Config\配置文件.ini
2026-05-19 01:58:18,075 - baseData.py - INFO - 数据驱动读取成功：01登录功能
2026-05-19 01:58:18,077 - baseUtils.py - INFO - 配置文件读取成功：E:\develop\PythonProject\OrangeHRM\Config\配置文件.ini
2026-05-19 01:58:18,078 - baseData.py - INFO - 数据驱动读取成功：02修改员工信息功能
2026-05-19 01:58:19,267 - conftest.py - INFO - ✅ 启动浏览器成功：chrome
2026-05-19 01:58:19,270 - baseUtils.py - INFO - 配置文件读取成功：E:\develop\PythonProject\OrangeHRM\Config\配置文件.ini
2026-05-19 01:58:19,271 - 01登录页面元素信息.yaml - INFO - ========== 开始执行 OrangeHRM 登录操作 ==========
2026-05-19 01:58:19,272 - baseUtils.py - INFO - 配置文件读取成功：E:\develop\PythonProject\OrangeHRM\Config\配置文件.ini
2026-05-19 01:58:25,661 - 01登录页面元素信息.yaml - INFO - ========== OrangeHRM 登录操作执行完成 ==========
2026-05-19 01:58:25,665 - baseUtils.py - INFO - 配置文件读取成功：E:\develop\PythonProject\OrangeHRM\Config\配置文件.ini
2026-05-19 01:58:29,087 - baseAutoWeb.py - INFO - 🔍 通用下拉选择：年假
2026-05-19 01:58:35,689 - baseAutoWeb.py - INFO - ✅ 通用自定义下拉选择成功
2026-05-19 01:58:36,357 - 02修改员工信息.yaml - INFO - 输入请假原因
2026-05-19 01:58:41,553 - 02修改员工信息.yaml - INFO - 点击申请
2026-05-19 01:58:41,555 - baseUtils.py - INFO - 配置文件读取成功：E:\develop\PythonProject\OrangeHRM\Config\配置文件.ini
2026-05-19 01:58:42,140 - 02修改员工信息.yaml - INFO - ✅ 假期余额不足提示成功
2026-05-19 01:58:42,140 - test_web_ohrm.py - INFO - ✅ 【员工假期余额不足】用例执行完成
2026-05-19 01:58:44,327 - conftest.py - INFO - ✅ 浏览器驱动已退出
