2026-05-16 22:11:53,712 - baseUtils.py - INFO - 配置文件读取成功：E:\develop\PythonProject\OrangeHRM\Config\配置文件.ini
2026-05-16 22:11:53,712 - globalManager.py - INFO - 全局变量管理器初始化成功
2026-05-16 22:11:54,123 - baseUtils.py - INFO - 配置文件读取成功：E:\develop\PythonProject\OrangeHRM\Config\配置文件.ini
2026-05-16 22:11:54,124 - baseData.py - INFO - 数据驱动读取成功：01登录功能
2026-05-16 22:11:54,126 - baseUtils.py - INFO - 配置文件读取成功：E:\develop\PythonProject\OrangeHRM\Config\配置文件.ini
2026-05-16 22:11:54,126 - baseData.py - INFO - 数据驱动读取成功：02修改员工信息功能
2026-05-16 22:11:55,289 - conftest.py - INFO - ✅ 启动浏览器成功：chrome
2026-05-16 22:11:55,291 - baseUtils.py - INFO - 配置文件读取成功：E:\develop\PythonProject\OrangeHRM\Config\配置文件.ini
2026-05-16 22:11:55,292 - 01登录页面元素信息.yaml - INFO - ========== 开始执行 OrangeHRM 登录操作 ==========
2026-05-16 22:11:55,293 - baseUtils.py - INFO - 配置文件读取成功：E:\develop\PythonProject\OrangeHRM\Config\配置文件.ini
2026-05-16 22:12:00,351 - 01登录页面元素信息.yaml - INFO - ========== OrangeHRM 登录操作执行完成 ==========
2026-05-16 22:12:00,352 - test_web_ohrm.py - INFO - ========== 开始执行【添加员工信息】用例 ==========
2026-05-16 22:12:00,353 - baseUtils.py - INFO - 配置文件读取成功：E:\develop\PythonProject\OrangeHRM\Config\配置文件.ini
2026-05-16 22:12:04,296 - 02修改员工信息.yaml - INFO - ✅ 点击个人信息管理系统
2026-05-16 22:12:05,546 - 02修改员工信息.yaml - INFO - ✅ 点击添加员工按钮
2026-05-16 22:12:06,557 - 02修改员工信息.yaml - INFO - ✅ 员工姓名输入完成：Xie Shengqiang
2026-05-16 22:12:06,765 - 02修改员工信息.yaml - INFO - ✅ 员工ID输入完成：202501
2026-05-16 22:12:09,840 - 02修改员工信息.yaml - INFO - ✅ 员工信息添加完成，点击保存
2026-05-16 22:12:09,843 - baseUtils.py - INFO - 配置文件读取成功：E:\develop\PythonProject\OrangeHRM\Config\配置文件.ini
2026-05-16 22:12:15,098 - 02修改员工信息.yaml - INFO - 添加员工信息成功
2026-05-16 22:12:15,098 - test_web_ohrm.py - INFO - ✅ 【添加员工信息】用例执行完成
2026-05-16 22:12:17,332 - conftest.py - INFO - ✅ 浏览器驱动已退出
2026-05-16 22:25:03,517 - baseUtils.py - INFO - 配置文件读取成功：E:\develop\PythonProject\OrangeHRM\Config\配置文件.ini
2026-05-16 22:25:03,517 - globalManager.py - INFO - 全局变量管理器初始化成功
2026-05-16 22:25:03,924 - baseUtils.py - INFO - 配置文件读取成功：E:\develop\PythonProject\OrangeHRM\Config\配置文件.ini
2026-05-16 22:25:03,926 - baseData.py - INFO - 数据驱动读取成功：01登录功能
2026-05-16 22:25:03,926 - baseUtils.py - INFO - 配置文件读取成功：E:\develop\PythonProject\OrangeHRM\Config\配置文件.ini
2026-05-16 22:25:03,927 - baseData.py - INFO - 数据驱动读取成功：02修改员工信息功能
2026-05-16 22:25:05,077 - conftest.py - INFO - ✅ 启动浏览器成功：chrome
2026-05-16 22:25:05,079 - baseUtils.py - INFO - 配置文件读取成功：E:\develop\PythonProject\OrangeHRM\Config\配置文件.ini
2026-05-16 22:25:05,079 - 01登录页面元素信息.yaml - INFO - ========== 开始执行 OrangeHRM 登录操作 ==========
2026-05-16 22:25:05,080 - baseUtils.py - INFO - 配置文件读取成功：E:\develop\PythonProject\OrangeHRM\Config\配置文件.ini
2026-05-16 22:25:10,122 - 01登录页面元素信息.yaml - INFO - ========== OrangeHRM 登录操作执行完成 ==========
2026-05-16 22:25:10,123 - test_web_ohrm.py - INFO - ========== 开始执行【添加员工信息】用例 ==========
2026-05-16 22:25:10,125 - baseUtils.py - INFO - 配置文件读取成功：E:\develop\PythonProject\OrangeHRM\Config\配置文件.ini
2026-05-16 22:25:13,023 - 02修改员工信息.yaml - INFO - ✅ 点击个人信息管理系统
2026-05-16 22:25:14,190 - 02修改员工信息.yaml - INFO - ✅ 点击添加员工按钮
2026-05-16 22:25:15,236 - 02修改员工信息.yaml - INFO - ✅ 员工姓名输入完成：Xie Shengqiang
2026-05-16 22:25:15,447 - 02修改员工信息.yaml - INFO - ✅ 员工ID输入完成：202501
2026-05-16 22:25:18,528 - 02修改员工信息.yaml - INFO - ✅ 员工信息添加完成，点击保存
2026-05-16 22:25:18,530 - baseUtils.py - INFO - 配置文件读取成功：E:\develop\PythonProject\OrangeHRM\Config\配置文件.ini
2026-05-16 22:25:26,080 - conftest.py - INFO - ✅ 浏览器驱动已退出
2026-05-16 22:30:07,396 - baseUtils.py - INFO - 配置文件读取成功：E:\develop\PythonProject\OrangeHRM\Config\配置文件.ini
2026-05-16 22:30:07,397 - globalManager.py - INFO - 全局变量管理器初始化成功
2026-05-16 22:30:07,811 - baseUtils.py - INFO - 配置文件读取成功：E:\develop\PythonProject\OrangeHRM\Config\配置文件.ini
2026-05-16 22:30:07,812 - baseData.py - INFO - 数据驱动读取成功：01登录功能
2026-05-16 22:30:07,813 - baseUtils.py - INFO - 配置文件读取成功：E:\develop\PythonProject\OrangeHRM\Config\配置文件.ini
2026-05-16 22:30:07,814 - baseData.py - INFO - 数据驱动读取成功：02修改员工信息功能
2026-05-16 22:30:08,974 - conftest.py - INFO - ✅ 启动浏览器成功：chrome
2026-05-16 22:30:08,975 - baseUtils.py - INFO - 配置文件读取成功：E:\develop\PythonProject\OrangeHRM\Config\配置文件.ini
2026-05-16 22:30:08,976 - 01登录页面元素信息.yaml - INFO - ========== 开始执行 OrangeHRM 登录操作 ==========
2026-05-16 22:30:08,976 - baseUtils.py - INFO - 配置文件读取成功：E:\develop\PythonProject\OrangeHRM\Config\配置文件.ini
2026-05-16 22:30:14,036 - 01登录页面元素信息.yaml - INFO - ========== OrangeHRM 登录操作执行完成 ==========
2026-05-16 22:30:14,037 - test_web_ohrm.py - INFO - ========== 开始执行【添加员工信息】用例 ==========
2026-05-16 22:30:14,039 - baseUtils.py - INFO - 配置文件读取成功：E:\develop\PythonProject\OrangeHRM\Config\配置文件.ini
2026-05-16 22:30:16,964 - 02修改员工信息.yaml - INFO - ✅ 点击个人信息管理系统
2026-05-16 22:30:18,138 - 02修改员工信息.yaml - INFO - ✅ 点击添加员工按钮
2026-05-16 22:30:19,128 - 02修改员工信息.yaml - INFO - ✅ 员工姓名输入完成：Xie Shengqiang
2026-05-16 22:30:19,347 - 02修改员工信息.yaml - INFO - ✅ 员工ID输入完成：202501
2026-05-16 22:30:22,423 - 02修改员工信息.yaml - INFO - ✅ 员工信息添加完成，点击保存
2026-05-16 22:30:22,424 - baseUtils.py - INFO - 配置文件读取成功：E:\develop\PythonProject\OrangeHRM\Config\配置文件.ini
2026-05-16 22:30:27,599 - 02修改员工信息.yaml - INFO - 添加员工信息成功
2026-05-16 22:30:27,599 - test_web_ohrm.py - INFO - ✅ 【添加员工信息】用例执行完成
2026-05-16 22:30:29,829 - conftest.py - INFO - ✅ 浏览器驱动已退出
2026-05-16 22:35:08,783 - baseUtils.py - INFO - 配置文件读取成功：E:\develop\PythonProject\OrangeHRM\Config\配置文件.ini
2026-05-16 22:35:08,784 - globalManager.py - INFO - 全局变量管理器初始化成功
2026-05-16 22:35:09,114 - baseUtils.py - INFO - 配置文件读取成功：E:\develop\PythonProject\OrangeHRM\Config\配置文件.ini
2026-05-16 22:35:09,116 - baseData.py - INFO - 数据驱动读取成功：01登录功能
2026-05-16 22:35:09,117 - baseUtils.py - INFO - 配置文件读取成功：E:\develop\PythonProject\OrangeHRM\Config\配置文件.ini
2026-05-16 22:35:09,118 - baseData.py - INFO - 数据驱动读取成功：02修改员工信息功能
2026-05-16 22:35:10,283 - conftest.py - INFO - ✅ 启动浏览器成功：chrome
2026-05-16 22:35:10,285 - baseUtils.py - INFO - 配置文件读取成功：E:\develop\PythonProject\OrangeHRM\Config\配置文件.ini
2026-05-16 22:35:10,285 - 01登录页面元素信息.yaml - INFO - ========== 开始执行 OrangeHRM 登录操作 ==========
2026-05-16 22:35:10,286 - baseUtils.py - INFO - 配置文件读取成功：E:\develop\PythonProject\OrangeHRM\Config\配置文件.ini
2026-05-16 22:35:15,566 - 01登录页面元素信息.yaml - INFO - ========== OrangeHRM 登录操作执行完成 ==========
2026-05-16 22:35:15,567 - test_web_ohrm.py - INFO - ========== 开始执行【修改员工生日】用例 ==========
2026-05-16 22:35:15,569 - baseUtils.py - INFO - 配置文件读取成功：E:\develop\PythonProject\OrangeHRM\Config\配置文件.ini
2026-05-16 22:35:18,882 - conftest.py - INFO - ✅ 浏览器驱动已退出
2026-05-16 22:39:06,886 - baseUtils.py - INFO - 配置文件读取成功：E:\develop\PythonProject\OrangeHRM\Config\配置文件.ini
2026-05-16 22:39:06,886 - globalManager.py - INFO - 全局变量管理器初始化成功
2026-05-16 22:39:07,205 - baseUtils.py - INFO - 配置文件读取成功：E:\develop\PythonProject\OrangeHRM\Config\配置文件.ini
2026-05-16 22:39:07,206 - baseData.py - INFO - 数据驱动读取成功：01登录功能
2026-05-16 22:39:07,207 - baseUtils.py - INFO - 配置文件读取成功：E:\develop\PythonProject\OrangeHRM\Config\配置文件.ini
2026-05-16 22:39:07,208 - baseData.py - INFO - 数据驱动读取成功：02修改员工信息功能
2026-05-16 22:39:08,369 - conftest.py - INFO - ✅ 启动浏览器成功：chrome
2026-05-16 22:39:08,371 - baseUtils.py - INFO - 配置文件读取成功：E:\develop\PythonProject\OrangeHRM\Config\配置文件.ini
2026-05-16 22:39:08,372 - 01登录页面元素信息.yaml - INFO - ========== 开始执行 OrangeHRM 登录操作 ==========
2026-05-16 22:39:08,373 - baseUtils.py - INFO - 配置文件读取成功：E:\develop\PythonProject\OrangeHRM\Config\配置文件.ini
2026-05-16 22:39:13,535 - conftest.py - INFO - ✅ 浏览器驱动已退出
2026-05-16 22:43:22,834 - baseUtils.py - INFO - 配置文件读取成功：E:\develop\PythonProject\OrangeHRM\Config\配置文件.ini
2026-05-16 22:43:22,835 - globalManager.py - INFO - 全局变量管理器初始化成功
2026-05-16 22:43:23,208 - baseUtils.py - INFO - 配置文件读取成功：E:\develop\PythonProject\OrangeHRM\Config\配置文件.ini
2026-05-16 22:43:23,210 - baseData.py - INFO - 数据驱动读取成功：01登录功能
2026-05-16 22:43:23,211 - baseUtils.py - INFO - 配置文件读取成功：E:\develop\PythonProject\OrangeHRM\Config\配置文件.ini
2026-05-16 22:43:23,212 - baseData.py - INFO - 数据驱动读取成功：02修改员工信息功能
2026-05-16 22:43:24,394 - conftest.py - INFO - ✅ 启动浏览器成功：chrome
2026-05-16 22:43:24,396 - baseUtils.py - INFO - 配置文件读取成功：E:\develop\PythonProject\OrangeHRM\Config\配置文件.ini
2026-05-16 22:43:24,396 - 01登录页面元素信息.yaml - INFO - ========== 开始执行 OrangeHRM 登录操作 ==========
2026-05-16 22:43:24,397 - baseUtils.py - INFO - 配置文件读取成功：E:\develop\PythonProject\OrangeHRM\Config\配置文件.ini
2026-05-16 22:43:29,610 - conftest.py - INFO - ✅ 浏览器驱动已退出
2026-05-16 22:47:11,758 - baseUtils.py - INFO - 配置文件读取成功：E:\develop\PythonProject\OrangeHRM\Config\配置文件.ini
2026-05-16 22:47:11,758 - globalManager.py - INFO - 全局变量管理器初始化成功
2026-05-16 22:47:12,088 - baseUtils.py - INFO - 配置文件读取成功：E:\develop\PythonProject\OrangeHRM\Config\配置文件.ini
2026-05-16 22:47:12,089 - baseData.py - INFO - 数据驱动读取成功：01登录功能
2026-05-16 22:47:12,090 - baseUtils.py - INFO - 配置文件读取成功：E:\develop\PythonProject\OrangeHRM\Config\配置文件.ini
2026-05-16 22:47:12,091 - baseData.py - INFO - 数据驱动读取成功：02修改员工信息功能
2026-05-16 22:47:13,248 - conftest.py - INFO - ✅ 启动浏览器成功：chrome
2026-05-16 22:47:13,250 - baseUtils.py - INFO - 配置文件读取成功：E:\develop\PythonProject\OrangeHRM\Config\配置文件.ini
2026-05-16 22:47:13,250 - 01登录页面元素信息.yaml - INFO - ========== 开始执行 OrangeHRM 登录操作 ==========
2026-05-16 22:47:13,251 - baseUtils.py - INFO - 配置文件读取成功：E:\develop\PythonProject\OrangeHRM\Config\配置文件.ini
2026-05-16 22:47:18,769 - 01登录页面元素信息.yaml - INFO - ========== OrangeHRM 登录操作执行完成 ==========
2026-05-16 22:47:18,770 - test_web_ohrm.py - INFO - ========== 开始执行【修改员工生日】用例 ==========
2026-05-16 22:47:18,771 - baseUtils.py - INFO - 配置文件读取成功：E:\develop\PythonProject\OrangeHRM\Config\配置文件.ini
2026-05-16 22:47:22,269 - conftest.py - INFO - ✅ 浏览器驱动已退出
2026-05-16 22:50:34,071 - baseUtils.py - INFO - 配置文件读取成功：E:\develop\PythonProject\OrangeHRM\Config\配置文件.ini
2026-05-16 22:50:34,071 - globalManager.py - INFO - 全局变量管理器初始化成功
2026-05-16 22:50:34,396 - baseUtils.py - INFO - 配置文件读取成功：E:\develop\PythonProject\OrangeHRM\Config\配置文件.ini
2026-05-16 22:50:34,398 - baseData.py - INFO - 数据驱动读取成功：01登录功能
2026-05-16 22:50:34,399 - baseUtils.py - INFO - 配置文件读取成功：E:\develop\PythonProject\OrangeHRM\Config\配置文件.ini
2026-05-16 22:50:34,399 - baseData.py - INFO - 数据驱动读取成功：02修改员工信息功能
2026-05-16 22:50:35,560 - conftest.py - INFO - ✅ 启动浏览器成功：chrome
2026-05-16 22:50:35,562 - baseUtils.py - INFO - 配置文件读取成功：E:\develop\PythonProject\OrangeHRM\Config\配置文件.ini
2026-05-16 22:50:35,562 - 01登录页面元素信息.yaml - INFO - ========== 开始执行 OrangeHRM 登录操作 ==========
2026-05-16 22:50:35,563 - baseUtils.py - INFO - 配置文件读取成功：E:\develop\PythonProject\OrangeHRM\Config\配置文件.ini
2026-05-16 22:50:41,123 - 01登录页面元素信息.yaml - INFO - ========== OrangeHRM 登录操作执行完成 ==========
2026-05-16 22:50:41,124 - test_web_ohrm.py - INFO - ========== 开始执行【修改员工生日】用例 ==========
2026-05-16 22:50:41,126 - baseUtils.py - INFO - 配置文件读取成功：E:\develop\PythonProject\OrangeHRM\Config\配置文件.ini
2026-05-16 22:50:44,300 - 02修改员工信息.yaml - INFO - ✅ 点击个人信息管理系统
2026-05-16 22:50:44,904 - 02修改员工信息.yaml - INFO - ✅ 输入搜索内容：Shengqiang
2026-05-16 22:50:45,151 - 02修改员工信息.yaml - INFO - ✅ 点击搜索按钮
2026-05-16 22:50:46,213 - 02修改员工信息.yaml - INFO - ✅ 点击员工：Shengqiang
2026-05-16 22:50:48,477 - 02修改员工信息.yaml - INFO - ✅ 清空生日输入框
2026-05-16 22:50:48,787 - 02修改员工信息.yaml - INFO - ✅ 生日修改完成：1995-01-01，点击保存
2026-05-16 22:50:48,788 - baseUtils.py - INFO - 配置文件读取成功：E:\develop\PythonProject\OrangeHRM\Config\配置文件.ini
2026-05-16 22:50:49,127 - 02修改员工信息.yaml - INFO - ✅ 修改员工生日断言通过
2026-05-16 22:50:49,127 - test_web_ohrm.py - INFO - ✅ 【修改员工生日】用例执行完成
2026-05-16 22:50:51,322 - conftest.py - INFO - ✅ 浏览器驱动已退出
2026-05-16 22:52:01,500 - baseUtils.py - INFO - 配置文件读取成功：E:\develop\PythonProject\OrangeHRM\Config\配置文件.ini
2026-05-16 22:52:01,501 - globalManager.py - INFO - 全局变量管理器初始化成功
2026-05-16 22:52:01,821 - baseUtils.py - INFO - 配置文件读取成功：E:\develop\PythonProject\OrangeHRM\Config\配置文件.ini
2026-05-16 22:52:01,823 - baseData.py - INFO - 数据驱动读取成功：01登录功能
2026-05-16 22:52:01,824 - baseUtils.py - INFO - 配置文件读取成功：E:\develop\PythonProject\OrangeHRM\Config\配置文件.ini
2026-05-16 22:52:01,825 - baseData.py - INFO - 数据驱动读取成功：02修改员工信息功能
2026-05-16 22:52:02,986 - conftest.py - INFO - ✅ 启动浏览器成功：chrome
2026-05-16 22:52:02,987 - baseUtils.py - INFO - 配置文件读取成功：E:\develop\PythonProject\OrangeHRM\Config\配置文件.ini
2026-05-16 22:52:02,988 - 01登录页面元素信息.yaml - INFO - ========== 开始执行 OrangeHRM 登录操作 ==========
2026-05-16 22:52:02,989 - baseUtils.py - INFO - 配置文件读取成功：E:\develop\PythonProject\OrangeHRM\Config\配置文件.ini
2026-05-16 22:52:08,077 - 01登录页面元素信息.yaml - INFO - ========== OrangeHRM 登录操作执行完成 ==========
2026-05-16 22:52:08,078 - test_web_ohrm.py - INFO - ========== 开始执行【修改员工生日】用例 ==========
2026-05-16 22:52:08,080 - baseUtils.py - INFO - 配置文件读取成功：E:\develop\PythonProject\OrangeHRM\Config\配置文件.ini
2026-05-16 22:52:10,930 - 02修改员工信息.yaml - INFO - ✅ 点击个人信息管理系统
2026-05-16 22:52:11,417 - 02修改员工信息.yaml - INFO - ✅ 输入搜索内容：Shengqiang
2026-05-16 22:52:11,507 - 02修改员工信息.yaml - INFO - ✅ 点击搜索按钮
2026-05-16 22:52:12,583 - 02修改员工信息.yaml - INFO - ✅ 点击员工：Shengqiang
2026-05-16 22:52:14,726 - 02修改员工信息.yaml - INFO - ✅ 清空生日输入框
2026-05-16 22:52:14,914 - 02修改员工信息.yaml - INFO - ✅ 生日修改完成：1995-01-01，点击保存
2026-05-16 22:52:14,916 - baseUtils.py - INFO - 配置文件读取成功：E:\develop\PythonProject\OrangeHRM\Config\配置文件.ini
2026-05-16 22:52:15,261 - 02修改员工信息.yaml - INFO - ✅ 修改员工生日断言通过
2026-05-16 22:52:15,261 - test_web_ohrm.py - INFO - ✅ 【修改员工生日】用例执行完成
2026-05-16 22:52:17,466 - conftest.py - INFO - ✅ 浏览器驱动已退出
