2026-05-17 16:02:02,136 - baseUtils.py - INFO - 配置文件读取成功：E:\develop\PythonProject\OrangeHRM\Config\配置文件.ini
2026-05-17 16:02:02,137 - globalManager.py - INFO - 全局变量管理器初始化成功
2026-05-17 16:02:02,474 - baseUtils.py - INFO - 配置文件读取成功：E:\develop\PythonProject\OrangeHRM\Config\配置文件.ini
2026-05-17 16:02:02,476 - baseData.py - INFO - 数据驱动读取成功：01登录功能
2026-05-17 16:02:02,476 - baseUtils.py - INFO - 配置文件读取成功：E:\develop\PythonProject\OrangeHRM\Config\配置文件.ini
2026-05-17 16:02:02,477 - baseData.py - INFO - 数据驱动读取成功：02修改员工信息功能
2026-05-17 16:02:03,642 - conftest.py - INFO - ✅ 启动浏览器成功：chrome
2026-05-17 16:02:03,643 - baseUtils.py - INFO - 配置文件读取成功：E:\develop\PythonProject\OrangeHRM\Config\配置文件.ini
2026-05-17 16:02:03,643 - 01登录页面元素信息.yaml - INFO - ========== 开始执行 OrangeHRM 登录操作 ==========
2026-05-17 16:02:03,644 - baseUtils.py - INFO - 配置文件读取成功：E:\develop\PythonProject\OrangeHRM\Config\配置文件.ini
2026-05-17 16:02:09,130 - 01登录页面元素信息.yaml - INFO - ========== OrangeHRM 登录操作执行完成 ==========
2026-05-17 16:02:09,132 - baseUtils.py - INFO - 配置文件读取成功：E:\develop\PythonProject\OrangeHRM\Config\配置文件.ini
2026-05-17 16:02:09,133 - baseUtils.py - INFO - 配置文件读取成功：E:\develop\PythonProject\OrangeHRM\Config\配置文件.ini
2026-05-17 16:02:12,160 - 02修改员工信息.yaml - INFO - ✅ 点击个人信息管理系统
2026-05-17 16:02:31,037 - conftest.py - INFO - ✅ 浏览器驱动已退出
2026-05-17 16:11:50,680 - baseUtils.py - INFO - 配置文件读取成功：E:\develop\PythonProject\OrangeHRM\Config\配置文件.ini
2026-05-17 16:11:50,681 - globalManager.py - INFO - 全局变量管理器初始化成功
2026-05-17 16:11:51,030 - baseUtils.py - INFO - 配置文件读取成功：E:\develop\PythonProject\OrangeHRM\Config\配置文件.ini
2026-05-17 16:11:51,031 - baseData.py - INFO - 数据驱动读取成功：01登录功能
2026-05-17 16:11:51,032 - baseUtils.py - INFO - 配置文件读取成功：E:\develop\PythonProject\OrangeHRM\Config\配置文件.ini
2026-05-17 16:11:51,033 - baseData.py - INFO - 数据驱动读取成功：02修改员工信息功能
2026-05-17 16:11:52,209 - conftest.py - INFO - ✅ 启动浏览器成功：chrome
2026-05-17 16:11:52,210 - baseUtils.py - INFO - 配置文件读取成功：E:\develop\PythonProject\OrangeHRM\Config\配置文件.ini
2026-05-17 16:11:52,211 - 01登录页面元素信息.yaml - INFO - ========== 开始执行 OrangeHRM 登录操作 ==========
2026-05-17 16:11:52,212 - baseUtils.py - INFO - 配置文件读取成功：E:\develop\PythonProject\OrangeHRM\Config\配置文件.ini
2026-05-17 16:11:57,855 - 01登录页面元素信息.yaml - INFO - ========== OrangeHRM 登录操作执行完成 ==========
2026-05-17 16:11:57,858 - baseUtils.py - INFO - 配置文件读取成功：E:\develop\PythonProject\OrangeHRM\Config\配置文件.ini
2026-05-17 16:11:57,861 - baseUtils.py - INFO - 配置文件读取成功：E:\develop\PythonProject\OrangeHRM\Config\配置文件.ini
2026-05-17 16:12:00,864 - 02修改员工信息.yaml - INFO - ✅ 点击个人信息管理系统
2026-05-17 16:12:25,955 - conftest.py - INFO - ✅ 浏览器驱动已退出
2026-05-17 16:34:33,425 - baseUtils.py - INFO - 配置文件读取成功：E:\develop\PythonProject\OrangeHRM\Config\配置文件.ini
2026-05-17 16:34:33,426 - globalManager.py - INFO - 全局变量管理器初始化成功
2026-05-17 16:34:33,847 - baseUtils.py - INFO - 配置文件读取成功：E:\develop\PythonProject\OrangeHRM\Config\配置文件.ini
2026-05-17 16:34:33,848 - baseData.py - INFO - 数据驱动读取成功：01登录功能
2026-05-17 16:34:33,849 - baseUtils.py - INFO - 配置文件读取成功：E:\develop\PythonProject\OrangeHRM\Config\配置文件.ini
2026-05-17 16:34:33,850 - baseData.py - INFO - 数据驱动读取成功：02修改员工信息功能
2026-05-17 16:34:35,014 - conftest.py - INFO - ✅ 启动浏览器成功：chrome
2026-05-17 16:34:35,015 - baseUtils.py - INFO - 配置文件读取成功：E:\develop\PythonProject\OrangeHRM\Config\配置文件.ini
2026-05-17 16:34:35,015 - 01登录页面元素信息.yaml - INFO - ========== 开始执行 OrangeHRM 登录操作 ==========
2026-05-17 16:34:35,016 - baseUtils.py - INFO - 配置文件读取成功：E:\develop\PythonProject\OrangeHRM\Config\配置文件.ini
2026-05-17 16:34:40,549 - 01登录页面元素信息.yaml - INFO - ========== OrangeHRM 登录操作执行完成 ==========
2026-05-17 16:34:40,553 - baseUtils.py - INFO - 配置文件读取成功：E:\develop\PythonProject\OrangeHRM\Config\配置文件.ini
2026-05-17 16:34:40,554 - baseUtils.py - INFO - 配置文件读取成功：E:\develop\PythonProject\OrangeHRM\Config\配置文件.ini
2026-05-17 16:34:44,660 - 02修改员工信息.yaml - INFO - ✅ 点击个人信息管理系统
2026-05-17 16:35:01,986 - conftest.py - INFO - ✅ 浏览器驱动已退出
2026-05-17 16:40:20,331 - baseUtils.py - INFO - 配置文件读取成功：E:\develop\PythonProject\OrangeHRM\Config\配置文件.ini
2026-05-17 16:40:20,331 - globalManager.py - INFO - 全局变量管理器初始化成功
2026-05-17 16:40:20,760 - baseUtils.py - INFO - 配置文件读取成功：E:\develop\PythonProject\OrangeHRM\Config\配置文件.ini
2026-05-17 16:40:20,761 - baseData.py - INFO - 数据驱动读取成功：01登录功能
2026-05-17 16:40:20,762 - baseUtils.py - INFO - 配置文件读取成功：E:\develop\PythonProject\OrangeHRM\Config\配置文件.ini
2026-05-17 16:40:20,763 - baseData.py - INFO - 数据驱动读取成功：02修改员工信息功能
2026-05-17 16:40:21,928 - conftest.py - INFO - ✅ 启动浏览器成功：chrome
2026-05-17 16:40:21,930 - baseUtils.py - INFO - 配置文件读取成功：E:\develop\PythonProject\OrangeHRM\Config\配置文件.ini
2026-05-17 16:40:21,931 - 01登录页面元素信息.yaml - INFO - ========== 开始执行 OrangeHRM 登录操作 ==========
2026-05-17 16:40:21,932 - baseUtils.py - INFO - 配置文件读取成功：E:\develop\PythonProject\OrangeHRM\Config\配置文件.ini
2026-05-17 16:40:27,462 - 01登录页面元素信息.yaml - INFO - ========== OrangeHRM 登录操作执行完成 ==========
2026-05-17 16:40:27,465 - baseUtils.py - INFO - 配置文件读取成功：E:\develop\PythonProject\OrangeHRM\Config\配置文件.ini
2026-05-17 16:40:27,466 - baseUtils.py - INFO - 配置文件读取成功：E:\develop\PythonProject\OrangeHRM\Config\配置文件.ini
2026-05-17 16:40:30,532 - 02修改员工信息.yaml - INFO - ✅ 点击个人信息管理系统
2026-05-17 16:40:51,578 - conftest.py - INFO - ✅ 浏览器驱动已退出
2026-05-17 16:41:21,686 - baseUtils.py - INFO - 配置文件读取成功：E:\develop\PythonProject\OrangeHRM\Config\配置文件.ini
2026-05-17 16:41:21,687 - globalManager.py - INFO - 全局变量管理器初始化成功
2026-05-17 16:41:22,018 - baseUtils.py - INFO - 配置文件读取成功：E:\develop\PythonProject\OrangeHRM\Config\配置文件.ini
2026-05-17 16:41:22,019 - baseData.py - INFO - 数据驱动读取成功：01登录功能
2026-05-17 16:41:22,020 - baseUtils.py - INFO - 配置文件读取成功：E:\develop\PythonProject\OrangeHRM\Config\配置文件.ini
2026-05-17 16:41:22,021 - baseData.py - INFO - 数据驱动读取成功：02修改员工信息功能
2026-05-17 16:41:23,187 - conftest.py - INFO - ✅ 启动浏览器成功：chrome
2026-05-17 16:41:23,189 - baseUtils.py - INFO - 配置文件读取成功：E:\develop\PythonProject\OrangeHRM\Config\配置文件.ini
2026-05-17 16:41:23,189 - 01登录页面元素信息.yaml - INFO - ========== 开始执行 OrangeHRM 登录操作 ==========
2026-05-17 16:41:23,190 - baseUtils.py - INFO - 配置文件读取成功：E:\develop\PythonProject\OrangeHRM\Config\配置文件.ini
2026-05-17 16:41:28,655 - 01登录页面元素信息.yaml - INFO - ========== OrangeHRM 登录操作执行完成 ==========
2026-05-17 16:41:28,657 - baseUtils.py - INFO - 配置文件读取成功：E:\develop\PythonProject\OrangeHRM\Config\配置文件.ini
2026-05-17 16:41:28,659 - baseUtils.py - INFO - 配置文件读取成功：E:\develop\PythonProject\OrangeHRM\Config\配置文件.ini
2026-05-17 16:41:31,537 - 02修改员工信息.yaml - INFO - ✅ 点击个人信息管理系统
2026-05-17 16:41:55,498 - conftest.py - INFO - ✅ 浏览器驱动已退出
2026-05-17 16:56:45,343 - baseUtils.py - INFO - 配置文件读取成功：E:\develop\PythonProject\OrangeHRM\Config\配置文件.ini
2026-05-17 16:56:45,343 - globalManager.py - INFO - 全局变量管理器初始化成功
2026-05-17 16:56:45,707 - baseUtils.py - INFO - 配置文件读取成功：E:\develop\PythonProject\OrangeHRM\Config\配置文件.ini
2026-05-17 16:56:45,709 - baseData.py - INFO - 数据驱动读取成功：01登录功能
2026-05-17 16:56:45,710 - baseUtils.py - INFO - 配置文件读取成功：E:\develop\PythonProject\OrangeHRM\Config\配置文件.ini
2026-05-17 16:56:45,711 - baseData.py - INFO - 数据驱动读取成功：02修改员工信息功能
2026-05-17 16:56:46,882 - conftest.py - INFO - ✅ 启动浏览器成功：chrome
2026-05-17 16:56:46,883 - baseUtils.py - INFO - 配置文件读取成功：E:\develop\PythonProject\OrangeHRM\Config\配置文件.ini
2026-05-17 16:56:46,884 - 01登录页面元素信息.yaml - INFO - ========== 开始执行 OrangeHRM 登录操作 ==========
2026-05-17 16:56:46,885 - baseUtils.py - INFO - 配置文件读取成功：E:\develop\PythonProject\OrangeHRM\Config\配置文件.ini
2026-05-17 16:56:52,448 - 01登录页面元素信息.yaml - INFO - ========== OrangeHRM 登录操作执行完成 ==========
2026-05-17 16:56:52,451 - baseUtils.py - INFO - 配置文件读取成功：E:\develop\PythonProject\OrangeHRM\Config\配置文件.ini
2026-05-17 16:56:52,452 - baseUtils.py - INFO - 配置文件读取成功：E:\develop\PythonProject\OrangeHRM\Config\配置文件.ini
2026-05-17 16:56:55,558 - 02修改员工信息.yaml - INFO - ✅ 点击个人信息管理系统
2026-05-17 16:57:18,669 - conftest.py - INFO - ✅ 浏览器驱动已退出
2026-05-17 16:57:52,774 - baseUtils.py - INFO - 配置文件读取成功：E:\develop\PythonProject\OrangeHRM\Config\配置文件.ini
2026-05-17 16:57:52,775 - globalManager.py - INFO - 全局变量管理器初始化成功
2026-05-17 16:57:53,105 - baseUtils.py - INFO - 配置文件读取成功：E:\develop\PythonProject\OrangeHRM\Config\配置文件.ini
2026-05-17 16:57:53,106 - baseData.py - INFO - 数据驱动读取成功：01登录功能
2026-05-17 16:57:53,107 - baseUtils.py - INFO - 配置文件读取成功：E:\develop\PythonProject\OrangeHRM\Config\配置文件.ini
2026-05-17 16:57:53,108 - baseData.py - INFO - 数据驱动读取成功：02修改员工信息功能
2026-05-17 16:57:54,282 - conftest.py - INFO - ✅ 启动浏览器成功：chrome
2026-05-17 16:57:54,283 - baseUtils.py - INFO - 配置文件读取成功：E:\develop\PythonProject\OrangeHRM\Config\配置文件.ini
2026-05-17 16:57:54,284 - 01登录页面元素信息.yaml - INFO - ========== 开始执行 OrangeHRM 登录操作 ==========
2026-05-17 16:57:54,285 - baseUtils.py - INFO - 配置文件读取成功：E:\develop\PythonProject\OrangeHRM\Config\配置文件.ini
2026-05-17 16:57:59,715 - 01登录页面元素信息.yaml - INFO - ========== OrangeHRM 登录操作执行完成 ==========
2026-05-17 16:57:59,718 - baseUtils.py - INFO - 配置文件读取成功：E:\develop\PythonProject\OrangeHRM\Config\配置文件.ini
2026-05-17 16:57:59,719 - baseUtils.py - INFO - 配置文件读取成功：E:\develop\PythonProject\OrangeHRM\Config\配置文件.ini
2026-05-17 16:58:02,557 - 02修改员工信息.yaml - INFO - ✅ 点击个人信息管理系统
2026-05-17 16:58:27,316 - conftest.py - INFO - ✅ 浏览器驱动已退出
