2026-05-19 17:16:35,454 - baseUtils.py - INFO - 配置文件读取成功：E:\develop\PythonProject\OrangeHRM\Config\配置文件.ini
2026-05-19 17:16:35,454 - globalManager.py - INFO - 全局变量管理器初始化成功
2026-05-19 17:16:35,841 - baseUtils.py - INFO - 配置文件读取成功：E:\develop\PythonProject\OrangeHRM\Config\配置文件.ini
2026-05-19 17:16:35,843 - baseData.py - INFO - 数据驱动读取成功：01登录功能
2026-05-19 17:16:35,844 - baseUtils.py - INFO - 配置文件读取成功：E:\develop\PythonProject\OrangeHRM\Config\配置文件.ini
2026-05-19 17:16:35,845 - baseData.py - INFO - 数据驱动读取成功：02修改员工信息功能
2026-05-19 17:16:37,026 - conftest.py - INFO - ✅ 启动浏览器成功：chrome
2026-05-19 17:16:37,028 - baseUtils.py - INFO - 配置文件读取成功：E:\develop\PythonProject\OrangeHRM\Config\配置文件.ini
2026-05-19 17:16:37,029 - 01登录页面元素信息.yaml - INFO - ========== 开始执行 OrangeHRM 登录操作 ==========
2026-05-19 17:16:37,030 - baseUtils.py - INFO - 配置文件读取成功：E:\develop\PythonProject\OrangeHRM\Config\配置文件.ini
2026-05-19 17:16:42,605 - 01登录页面元素信息.yaml - INFO - ========== OrangeHRM 登录操作执行完成 ==========
2026-05-19 17:16:42,607 - baseUtils.py - INFO - 配置文件读取成功：E:\develop\PythonProject\OrangeHRM\Config\配置文件.ini
2026-05-19 17:16:47,830 - baseAutoWeb.py - INFO - 🔍 通用下拉选择：ESS
2026-05-19 17:16:54,008 - baseAutoWeb.py - INFO - ✅ 通用自定义下拉选择成功
2026-05-19 17:16:54,008 - baseAutoWeb.py - INFO - 🔍 通用下拉选择：启用
2026-05-19 17:16:54,010 - baseAutoWeb.py - ERROR - ❌ 下拉选择失败：'type2'
2026-05-19 17:16:54,640 - baseUtils.py - INFO - 配置文件读取成功：E:\develop\PythonProject\OrangeHRM\Config\配置文件.ini
2026-05-19 17:16:59,249 - conftest.py - INFO - ✅ 浏览器驱动已退出
2026-05-19 17:18:03,615 - baseUtils.py - INFO - 配置文件读取成功：E:\develop\PythonProject\OrangeHRM\Config\配置文件.ini
2026-05-19 17:18:03,616 - globalManager.py - INFO - 全局变量管理器初始化成功
2026-05-19 17:18:03,963 - baseUtils.py - INFO - 配置文件读取成功：E:\develop\PythonProject\OrangeHRM\Config\配置文件.ini
2026-05-19 17:18:03,965 - baseData.py - INFO - 数据驱动读取成功：01登录功能
2026-05-19 17:18:03,966 - baseUtils.py - INFO - 配置文件读取成功：E:\develop\PythonProject\OrangeHRM\Config\配置文件.ini
2026-05-19 17:18:03,967 - baseData.py - INFO - 数据驱动读取成功：02修改员工信息功能
2026-05-19 17:18:05,139 - conftest.py - INFO - ✅ 启动浏览器成功：chrome
2026-05-19 17:18:05,140 - baseUtils.py - INFO - 配置文件读取成功：E:\develop\PythonProject\OrangeHRM\Config\配置文件.ini
2026-05-19 17:18:05,141 - 01登录页面元素信息.yaml - INFO - ========== 开始执行 OrangeHRM 登录操作 ==========
2026-05-19 17:18:05,142 - baseUtils.py - INFO - 配置文件读取成功：E:\develop\PythonProject\OrangeHRM\Config\配置文件.ini
2026-05-19 17:18:10,582 - 01登录页面元素信息.yaml - INFO - ========== OrangeHRM 登录操作执行完成 ==========
2026-05-19 17:18:10,584 - baseUtils.py - INFO - 配置文件读取成功：E:\develop\PythonProject\OrangeHRM\Config\配置文件.ini
2026-05-19 17:18:14,196 - baseAutoWeb.py - INFO - 🔍 通用下拉选择：ESS
2026-05-19 17:18:20,366 - baseAutoWeb.py - INFO - ✅ 通用自定义下拉选择成功
2026-05-19 17:18:20,366 - baseAutoWeb.py - INFO - 🔍 通用下拉选择：启用
2026-05-19 17:18:20,369 - baseAutoWeb.py - ERROR - ❌ 下拉选择失败：'type2'
2026-05-19 17:18:27,081 - baseUtils.py - INFO - 配置文件读取成功：E:\develop\PythonProject\OrangeHRM\Config\配置文件.ini
2026-05-19 17:18:31,655 - conftest.py - INFO - ✅ 浏览器驱动已退出
2026-05-19 17:19:55,164 - baseUtils.py - INFO - 配置文件读取成功：E:\develop\PythonProject\OrangeHRM\Config\配置文件.ini
2026-05-19 17:19:55,164 - globalManager.py - INFO - 全局变量管理器初始化成功
2026-05-19 17:19:55,510 - baseUtils.py - INFO - 配置文件读取成功：E:\develop\PythonProject\OrangeHRM\Config\配置文件.ini
2026-05-19 17:19:55,511 - baseData.py - INFO - 数据驱动读取成功：01登录功能
2026-05-19 17:19:55,512 - baseUtils.py - INFO - 配置文件读取成功：E:\develop\PythonProject\OrangeHRM\Config\配置文件.ini
2026-05-19 17:19:55,513 - baseData.py - INFO - 数据驱动读取成功：02修改员工信息功能
2026-05-19 17:19:56,670 - conftest.py - INFO - ✅ 启动浏览器成功：chrome
2026-05-19 17:19:56,672 - baseUtils.py - INFO - 配置文件读取成功：E:\develop\PythonProject\OrangeHRM\Config\配置文件.ini
2026-05-19 17:19:56,672 - 01登录页面元素信息.yaml - INFO - ========== 开始执行 OrangeHRM 登录操作 ==========
2026-05-19 17:19:56,673 - baseUtils.py - INFO - 配置文件读取成功：E:\develop\PythonProject\OrangeHRM\Config\配置文件.ini
2026-05-19 17:20:02,066 - 01登录页面元素信息.yaml - INFO - ========== OrangeHRM 登录操作执行完成 ==========
2026-05-19 17:20:02,068 - baseUtils.py - INFO - 配置文件读取成功：E:\develop\PythonProject\OrangeHRM\Config\配置文件.ini
2026-05-19 17:20:05,941 - baseAutoWeb.py - INFO - 🔍 通用下拉选择：ESS
2026-05-19 17:20:12,129 - baseAutoWeb.py - INFO - ✅ 通用自定义下拉选择成功
2026-05-19 17:20:14,130 - baseAutoWeb.py - INFO - 🔍 通用下拉选择：启用
2026-05-19 17:20:14,132 - baseAutoWeb.py - ERROR - ❌ 下拉选择失败：'type2'
2026-05-19 17:20:20,783 - baseUtils.py - INFO - 配置文件读取成功：E:\develop\PythonProject\OrangeHRM\Config\配置文件.ini
2026-05-19 17:20:25,409 - conftest.py - INFO - ✅ 浏览器驱动已退出
2026-05-19 17:21:36,947 - baseUtils.py - INFO - 配置文件读取成功：E:\develop\PythonProject\OrangeHRM\Config\配置文件.ini
2026-05-19 17:21:36,948 - globalManager.py - INFO - 全局变量管理器初始化成功
2026-05-19 17:21:37,340 - baseUtils.py - INFO - 配置文件读取成功：E:\develop\PythonProject\OrangeHRM\Config\配置文件.ini
2026-05-19 17:21:37,341 - baseData.py - INFO - 数据驱动读取成功：01登录功能
2026-05-19 17:21:37,342 - baseUtils.py - INFO - 配置文件读取成功：E:\develop\PythonProject\OrangeHRM\Config\配置文件.ini
2026-05-19 17:21:37,343 - baseData.py - INFO - 数据驱动读取成功：02修改员工信息功能
2026-05-19 17:21:38,504 - conftest.py - INFO - ✅ 启动浏览器成功：chrome
2026-05-19 17:21:38,505 - baseUtils.py - INFO - 配置文件读取成功：E:\develop\PythonProject\OrangeHRM\Config\配置文件.ini
2026-05-19 17:21:38,505 - 01登录页面元素信息.yaml - INFO - ========== 开始执行 OrangeHRM 登录操作 ==========
2026-05-19 17:21:38,506 - baseUtils.py - INFO - 配置文件读取成功：E:\develop\PythonProject\OrangeHRM\Config\配置文件.ini
2026-05-19 17:21:43,958 - 01登录页面元素信息.yaml - INFO - ========== OrangeHRM 登录操作执行完成 ==========
2026-05-19 17:21:43,960 - baseUtils.py - INFO - 配置文件读取成功：E:\develop\PythonProject\OrangeHRM\Config\配置文件.ini
2026-05-19 17:21:47,792 - baseAutoWeb.py - INFO - 🔍 通用下拉选择：ESS
2026-05-19 17:21:53,931 - baseAutoWeb.py - INFO - ✅ 通用自定义下拉选择成功
2026-05-19 17:21:53,931 - baseAutoWeb.py - INFO - 🔍 通用下拉选择：启用
2026-05-19 17:21:59,881 - baseAutoWeb.py - INFO - ✅ 通用自定义下拉选择成功
2026-05-19 17:22:06,561 - baseUtils.py - INFO - 配置文件读取成功：E:\develop\PythonProject\OrangeHRM\Config\配置文件.ini
2026-05-19 17:22:11,236 - conftest.py - INFO - ✅ 浏览器驱动已退出
2026-05-19 17:26:12,397 - baseUtils.py - INFO - 配置文件读取成功：E:\develop\PythonProject\OrangeHRM\Config\配置文件.ini
2026-05-19 17:26:12,398 - globalManager.py - INFO - 全局变量管理器初始化成功
2026-05-19 17:26:12,836 - baseUtils.py - INFO - 配置文件读取成功：E:\develop\PythonProject\OrangeHRM\Config\配置文件.ini
2026-05-19 17:26:12,837 - baseData.py - INFO - 数据驱动读取成功：01登录功能
2026-05-19 17:26:12,838 - baseUtils.py - INFO - 配置文件读取成功：E:\develop\PythonProject\OrangeHRM\Config\配置文件.ini
2026-05-19 17:26:12,839 - baseData.py - INFO - 数据驱动读取成功：02修改员工信息功能
2026-05-19 17:26:14,008 - conftest.py - INFO - ✅ 启动浏览器成功：chrome
2026-05-19 17:26:14,010 - baseUtils.py - INFO - 配置文件读取成功：E:\develop\PythonProject\OrangeHRM\Config\配置文件.ini
2026-05-19 17:26:14,011 - 01登录页面元素信息.yaml - INFO - ========== 开始执行 OrangeHRM 登录操作 ==========
2026-05-19 17:26:14,012 - baseUtils.py - INFO - 配置文件读取成功：E:\develop\PythonProject\OrangeHRM\Config\配置文件.ini
2026-05-19 17:26:19,531 - 01登录页面元素信息.yaml - INFO - ========== OrangeHRM 登录操作执行完成 ==========
2026-05-19 17:26:19,533 - baseUtils.py - INFO - 配置文件读取成功：E:\develop\PythonProject\OrangeHRM\Config\配置文件.ini
2026-05-19 17:26:23,545 - baseAutoWeb.py - INFO - 🔍 通用下拉选择：ESS
2026-05-19 17:26:29,729 - baseAutoWeb.py - INFO - ✅ 通用自定义下拉选择成功
2026-05-19 17:26:29,847 - baseAutoWeb.py - INFO - 🔍 通用下拉选择：启用
2026-05-19 17:26:35,747 - baseAutoWeb.py - INFO - ✅ 通用自定义下拉选择成功
2026-05-19 17:26:42,455 - baseUtils.py - INFO - 配置文件读取成功：E:\develop\PythonProject\OrangeHRM\Config\配置文件.ini
2026-05-19 17:26:47,065 - conftest.py - INFO - ✅ 浏览器驱动已退出
2026-05-19 17:27:04,514 - baseUtils.py - INFO - 配置文件读取成功：E:\develop\PythonProject\OrangeHRM\Config\配置文件.ini
2026-05-19 17:27:04,514 - globalManager.py - INFO - 全局变量管理器初始化成功
2026-05-19 17:27:04,830 - baseUtils.py - INFO - 配置文件读取成功：E:\develop\PythonProject\OrangeHRM\Config\配置文件.ini
2026-05-19 17:27:04,831 - baseData.py - INFO - 数据驱动读取成功：01登录功能
2026-05-19 17:27:04,832 - baseUtils.py - INFO - 配置文件读取成功：E:\develop\PythonProject\OrangeHRM\Config\配置文件.ini
2026-05-19 17:27:04,833 - baseData.py - INFO - 数据驱动读取成功：02修改员工信息功能
2026-05-19 17:27:05,997 - conftest.py - INFO - ✅ 启动浏览器成功：chrome
2026-05-19 17:27:05,999 - baseUtils.py - INFO - 配置文件读取成功：E:\develop\PythonProject\OrangeHRM\Config\配置文件.ini
2026-05-19 17:27:05,999 - 01登录页面元素信息.yaml - INFO - ========== 开始执行 OrangeHRM 登录操作 ==========
2026-05-19 17:27:06,000 - baseUtils.py - INFO - 配置文件读取成功：E:\develop\PythonProject\OrangeHRM\Config\配置文件.ini
2026-05-19 17:27:11,391 - 01登录页面元素信息.yaml - INFO - ========== OrangeHRM 登录操作执行完成 ==========
2026-05-19 17:27:11,393 - baseUtils.py - INFO - 配置文件读取成功：E:\develop\PythonProject\OrangeHRM\Config\配置文件.ini
2026-05-19 17:27:15,008 - baseAutoWeb.py - INFO - 🔍 通用下拉选择：ESS
2026-05-19 17:27:21,181 - baseAutoWeb.py - INFO - ✅ 通用自定义下拉选择成功
2026-05-19 17:27:21,307 - baseAutoWeb.py - INFO - 🔍 通用下拉选择：启用
2026-05-19 17:27:27,214 - baseAutoWeb.py - INFO - ✅ 通用自定义下拉选择成功
2026-05-19 17:27:33,890 - baseUtils.py - INFO - 配置文件读取成功：E:\develop\PythonProject\OrangeHRM\Config\配置文件.ini
2026-05-19 17:27:38,496 - conftest.py - INFO - ✅ 浏览器驱动已退出
2026-05-19 17:28:06,961 - baseUtils.py - INFO - 配置文件读取成功：E:\develop\PythonProject\OrangeHRM\Config\配置文件.ini
2026-05-19 17:28:06,961 - globalManager.py - INFO - 全局变量管理器初始化成功
2026-05-19 17:28:07,277 - baseUtils.py - INFO - 配置文件读取成功：E:\develop\PythonProject\OrangeHRM\Config\配置文件.ini
2026-05-19 17:28:07,278 - baseData.py - INFO - 数据驱动读取成功：01登录功能
2026-05-19 17:28:07,279 - baseUtils.py - INFO - 配置文件读取成功：E:\develop\PythonProject\OrangeHRM\Config\配置文件.ini
2026-05-19 17:28:07,280 - baseData.py - INFO - 数据驱动读取成功：02修改员工信息功能
2026-05-19 17:28:08,433 - conftest.py - INFO - ✅ 启动浏览器成功：chrome
2026-05-19 17:28:08,435 - baseUtils.py - INFO - 配置文件读取成功：E:\develop\PythonProject\OrangeHRM\Config\配置文件.ini
2026-05-19 17:28:08,435 - 01登录页面元素信息.yaml - INFO - ========== 开始执行 OrangeHRM 登录操作 ==========
2026-05-19 17:28:08,436 - baseUtils.py - INFO - 配置文件读取成功：E:\develop\PythonProject\OrangeHRM\Config\配置文件.ini
2026-05-19 17:28:13,879 - 01登录页面元素信息.yaml - INFO - ========== OrangeHRM 登录操作执行完成 ==========
2026-05-19 17:28:13,882 - baseUtils.py - INFO - 配置文件读取成功：E:\develop\PythonProject\OrangeHRM\Config\配置文件.ini
2026-05-19 17:28:17,551 - baseAutoWeb.py - INFO - 🔍 通用下拉选择：ESS
2026-05-19 17:28:23,678 - baseAutoWeb.py - INFO - ✅ 通用自定义下拉选择成功
2026-05-19 17:28:23,794 - baseAutoWeb.py - INFO - 🔍 通用下拉选择：启用
2026-05-19 17:28:29,693 - baseAutoWeb.py - INFO - ✅ 通用自定义下拉选择成功
2026-05-19 17:28:36,374 - baseUtils.py - INFO - 配置文件读取成功：E:\develop\PythonProject\OrangeHRM\Config\配置文件.ini
2026-05-19 17:28:41,006 - conftest.py - INFO - ✅ 浏览器驱动已退出
2026-05-19 17:30:22,775 - baseUtils.py - INFO - 配置文件读取成功：E:\develop\PythonProject\OrangeHRM\Config\配置文件.ini
2026-05-19 17:30:22,775 - globalManager.py - INFO - 全局变量管理器初始化成功
2026-05-19 17:30:23,162 - baseUtils.py - INFO - 配置文件读取成功：E:\develop\PythonProject\OrangeHRM\Config\配置文件.ini
2026-05-19 17:30:23,164 - baseData.py - INFO - 数据驱动读取成功：01登录功能
2026-05-19 17:30:23,165 - baseUtils.py - INFO - 配置文件读取成功：E:\develop\PythonProject\OrangeHRM\Config\配置文件.ini
2026-05-19 17:30:23,166 - baseData.py - INFO - 数据驱动读取成功：02修改员工信息功能
2026-05-19 17:30:24,338 - conftest.py - INFO - ✅ 启动浏览器成功：chrome
2026-05-19 17:30:24,339 - baseUtils.py - INFO - 配置文件读取成功：E:\develop\PythonProject\OrangeHRM\Config\配置文件.ini
2026-05-19 17:30:24,340 - 01登录页面元素信息.yaml - INFO - ========== 开始执行 OrangeHRM 登录操作 ==========
2026-05-19 17:30:24,341 - baseUtils.py - INFO - 配置文件读取成功：E:\develop\PythonProject\OrangeHRM\Config\配置文件.ini
2026-05-19 17:30:29,897 - 01登录页面元素信息.yaml - INFO - ========== OrangeHRM 登录操作执行完成 ==========
2026-05-19 17:30:29,900 - baseUtils.py - INFO - 配置文件读取成功：E:\develop\PythonProject\OrangeHRM\Config\配置文件.ini
2026-05-19 17:30:33,762 - baseAutoWeb.py - INFO - 🔍 通用下拉选择：ESS
2026-05-19 17:30:39,953 - baseAutoWeb.py - INFO - ✅ 通用自定义下拉选择成功
2026-05-19 17:30:40,080 - baseAutoWeb.py - INFO - 🔍 通用下拉选择：启用
2026-05-19 17:30:46,024 - baseAutoWeb.py - INFO - ✅ 通用自定义下拉选择成功
2026-05-19 17:30:52,738 - baseUtils.py - INFO - 配置文件读取成功：E:\develop\PythonProject\OrangeHRM\Config\配置文件.ini
2026-05-19 17:30:57,379 - conftest.py - INFO - ✅ 浏览器驱动已退出
2026-05-19 17:32:46,973 - baseUtils.py - INFO - 配置文件读取成功：E:\develop\PythonProject\OrangeHRM\Config\配置文件.ini
2026-05-19 17:32:46,974 - globalManager.py - INFO - 全局变量管理器初始化成功
2026-05-19 17:32:47,380 - baseUtils.py - INFO - 配置文件读取成功：E:\develop\PythonProject\OrangeHRM\Config\配置文件.ini
2026-05-19 17:32:47,381 - baseData.py - INFO - 数据驱动读取成功：01登录功能
2026-05-19 17:32:47,382 - baseUtils.py - INFO - 配置文件读取成功：E:\develop\PythonProject\OrangeHRM\Config\配置文件.ini
2026-05-19 17:32:47,383 - baseData.py - INFO - 数据驱动读取成功：02修改员工信息功能
2026-05-19 17:32:48,546 - conftest.py - INFO - ✅ 启动浏览器成功：chrome
2026-05-19 17:32:48,548 - baseUtils.py - INFO - 配置文件读取成功：E:\develop\PythonProject\OrangeHRM\Config\配置文件.ini
2026-05-19 17:32:48,548 - 01登录页面元素信息.yaml - INFO - ========== 开始执行 OrangeHRM 登录操作 ==========
2026-05-19 17:32:48,549 - baseUtils.py - INFO - 配置文件读取成功：E:\develop\PythonProject\OrangeHRM\Config\配置文件.ini
2026-05-19 17:32:54,012 - 01登录页面元素信息.yaml - INFO - ========== OrangeHRM 登录操作执行完成 ==========
2026-05-19 17:32:54,014 - baseUtils.py - INFO - 配置文件读取成功：E:\develop\PythonProject\OrangeHRM\Config\配置文件.ini
2026-05-19 17:32:57,944 - baseAutoWeb.py - INFO - 🔍 通用下拉选择：ESS
2026-05-19 17:33:04,093 - baseAutoWeb.py - INFO - ✅ 通用自定义下拉选择成功
2026-05-19 17:33:04,354 - baseAutoWeb.py - INFO - 🔍 通用下拉选择：启用
2026-05-19 17:33:10,232 - baseAutoWeb.py - INFO - ✅ 通用自定义下拉选择成功
2026-05-19 17:33:16,881 - baseUtils.py - INFO - 配置文件读取成功：E:\develop\PythonProject\OrangeHRM\Config\配置文件.ini
2026-05-19 17:33:21,466 - conftest.py - INFO - ✅ 浏览器驱动已退出
2026-05-19 17:43:00,978 - baseUtils.py - INFO - 配置文件读取成功：E:\develop\PythonProject\OrangeHRM\Config\配置文件.ini
2026-05-19 17:43:00,978 - globalManager.py - INFO - 全局变量管理器初始化成功
2026-05-19 17:43:01,424 - baseUtils.py - INFO - 配置文件读取成功：E:\develop\PythonProject\OrangeHRM\Config\配置文件.ini
2026-05-19 17:43:01,425 - baseData.py - INFO - 数据驱动读取成功：01登录功能
2026-05-19 17:43:01,426 - baseUtils.py - INFO - 配置文件读取成功：E:\develop\PythonProject\OrangeHRM\Config\配置文件.ini
2026-05-19 17:43:01,427 - baseData.py - INFO - 数据驱动读取成功：02修改员工信息功能
2026-05-19 17:43:02,593 - conftest.py - INFO - ✅ 启动浏览器成功：chrome
2026-05-19 17:43:02,595 - baseUtils.py - INFO - 配置文件读取成功：E:\develop\PythonProject\OrangeHRM\Config\配置文件.ini
2026-05-19 17:43:02,595 - 01登录页面元素信息.yaml - INFO - ========== 开始执行 OrangeHRM 登录操作 ==========
2026-05-19 17:43:02,597 - baseUtils.py - INFO - 配置文件读取成功：E:\develop\PythonProject\OrangeHRM\Config\配置文件.ini
2026-05-19 17:43:08,061 - 01登录页面元素信息.yaml - INFO - ========== OrangeHRM 登录操作执行完成 ==========
2026-05-19 17:43:08,064 - baseUtils.py - INFO - 配置文件读取成功：E:\develop\PythonProject\OrangeHRM\Config\配置文件.ini
2026-05-19 17:43:12,049 - baseAutoWeb.py - INFO - 🔍 通用下拉选择：ESS
2026-05-19 17:43:18,241 - baseAutoWeb.py - INFO - ✅ 通用自定义下拉选择成功
2026-05-19 17:43:18,279 - baseAutoWeb.py - INFO - 🔍 激活自动补全输入框，准备输入：三  张
2026-05-19 17:43:30,237 - baseAutoWeb.py - ERROR - ❌ 自动补全下拉失败：Message: 
Stacktrace:
	chromedriver!GetHandleVerifier [0x7ff726c00295+146d5]
	chromedriver!GetHandleVerifier [0x7ff726c00300+14740]
	chromedriver!(No symbol) [0x7ff72696d7cd]
	chromedriver!(No symbol) [0x7ff7269c6c4e]
	chromedriver!(No symbol) [0x7ff7269c6f5c]
	chromedriver!(No symbol) [0x7ff726a17cc7]
	chromedriver!(No symbol) [0x7ff726a14818]
	chromedriver!(No symbol) [0x7ff7269b9018]
	chromedriver!(No symbol) [0x7ff7269b9f03]
	chromedriver!GetHandleVerifier [0x7ff726f15949+329d89]
	chromedriver!GetHandleVerifier [0x7ff726f0fe96+3242d6]
	chromedriver!GetHandleVerifier [0x7ff726f33102+347542]
	chromedriver!GetHandleVerifier [0x7ff726c1d425+31865]
	chromedriver!GetHandleVerifier [0x7ff726c2605c+3a49c]
	chromedriver!GetHandleVerifier [0x7ff726c09684+1dac4]
	chromedriver!GetHandleVerifier [0x7ff726c09836+1dc76]
	chromedriver!GetHandleVerifier [0x7ff726bee347+2787]
	KERNEL32!BaseThreadInitThunk [0x7ffc4a11e8d7+17]
	ntdll!RtlUserThreadStart [0x7ffc4b40c3fc+2c]

2026-05-19 17:43:32,943 - conftest.py - INFO - ✅ 浏览器驱动已退出
2026-05-19 17:44:40,980 - baseUtils.py - INFO - 配置文件读取成功：E:\develop\PythonProject\OrangeHRM\Config\配置文件.ini
2026-05-19 17:44:40,980 - globalManager.py - INFO - 全局变量管理器初始化成功
2026-05-19 17:44:41,400 - baseUtils.py - INFO - 配置文件读取成功：E:\develop\PythonProject\OrangeHRM\Config\配置文件.ini
2026-05-19 17:44:41,401 - baseData.py - INFO - 数据驱动读取成功：01登录功能
2026-05-19 17:44:41,403 - baseUtils.py - INFO - 配置文件读取成功：E:\develop\PythonProject\OrangeHRM\Config\配置文件.ini
2026-05-19 17:44:41,404 - baseData.py - INFO - 数据驱动读取成功：02修改员工信息功能
2026-05-19 17:44:42,586 - conftest.py - INFO - ✅ 启动浏览器成功：chrome
2026-05-19 17:44:42,587 - baseUtils.py - INFO - 配置文件读取成功：E:\develop\PythonProject\OrangeHRM\Config\配置文件.ini
2026-05-19 17:44:42,588 - 01登录页面元素信息.yaml - INFO - ========== 开始执行 OrangeHRM 登录操作 ==========
2026-05-19 17:44:42,588 - baseUtils.py - INFO - 配置文件读取成功：E:\develop\PythonProject\OrangeHRM\Config\配置文件.ini
2026-05-19 17:44:47,989 - 01登录页面元素信息.yaml - INFO - ========== OrangeHRM 登录操作执行完成 ==========
2026-05-19 17:44:47,992 - baseUtils.py - INFO - 配置文件读取成功：E:\develop\PythonProject\OrangeHRM\Config\配置文件.ini
2026-05-19 17:44:51,803 - baseAutoWeb.py - INFO - 🔍 通用下拉选择：ESS
2026-05-19 17:44:57,959 - baseAutoWeb.py - INFO - ✅ 通用自定义下拉选择成功
2026-05-19 17:45:12,738 - conftest.py - INFO - ✅ 浏览器驱动已退出
2026-05-19 17:47:05,678 - baseUtils.py - INFO - 配置文件读取成功：E:\develop\PythonProject\OrangeHRM\Config\配置文件.ini
2026-05-19 17:47:05,678 - globalManager.py - INFO - 全局变量管理器初始化成功
2026-05-19 17:47:06,106 - baseUtils.py - INFO - 配置文件读取成功：E:\develop\PythonProject\OrangeHRM\Config\配置文件.ini
2026-05-19 17:47:06,107 - baseData.py - INFO - 数据驱动读取成功：01登录功能
2026-05-19 17:47:06,108 - baseUtils.py - INFO - 配置文件读取成功：E:\develop\PythonProject\OrangeHRM\Config\配置文件.ini
2026-05-19 17:47:06,109 - baseData.py - INFO - 数据驱动读取成功：02修改员工信息功能
2026-05-19 17:47:07,276 - conftest.py - INFO - ✅ 启动浏览器成功：chrome
2026-05-19 17:47:07,278 - baseUtils.py - INFO - 配置文件读取成功：E:\develop\PythonProject\OrangeHRM\Config\配置文件.ini
2026-05-19 17:47:07,278 - 01登录页面元素信息.yaml - INFO - ========== 开始执行 OrangeHRM 登录操作 ==========
2026-05-19 17:47:07,279 - baseUtils.py - INFO - 配置文件读取成功：E:\develop\PythonProject\OrangeHRM\Config\配置文件.ini
2026-05-19 17:47:12,798 - 01登录页面元素信息.yaml - INFO - ========== OrangeHRM 登录操作执行完成 ==========
2026-05-19 17:47:12,800 - baseUtils.py - INFO - 配置文件读取成功：E:\develop\PythonProject\OrangeHRM\Config\配置文件.ini
2026-05-19 17:47:16,768 - baseAutoWeb.py - INFO - 🔍 通用下拉选择：ESS
2026-05-19 17:47:22,924 - baseAutoWeb.py - INFO - ✅ 通用自定义下拉选择成功
2026-05-19 17:47:37,649 - conftest.py - INFO - ✅ 浏览器驱动已退出
2026-05-19 17:49:03,419 - baseUtils.py - INFO - 配置文件读取成功：E:\develop\PythonProject\OrangeHRM\Config\配置文件.ini
2026-05-19 17:49:03,420 - globalManager.py - INFO - 全局变量管理器初始化成功
2026-05-19 17:49:03,846 - baseUtils.py - INFO - 配置文件读取成功：E:\develop\PythonProject\OrangeHRM\Config\配置文件.ini
2026-05-19 17:49:03,848 - baseData.py - INFO - 数据驱动读取成功：01登录功能
2026-05-19 17:49:03,849 - baseUtils.py - INFO - 配置文件读取成功：E:\develop\PythonProject\OrangeHRM\Config\配置文件.ini
2026-05-19 17:49:03,850 - baseData.py - INFO - 数据驱动读取成功：02修改员工信息功能
2026-05-19 17:49:05,021 - conftest.py - INFO - ✅ 启动浏览器成功：chrome
2026-05-19 17:49:05,023 - baseUtils.py - INFO - 配置文件读取成功：E:\develop\PythonProject\OrangeHRM\Config\配置文件.ini
2026-05-19 17:49:05,023 - 01登录页面元素信息.yaml - INFO - ========== 开始执行 OrangeHRM 登录操作 ==========
2026-05-19 17:49:05,024 - baseUtils.py - INFO - 配置文件读取成功：E:\develop\PythonProject\OrangeHRM\Config\配置文件.ini
2026-05-19 17:49:10,442 - 01登录页面元素信息.yaml - INFO - ========== OrangeHRM 登录操作执行完成 ==========
2026-05-19 17:49:10,444 - baseUtils.py - INFO - 配置文件读取成功：E:\develop\PythonProject\OrangeHRM\Config\配置文件.ini
2026-05-19 17:49:14,391 - baseAutoWeb.py - INFO - 🔍 通用下拉选择：ESS
2026-05-19 17:49:20,561 - baseAutoWeb.py - INFO - ✅ 通用自定义下拉选择成功
2026-05-19 17:49:40,869 - conftest.py - INFO - ✅ 浏览器驱动已退出
