2026-05-19 16:03:13,644 - baseUtils.py - INFO - 配置文件读取成功：E:\develop\PythonProject\OrangeHRM\Config\配置文件.ini
2026-05-19 16:03:13,645 - globalManager.py - INFO - 全局变量管理器初始化成功
2026-05-19 16:03:13,968 - baseUtils.py - INFO - 配置文件读取成功：E:\develop\PythonProject\OrangeHRM\Config\配置文件.ini
2026-05-19 16:03:13,970 - baseData.py - INFO - 数据驱动读取成功：01登录功能
2026-05-19 16:03:13,971 - baseUtils.py - INFO - 配置文件读取成功：E:\develop\PythonProject\OrangeHRM\Config\配置文件.ini
2026-05-19 16:03:13,971 - baseData.py - INFO - 数据驱动读取成功：02修改员工信息功能
2026-05-19 16:03:15,137 - conftest.py - INFO - ✅ 启动浏览器成功：chrome
2026-05-19 16:03:15,139 - baseUtils.py - INFO - 配置文件读取成功：E:\develop\PythonProject\OrangeHRM\Config\配置文件.ini
2026-05-19 16:03:15,140 - 01登录页面元素信息.yaml - INFO - ========== 开始执行 OrangeHRM 登录操作 ==========
2026-05-19 16:03:15,141 - baseUtils.py - INFO - 配置文件读取成功：E:\develop\PythonProject\OrangeHRM\Config\配置文件.ini
2026-05-19 16:03:20,619 - 01登录页面元素信息.yaml - INFO - ========== OrangeHRM 登录操作执行完成 ==========
2026-05-19 16:03:20,621 - baseUtils.py - INFO - 配置文件读取成功：E:\develop\PythonProject\OrangeHRM\Config\配置文件.ini
2026-05-19 16:03:24,681 - baseAutoWeb.py - INFO - ✅ 顶部导航选中：我的记录
2026-05-19 16:03:35,710 - baseAutoWeb.py - ERROR - ❌ 滚动失败：Message: 
Stacktrace:
	chromedriver!GetHandleVerifier [0x7ff726c00295+146d5]
	chromedriver!GetHandleVerifier [0x7ff726c00300+14740]
	chromedriver!(No symbol) [0x7ff72696d7cd]
	chromedriver!(No symbol) [0x7ff7269c6c4e]
	chromedriver!(No symbol) [0x7ff7269c6f5c]
	chromedriver!(No symbol) [0x7ff726a17cc7]
	chromedriver!(No symbol) [0x7ff726a14818]
	chromedriver!(No symbol) [0x7ff7269b9018]
	chromedriver!(No symbol) [0x7ff7269b9f03]
	chromedriver!GetHandleVerifier [0x7ff726f15949+329d89]
	chromedriver!GetHandleVerifier [0x7ff726f0fe96+3242d6]
	chromedriver!GetHandleVerifier [0x7ff726f33102+347542]
	chromedriver!GetHandleVerifier [0x7ff726c1d425+31865]
	chromedriver!GetHandleVerifier [0x7ff726c2605c+3a49c]
	chromedriver!GetHandleVerifier [0x7ff726c09684+1dac4]
	chromedriver!GetHandleVerifier [0x7ff726c09836+1dc76]
	chromedriver!GetHandleVerifier [0x7ff726bee347+2787]
	KERNEL32!BaseThreadInitThunk [0x7ffc4a11e8d7+17]
	ntdll!RtlUserThreadStart [0x7ffc4b40c3fc+2c]

2026-05-19 16:03:45,712 - baseUtils.py - INFO - 配置文件读取成功：E:\develop\PythonProject\OrangeHRM\Config\配置文件.ini
2026-05-19 16:03:46,734 - 02修改员工信息.yaml - INFO - ✅ 下班打卡成功
2026-05-19 16:03:46,735 - test_web_ohrm.py - INFO - ✅ 【员工下班打卡】用例执行完成
2026-05-19 16:03:48,959 - conftest.py - INFO - ✅ 浏览器驱动已退出
2026-05-19 16:04:39,202 - baseUtils.py - INFO - 配置文件读取成功：E:\develop\PythonProject\OrangeHRM\Config\配置文件.ini
2026-05-19 16:04:39,202 - globalManager.py - INFO - 全局变量管理器初始化成功
2026-05-19 16:04:39,535 - baseUtils.py - INFO - 配置文件读取成功：E:\develop\PythonProject\OrangeHRM\Config\配置文件.ini
2026-05-19 16:04:39,537 - baseData.py - INFO - 数据驱动读取成功：01登录功能
2026-05-19 16:04:39,538 - baseUtils.py - INFO - 配置文件读取成功：E:\develop\PythonProject\OrangeHRM\Config\配置文件.ini
2026-05-19 16:04:39,539 - baseData.py - INFO - 数据驱动读取成功：02修改员工信息功能
2026-05-19 16:04:40,705 - conftest.py - INFO - ✅ 启动浏览器成功：chrome
2026-05-19 16:04:40,706 - baseUtils.py - INFO - 配置文件读取成功：E:\develop\PythonProject\OrangeHRM\Config\配置文件.ini
2026-05-19 16:04:40,707 - 01登录页面元素信息.yaml - INFO - ========== 开始执行 OrangeHRM 登录操作 ==========
2026-05-19 16:04:40,708 - baseUtils.py - INFO - 配置文件读取成功：E:\develop\PythonProject\OrangeHRM\Config\配置文件.ini
2026-05-19 16:04:47,085 - 01登录页面元素信息.yaml - INFO - ========== OrangeHRM 登录操作执行完成 ==========
2026-05-19 16:04:47,089 - baseUtils.py - INFO - 配置文件读取成功：E:\develop\PythonProject\OrangeHRM\Config\配置文件.ini
2026-05-19 16:04:50,591 - baseAutoWeb.py - INFO - ✅ 顶部导航选中：上/下班打卡
2026-05-19 16:04:52,034 - baseAutoWeb.py - WARNING - ⚠️ 第1次点击失败，0.5秒后重试... 错误：Message: element click intercepted: Element <button data-v-10d463b7="" data-v-597e1f38="" type="subm
2026-05-19 16:04:53,905 - baseAutoWeb.py - INFO - ✅ 顶部导航选中：我的记录
2026-05-19 16:05:05,006 - baseAutoWeb.py - ERROR - ❌ 滚动失败：Message: 
Stacktrace:
	chromedriver!GetHandleVerifier [0x7ff726c00295+146d5]
	chromedriver!GetHandleVerifier [0x7ff726c00300+14740]
	chromedriver!(No symbol) [0x7ff72696d7cd]
	chromedriver!(No symbol) [0x7ff7269c6c4e]
	chromedriver!(No symbol) [0x7ff7269c6f5c]
	chromedriver!(No symbol) [0x7ff726a17cc7]
	chromedriver!(No symbol) [0x7ff726a14818]
	chromedriver!(No symbol) [0x7ff7269b9018]
	chromedriver!(No symbol) [0x7ff7269b9f03]
	chromedriver!GetHandleVerifier [0x7ff726f15949+329d89]
	chromedriver!GetHandleVerifier [0x7ff726f0fe96+3242d6]
	chromedriver!GetHandleVerifier [0x7ff726f33102+347542]
	chromedriver!GetHandleVerifier [0x7ff726c1d425+31865]
	chromedriver!GetHandleVerifier [0x7ff726c2605c+3a49c]
	chromedriver!GetHandleVerifier [0x7ff726c09684+1dac4]
	chromedriver!GetHandleVerifier [0x7ff726c09836+1dc76]
	chromedriver!GetHandleVerifier [0x7ff726bee347+2787]
	KERNEL32!BaseThreadInitThunk [0x7ffc4a11e8d7+17]
	ntdll!RtlUserThreadStart [0x7ffc4b40c3fc+2c]

2026-05-19 16:05:05,008 - baseUtils.py - INFO - 配置文件读取成功：E:\develop\PythonProject\OrangeHRM\Config\配置文件.ini
2026-05-19 16:05:06,029 - 02修改员工信息.yaml - INFO - ✅ 下班打卡成功
2026-05-19 16:05:06,030 - test_web_ohrm.py - INFO - ✅ 【员工下班打卡】用例执行完成
2026-05-19 16:05:08,218 - conftest.py - INFO - ✅ 浏览器驱动已退出
