2026-05-30 13:19:39,269 - baseUtils.py - INFO - 配置文件读取成功：E:\develop\PythonProject\OrangeHRM\Config\配置文件.ini
2026-05-30 13:19:39,269 - globalManager.py - INFO - 全局变量管理器初始化成功
2026-05-30 13:19:43,145 - baseUtils.py - INFO - 配置文件读取成功：E:\develop\PythonProject\OrangeHRM\Config\配置文件.ini
2026-05-30 13:19:43,146 - baseUtils.py - INFO - 配置文件读取成功：E:\develop\PythonProject\OrangeHRM\Config\配置文件.ini
2026-05-30 13:19:43,535 - web_login_page.py - INFO - 断言成功
2026-05-30 13:19:43,537 - baseUtils.py - INFO - 配置文件读取成功：E:\develop\PythonProject\OrangeHRM\Config\配置文件.ini
2026-05-30 13:19:43,538 - baseData.py - INFO - 数据驱动读取成功：01登录接口
2026-05-30 13:19:43,751 - baseDB.py - INFO - ✅ MySQL 数据库连接成功
2026-05-30 13:19:43,752 - conftest - INFO - ✅ conftest：获取数据库连接（MysqlHelp）
2026-05-30 13:19:44,158 - conftest - INFO - 🔌 conftest：数据库连接已关闭
2026-05-30 13:19:53,642 - baseUtils.py - INFO - 配置文件读取成功：E:\develop\PythonProject\OrangeHRM\Config\配置文件.ini
2026-05-30 13:19:53,642 - globalManager.py - INFO - 全局变量管理器初始化成功
2026-05-30 13:19:53,814 - baseUtils.py - INFO - 配置文件读取成功：E:\develop\PythonProject\OrangeHRM\Config\配置文件.ini
2026-05-30 13:19:53,815 - baseUtils.py - INFO - 配置文件读取成功：E:\develop\PythonProject\OrangeHRM\Config\配置文件.ini
2026-05-30 13:19:54,090 - web_login_page.py - INFO - 断言成功
2026-05-30 13:19:54,091 - baseUtils.py - INFO - 配置文件读取成功：E:\develop\PythonProject\OrangeHRM\Config\配置文件.ini
2026-05-30 13:19:54,093 - baseData.py - INFO - 数据驱动读取成功：01登录接口
2026-05-30 13:19:54,301 - baseDB.py - INFO - ✅ MySQL 数据库连接成功
2026-05-30 13:19:54,301 - conftest - INFO - ✅ conftest：获取数据库连接（MysqlHelp）
2026-05-30 13:19:54,709 - conftest - INFO - 🔌 conftest：数据库连接已关闭
2026-05-30 13:37:16,855 - baseUtils.py - INFO - 配置文件读取成功：E:\develop\PythonProject\OrangeHRM\Config\配置文件.ini
2026-05-30 13:37:16,855 - globalManager.py - INFO - 全局变量管理器初始化成功
2026-05-30 13:37:17,001 - baseUtils.py - INFO - 配置文件读取成功：E:\develop\PythonProject\OrangeHRM\Config\配置文件.ini
2026-05-30 13:37:17,002 - baseUtils.py - INFO - 配置文件读取成功：E:\develop\PythonProject\OrangeHRM\Config\配置文件.ini
2026-05-30 13:37:17,284 - web_login_page.py - INFO - 断言成功
2026-05-30 13:37:17,285 - baseUtils.py - INFO - 配置文件读取成功：E:\develop\PythonProject\OrangeHRM\Config\配置文件.ini
2026-05-30 13:37:17,287 - baseData.py - INFO - 数据驱动读取成功：01登录接口
2026-05-30 13:37:17,545 - baseDB.py - INFO - ✅ MySQL 数据库连接成功
2026-05-30 13:37:17,545 - conftest - INFO - ✅ conftest：获取数据库连接（MysqlHelp）
2026-05-30 13:37:17,940 - conftest - INFO - 🔌 conftest：数据库连接已关闭
2026-05-30 13:38:36,805 - baseUtils.py - INFO - 配置文件读取成功：E:\develop\PythonProject\OrangeHRM\Config\配置文件.ini
2026-05-30 13:38:36,805 - globalManager.py - INFO - 全局变量管理器初始化成功
2026-05-30 13:38:36,953 - baseUtils.py - INFO - 配置文件读取成功：E:\develop\PythonProject\OrangeHRM\Config\配置文件.ini
2026-05-30 13:38:36,954 - baseUtils.py - INFO - 配置文件读取成功：E:\develop\PythonProject\OrangeHRM\Config\配置文件.ini
2026-05-30 13:38:37,232 - web_login_page.py - INFO - 断言成功
2026-05-30 13:38:37,234 - baseUtils.py - INFO - 配置文件读取成功：E:\develop\PythonProject\OrangeHRM\Config\配置文件.ini
2026-05-30 13:38:37,236 - baseData.py - INFO - 数据驱动读取成功：01登录接口
2026-05-30 13:38:37,425 - baseDB.py - INFO - ✅ MySQL 数据库连接成功
2026-05-30 13:38:37,426 - conftest - INFO - ✅ conftest：获取数据库连接（MysqlHelp）
2026-05-30 13:38:37,859 - conftest - INFO - 🔌 conftest：数据库连接已关闭
