2026-05-17 17:02:38,456 - baseUtils.py - INFO - 配置文件读取成功：E:\develop\PythonProject\OrangeHRM\Config\配置文件.ini
2026-05-17 17:02:38,456 - globalManager.py - INFO - 全局变量管理器初始化成功
2026-05-17 17:02:38,809 - baseUtils.py - INFO - 配置文件读取成功：E:\develop\PythonProject\OrangeHRM\Config\配置文件.ini
2026-05-17 17:02:38,811 - baseData.py - INFO - 数据驱动读取成功：01登录功能
2026-05-17 17:02:38,811 - baseUtils.py - INFO - 配置文件读取成功：E:\develop\PythonProject\OrangeHRM\Config\配置文件.ini
2026-05-17 17:02:38,812 - baseData.py - INFO - 数据驱动读取成功：02修改员工信息功能
2026-05-17 17:02:39,967 - conftest.py - INFO - ✅ 启动浏览器成功：chrome
2026-05-17 17:02:39,968 - baseUtils.py - INFO - 配置文件读取成功：E:\develop\PythonProject\OrangeHRM\Config\配置文件.ini
2026-05-17 17:02:39,969 - 01登录页面元素信息.yaml - INFO - ========== 开始执行 OrangeHRM 登录操作 ==========
2026-05-17 17:02:39,970 - baseUtils.py - INFO - 配置文件读取成功：E:\develop\PythonProject\OrangeHRM\Config\配置文件.ini
2026-05-17 17:02:45,471 - 01登录页面元素信息.yaml - INFO - ========== OrangeHRM 登录操作执行完成 ==========
2026-05-17 17:02:45,473 - baseUtils.py - INFO - 配置文件读取成功：E:\develop\PythonProject\OrangeHRM\Config\配置文件.ini
2026-05-17 17:02:45,474 - baseUtils.py - INFO - 配置文件读取成功：E:\develop\PythonProject\OrangeHRM\Config\配置文件.ini
2026-05-17 17:02:48,562 - 02修改员工信息.yaml - INFO - ✅ 点击个人信息管理系统
2026-05-17 17:03:12,506 - conftest.py - INFO - ✅ 浏览器驱动已退出
2026-05-17 17:03:43,548 - baseUtils.py - INFO - 配置文件读取成功：E:\develop\PythonProject\OrangeHRM\Config\配置文件.ini
2026-05-17 17:03:43,549 - globalManager.py - INFO - 全局变量管理器初始化成功
2026-05-17 17:03:43,863 - baseUtils.py - INFO - 配置文件读取成功：E:\develop\PythonProject\OrangeHRM\Config\配置文件.ini
2026-05-17 17:03:43,865 - baseData.py - INFO - 数据驱动读取成功：01登录功能
2026-05-17 17:03:43,866 - baseUtils.py - INFO - 配置文件读取成功：E:\develop\PythonProject\OrangeHRM\Config\配置文件.ini
2026-05-17 17:03:43,868 - baseData.py - INFO - 数据驱动读取成功：02修改员工信息功能
2026-05-17 17:03:45,028 - conftest.py - INFO - ✅ 启动浏览器成功：chrome
2026-05-17 17:03:45,029 - baseUtils.py - INFO - 配置文件读取成功：E:\develop\PythonProject\OrangeHRM\Config\配置文件.ini
2026-05-17 17:03:45,030 - 01登录页面元素信息.yaml - INFO - ========== 开始执行 OrangeHRM 登录操作 ==========
2026-05-17 17:03:45,031 - baseUtils.py - INFO - 配置文件读取成功：E:\develop\PythonProject\OrangeHRM\Config\配置文件.ini
2026-05-17 17:03:50,474 - 01登录页面元素信息.yaml - INFO - ========== OrangeHRM 登录操作执行完成 ==========
2026-05-17 17:03:50,476 - baseUtils.py - INFO - 配置文件读取成功：E:\develop\PythonProject\OrangeHRM\Config\配置文件.ini
2026-05-17 17:03:50,477 - baseUtils.py - INFO - 配置文件读取成功：E:\develop\PythonProject\OrangeHRM\Config\配置文件.ini
2026-05-17 17:03:53,328 - 02修改员工信息.yaml - INFO - ✅ 点击个人信息管理系统
2026-05-17 17:03:57,474 - 02修改员工信息.yaml - INFO - 点击删除按钮
2026-05-17 17:04:17,320 - conftest.py - INFO - ✅ 浏览器驱动已退出
2026-05-17 17:05:04,862 - baseUtils.py - INFO - 配置文件读取成功：E:\develop\PythonProject\OrangeHRM\Config\配置文件.ini
2026-05-17 17:05:04,862 - globalManager.py - INFO - 全局变量管理器初始化成功
2026-05-17 17:05:05,195 - baseUtils.py - INFO - 配置文件读取成功：E:\develop\PythonProject\OrangeHRM\Config\配置文件.ini
2026-05-17 17:05:05,197 - baseData.py - INFO - 数据驱动读取成功：01登录功能
2026-05-17 17:05:05,198 - baseUtils.py - INFO - 配置文件读取成功：E:\develop\PythonProject\OrangeHRM\Config\配置文件.ini
2026-05-17 17:05:05,199 - baseData.py - INFO - 数据驱动读取成功：02修改员工信息功能
2026-05-17 17:05:06,369 - conftest.py - INFO - ✅ 启动浏览器成功：chrome
2026-05-17 17:05:06,371 - baseUtils.py - INFO - 配置文件读取成功：E:\develop\PythonProject\OrangeHRM\Config\配置文件.ini
2026-05-17 17:05:06,371 - 01登录页面元素信息.yaml - INFO - ========== 开始执行 OrangeHRM 登录操作 ==========
2026-05-17 17:05:06,372 - baseUtils.py - INFO - 配置文件读取成功：E:\develop\PythonProject\OrangeHRM\Config\配置文件.ini
2026-05-17 17:05:11,890 - 01登录页面元素信息.yaml - INFO - ========== OrangeHRM 登录操作执行完成 ==========
2026-05-17 17:05:11,892 - baseUtils.py - INFO - 配置文件读取成功：E:\develop\PythonProject\OrangeHRM\Config\配置文件.ini
2026-05-17 17:05:11,893 - baseUtils.py - INFO - 配置文件读取成功：E:\develop\PythonProject\OrangeHRM\Config\配置文件.ini
2026-05-17 17:05:14,980 - 02修改员工信息.yaml - INFO - ✅ 点击个人信息管理系统
2026-05-17 17:05:19,670 - 02修改员工信息.yaml - INFO - 点击删除按钮
2026-05-17 17:05:39,282 - conftest.py - INFO - ✅ 浏览器驱动已退出
2026-05-17 17:05:53,061 - baseUtils.py - INFO - 配置文件读取成功：E:\develop\PythonProject\OrangeHRM\Config\配置文件.ini
2026-05-17 17:05:53,061 - globalManager.py - INFO - 全局变量管理器初始化成功
2026-05-17 17:05:53,370 - baseUtils.py - INFO - 配置文件读取成功：E:\develop\PythonProject\OrangeHRM\Config\配置文件.ini
2026-05-17 17:05:53,372 - baseData.py - INFO - 数据驱动读取成功：01登录功能
2026-05-17 17:05:53,372 - baseUtils.py - INFO - 配置文件读取成功：E:\develop\PythonProject\OrangeHRM\Config\配置文件.ini
2026-05-17 17:05:53,374 - baseData.py - INFO - 数据驱动读取成功：02修改员工信息功能
2026-05-17 17:05:54,536 - conftest.py - INFO - ✅ 启动浏览器成功：chrome
2026-05-17 17:05:54,537 - baseUtils.py - INFO - 配置文件读取成功：E:\develop\PythonProject\OrangeHRM\Config\配置文件.ini
2026-05-17 17:05:54,538 - 01登录页面元素信息.yaml - INFO - ========== 开始执行 OrangeHRM 登录操作 ==========
2026-05-17 17:05:54,539 - baseUtils.py - INFO - 配置文件读取成功：E:\develop\PythonProject\OrangeHRM\Config\配置文件.ini
2026-05-17 17:06:00,872 - 01登录页面元素信息.yaml - INFO - ========== OrangeHRM 登录操作执行完成 ==========
2026-05-17 17:06:00,876 - baseUtils.py - INFO - 配置文件读取成功：E:\develop\PythonProject\OrangeHRM\Config\配置文件.ini
2026-05-17 17:06:00,878 - baseUtils.py - INFO - 配置文件读取成功：E:\develop\PythonProject\OrangeHRM\Config\配置文件.ini
2026-05-17 17:06:02,914 - 02修改员工信息.yaml - INFO - ✅ 点击个人信息管理系统
2026-05-17 17:06:07,373 - 02修改员工信息.yaml - INFO - 点击删除按钮
2026-05-17 17:06:35,257 - conftest.py - INFO - ✅ 浏览器驱动已退出
2026-05-17 17:25:11,203 - baseUtils.py - INFO - 配置文件读取成功：E:\develop\PythonProject\OrangeHRM\Config\配置文件.ini
2026-05-17 17:25:11,204 - globalManager.py - INFO - 全局变量管理器初始化成功
2026-05-17 17:25:11,539 - baseUtils.py - INFO - 配置文件读取成功：E:\develop\PythonProject\OrangeHRM\Config\配置文件.ini
2026-05-17 17:25:11,541 - baseData.py - INFO - 数据驱动读取成功：01登录功能
2026-05-17 17:25:11,542 - baseUtils.py - INFO - 配置文件读取成功：E:\develop\PythonProject\OrangeHRM\Config\配置文件.ini
2026-05-17 17:25:11,543 - baseData.py - INFO - 数据驱动读取成功：02修改员工信息功能
2026-05-17 17:25:12,723 - conftest.py - INFO - ✅ 启动浏览器成功：chrome
2026-05-17 17:25:12,724 - baseUtils.py - INFO - 配置文件读取成功：E:\develop\PythonProject\OrangeHRM\Config\配置文件.ini
2026-05-17 17:25:12,725 - 01登录页面元素信息.yaml - INFO - ========== 开始执行 OrangeHRM 登录操作 ==========
2026-05-17 17:25:12,726 - baseUtils.py - INFO - 配置文件读取成功：E:\develop\PythonProject\OrangeHRM\Config\配置文件.ini
2026-05-17 17:25:18,248 - 01登录页面元素信息.yaml - INFO - ========== OrangeHRM 登录操作执行完成 ==========
2026-05-17 17:25:18,250 - baseUtils.py - INFO - 配置文件读取成功：E:\develop\PythonProject\OrangeHRM\Config\配置文件.ini
2026-05-17 17:25:18,252 - baseUtils.py - INFO - 配置文件读取成功：E:\develop\PythonProject\OrangeHRM\Config\配置文件.ini
2026-05-17 17:25:21,411 - 02修改员工信息.yaml - INFO - ✅ 点击个人信息管理系统
2026-05-17 17:25:24,582 - conftest.py - INFO - ✅ 浏览器驱动已退出
2026-05-17 17:26:23,061 - baseUtils.py - INFO - 配置文件读取成功：E:\develop\PythonProject\OrangeHRM\Config\配置文件.ini
2026-05-17 17:26:23,062 - globalManager.py - INFO - 全局变量管理器初始化成功
2026-05-17 17:26:23,397 - baseUtils.py - INFO - 配置文件读取成功：E:\develop\PythonProject\OrangeHRM\Config\配置文件.ini
2026-05-17 17:26:23,398 - baseData.py - INFO - 数据驱动读取成功：01登录功能
2026-05-17 17:26:23,399 - baseUtils.py - INFO - 配置文件读取成功：E:\develop\PythonProject\OrangeHRM\Config\配置文件.ini
2026-05-17 17:26:23,400 - baseData.py - INFO - 数据驱动读取成功：02修改员工信息功能
2026-05-17 17:26:24,574 - conftest.py - INFO - ✅ 启动浏览器成功：chrome
2026-05-17 17:26:24,576 - baseUtils.py - INFO - 配置文件读取成功：E:\develop\PythonProject\OrangeHRM\Config\配置文件.ini
2026-05-17 17:26:24,576 - 01登录页面元素信息.yaml - INFO - ========== 开始执行 OrangeHRM 登录操作 ==========
2026-05-17 17:26:24,578 - baseUtils.py - INFO - 配置文件读取成功：E:\develop\PythonProject\OrangeHRM\Config\配置文件.ini
2026-05-17 17:26:30,895 - 01登录页面元素信息.yaml - INFO - ========== OrangeHRM 登录操作执行完成 ==========
2026-05-17 17:26:30,897 - baseUtils.py - INFO - 配置文件读取成功：E:\develop\PythonProject\OrangeHRM\Config\配置文件.ini
2026-05-17 17:26:30,900 - baseUtils.py - INFO - 配置文件读取成功：E:\develop\PythonProject\OrangeHRM\Config\配置文件.ini
2026-05-17 17:26:32,994 - 02修改员工信息.yaml - INFO - ✅ 点击个人信息管理系统
2026-05-17 17:26:37,446 - 02修改员工信息.yaml - INFO - 点击删除按钮
2026-05-17 17:27:05,081 - conftest.py - INFO - ✅ 浏览器驱动已退出
2026-05-17 17:28:22,747 - baseUtils.py - INFO - 配置文件读取成功：E:\develop\PythonProject\OrangeHRM\Config\配置文件.ini
2026-05-17 17:28:22,748 - globalManager.py - INFO - 全局变量管理器初始化成功
2026-05-17 17:28:23,075 - baseUtils.py - INFO - 配置文件读取成功：E:\develop\PythonProject\OrangeHRM\Config\配置文件.ini
2026-05-17 17:28:23,077 - baseData.py - INFO - 数据驱动读取成功：01登录功能
2026-05-17 17:28:23,078 - baseUtils.py - INFO - 配置文件读取成功：E:\develop\PythonProject\OrangeHRM\Config\配置文件.ini
2026-05-17 17:28:23,079 - baseData.py - INFO - 数据驱动读取成功：02修改员工信息功能
2026-05-17 17:28:24,260 - conftest.py - INFO - ✅ 启动浏览器成功：chrome
2026-05-17 17:28:24,262 - baseUtils.py - INFO - 配置文件读取成功：E:\develop\PythonProject\OrangeHRM\Config\配置文件.ini
2026-05-17 17:28:24,262 - 01登录页面元素信息.yaml - INFO - ========== 开始执行 OrangeHRM 登录操作 ==========
2026-05-17 17:28:24,263 - baseUtils.py - INFO - 配置文件读取成功：E:\develop\PythonProject\OrangeHRM\Config\配置文件.ini
2026-05-17 17:28:29,822 - 01登录页面元素信息.yaml - INFO - ========== OrangeHRM 登录操作执行完成 ==========
2026-05-17 17:28:29,824 - baseUtils.py - INFO - 配置文件读取成功：E:\develop\PythonProject\OrangeHRM\Config\配置文件.ini
2026-05-17 17:28:29,826 - baseUtils.py - INFO - 配置文件读取成功：E:\develop\PythonProject\OrangeHRM\Config\配置文件.ini
2026-05-17 17:28:32,841 - 02修改员工信息.yaml - INFO - ✅ 点击个人信息管理系统
2026-05-17 17:28:45,948 - conftest.py - INFO - ✅ 浏览器驱动已退出
2026-05-17 17:30:32,441 - baseUtils.py - INFO - 配置文件读取成功：E:\develop\PythonProject\OrangeHRM\Config\配置文件.ini
2026-05-17 17:30:32,441 - globalManager.py - INFO - 全局变量管理器初始化成功
2026-05-17 17:30:32,768 - baseUtils.py - INFO - 配置文件读取成功：E:\develop\PythonProject\OrangeHRM\Config\配置文件.ini
2026-05-17 17:30:32,770 - baseData.py - INFO - 数据驱动读取成功：01登录功能
2026-05-17 17:30:32,771 - baseUtils.py - INFO - 配置文件读取成功：E:\develop\PythonProject\OrangeHRM\Config\配置文件.ini
2026-05-17 17:30:32,772 - baseData.py - INFO - 数据驱动读取成功：02修改员工信息功能
2026-05-17 17:30:33,934 - conftest.py - INFO - ✅ 启动浏览器成功：chrome
2026-05-17 17:30:33,935 - baseUtils.py - INFO - 配置文件读取成功：E:\develop\PythonProject\OrangeHRM\Config\配置文件.ini
2026-05-17 17:30:33,936 - 01登录页面元素信息.yaml - INFO - ========== 开始执行 OrangeHRM 登录操作 ==========
2026-05-17 17:30:33,937 - baseUtils.py - INFO - 配置文件读取成功：E:\develop\PythonProject\OrangeHRM\Config\配置文件.ini
2026-05-17 17:30:39,507 - 01登录页面元素信息.yaml - INFO - ========== OrangeHRM 登录操作执行完成 ==========
2026-05-17 17:30:39,510 - baseUtils.py - INFO - 配置文件读取成功：E:\develop\PythonProject\OrangeHRM\Config\配置文件.ini
2026-05-17 17:30:39,511 - baseUtils.py - INFO - 配置文件读取成功：E:\develop\PythonProject\OrangeHRM\Config\配置文件.ini
2026-05-17 17:30:42,552 - 02修改员工信息.yaml - INFO - ✅ 点击个人信息管理系统
2026-05-17 17:30:47,312 - 02修改员工信息.yaml - INFO - 点击删除按钮
2026-05-17 17:31:15,090 - conftest.py - INFO - ✅ 浏览器驱动已退出
2026-05-17 17:32:17,461 - baseUtils.py - INFO - 配置文件读取成功：E:\develop\PythonProject\OrangeHRM\Config\配置文件.ini
2026-05-17 17:32:17,462 - globalManager.py - INFO - 全局变量管理器初始化成功
2026-05-17 17:32:17,803 - baseUtils.py - INFO - 配置文件读取成功：E:\develop\PythonProject\OrangeHRM\Config\配置文件.ini
2026-05-17 17:32:17,804 - baseData.py - INFO - 数据驱动读取成功：01登录功能
2026-05-17 17:32:17,805 - baseUtils.py - INFO - 配置文件读取成功：E:\develop\PythonProject\OrangeHRM\Config\配置文件.ini
2026-05-17 17:32:17,806 - baseData.py - INFO - 数据驱动读取成功：02修改员工信息功能
2026-05-17 17:32:18,978 - conftest.py - INFO - ✅ 启动浏览器成功：chrome
2026-05-17 17:32:18,980 - baseUtils.py - INFO - 配置文件读取成功：E:\develop\PythonProject\OrangeHRM\Config\配置文件.ini
2026-05-17 17:32:18,980 - 01登录页面元素信息.yaml - INFO - ========== 开始执行 OrangeHRM 登录操作 ==========
2026-05-17 17:32:18,982 - baseUtils.py - INFO - 配置文件读取成功：E:\develop\PythonProject\OrangeHRM\Config\配置文件.ini
2026-05-17 17:32:24,443 - 01登录页面元素信息.yaml - INFO - ========== OrangeHRM 登录操作执行完成 ==========
2026-05-17 17:32:24,445 - baseUtils.py - INFO - 配置文件读取成功：E:\develop\PythonProject\OrangeHRM\Config\配置文件.ini
2026-05-17 17:32:24,446 - baseUtils.py - INFO - 配置文件读取成功：E:\develop\PythonProject\OrangeHRM\Config\配置文件.ini
2026-05-17 17:32:27,347 - 02修改员工信息.yaml - INFO - ✅ 点击个人信息管理系统
2026-05-17 17:32:31,826 - 02修改员工信息.yaml - INFO - 点击删除按钮
2026-05-17 17:32:59,600 - conftest.py - INFO - ✅ 浏览器驱动已退出
2026-05-17 17:33:50,574 - baseUtils.py - INFO - 配置文件读取成功：E:\develop\PythonProject\OrangeHRM\Config\配置文件.ini
2026-05-17 17:33:50,575 - globalManager.py - INFO - 全局变量管理器初始化成功
2026-05-17 17:33:50,917 - baseUtils.py - INFO - 配置文件读取成功：E:\develop\PythonProject\OrangeHRM\Config\配置文件.ini
2026-05-17 17:33:50,919 - baseData.py - INFO - 数据驱动读取成功：01登录功能
2026-05-17 17:33:50,920 - baseUtils.py - INFO - 配置文件读取成功：E:\develop\PythonProject\OrangeHRM\Config\配置文件.ini
2026-05-17 17:33:50,925 - baseData.py - INFO - 数据驱动读取成功：02修改员工信息功能
2026-05-17 17:33:52,096 - conftest.py - INFO - ✅ 启动浏览器成功：chrome
2026-05-17 17:33:52,097 - baseUtils.py - INFO - 配置文件读取成功：E:\develop\PythonProject\OrangeHRM\Config\配置文件.ini
2026-05-17 17:33:52,097 - 01登录页面元素信息.yaml - INFO - ========== 开始执行 OrangeHRM 登录操作 ==========
2026-05-17 17:33:52,098 - baseUtils.py - INFO - 配置文件读取成功：E:\develop\PythonProject\OrangeHRM\Config\配置文件.ini
2026-05-17 17:33:57,592 - 01登录页面元素信息.yaml - INFO - ========== OrangeHRM 登录操作执行完成 ==========
2026-05-17 17:33:57,595 - baseUtils.py - INFO - 配置文件读取成功：E:\develop\PythonProject\OrangeHRM\Config\配置文件.ini
2026-05-17 17:33:57,597 - baseUtils.py - INFO - 配置文件读取成功：E:\develop\PythonProject\OrangeHRM\Config\配置文件.ini
2026-05-17 17:34:00,647 - 02修改员工信息.yaml - INFO - ✅ 点击个人信息管理系统
2026-05-17 17:34:05,135 - 02修改员工信息.yaml - INFO - 点击删除按钮
2026-05-17 17:34:32,782 - conftest.py - INFO - ✅ 浏览器驱动已退出
2026-05-17 17:36:19,909 - baseUtils.py - INFO - 配置文件读取成功：E:\develop\PythonProject\OrangeHRM\Config\配置文件.ini
2026-05-17 17:36:19,910 - globalManager.py - INFO - 全局变量管理器初始化成功
2026-05-17 17:36:20,334 - baseUtils.py - INFO - 配置文件读取成功：E:\develop\PythonProject\OrangeHRM\Config\配置文件.ini
2026-05-17 17:36:20,335 - baseData.py - INFO - 数据驱动读取成功：01登录功能
2026-05-17 17:36:20,337 - baseUtils.py - INFO - 配置文件读取成功：E:\develop\PythonProject\OrangeHRM\Config\配置文件.ini
2026-05-17 17:36:20,338 - baseData.py - INFO - 数据驱动读取成功：02修改员工信息功能
2026-05-17 17:36:21,513 - conftest.py - INFO - ✅ 启动浏览器成功：chrome
2026-05-17 17:36:21,515 - baseUtils.py - INFO - 配置文件读取成功：E:\develop\PythonProject\OrangeHRM\Config\配置文件.ini
2026-05-17 17:36:21,515 - 01登录页面元素信息.yaml - INFO - ========== 开始执行 OrangeHRM 登录操作 ==========
2026-05-17 17:36:21,516 - baseUtils.py - INFO - 配置文件读取成功：E:\develop\PythonProject\OrangeHRM\Config\配置文件.ini
2026-05-17 17:36:27,087 - 01登录页面元素信息.yaml - INFO - ========== OrangeHRM 登录操作执行完成 ==========
2026-05-17 17:36:27,089 - baseUtils.py - INFO - 配置文件读取成功：E:\develop\PythonProject\OrangeHRM\Config\配置文件.ini
2026-05-17 17:36:27,091 - baseUtils.py - INFO - 配置文件读取成功：E:\develop\PythonProject\OrangeHRM\Config\配置文件.ini
2026-05-17 17:36:31,339 - 02修改员工信息.yaml - INFO - ✅ 点击个人信息管理系统
2026-05-17 17:36:35,706 - 02修改员工信息.yaml - INFO - 点击删除按钮
2026-05-17 17:37:03,401 - conftest.py - INFO - ✅ 浏览器驱动已退出
2026-05-17 17:38:48,223 - baseUtils.py - INFO - 配置文件读取成功：E:\develop\PythonProject\OrangeHRM\Config\配置文件.ini
2026-05-17 17:38:48,223 - globalManager.py - INFO - 全局变量管理器初始化成功
2026-05-17 17:38:48,634 - baseUtils.py - INFO - 配置文件读取成功：E:\develop\PythonProject\OrangeHRM\Config\配置文件.ini
2026-05-17 17:38:48,635 - baseData.py - INFO - 数据驱动读取成功：01登录功能
2026-05-17 17:38:48,636 - baseUtils.py - INFO - 配置文件读取成功：E:\develop\PythonProject\OrangeHRM\Config\配置文件.ini
2026-05-17 17:38:48,637 - baseData.py - INFO - 数据驱动读取成功：02修改员工信息功能
2026-05-17 17:38:49,811 - conftest.py - INFO - ✅ 启动浏览器成功：chrome
2026-05-17 17:38:49,812 - baseUtils.py - INFO - 配置文件读取成功：E:\develop\PythonProject\OrangeHRM\Config\配置文件.ini
2026-05-17 17:38:49,813 - 01登录页面元素信息.yaml - INFO - ========== 开始执行 OrangeHRM 登录操作 ==========
2026-05-17 17:38:49,813 - baseUtils.py - INFO - 配置文件读取成功：E:\develop\PythonProject\OrangeHRM\Config\配置文件.ini
2026-05-17 17:38:55,349 - 01登录页面元素信息.yaml - INFO - ========== OrangeHRM 登录操作执行完成 ==========
2026-05-17 17:38:55,351 - baseUtils.py - INFO - 配置文件读取成功：E:\develop\PythonProject\OrangeHRM\Config\配置文件.ini
2026-05-17 17:38:55,353 - baseUtils.py - INFO - 配置文件读取成功：E:\develop\PythonProject\OrangeHRM\Config\配置文件.ini
2026-05-17 17:38:58,403 - 02修改员工信息.yaml - INFO - ✅ 点击个人信息管理系统
2026-05-17 17:39:12,037 - conftest.py - INFO - ✅ 浏览器驱动已退出
2026-05-17 17:40:58,621 - baseUtils.py - INFO - 配置文件读取成功：E:\develop\PythonProject\OrangeHRM\Config\配置文件.ini
2026-05-17 17:40:58,621 - globalManager.py - INFO - 全局变量管理器初始化成功
2026-05-17 17:40:59,026 - baseUtils.py - INFO - 配置文件读取成功：E:\develop\PythonProject\OrangeHRM\Config\配置文件.ini
2026-05-17 17:40:59,027 - baseData.py - INFO - 数据驱动读取成功：01登录功能
2026-05-17 17:40:59,028 - baseUtils.py - INFO - 配置文件读取成功：E:\develop\PythonProject\OrangeHRM\Config\配置文件.ini
2026-05-17 17:40:59,029 - baseData.py - INFO - 数据驱动读取成功：02修改员工信息功能
2026-05-17 17:41:00,185 - conftest.py - INFO - ✅ 启动浏览器成功：chrome
2026-05-17 17:41:00,187 - baseUtils.py - INFO - 配置文件读取成功：E:\develop\PythonProject\OrangeHRM\Config\配置文件.ini
2026-05-17 17:41:00,188 - 01登录页面元素信息.yaml - INFO - ========== 开始执行 OrangeHRM 登录操作 ==========
2026-05-17 17:41:00,189 - baseUtils.py - INFO - 配置文件读取成功：E:\develop\PythonProject\OrangeHRM\Config\配置文件.ini
2026-05-17 17:41:06,656 - 01登录页面元素信息.yaml - INFO - ========== OrangeHRM 登录操作执行完成 ==========
2026-05-17 17:41:06,659 - baseUtils.py - INFO - 配置文件读取成功：E:\develop\PythonProject\OrangeHRM\Config\配置文件.ini
2026-05-17 17:41:06,660 - baseUtils.py - INFO - 配置文件读取成功：E:\develop\PythonProject\OrangeHRM\Config\配置文件.ini
2026-05-17 17:41:08,878 - 02修改员工信息.yaml - INFO - ✅ 点击个人信息管理系统
2026-05-17 17:41:22,296 - conftest.py - INFO - ✅ 浏览器驱动已退出
2026-05-17 17:43:17,339 - baseUtils.py - INFO - 配置文件读取成功：E:\develop\PythonProject\OrangeHRM\Config\配置文件.ini
2026-05-17 17:43:17,339 - globalManager.py - INFO - 全局变量管理器初始化成功
2026-05-17 17:43:17,698 - baseUtils.py - INFO - 配置文件读取成功：E:\develop\PythonProject\OrangeHRM\Config\配置文件.ini
2026-05-17 17:43:17,700 - baseData.py - INFO - 数据驱动读取成功：01登录功能
2026-05-17 17:43:17,701 - baseUtils.py - INFO - 配置文件读取成功：E:\develop\PythonProject\OrangeHRM\Config\配置文件.ini
2026-05-17 17:43:17,702 - baseData.py - INFO - 数据驱动读取成功：02修改员工信息功能
2026-05-17 17:43:18,868 - conftest.py - INFO - ✅ 启动浏览器成功：chrome
2026-05-17 17:43:18,869 - baseUtils.py - INFO - 配置文件读取成功：E:\develop\PythonProject\OrangeHRM\Config\配置文件.ini
2026-05-17 17:43:18,870 - 01登录页面元素信息.yaml - INFO - ========== 开始执行 OrangeHRM 登录操作 ==========
2026-05-17 17:43:18,871 - baseUtils.py - INFO - 配置文件读取成功：E:\develop\PythonProject\OrangeHRM\Config\配置文件.ini
2026-05-17 17:43:25,226 - 01登录页面元素信息.yaml - INFO - ========== OrangeHRM 登录操作执行完成 ==========
2026-05-17 17:43:25,229 - baseUtils.py - INFO - 配置文件读取成功：E:\develop\PythonProject\OrangeHRM\Config\配置文件.ini
2026-05-17 17:43:25,231 - baseUtils.py - INFO - 配置文件读取成功：E:\develop\PythonProject\OrangeHRM\Config\配置文件.ini
2026-05-17 17:43:27,369 - 02修改员工信息.yaml - INFO - ✅ 点击个人信息管理系统
2026-05-17 17:43:31,333 - conftest.py - INFO - ✅ 浏览器驱动已退出
2026-05-17 17:45:45,129 - baseUtils.py - INFO - 配置文件读取成功：E:\develop\PythonProject\OrangeHRM\Config\配置文件.ini
2026-05-17 17:45:45,130 - globalManager.py - INFO - 全局变量管理器初始化成功
2026-05-17 17:45:45,547 - baseUtils.py - INFO - 配置文件读取成功：E:\develop\PythonProject\OrangeHRM\Config\配置文件.ini
2026-05-17 17:45:45,548 - baseData.py - INFO - 数据驱动读取成功：01登录功能
2026-05-17 17:45:45,549 - baseUtils.py - INFO - 配置文件读取成功：E:\develop\PythonProject\OrangeHRM\Config\配置文件.ini
2026-05-17 17:45:45,550 - baseData.py - INFO - 数据驱动读取成功：02修改员工信息功能
2026-05-17 17:45:46,728 - conftest.py - INFO - ✅ 启动浏览器成功：chrome
2026-05-17 17:45:46,729 - baseUtils.py - INFO - 配置文件读取成功：E:\develop\PythonProject\OrangeHRM\Config\配置文件.ini
2026-05-17 17:45:46,730 - 01登录页面元素信息.yaml - INFO - ========== 开始执行 OrangeHRM 登录操作 ==========
2026-05-17 17:45:46,731 - baseUtils.py - INFO - 配置文件读取成功：E:\develop\PythonProject\OrangeHRM\Config\配置文件.ini
2026-05-17 17:45:52,276 - 01登录页面元素信息.yaml - INFO - ========== OrangeHRM 登录操作执行完成 ==========
2026-05-17 17:45:52,278 - baseUtils.py - INFO - 配置文件读取成功：E:\develop\PythonProject\OrangeHRM\Config\配置文件.ini
2026-05-17 17:45:52,280 - baseUtils.py - INFO - 配置文件读取成功：E:\develop\PythonProject\OrangeHRM\Config\配置文件.ini
2026-05-17 17:45:55,405 - 02修改员工信息.yaml - INFO - ✅ 点击个人信息管理系统
2026-05-17 17:45:59,966 - conftest.py - INFO - ✅ 浏览器驱动已退出
2026-05-17 17:55:34,635 - baseUtils.py - INFO - 配置文件读取成功：E:\develop\PythonProject\OrangeHRM\Config\配置文件.ini
2026-05-17 17:55:34,636 - globalManager.py - INFO - 全局变量管理器初始化成功
2026-05-17 17:55:34,998 - baseUtils.py - INFO - 配置文件读取成功：E:\develop\PythonProject\OrangeHRM\Config\配置文件.ini
2026-05-17 17:55:34,999 - baseData.py - INFO - 数据驱动读取成功：01登录功能
2026-05-17 17:55:35,000 - baseUtils.py - INFO - 配置文件读取成功：E:\develop\PythonProject\OrangeHRM\Config\配置文件.ini
2026-05-17 17:55:35,001 - baseData.py - INFO - 数据驱动读取成功：02修改员工信息功能
2026-05-17 17:55:36,155 - conftest.py - INFO - ✅ 启动浏览器成功：chrome
2026-05-17 17:55:36,156 - baseUtils.py - INFO - 配置文件读取成功：E:\develop\PythonProject\OrangeHRM\Config\配置文件.ini
2026-05-17 17:55:36,156 - 01登录页面元素信息.yaml - INFO - ========== 开始执行 OrangeHRM 登录操作 ==========
2026-05-17 17:55:36,157 - baseUtils.py - INFO - 配置文件读取成功：E:\develop\PythonProject\OrangeHRM\Config\配置文件.ini
2026-05-17 17:55:41,645 - 01登录页面元素信息.yaml - INFO - ========== OrangeHRM 登录操作执行完成 ==========
2026-05-17 17:55:41,647 - baseUtils.py - INFO - 配置文件读取成功：E:\develop\PythonProject\OrangeHRM\Config\配置文件.ini
2026-05-17 17:55:41,648 - baseUtils.py - INFO - 配置文件读取成功：E:\develop\PythonProject\OrangeHRM\Config\配置文件.ini
2026-05-17 17:55:44,770 - 02修改员工信息.yaml - INFO - ✅ 点击个人信息管理系统
2026-05-17 17:55:49,119 - 02修改员工信息.yaml - INFO - 点击删除按钮
2026-05-17 17:56:16,725 - conftest.py - INFO - ✅ 浏览器驱动已退出
2026-05-17 17:59:08,062 - baseUtils.py - INFO - 配置文件读取成功：E:\develop\PythonProject\OrangeHRM\Config\配置文件.ini
2026-05-17 17:59:08,063 - globalManager.py - INFO - 全局变量管理器初始化成功
2026-05-17 17:59:08,385 - baseUtils.py - INFO - 配置文件读取成功：E:\develop\PythonProject\OrangeHRM\Config\配置文件.ini
2026-05-17 17:59:08,386 - baseData.py - INFO - 数据驱动读取成功：01登录功能
2026-05-17 17:59:08,387 - baseUtils.py - INFO - 配置文件读取成功：E:\develop\PythonProject\OrangeHRM\Config\配置文件.ini
2026-05-17 17:59:08,388 - baseData.py - INFO - 数据驱动读取成功：02修改员工信息功能
2026-05-17 17:59:09,557 - conftest.py - INFO - ✅ 启动浏览器成功：chrome
2026-05-17 17:59:09,558 - baseUtils.py - INFO - 配置文件读取成功：E:\develop\PythonProject\OrangeHRM\Config\配置文件.ini
2026-05-17 17:59:09,559 - 01登录页面元素信息.yaml - INFO - ========== 开始执行 OrangeHRM 登录操作 ==========
2026-05-17 17:59:09,560 - baseUtils.py - INFO - 配置文件读取成功：E:\develop\PythonProject\OrangeHRM\Config\配置文件.ini
2026-05-17 17:59:15,904 - 01登录页面元素信息.yaml - INFO - ========== OrangeHRM 登录操作执行完成 ==========
2026-05-17 17:59:15,907 - baseUtils.py - INFO - 配置文件读取成功：E:\develop\PythonProject\OrangeHRM\Config\配置文件.ini
2026-05-17 17:59:15,908 - baseUtils.py - INFO - 配置文件读取成功：E:\develop\PythonProject\OrangeHRM\Config\配置文件.ini
2026-05-17 17:59:18,399 - 02修改员工信息.yaml - INFO - ✅ 点击个人信息管理系统
2026-05-17 17:59:23,528 - 02修改员工信息.yaml - INFO - 点击删除按钮
2026-05-17 17:59:51,155 - conftest.py - INFO - ✅ 浏览器驱动已退出
