2026-05-29 18:03:30,770 - baseUtils.py - INFO - 配置文件读取成功：E:\develop\PythonProject\OrangeHRM\Config\配置文件.ini
2026-05-29 18:03:30,771 - globalManager.py - INFO - 全局变量管理器初始化成功
2026-05-29 18:03:30,981 - baseUtils.py - INFO - 配置文件读取成功：E:\develop\PythonProject\OrangeHRM\Config\配置文件.ini
2026-05-29 18:03:31,271 - web_login_page.py - INFO - 断言成功
2026-05-29 18:03:31,273 - baseUtils.py - INFO - 配置文件读取成功：E:\develop\PythonProject\OrangeHRM\Config\配置文件.ini
2026-05-29 18:03:31,275 - baseData.py - INFO - 数据驱动读取成功：01登录接口
2026-05-29 18:03:31,451 - baseUtils.py - INFO - 配置文件读取成功：E:\develop\PythonProject\OrangeHRM\Config\配置文件.ini
2026-05-29 18:03:31,461 - baseDB.py - INFO - ✅ MySQL 数据库连接成功
2026-05-29 18:03:31,461 - conftest.py - INFO - ✅ conftest：获取数据库连接（MysqlHelp）
2026-05-29 18:03:31,463 - baseUtils.py - INFO - 配置文件读取成功：E:\develop\PythonProject\OrangeHRM\Config\配置文件.ini
2026-05-29 18:03:31,566 - baseAutoHttp.py - INFO - 【03新增员工:add_employee_api】接口调用开始
2026-05-29 18:03:31,568 - baseData.py - INFO - 动态参数替换成功：{'token': '9688214506c06e6.bnomc3_ijgH6rBR3_4HS4YxsIMHLqfahTTDOvMKqXqw.PwxIPQuN_HGS5ywdrOfkr_keFPGjzZv7B3a0yInwGJsENU4YK6r_bZnEQQ', 'firstName': 'John', 'lastName': 'Doe', 'employeeId': 1001}
2026-05-29 18:03:31,568 - baseAutoHttp.py - INFO - 请求方式: POST
2026-05-29 18:03:31,568 - baseAutoHttp.py - INFO - 请求地址: http://127.0.0.1:8080/web/index.php/api/v2/pim/employees
2026-05-29 18:03:31,568 - baseAutoHttp.py - INFO - 请求头: {'User-Agent': 'Mozilla/5.0 (Windows NT 10.0; Win64; x64) AppleWebKit/537.36 (KHTML, like Gecko) Chrome/148.0.0.0 Safari/537.36', 'Content-Type': 'application/json', 'Accept': 'application/json'}
2026-05-29 18:03:31,568 - baseAutoHttp.py - INFO - 请求参数: params=None | data=None | json={'token': '9688214506c06e6.bnomc3_ijgH6rBR3_4HS4YxsIMHLqfahTTDOvMKqXqw.PwxIPQuN_HGS5ywdrOfkr_keFPGjzZv7B3a0yInwGJsENU4YK6r_bZnEQQ', 'firstName': 'John', 'lastName': 'Doe', 'middleName': '', 'empPicture': None, 'employeeId': '1001'}
2026-05-29 18:03:31,638 - baseAutoHttp.py - INFO - 响应状态码: 401
2026-05-29 18:03:31,638 - baseAutoHttp.py - INFO - 响应耗时: 0.069032s
2026-05-29 18:03:31,638 - baseAutoHttp.py - INFO - 响应JSON: {'error': {'status': 401, 'message': 'Session expired'}}
2026-05-29 18:03:31,638 - baseAutoHttp.py - INFO - 【03新增员工:add_employee_api】接口调用结束

2026-05-29 18:03:32,016 - conftest.py - INFO - 🔌 conftest：数据库连接已关闭
2026-05-29 18:04:33,625 - baseUtils.py - INFO - 配置文件读取成功：E:\develop\PythonProject\OrangeHRM\Config\配置文件.ini
2026-05-29 18:04:33,626 - globalManager.py - INFO - 全局变量管理器初始化成功
2026-05-29 18:04:33,774 - baseUtils.py - INFO - 配置文件读取成功：E:\develop\PythonProject\OrangeHRM\Config\配置文件.ini
2026-05-29 18:04:34,029 - web_login_page.py - INFO - 断言成功
2026-05-29 18:04:34,030 - baseUtils.py - INFO - 配置文件读取成功：E:\develop\PythonProject\OrangeHRM\Config\配置文件.ini
2026-05-29 18:04:34,032 - baseData.py - INFO - 数据驱动读取成功：01登录接口
2026-05-29 18:04:34,206 - baseUtils.py - INFO - 配置文件读取成功：E:\develop\PythonProject\OrangeHRM\Config\配置文件.ini
2026-05-29 18:04:34,216 - baseDB.py - INFO - ✅ MySQL 数据库连接成功
2026-05-29 18:04:34,217 - conftest.py - INFO - ✅ conftest：获取数据库连接（MysqlHelp）
2026-05-29 18:04:34,219 - baseUtils.py - INFO - 配置文件读取成功：E:\develop\PythonProject\OrangeHRM\Config\配置文件.ini
2026-05-29 18:04:34,320 - baseAutoHttp.py - INFO - 【03新增员工:add_employee_api】接口调用开始
2026-05-29 18:04:34,322 - baseData.py - INFO - 动态参数替换成功：{'token': 'cb9e340e682fe159f64443274a622829.X2ekUsDsrw7KUQ9_gtyYJrHsJ29RJpXvREE795S4ZEY.DhTpN6a05ESYJ3k57L_hUPmpbiE3TPyAK3ZMv_iJMCEyBM42q7j1OpUaWg', 'firstName': 'John', 'lastName': 'Doe', 'employeeId': 1001}
2026-05-29 18:04:34,323 - baseAutoHttp.py - INFO - 请求方式: POST
2026-05-29 18:04:34,323 - baseAutoHttp.py - INFO - 请求地址: http://127.0.0.1:8080/web/index.php/api/v2/pim/employees
2026-05-29 18:04:34,323 - baseAutoHttp.py - INFO - 请求头: {'User-Agent': 'Mozilla/5.0 (Windows NT 10.0; Win64; x64) AppleWebKit/537.36 (KHTML, like Gecko) Chrome/148.0.0.0 Safari/537.36', 'Content-Type': 'application/json'}
2026-05-29 18:04:34,323 - baseAutoHttp.py - INFO - 请求参数: params=None | data=None | json={'token': 'cb9e340e682fe159f64443274a622829.X2ekUsDsrw7KUQ9_gtyYJrHsJ29RJpXvREE795S4ZEY.DhTpN6a05ESYJ3k57L_hUPmpbiE3TPyAK3ZMv_iJMCEyBM42q7j1OpUaWg', 'firstName': 'John', 'lastName': 'Doe', 'middleName': '', 'empPicture': None, 'employeeId': '1001'}
2026-05-29 18:04:34,391 - baseAutoHttp.py - INFO - 响应状态码: 401
2026-05-29 18:04:34,391 - baseAutoHttp.py - INFO - 响应耗时: 0.067089s
2026-05-29 18:04:34,392 - baseAutoHttp.py - INFO - 响应JSON: {'error': {'status': 401, 'message': 'Session expired'}}
2026-05-29 18:04:34,392 - baseAutoHttp.py - INFO - 【03新增员工:add_employee_api】接口调用结束

2026-05-29 18:04:34,776 - conftest.py - INFO - 🔌 conftest：数据库连接已关闭
2026-05-29 18:06:17,468 - baseUtils.py - INFO - 配置文件读取成功：E:\develop\PythonProject\OrangeHRM\Config\配置文件.ini
2026-05-29 18:06:17,469 - globalManager.py - INFO - 全局变量管理器初始化成功
2026-05-29 18:06:17,628 - baseUtils.py - INFO - 配置文件读取成功：E:\develop\PythonProject\OrangeHRM\Config\配置文件.ini
2026-05-29 18:06:17,910 - web_login_page.py - INFO - 断言成功
2026-05-29 18:06:17,912 - baseUtils.py - INFO - 配置文件读取成功：E:\develop\PythonProject\OrangeHRM\Config\配置文件.ini
2026-05-29 18:06:17,914 - baseData.py - INFO - 数据驱动读取成功：01登录接口
2026-05-29 18:06:18,089 - baseUtils.py - INFO - 配置文件读取成功：E:\develop\PythonProject\OrangeHRM\Config\配置文件.ini
2026-05-29 18:06:18,098 - baseDB.py - INFO - ✅ MySQL 数据库连接成功
2026-05-29 18:06:18,099 - conftest.py - INFO - ✅ conftest：获取数据库连接（MysqlHelp）
2026-05-29 18:06:18,101 - baseUtils.py - INFO - 配置文件读取成功：E:\develop\PythonProject\OrangeHRM\Config\配置文件.ini
2026-05-29 18:06:18,203 - baseAutoHttp.py - INFO - 【03新增员工:add_employee_api】接口调用开始
2026-05-29 18:06:18,205 - baseData.py - INFO - 动态参数替换成功：{'_token': 'e.wG7lO8XznS00HfCfwhKuEnvUxeQeZ2c_w6-DQfEKdrI.rymHSJDLqxlhdKPU9VHkKy-zlI50Iz5y7vv2K5lQGfuXGchLsIulfgJphw', 'firstName': 'John', 'lastName': 'Doe', 'employeeId': 1001}
2026-05-29 18:06:18,205 - baseAutoHttp.py - INFO - 请求方式: POST
2026-05-29 18:06:18,205 - baseAutoHttp.py - INFO - 请求地址: http://127.0.0.1:8080/web/index.php/api/v2/pim/employees
2026-05-29 18:06:18,205 - baseAutoHttp.py - INFO - 请求头: {'User-Agent': 'Mozilla/5.0 (Windows NT 10.0; Win64; x64) AppleWebKit/537.36 (KHTML, like Gecko) Chrome/148.0.0.0 Safari/537.36', 'Content-Type': 'application/json'}
2026-05-29 18:06:18,205 - baseAutoHttp.py - INFO - 请求参数: params=None | data=None | json={'_token': 'e.wG7lO8XznS00HfCfwhKuEnvUxeQeZ2c_w6-DQfEKdrI.rymHSJDLqxlhdKPU9VHkKy-zlI50Iz5y7vv2K5lQGfuXGchLsIulfgJphw', 'firstName': 'John', 'lastName': 'Doe', 'middleName': '', 'empPicture': None, 'employeeId': '1001'}
2026-05-29 18:06:18,250 - baseAutoHttp.py - INFO - 响应状态码: 401
2026-05-29 18:06:18,250 - baseAutoHttp.py - INFO - 响应耗时: 0.043599s
2026-05-29 18:06:18,250 - baseAutoHttp.py - INFO - 响应JSON: {'error': {'status': 401, 'message': 'Session expired'}}
2026-05-29 18:06:18,250 - baseAutoHttp.py - INFO - 【03新增员工:add_employee_api】接口调用结束

2026-05-29 18:06:18,624 - conftest.py - INFO - 🔌 conftest：数据库连接已关闭
2026-05-29 18:17:27,162 - baseUtils.py - INFO - 配置文件读取成功：E:\develop\PythonProject\OrangeHRM\Config\配置文件.ini
2026-05-29 18:17:27,163 - globalManager.py - INFO - 全局变量管理器初始化成功
2026-05-29 18:17:27,326 - baseUtils.py - INFO - 配置文件读取成功：E:\develop\PythonProject\OrangeHRM\Config\配置文件.ini
2026-05-29 18:17:27,619 - web_login_page.py - INFO - 断言成功
2026-05-29 18:17:27,620 - baseUtils.py - INFO - 配置文件读取成功：E:\develop\PythonProject\OrangeHRM\Config\配置文件.ini
2026-05-29 18:17:27,621 - baseData.py - INFO - 数据驱动读取成功：01登录接口
2026-05-29 18:17:27,792 - baseUtils.py - INFO - 配置文件读取成功：E:\develop\PythonProject\OrangeHRM\Config\配置文件.ini
2026-05-29 18:17:27,801 - baseDB.py - INFO - ✅ MySQL 数据库连接成功
2026-05-29 18:17:27,801 - conftest.py - INFO - ✅ conftest：获取数据库连接（MysqlHelp）
2026-05-29 18:17:27,803 - baseUtils.py - INFO - 配置文件读取成功：E:\develop\PythonProject\OrangeHRM\Config\配置文件.ini
2026-05-29 18:17:27,804 - baseAutoHttp.py - INFO - 【03新增员工:add_employee_api】接口调用开始
2026-05-29 18:17:27,805 - baseData.py - INFO - 动态参数替换成功：{'firstName': 'John', 'lastName': 'Doe', 'employeeId': 1001, 'middleName': '', 'empPicture': None}
2026-05-29 18:17:27,806 - baseAutoHttp.py - INFO - 请求方式: POST
2026-05-29 18:17:27,806 - baseAutoHttp.py - INFO - 请求地址: http://127.0.0.1:8080/web/index.php/api/v2/pim/employees
2026-05-29 18:17:27,806 - baseAutoHttp.py - INFO - 请求头: {'User-Agent': 'Mozilla/5.0 (Windows NT 10.0; Win64; x64) AppleWebKit/537.36 (KHTML, like Gecko) Chrome/148.0.0.0 Safari/537.36', 'Content-Type': 'application/json'}
2026-05-29 18:17:27,806 - baseAutoHttp.py - INFO - 请求参数: params=None | data=None | json={'data': {'firstName': 'John', 'lastName': 'Doe', 'middleName': '', 'empPicture': None, 'employeeId': '1001'}}
2026-05-29 18:17:27,873 - baseAutoHttp.py - INFO - 响应状态码: 401
2026-05-29 18:17:27,873 - baseAutoHttp.py - INFO - 响应耗时: 0.066137s
2026-05-29 18:17:27,873 - baseAutoHttp.py - INFO - 响应JSON: {'error': {'status': 401, 'message': 'Session expired'}}
2026-05-29 18:17:27,873 - baseAutoHttp.py - INFO - 【03新增员工:add_employee_api】接口调用结束

2026-05-29 18:17:28,236 - conftest.py - INFO - 🔌 conftest：数据库连接已关闭
2026-05-29 18:39:45,618 - baseUtils.py - INFO - 配置文件读取成功：E:\develop\PythonProject\OrangeHRM\Config\配置文件.ini
2026-05-29 18:39:45,618 - globalManager.py - INFO - 全局变量管理器初始化成功
2026-05-29 18:39:45,802 - baseUtils.py - INFO - 配置文件读取成功：E:\develop\PythonProject\OrangeHRM\Config\配置文件.ini
2026-05-29 18:39:46,055 - web_login_page.py - INFO - 断言成功
2026-05-29 18:39:46,056 - baseUtils.py - INFO - 配置文件读取成功：E:\develop\PythonProject\OrangeHRM\Config\配置文件.ini
2026-05-29 18:39:46,057 - baseData.py - INFO - 数据驱动读取成功：01登录接口
2026-05-29 18:41:17,958 - baseUtils.py - INFO - 配置文件读取成功：E:\develop\PythonProject\OrangeHRM\Config\配置文件.ini
2026-05-29 18:41:17,959 - globalManager.py - INFO - 全局变量管理器初始化成功
2026-05-29 18:41:18,096 - baseUtils.py - INFO - 配置文件读取成功：E:\develop\PythonProject\OrangeHRM\Config\配置文件.ini
2026-05-29 18:41:18,365 - web_login_page.py - INFO - 断言成功
2026-05-29 18:41:18,367 - baseUtils.py - INFO - 配置文件读取成功：E:\develop\PythonProject\OrangeHRM\Config\配置文件.ini
2026-05-29 18:41:18,369 - baseData.py - INFO - 数据驱动读取成功：01登录接口
