2026-05-19 19:07:35,461 - baseUtils.py - INFO - 配置文件读取成功：E:\develop\PythonProject\OrangeHRM\Config\配置文件.ini
2026-05-19 19:07:35,461 - globalManager.py - INFO - 全局变量管理器初始化成功
2026-05-19 19:07:35,815 - baseUtils.py - INFO - 配置文件读取成功：E:\develop\PythonProject\OrangeHRM\Config\配置文件.ini
2026-05-19 19:07:35,816 - baseData.py - INFO - 数据驱动读取成功：01登录功能
2026-05-19 19:07:35,817 - baseUtils.py - INFO - 配置文件读取成功：E:\develop\PythonProject\OrangeHRM\Config\配置文件.ini
2026-05-19 19:07:35,818 - baseData.py - INFO - 数据驱动读取成功：02修改员工信息功能
2026-05-19 19:07:36,985 - conftest.py - INFO - ✅ 启动浏览器成功：chrome
2026-05-19 19:07:36,986 - baseUtils.py - INFO - 配置文件读取成功：E:\develop\PythonProject\OrangeHRM\Config\配置文件.ini
2026-05-19 19:07:36,986 - 01登录页面元素信息.yaml - INFO - ========== 开始执行 OrangeHRM 登录操作 ==========
2026-05-19 19:07:36,988 - baseUtils.py - INFO - 配置文件读取成功：E:\develop\PythonProject\OrangeHRM\Config\配置文件.ini
2026-05-19 19:07:42,517 - 01登录页面元素信息.yaml - INFO - ========== OrangeHRM 登录操作执行完成 ==========
2026-05-19 19:07:42,520 - baseUtils.py - INFO - 配置文件读取成功：E:\develop\PythonProject\OrangeHRM\Config\配置文件.ini
2026-05-19 19:08:01,709 - conftest.py - INFO - ✅ 浏览器驱动已退出
2026-05-19 19:09:04,453 - baseUtils.py - INFO - 配置文件读取成功：E:\develop\PythonProject\OrangeHRM\Config\配置文件.ini
2026-05-19 19:09:04,454 - globalManager.py - INFO - 全局变量管理器初始化成功
2026-05-19 19:09:04,817 - baseUtils.py - INFO - 配置文件读取成功：E:\develop\PythonProject\OrangeHRM\Config\配置文件.ini
2026-05-19 19:09:04,818 - baseData.py - INFO - 数据驱动读取成功：01登录功能
2026-05-19 19:09:04,819 - baseUtils.py - INFO - 配置文件读取成功：E:\develop\PythonProject\OrangeHRM\Config\配置文件.ini
2026-05-19 19:09:04,820 - baseData.py - INFO - 数据驱动读取成功：02修改员工信息功能
2026-05-19 19:09:05,994 - conftest.py - INFO - ✅ 启动浏览器成功：chrome
2026-05-19 19:09:05,995 - baseUtils.py - INFO - 配置文件读取成功：E:\develop\PythonProject\OrangeHRM\Config\配置文件.ini
2026-05-19 19:09:05,995 - 01登录页面元素信息.yaml - INFO - ========== 开始执行 OrangeHRM 登录操作 ==========
2026-05-19 19:09:05,996 - baseUtils.py - INFO - 配置文件读取成功：E:\develop\PythonProject\OrangeHRM\Config\配置文件.ini
2026-05-19 19:09:12,652 - baseUtils.py - INFO - 配置文件读取成功：E:\develop\PythonProject\OrangeHRM\Config\配置文件.ini
2026-05-19 19:09:12,653 - globalManager.py - INFO - 全局变量管理器初始化成功
2026-05-19 19:09:13,074 - baseUtils.py - INFO - 配置文件读取成功：E:\develop\PythonProject\OrangeHRM\Config\配置文件.ini
2026-05-19 19:09:13,076 - baseData.py - INFO - 数据驱动读取成功：01登录功能
2026-05-19 19:09:13,077 - baseUtils.py - INFO - 配置文件读取成功：E:\develop\PythonProject\OrangeHRM\Config\配置文件.ini
2026-05-19 19:09:13,078 - baseData.py - INFO - 数据驱动读取成功：02修改员工信息功能
2026-05-19 19:09:14,247 - conftest.py - INFO - ✅ 启动浏览器成功：chrome
2026-05-19 19:09:14,248 - baseUtils.py - INFO - 配置文件读取成功：E:\develop\PythonProject\OrangeHRM\Config\配置文件.ini
2026-05-19 19:09:14,249 - 01登录页面元素信息.yaml - INFO - ========== 开始执行 OrangeHRM 登录操作 ==========
2026-05-19 19:09:14,250 - baseUtils.py - INFO - 配置文件读取成功：E:\develop\PythonProject\OrangeHRM\Config\配置文件.ini
2026-05-19 19:09:19,676 - 01登录页面元素信息.yaml - INFO - ========== OrangeHRM 登录操作执行完成 ==========
2026-05-19 19:09:19,679 - baseUtils.py - INFO - 配置文件读取成功：E:\develop\PythonProject\OrangeHRM\Config\配置文件.ini
2026-05-19 19:09:25,190 - baseAutoWeb.py - INFO - ✅ 通用联想下拉选择完成
2026-05-19 19:09:25,906 - baseAutoWeb.py - INFO - ✅ 滚动成功：conservator/add
2026-05-19 19:09:26,398 - baseAutoWeb.py - INFO - 🔍 通用下拉选择：禁用
2026-05-19 19:09:32,837 - baseAutoWeb.py - INFO - ✅ 通用自定义下拉选择成功
2026-05-19 19:09:33,027 - baseUtils.py - INFO - 配置文件读取成功：E:\develop\PythonProject\OrangeHRM\Config\配置文件.ini
2026-05-19 19:09:33,027 - 01登录页面元素信息.yaml - INFO - ========== 开始执行 OrangeHRM 登录操作 ==========
2026-05-19 19:09:33,028 - baseUtils.py - INFO - 配置文件读取成功：E:\develop\PythonProject\OrangeHRM\Config\配置文件.ini
2026-05-19 19:09:46,654 - baseAutoWeb.py - WARNING - ⚠️ 第1次点击失败，0.5秒后重试... 错误：Message: 
Stacktrace:
	chromedriver!GetHandleVerifier [0x7ff726c00295+146d5]
	chromedriver!GetHandle
2026-05-19 19:09:58,192 - baseAutoWeb.py - WARNING - ⚠️ 第2次点击失败，0.5秒后重试... 错误：Message: 
Stacktrace:
	chromedriver!GetHandleVerifier [0x7ff726c00295+146d5]
	chromedriver!GetHandle
2026-05-19 19:10:09,741 - baseAutoWeb.py - WARNING - ⚠️ 普通点击全部失败，尝试JS点击... 最后一次错误：Message: 
Stacktrace:
	chromedriver!GetHandleVerifier [0x7ff726c00295+146d5]
	chromedriver!GetHandle
2026-05-19 19:10:20,781 - baseAutoWeb.py - ERROR - ❌ JS点击也失败：login/username，错误：Message: 
Stacktrace:
	chromedriver!GetHandleVerifier [0x7ff726c00295+146d5]
	chromedriver!GetHandleVerifier [0x7ff726c00300+14740]
	chromedriver!(No symbol) [0x7ff72696d7cd]
	chromedriver!(No symbol) [0x7ff7269c6c4e]
	chromedriver!(No symbol) [0x7ff7269c6f5c]
	chromedriver!(No symbol) [0x7ff726a17cc7]
	chromedriver!(No symbol) [0x7ff726a14818]
	chromedriver!(No symbol) [0x7ff7269b9018]
	chromedriver!(No symbol) [0x7ff7269b9f03]
	chromedriver!GetHandleVerifier [0x7ff726f15949+329d89]
	chromedriver!GetHandleVerifier [0x7ff726f0fe96+3242d6]
	chromedriver!GetHandleVerifier [0x7ff726f33102+347542]
	chromedriver!GetHandleVerifier [0x7ff726c1d425+31865]
	chromedriver!GetHandleVerifier [0x7ff726c2605c+3a49c]
	chromedriver!GetHandleVerifier [0x7ff726c09684+1dac4]
	chromedriver!GetHandleVerifier [0x7ff726c09836+1dc76]
	chromedriver!GetHandleVerifier [0x7ff726bee347+2787]
	KERNEL32!BaseThreadInitThunk [0x7ffc4a11e8d7+17]
	ntdll!RtlUserThreadStart [0x7ffc4b40c3fc+2c]

2026-05-19 19:10:20,782 - baseAutoWeb.py - ERROR - 执行click操作失败，元素：login/username，错误：Message: 
Stacktrace:
	chromedriver!GetHandleVerifier [0x7ff726c00295+146d5]
	chromedriver!GetHandleVerifier [0x7ff726c00300+14740]
	chromedriver!(No symbol) [0x7ff72696d7cd]
	chromedriver!(No symbol) [0x7ff7269c6c4e]
	chromedriver!(No symbol) [0x7ff7269c6f5c]
	chromedriver!(No symbol) [0x7ff726a17cc7]
	chromedriver!(No symbol) [0x7ff726a14818]
	chromedriver!(No symbol) [0x7ff7269b9018]
	chromedriver!(No symbol) [0x7ff7269b9f03]
	chromedriver!GetHandleVerifier [0x7ff726f15949+329d89]
	chromedriver!GetHandleVerifier [0x7ff726f0fe96+3242d6]
	chromedriver!GetHandleVerifier [0x7ff726f33102+347542]
	chromedriver!GetHandleVerifier [0x7ff726c1d425+31865]
	chromedriver!GetHandleVerifier [0x7ff726c2605c+3a49c]
	chromedriver!GetHandleVerifier [0x7ff726c09684+1dac4]
	chromedriver!GetHandleVerifier [0x7ff726c09836+1dc76]
	chromedriver!GetHandleVerifier [0x7ff726bee347+2787]
	KERNEL32!BaseThreadInitThunk [0x7ffc4a11e8d7+17]
	ntdll!RtlUserThreadStart [0x7ffc4b40c3fc+2c]

2026-05-19 19:10:23,414 - conftest.py - INFO - ✅ 浏览器驱动已退出
2026-05-19 19:19:05,871 - baseUtils.py - INFO - 配置文件读取成功：E:\develop\PythonProject\OrangeHRM\Config\配置文件.ini
2026-05-19 19:19:05,871 - globalManager.py - INFO - 全局变量管理器初始化成功
2026-05-19 19:19:06,277 - baseUtils.py - INFO - 配置文件读取成功：E:\develop\PythonProject\OrangeHRM\Config\配置文件.ini
2026-05-19 19:19:06,279 - baseData.py - INFO - 数据驱动读取成功：01登录功能
2026-05-19 19:19:06,280 - baseUtils.py - INFO - 配置文件读取成功：E:\develop\PythonProject\OrangeHRM\Config\配置文件.ini
2026-05-19 19:19:06,281 - baseData.py - INFO - 数据驱动读取成功：02修改员工信息功能
2026-05-19 19:19:07,442 - conftest.py - INFO - ✅ 启动浏览器成功：chrome
2026-05-19 19:19:07,444 - baseUtils.py - INFO - 配置文件读取成功：E:\develop\PythonProject\OrangeHRM\Config\配置文件.ini
2026-05-19 19:19:07,444 - 01登录页面元素信息.yaml - INFO - ========== 开始执行 OrangeHRM 登录操作 ==========
2026-05-19 19:19:07,446 - baseUtils.py - INFO - 配置文件读取成功：E:\develop\PythonProject\OrangeHRM\Config\配置文件.ini
2026-05-19 19:19:12,914 - 01登录页面元素信息.yaml - INFO - ========== OrangeHRM 登录操作执行完成 ==========
2026-05-19 19:19:12,917 - baseUtils.py - INFO - 配置文件读取成功：E:\develop\PythonProject\OrangeHRM\Config\配置文件.ini
2026-05-19 19:19:18,011 - baseAutoWeb.py - INFO - 🔍 通用下拉选择：ESS
2026-05-19 19:19:24,139 - baseAutoWeb.py - INFO - ✅ 通用自定义下拉选择成功
2026-05-19 19:19:26,365 - baseAutoWeb.py - INFO - ✅ 通用联想下拉选择完成
2026-05-19 19:19:26,366 - baseAutoWeb.py - INFO - 🔍 通用下拉选择：启用
2026-05-19 19:19:32,287 - baseAutoWeb.py - INFO - ✅ 通用自定义下拉选择成功
2026-05-19 19:19:38,925 - baseUtils.py - INFO - 配置文件读取成功：E:\develop\PythonProject\OrangeHRM\Config\配置文件.ini
2026-05-19 19:19:43,520 - conftest.py - INFO - ✅ 浏览器驱动已退出
2026-05-19 19:20:11,385 - baseUtils.py - INFO - 配置文件读取成功：E:\develop\PythonProject\OrangeHRM\Config\配置文件.ini
2026-05-19 19:20:11,386 - globalManager.py - INFO - 全局变量管理器初始化成功
2026-05-19 19:20:11,695 - baseUtils.py - INFO - 配置文件读取成功：E:\develop\PythonProject\OrangeHRM\Config\配置文件.ini
2026-05-19 19:20:11,696 - baseData.py - INFO - 数据驱动读取成功：01登录功能
2026-05-19 19:20:11,697 - baseUtils.py - INFO - 配置文件读取成功：E:\develop\PythonProject\OrangeHRM\Config\配置文件.ini
2026-05-19 19:20:11,698 - baseData.py - INFO - 数据驱动读取成功：02修改员工信息功能
2026-05-19 19:20:12,876 - conftest.py - INFO - ✅ 启动浏览器成功：chrome
2026-05-19 19:20:12,878 - baseUtils.py - INFO - 配置文件读取成功：E:\develop\PythonProject\OrangeHRM\Config\配置文件.ini
2026-05-19 19:20:12,878 - 01登录页面元素信息.yaml - INFO - ========== 开始执行 OrangeHRM 登录操作 ==========
2026-05-19 19:20:12,879 - baseUtils.py - INFO - 配置文件读取成功：E:\develop\PythonProject\OrangeHRM\Config\配置文件.ini
2026-05-19 19:20:18,291 - 01登录页面元素信息.yaml - INFO - ========== OrangeHRM 登录操作执行完成 ==========
2026-05-19 19:20:18,293 - baseUtils.py - INFO - 配置文件读取成功：E:\develop\PythonProject\OrangeHRM\Config\配置文件.ini
2026-05-19 19:20:23,617 - baseAutoWeb.py - INFO - ✅ 通用联想下拉选择完成
2026-05-19 19:20:24,329 - baseAutoWeb.py - INFO - ✅ 滚动成功：conservator/add
2026-05-19 19:20:24,814 - baseAutoWeb.py - INFO - 🔍 通用下拉选择：禁用
2026-05-19 19:20:31,267 - baseAutoWeb.py - INFO - ✅ 通用自定义下拉选择成功
2026-05-19 19:20:32,332 - baseAutoWeb.py - INFO - ✅ 顶部导航选中：登出
2026-05-19 19:20:32,334 - baseUtils.py - INFO - 配置文件读取成功：E:\develop\PythonProject\OrangeHRM\Config\配置文件.ini
2026-05-19 19:20:32,335 - 01登录页面元素信息.yaml - INFO - ========== 开始执行 OrangeHRM 登录操作 ==========
2026-05-19 19:20:32,336 - baseUtils.py - INFO - 配置文件读取成功：E:\develop\PythonProject\OrangeHRM\Config\配置文件.ini
2026-05-19 19:20:46,011 - baseAutoWeb.py - WARNING - ⚠️ 第1次点击失败，0.5秒后重试... 错误：Message: 
Stacktrace:
	chromedriver!GetHandleVerifier [0x7ff726c00295+146d5]
	chromedriver!GetHandle
2026-05-19 19:20:57,586 - baseAutoWeb.py - WARNING - ⚠️ 第2次点击失败，0.5秒后重试... 错误：Message: 
Stacktrace:
	chromedriver!GetHandleVerifier [0x7ff726c00295+146d5]
	chromedriver!GetHandle
2026-05-19 19:21:09,188 - baseAutoWeb.py - WARNING - ⚠️ 普通点击全部失败，尝试JS点击... 最后一次错误：Message: 
Stacktrace:
	chromedriver!GetHandleVerifier [0x7ff726c00295+146d5]
	chromedriver!GetHandle
2026-05-19 19:21:20,278 - baseAutoWeb.py - ERROR - ❌ JS点击也失败：login/username，错误：Message: 
Stacktrace:
	chromedriver!GetHandleVerifier [0x7ff726c00295+146d5]
	chromedriver!GetHandleVerifier [0x7ff726c00300+14740]
	chromedriver!(No symbol) [0x7ff72696d7cd]
	chromedriver!(No symbol) [0x7ff7269c6c4e]
	chromedriver!(No symbol) [0x7ff7269c6f5c]
	chromedriver!(No symbol) [0x7ff726a17cc7]
	chromedriver!(No symbol) [0x7ff726a14818]
	chromedriver!(No symbol) [0x7ff7269b9018]
	chromedriver!(No symbol) [0x7ff7269b9f03]
	chromedriver!GetHandleVerifier [0x7ff726f15949+329d89]
	chromedriver!GetHandleVerifier [0x7ff726f0fe96+3242d6]
	chromedriver!GetHandleVerifier [0x7ff726f33102+347542]
	chromedriver!GetHandleVerifier [0x7ff726c1d425+31865]
	chromedriver!GetHandleVerifier [0x7ff726c2605c+3a49c]
	chromedriver!GetHandleVerifier [0x7ff726c09684+1dac4]
	chromedriver!GetHandleVerifier [0x7ff726c09836+1dc76]
	chromedriver!GetHandleVerifier [0x7ff726bee347+2787]
	KERNEL32!BaseThreadInitThunk [0x7ffc4a11e8d7+17]
	ntdll!RtlUserThreadStart [0x7ffc4b40c3fc+2c]

2026-05-19 19:21:20,278 - baseAutoWeb.py - ERROR - 执行click操作失败，元素：login/username，错误：Message: 
Stacktrace:
	chromedriver!GetHandleVerifier [0x7ff726c00295+146d5]
	chromedriver!GetHandleVerifier [0x7ff726c00300+14740]
	chromedriver!(No symbol) [0x7ff72696d7cd]
	chromedriver!(No symbol) [0x7ff7269c6c4e]
	chromedriver!(No symbol) [0x7ff7269c6f5c]
	chromedriver!(No symbol) [0x7ff726a17cc7]
	chromedriver!(No symbol) [0x7ff726a14818]
	chromedriver!(No symbol) [0x7ff7269b9018]
	chromedriver!(No symbol) [0x7ff7269b9f03]
	chromedriver!GetHandleVerifier [0x7ff726f15949+329d89]
	chromedriver!GetHandleVerifier [0x7ff726f0fe96+3242d6]
	chromedriver!GetHandleVerifier [0x7ff726f33102+347542]
	chromedriver!GetHandleVerifier [0x7ff726c1d425+31865]
	chromedriver!GetHandleVerifier [0x7ff726c2605c+3a49c]
	chromedriver!GetHandleVerifier [0x7ff726c09684+1dac4]
	chromedriver!GetHandleVerifier [0x7ff726c09836+1dc76]
	chromedriver!GetHandleVerifier [0x7ff726bee347+2787]
	KERNEL32!BaseThreadInitThunk [0x7ffc4a11e8d7+17]
	ntdll!RtlUserThreadStart [0x7ffc4b40c3fc+2c]

2026-05-19 19:21:22,986 - conftest.py - INFO - ✅ 浏览器驱动已退出
2026-05-19 19:21:29,528 - baseUtils.py - INFO - 配置文件读取成功：E:\develop\PythonProject\OrangeHRM\Config\配置文件.ini
2026-05-19 19:21:29,528 - globalManager.py - INFO - 全局变量管理器初始化成功
2026-05-19 19:21:29,847 - baseUtils.py - INFO - 配置文件读取成功：E:\develop\PythonProject\OrangeHRM\Config\配置文件.ini
2026-05-19 19:21:29,849 - baseData.py - INFO - 数据驱动读取成功：01登录功能
2026-05-19 19:21:29,850 - baseUtils.py - INFO - 配置文件读取成功：E:\develop\PythonProject\OrangeHRM\Config\配置文件.ini
2026-05-19 19:21:29,851 - baseData.py - INFO - 数据驱动读取成功：02修改员工信息功能
2026-05-19 19:21:31,013 - conftest.py - INFO - ✅ 启动浏览器成功：chrome
2026-05-19 19:21:31,016 - baseUtils.py - INFO - 配置文件读取成功：E:\develop\PythonProject\OrangeHRM\Config\配置文件.ini
2026-05-19 19:21:31,016 - 01登录页面元素信息.yaml - INFO - ========== 开始执行 OrangeHRM 登录操作 ==========
2026-05-19 19:21:31,018 - baseUtils.py - INFO - 配置文件读取成功：E:\develop\PythonProject\OrangeHRM\Config\配置文件.ini
2026-05-19 19:21:36,503 - 01登录页面元素信息.yaml - INFO - ========== OrangeHRM 登录操作执行完成 ==========
2026-05-19 19:21:36,505 - baseUtils.py - INFO - 配置文件读取成功：E:\develop\PythonProject\OrangeHRM\Config\配置文件.ini
2026-05-19 19:21:42,018 - baseAutoWeb.py - INFO - ✅ 通用联想下拉选择完成
2026-05-19 19:21:42,730 - baseAutoWeb.py - INFO - ✅ 滚动成功：conservator/add
2026-05-19 19:21:43,188 - baseAutoWeb.py - INFO - 🔍 通用下拉选择：禁用
2026-05-19 19:21:44,445 - baseAutoWeb.py - INFO - ✅ 通用自定义下拉选择成功
2026-05-19 19:21:47,508 - baseAutoWeb.py - INFO - ✅ 顶部导航选中：登出
2026-05-19 19:21:50,511 - baseUtils.py - INFO - 配置文件读取成功：E:\develop\PythonProject\OrangeHRM\Config\配置文件.ini
2026-05-19 19:21:50,511 - 01登录页面元素信息.yaml - INFO - ========== 开始执行 OrangeHRM 登录操作 ==========
2026-05-19 19:21:50,512 - baseUtils.py - INFO - 配置文件读取成功：E:\develop\PythonProject\OrangeHRM\Config\配置文件.ini
2026-05-19 19:22:04,140 - baseAutoWeb.py - WARNING - ⚠️ 第1次点击失败，0.5秒后重试... 错误：Message: 
Stacktrace:
	chromedriver!GetHandleVerifier [0x7ff726c00295+146d5]
	chromedriver!GetHandle
2026-05-19 19:22:15,760 - baseAutoWeb.py - WARNING - ⚠️ 第2次点击失败，0.5秒后重试... 错误：Message: 
Stacktrace:
	chromedriver!GetHandleVerifier [0x7ff726c00295+146d5]
	chromedriver!GetHandle
2026-05-19 19:22:25,159 - baseAutoWeb.py - ERROR - 执行click操作失败，元素：login/username，错误：Message: invalid session id: session deleted as the browser has closed the connection
from disconnected: unable to send message to renderer
  (Session info: chrome=148.0.7778.168)
Stacktrace:
	chromedriver!GetHandleVerifier [0x7ff726c00295+146d5]
	chromedriver!GetHandleVerifier [0x7ff726c00300+14740]
	chromedriver!(No symbol) [0x7ff72696d7cd]
	chromedriver!(No symbol) [0x7ff726958e90]
	chromedriver!(No symbol) [0x7ff726958dec]
	chromedriver!(No symbol) [0x7ff726957649]
	chromedriver!(No symbol) [0x7ff7269581ff]
	chromedriver!(No symbol) [0x7ff7269730d6]
	chromedriver!(No symbol) [0x7ff726973c1b]
	chromedriver!(No symbol) [0x7ff726978875]
	chromedriver!(No symbol) [0x7ff72697893f]
	chromedriver!(No symbol) [0x7ff7269c63ce]
	chromedriver!(No symbol) [0x7ff7269c6f5c]
	chromedriver!(No symbol) [0x7ff726a17cc7]
	chromedriver!(No symbol) [0x7ff726a14818]
	chromedriver!(No symbol) [0x7ff7269b9018]
	chromedriver!(No symbol) [0x7ff7269b9f03]
	chromedriver!GetHandleVerifier [0x7ff726f15949+329d89]
	chromedriver!GetHandleVerifier [0x7ff726f0fe96+3242d6]
	chromedriver!GetHandleVerifier [0x7ff726f33102+347542]
	chromedriver!GetHandleVerifier [0x7ff726c1d425+31865]
	chromedriver!GetHandleVerifier [0x7ff726c2605c+3a49c]
	chromedriver!GetHandleVerifier [0x7ff726c09684+1dac4]
	chromedriver!GetHandleVerifier [0x7ff726c09836+1dc76]
	chromedriver!GetHandleVerifier [0x7ff726bee347+2787]
	KERNEL32!BaseThreadInitThunk [0x7ffc4a11e8d7+17]
	ntdll!RtlUserThreadStart [0x7ffc4b40c3fc+2c]

2026-05-19 19:22:25,368 - conftest.py - ERROR - Web截图异常：Message: invalid session id
Stacktrace:
	chromedriver!GetHandleVerifier [0x7ff726c00295+146d5]
	chromedriver!GetHandleVerifier [0x7ff726c00300+14740]
	chromedriver!(No symbol) [0x7ff72696d5b6]
	chromedriver!(No symbol) [0x7ff7269b8093]
	chromedriver!(No symbol) [0x7ff7269efe72]
	chromedriver!(No symbol) [0x7ff7269ea0d1]
	chromedriver!(No symbol) [0x7ff7269e9383]
	chromedriver!(No symbol) [0x7ff7269360b5]
	chromedriver!GetHandleVerifier [0x7ff726f15949+329d89]
	chromedriver!GetHandleVerifier [0x7ff726f0fe96+3242d6]
	chromedriver!GetHandleVerifier [0x7ff726f33102+347542]
	chromedriver!GetHandleVerifier [0x7ff726c1d425+31865]
	chromedriver!GetHandleVerifier [0x7ff726c2605c+3a49c]
	chromedriver!(No symbol) [0x7ff726934e4a]
	chromedriver!GetHandleVerifier [0x7ff727072118+486558]
	KERNEL32!BaseThreadInitThunk [0x7ffc4a11e8d7+17]
	ntdll!RtlUserThreadStart [0x7ffc4b40c3fc+2c]

2026-05-19 19:22:27,441 - conftest.py - INFO - ✅ 浏览器驱动已退出
2026-05-19 19:29:13,829 - baseUtils.py - INFO - 配置文件读取成功：E:\develop\PythonProject\OrangeHRM\Config\配置文件.ini
2026-05-19 19:29:13,829 - globalManager.py - INFO - 全局变量管理器初始化成功
2026-05-19 19:29:14,272 - baseUtils.py - INFO - 配置文件读取成功：E:\develop\PythonProject\OrangeHRM\Config\配置文件.ini
2026-05-19 19:29:14,273 - baseData.py - INFO - 数据驱动读取成功：01登录功能
2026-05-19 19:29:14,274 - baseUtils.py - INFO - 配置文件读取成功：E:\develop\PythonProject\OrangeHRM\Config\配置文件.ini
2026-05-19 19:29:14,275 - baseData.py - INFO - 数据驱动读取成功：02修改员工信息功能
2026-05-19 19:29:15,444 - conftest.py - INFO - ✅ 启动浏览器成功：chrome
2026-05-19 19:29:15,446 - baseUtils.py - INFO - 配置文件读取成功：E:\develop\PythonProject\OrangeHRM\Config\配置文件.ini
2026-05-19 19:29:15,447 - 01登录页面元素信息.yaml - INFO - ========== 开始执行 OrangeHRM 登录操作 ==========
2026-05-19 19:29:15,448 - baseUtils.py - INFO - 配置文件读取成功：E:\develop\PythonProject\OrangeHRM\Config\配置文件.ini
2026-05-19 19:29:20,943 - 01登录页面元素信息.yaml - INFO - ========== OrangeHRM 登录操作执行完成 ==========
2026-05-19 19:29:20,945 - baseUtils.py - INFO - 配置文件读取成功：E:\develop\PythonProject\OrangeHRM\Config\配置文件.ini
2026-05-19 19:29:26,469 - baseAutoWeb.py - INFO - ✅ 通用联想下拉选择完成
2026-05-19 19:29:27,180 - baseAutoWeb.py - INFO - ✅ 滚动成功：conservator/add
2026-05-19 19:29:27,681 - baseAutoWeb.py - INFO - 🔍 通用下拉选择：禁用
2026-05-19 19:29:28,944 - baseAutoWeb.py - INFO - ✅ 通用自定义下拉选择成功
2026-05-19 19:29:32,212 - baseAutoWeb.py - INFO - ✅ 导航下拉选择：登出
2026-05-19 19:29:35,214 - baseUtils.py - INFO - 配置文件读取成功：E:\develop\PythonProject\OrangeHRM\Config\配置文件.ini
2026-05-19 19:29:35,214 - 01登录页面元素信息.yaml - INFO - ========== 开始执行 OrangeHRM 登录操作 ==========
2026-05-19 19:29:35,215 - baseUtils.py - INFO - 配置文件读取成功：E:\develop\PythonProject\OrangeHRM\Config\配置文件.ini
2026-05-19 19:29:48,813 - baseAutoWeb.py - WARNING - ⚠️ 第1次点击失败，0.5秒后重试... 错误：Message: 
Stacktrace:
	chromedriver!GetHandleVerifier [0x7ff726c00295+146d5]
	chromedriver!GetHandle
2026-05-19 19:30:00,393 - baseAutoWeb.py - WARNING - ⚠️ 第2次点击失败，0.5秒后重试... 错误：Message: 
Stacktrace:
	chromedriver!GetHandleVerifier [0x7ff726c00295+146d5]
	chromedriver!GetHandle
2026-05-19 19:30:12,007 - baseAutoWeb.py - WARNING - ⚠️ 普通点击全部失败，尝试JS点击... 最后一次错误：Message: 
Stacktrace:
	chromedriver!GetHandleVerifier [0x7ff726c00295+146d5]
	chromedriver!GetHandle
2026-05-19 19:30:23,091 - baseAutoWeb.py - ERROR - ❌ JS点击也失败：login/username，错误：Message: 
Stacktrace:
	chromedriver!GetHandleVerifier [0x7ff726c00295+146d5]
	chromedriver!GetHandleVerifier [0x7ff726c00300+14740]
	chromedriver!(No symbol) [0x7ff72696d7cd]
	chromedriver!(No symbol) [0x7ff7269c6c4e]
	chromedriver!(No symbol) [0x7ff7269c6f5c]
	chromedriver!(No symbol) [0x7ff726a17cc7]
	chromedriver!(No symbol) [0x7ff726a14818]
	chromedriver!(No symbol) [0x7ff7269b9018]
	chromedriver!(No symbol) [0x7ff7269b9f03]
	chromedriver!GetHandleVerifier [0x7ff726f15949+329d89]
	chromedriver!GetHandleVerifier [0x7ff726f0fe96+3242d6]
	chromedriver!GetHandleVerifier [0x7ff726f33102+347542]
	chromedriver!GetHandleVerifier [0x7ff726c1d425+31865]
	chromedriver!GetHandleVerifier [0x7ff726c2605c+3a49c]
	chromedriver!GetHandleVerifier [0x7ff726c09684+1dac4]
	chromedriver!GetHandleVerifier [0x7ff726c09836+1dc76]
	chromedriver!GetHandleVerifier [0x7ff726bee347+2787]
	KERNEL32!BaseThreadInitThunk [0x7ffc4a11e8d7+17]
	ntdll!RtlUserThreadStart [0x7ffc4b40c3fc+2c]

2026-05-19 19:30:23,092 - baseAutoWeb.py - ERROR - 执行click操作失败，元素：login/username，错误：Message: 
Stacktrace:
	chromedriver!GetHandleVerifier [0x7ff726c00295+146d5]
	chromedriver!GetHandleVerifier [0x7ff726c00300+14740]
	chromedriver!(No symbol) [0x7ff72696d7cd]
	chromedriver!(No symbol) [0x7ff7269c6c4e]
	chromedriver!(No symbol) [0x7ff7269c6f5c]
	chromedriver!(No symbol) [0x7ff726a17cc7]
	chromedriver!(No symbol) [0x7ff726a14818]
	chromedriver!(No symbol) [0x7ff7269b9018]
	chromedriver!(No symbol) [0x7ff7269b9f03]
	chromedriver!GetHandleVerifier [0x7ff726f15949+329d89]
	chromedriver!GetHandleVerifier [0x7ff726f0fe96+3242d6]
	chromedriver!GetHandleVerifier [0x7ff726f33102+347542]
	chromedriver!GetHandleVerifier [0x7ff726c1d425+31865]
	chromedriver!GetHandleVerifier [0x7ff726c2605c+3a49c]
	chromedriver!GetHandleVerifier [0x7ff726c09684+1dac4]
	chromedriver!GetHandleVerifier [0x7ff726c09836+1dc76]
	chromedriver!GetHandleVerifier [0x7ff726bee347+2787]
	KERNEL32!BaseThreadInitThunk [0x7ffc4a11e8d7+17]
	ntdll!RtlUserThreadStart [0x7ffc4b40c3fc+2c]

2026-05-19 19:30:25,749 - conftest.py - INFO - ✅ 浏览器驱动已退出
2026-05-19 19:33:26,278 - baseUtils.py - INFO - 配置文件读取成功：E:\develop\PythonProject\OrangeHRM\Config\配置文件.ini
2026-05-19 19:33:26,279 - globalManager.py - INFO - 全局变量管理器初始化成功
2026-05-19 19:33:26,710 - baseUtils.py - INFO - 配置文件读取成功：E:\develop\PythonProject\OrangeHRM\Config\配置文件.ini
2026-05-19 19:33:26,712 - baseData.py - INFO - 数据驱动读取成功：01登录功能
2026-05-19 19:33:26,713 - baseUtils.py - INFO - 配置文件读取成功：E:\develop\PythonProject\OrangeHRM\Config\配置文件.ini
2026-05-19 19:33:26,714 - baseData.py - INFO - 数据驱动读取成功：02修改员工信息功能
2026-05-19 19:33:27,873 - conftest.py - INFO - ✅ 启动浏览器成功：chrome
2026-05-19 19:33:27,875 - baseUtils.py - INFO - 配置文件读取成功：E:\develop\PythonProject\OrangeHRM\Config\配置文件.ini
2026-05-19 19:33:27,875 - 01登录页面元素信息.yaml - INFO - ========== 开始执行 OrangeHRM 登录操作 ==========
2026-05-19 19:33:27,876 - baseUtils.py - INFO - 配置文件读取成功：E:\develop\PythonProject\OrangeHRM\Config\配置文件.ini
2026-05-19 19:33:33,303 - 01登录页面元素信息.yaml - INFO - ========== OrangeHRM 登录操作执行完成 ==========
2026-05-19 19:33:33,305 - baseUtils.py - INFO - 配置文件读取成功：E:\develop\PythonProject\OrangeHRM\Config\配置文件.ini
2026-05-19 19:33:38,818 - baseAutoWeb.py - INFO - ✅ 通用联想下拉选择完成
2026-05-19 19:33:39,532 - baseAutoWeb.py - INFO - ✅ 滚动成功：conservator/add
2026-05-19 19:33:40,033 - baseAutoWeb.py - INFO - 🔍 通用下拉选择：禁用
2026-05-19 19:33:46,486 - baseAutoWeb.py - INFO - ✅ 通用自定义下拉选择成功
2026-05-19 19:33:49,752 - baseAutoWeb.py - INFO - ✅ 登出成功
2026-05-19 19:33:52,754 - baseUtils.py - INFO - 配置文件读取成功：E:\develop\PythonProject\OrangeHRM\Config\配置文件.ini
2026-05-19 19:33:52,755 - 01登录页面元素信息.yaml - INFO - ========== 开始执行 OrangeHRM 登录操作 ==========
2026-05-19 19:33:52,755 - baseUtils.py - INFO - 配置文件读取成功：E:\develop\PythonProject\OrangeHRM\Config\配置文件.ini
2026-05-19 19:34:06,345 - baseAutoWeb.py - WARNING - ⚠️ 第1次点击失败，0.5秒后重试... 错误：Message: 
Stacktrace:
	chromedriver!GetHandleVerifier [0x7ff726c00295+146d5]
	chromedriver!GetHandle
2026-05-19 19:34:17,933 - baseAutoWeb.py - WARNING - ⚠️ 第2次点击失败，0.5秒后重试... 错误：Message: 
Stacktrace:
	chromedriver!GetHandleVerifier [0x7ff726c00295+146d5]
	chromedriver!GetHandle
2026-05-19 19:34:29,544 - baseAutoWeb.py - WARNING - ⚠️ 普通点击全部失败，尝试JS点击... 最后一次错误：Message: 
Stacktrace:
	chromedriver!GetHandleVerifier [0x7ff726c00295+146d5]
	chromedriver!GetHandle
2026-05-19 19:34:40,561 - baseAutoWeb.py - ERROR - ❌ JS点击也失败：login/username，错误：Message: 
Stacktrace:
	chromedriver!GetHandleVerifier [0x7ff726c00295+146d5]
	chromedriver!GetHandleVerifier [0x7ff726c00300+14740]
	chromedriver!(No symbol) [0x7ff72696d7cd]
	chromedriver!(No symbol) [0x7ff7269c6c4e]
	chromedriver!(No symbol) [0x7ff7269c6f5c]
	chromedriver!(No symbol) [0x7ff726a17cc7]
	chromedriver!(No symbol) [0x7ff726a14818]
	chromedriver!(No symbol) [0x7ff7269b9018]
	chromedriver!(No symbol) [0x7ff7269b9f03]
	chromedriver!GetHandleVerifier [0x7ff726f15949+329d89]
	chromedriver!GetHandleVerifier [0x7ff726f0fe96+3242d6]
	chromedriver!GetHandleVerifier [0x7ff726f33102+347542]
	chromedriver!GetHandleVerifier [0x7ff726c1d425+31865]
	chromedriver!GetHandleVerifier [0x7ff726c2605c+3a49c]
	chromedriver!GetHandleVerifier [0x7ff726c09684+1dac4]
	chromedriver!GetHandleVerifier [0x7ff726c09836+1dc76]
	chromedriver!GetHandleVerifier [0x7ff726bee347+2787]
	KERNEL32!BaseThreadInitThunk [0x7ffc4a11e8d7+17]
	ntdll!RtlUserThreadStart [0x7ffc4b40c3fc+2c]

2026-05-19 19:34:40,561 - baseAutoWeb.py - ERROR - 执行click操作失败，元素：login/username，错误：Message: 
Stacktrace:
	chromedriver!GetHandleVerifier [0x7ff726c00295+146d5]
	chromedriver!GetHandleVerifier [0x7ff726c00300+14740]
	chromedriver!(No symbol) [0x7ff72696d7cd]
	chromedriver!(No symbol) [0x7ff7269c6c4e]
	chromedriver!(No symbol) [0x7ff7269c6f5c]
	chromedriver!(No symbol) [0x7ff726a17cc7]
	chromedriver!(No symbol) [0x7ff726a14818]
	chromedriver!(No symbol) [0x7ff7269b9018]
	chromedriver!(No symbol) [0x7ff7269b9f03]
	chromedriver!GetHandleVerifier [0x7ff726f15949+329d89]
	chromedriver!GetHandleVerifier [0x7ff726f0fe96+3242d6]
	chromedriver!GetHandleVerifier [0x7ff726f33102+347542]
	chromedriver!GetHandleVerifier [0x7ff726c1d425+31865]
	chromedriver!GetHandleVerifier [0x7ff726c2605c+3a49c]
	chromedriver!GetHandleVerifier [0x7ff726c09684+1dac4]
	chromedriver!GetHandleVerifier [0x7ff726c09836+1dc76]
	chromedriver!GetHandleVerifier [0x7ff726bee347+2787]
	KERNEL32!BaseThreadInitThunk [0x7ffc4a11e8d7+17]
	ntdll!RtlUserThreadStart [0x7ffc4b40c3fc+2c]

2026-05-19 19:34:43,185 - conftest.py - INFO - ✅ 浏览器驱动已退出
2026-05-19 19:40:02,165 - baseUtils.py - INFO - 配置文件读取成功：E:\develop\PythonProject\OrangeHRM\Config\配置文件.ini
2026-05-19 19:40:02,165 - globalManager.py - INFO - 全局变量管理器初始化成功
2026-05-19 19:40:02,547 - baseUtils.py - INFO - 配置文件读取成功：E:\develop\PythonProject\OrangeHRM\Config\配置文件.ini
2026-05-19 19:40:02,548 - baseData.py - INFO - 数据驱动读取成功：01登录功能
2026-05-19 19:40:02,549 - baseUtils.py - INFO - 配置文件读取成功：E:\develop\PythonProject\OrangeHRM\Config\配置文件.ini
2026-05-19 19:40:02,550 - baseData.py - INFO - 数据驱动读取成功：02修改员工信息功能
2026-05-19 19:40:03,723 - conftest.py - INFO - ✅ 启动浏览器成功：chrome
2026-05-19 19:40:03,724 - baseUtils.py - INFO - 配置文件读取成功：E:\develop\PythonProject\OrangeHRM\Config\配置文件.ini
2026-05-19 19:40:03,724 - 01登录页面元素信息.yaml - INFO - ========== 开始执行 OrangeHRM 登录操作 ==========
2026-05-19 19:40:03,725 - baseUtils.py - INFO - 配置文件读取成功：E:\develop\PythonProject\OrangeHRM\Config\配置文件.ini
2026-05-19 19:40:06,292 - baseAutoWeb.py - ERROR - 执行click操作失败，元素：login/username，错误：Message: invalid session id: session deleted as the browser has closed the connection
from disconnected: not connected to DevTools
  (Session info: chrome=148.0.7778.168)
Stacktrace:
	chromedriver!GetHandleVerifier [0x7ff726c00295+146d5]
	chromedriver!GetHandleVerifier [0x7ff726c00300+14740]
	chromedriver!(No symbol) [0x7ff72696d7cd]
	chromedriver!(No symbol) [0x7ff726958842]
	chromedriver!(No symbol) [0x7ff72697f0b1]
	chromedriver!(No symbol) [0x7ff7269f70b0]
	chromedriver!(No symbol) [0x7ff726a140e2]
	chromedriver!(No symbol) [0x7ff7269b9018]
	chromedriver!(No symbol) [0x7ff7269b9f03]
	chromedriver!GetHandleVerifier [0x7ff726f15949+329d89]
	chromedriver!GetHandleVerifier [0x7ff726f0fe96+3242d6]
	chromedriver!GetHandleVerifier [0x7ff726f33102+347542]
	chromedriver!GetHandleVerifier [0x7ff726c1d425+31865]
	chromedriver!GetHandleVerifier [0x7ff726c2605c+3a49c]
	chromedriver!GetHandleVerifier [0x7ff726c09684+1dac4]
	chromedriver!GetHandleVerifier [0x7ff726c09836+1dc76]
	chromedriver!GetHandleVerifier [0x7ff726bee347+2787]
	KERNEL32!BaseThreadInitThunk [0x7ffc4a11e8d7+17]
	ntdll!RtlUserThreadStart [0x7ffc4b40c3fc+2c]

2026-05-19 19:40:06,484 - conftest.py - ERROR - Web截图异常：Message: invalid session id
Stacktrace:
	chromedriver!GetHandleVerifier [0x7ff726c00295+146d5]
	chromedriver!GetHandleVerifier [0x7ff726c00300+14740]
	chromedriver!(No symbol) [0x7ff72696d5b6]
	chromedriver!(No symbol) [0x7ff7269b8093]
	chromedriver!(No symbol) [0x7ff7269efe72]
	chromedriver!(No symbol) [0x7ff7269ea0d1]
	chromedriver!(No symbol) [0x7ff7269e9383]
	chromedriver!(No symbol) [0x7ff7269360b5]
	chromedriver!GetHandleVerifier [0x7ff726f15949+329d89]
	chromedriver!GetHandleVerifier [0x7ff726f0fe96+3242d6]
	chromedriver!GetHandleVerifier [0x7ff726f33102+347542]
	chromedriver!GetHandleVerifier [0x7ff726c1d425+31865]
	chromedriver!GetHandleVerifier [0x7ff726c2605c+3a49c]
	chromedriver!(No symbol) [0x7ff726934e4a]
	chromedriver!GetHandleVerifier [0x7ff727072118+486558]
	KERNEL32!BaseThreadInitThunk [0x7ffc4a11e8d7+17]
	ntdll!RtlUserThreadStart [0x7ffc4b40c3fc+2c]

2026-05-19 19:40:08,551 - conftest.py - INFO - ✅ 浏览器驱动已退出
2026-05-19 19:40:15,674 - baseUtils.py - INFO - 配置文件读取成功：E:\develop\PythonProject\OrangeHRM\Config\配置文件.ini
2026-05-19 19:40:15,674 - globalManager.py - INFO - 全局变量管理器初始化成功
2026-05-19 19:40:16,007 - baseUtils.py - INFO - 配置文件读取成功：E:\develop\PythonProject\OrangeHRM\Config\配置文件.ini
2026-05-19 19:40:16,009 - baseData.py - INFO - 数据驱动读取成功：01登录功能
2026-05-19 19:40:16,010 - baseUtils.py - INFO - 配置文件读取成功：E:\develop\PythonProject\OrangeHRM\Config\配置文件.ini
2026-05-19 19:40:16,011 - baseData.py - INFO - 数据驱动读取成功：02修改员工信息功能
2026-05-19 19:40:17,174 - conftest.py - INFO - ✅ 启动浏览器成功：chrome
2026-05-19 19:40:17,176 - baseUtils.py - INFO - 配置文件读取成功：E:\develop\PythonProject\OrangeHRM\Config\配置文件.ini
2026-05-19 19:40:17,176 - 01登录页面元素信息.yaml - INFO - ========== 开始执行 OrangeHRM 登录操作 ==========
2026-05-19 19:40:17,177 - baseUtils.py - INFO - 配置文件读取成功：E:\develop\PythonProject\OrangeHRM\Config\配置文件.ini
2026-05-19 19:40:22,672 - 01登录页面元素信息.yaml - INFO - ========== OrangeHRM 登录操作执行完成 ==========
2026-05-19 19:40:22,674 - baseUtils.py - INFO - 配置文件读取成功：E:\develop\PythonProject\OrangeHRM\Config\配置文件.ini
2026-05-19 19:40:28,263 - baseAutoWeb.py - INFO - ✅ 通用联想下拉选择完成
2026-05-19 19:40:28,975 - baseAutoWeb.py - INFO - ✅ 滚动成功：conservator/add
2026-05-19 19:40:29,468 - baseAutoWeb.py - INFO - 🔍 通用下拉选择：禁用
2026-05-19 19:40:35,975 - baseAutoWeb.py - INFO - ✅ 通用自定义下拉选择成功
2026-05-19 19:40:39,244 - baseAutoWeb.py - INFO - ✅ 登出成功
2026-05-19 19:40:42,246 - baseUtils.py - INFO - 配置文件读取成功：E:\develop\PythonProject\OrangeHRM\Config\配置文件.ini
2026-05-19 19:40:46,831 - conftest.py - INFO - ✅ 浏览器驱动已退出
2026-05-19 19:40:47,969 - conftest.py - INFO - ✅ 启动浏览器成功：chrome
2026-05-19 19:40:47,971 - baseUtils.py - INFO - 配置文件读取成功：E:\develop\PythonProject\OrangeHRM\Config\配置文件.ini
2026-05-19 19:40:47,971 - 01登录页面元素信息.yaml - INFO - ========== 开始执行 OrangeHRM 登录操作 ==========
2026-05-19 19:40:47,972 - baseUtils.py - INFO - 配置文件读取成功：E:\develop\PythonProject\OrangeHRM\Config\配置文件.ini
2026-05-19 19:40:53,409 - 01登录页面元素信息.yaml - INFO - ========== OrangeHRM 登录操作执行完成 ==========
2026-05-19 19:40:53,411 - baseUtils.py - INFO - 配置文件读取成功：E:\develop\PythonProject\OrangeHRM\Config\配置文件.ini
2026-05-19 19:40:57,821 - conftest.py - INFO - ✅ 浏览器驱动已退出
2026-05-19 19:42:23,501 - baseUtils.py - INFO - 配置文件读取成功：E:\develop\PythonProject\OrangeHRM\Config\配置文件.ini
2026-05-19 19:42:23,502 - globalManager.py - INFO - 全局变量管理器初始化成功
2026-05-19 19:42:23,821 - baseUtils.py - INFO - 配置文件读取成功：E:\develop\PythonProject\OrangeHRM\Config\配置文件.ini
2026-05-19 19:42:23,823 - baseData.py - INFO - 数据驱动读取成功：01登录功能
2026-05-19 19:42:23,824 - baseUtils.py - INFO - 配置文件读取成功：E:\develop\PythonProject\OrangeHRM\Config\配置文件.ini
2026-05-19 19:42:23,825 - baseData.py - INFO - 数据驱动读取成功：02修改员工信息功能
2026-05-19 19:42:24,992 - conftest.py - INFO - ✅ 启动浏览器成功：chrome
2026-05-19 19:42:24,994 - baseUtils.py - INFO - 配置文件读取成功：E:\develop\PythonProject\OrangeHRM\Config\配置文件.ini
2026-05-19 19:42:24,994 - 01登录页面元素信息.yaml - INFO - ========== 开始执行 OrangeHRM 登录操作 ==========
2026-05-19 19:42:24,995 - baseUtils.py - INFO - 配置文件读取成功：E:\develop\PythonProject\OrangeHRM\Config\配置文件.ini
2026-05-19 19:42:30,417 - 01登录页面元素信息.yaml - INFO - ========== OrangeHRM 登录操作执行完成 ==========
2026-05-19 19:42:30,419 - baseUtils.py - INFO - 配置文件读取成功：E:\develop\PythonProject\OrangeHRM\Config\配置文件.ini
2026-05-19 19:42:35,908 - baseAutoWeb.py - INFO - ✅ 通用联想下拉选择完成
2026-05-19 19:42:36,636 - baseAutoWeb.py - INFO - ✅ 滚动成功：conservator/add
2026-05-19 19:42:37,135 - baseAutoWeb.py - INFO - 🔍 通用下拉选择：禁用
2026-05-19 19:42:43,654 - baseAutoWeb.py - INFO - ✅ 通用自定义下拉选择成功
2026-05-19 19:42:46,921 - baseAutoWeb.py - INFO - ✅ 登出成功
2026-05-19 19:42:49,923 - baseUtils.py - INFO - 配置文件读取成功：E:\develop\PythonProject\OrangeHRM\Config\配置文件.ini
2026-05-19 19:42:54,515 - conftest.py - INFO - ✅ 浏览器驱动已退出
2026-05-19 19:42:55,670 - conftest.py - INFO - ✅ 启动浏览器成功：chrome
2026-05-19 19:42:55,672 - baseUtils.py - INFO - 配置文件读取成功：E:\develop\PythonProject\OrangeHRM\Config\配置文件.ini
2026-05-19 19:42:55,673 - 01登录页面元素信息.yaml - INFO - ========== 开始执行 OrangeHRM 登录操作 ==========
2026-05-19 19:42:55,674 - baseUtils.py - INFO - 配置文件读取成功：E:\develop\PythonProject\OrangeHRM\Config\配置文件.ini
2026-05-19 19:43:01,131 - 01登录页面元素信息.yaml - INFO - ========== OrangeHRM 登录操作执行完成 ==========
2026-05-19 19:43:01,132 - baseUtils.py - INFO - 配置文件读取成功：E:\develop\PythonProject\OrangeHRM\Config\配置文件.ini
2026-05-19 19:43:05,575 - conftest.py - INFO - ✅ 浏览器驱动已退出
2026-05-19 19:44:15,428 - baseUtils.py - INFO - 配置文件读取成功：E:\develop\PythonProject\OrangeHRM\Config\配置文件.ini
2026-05-19 19:44:15,428 - globalManager.py - INFO - 全局变量管理器初始化成功
2026-05-19 19:44:15,760 - baseUtils.py - INFO - 配置文件读取成功：E:\develop\PythonProject\OrangeHRM\Config\配置文件.ini
2026-05-19 19:44:15,762 - baseData.py - INFO - 数据驱动读取成功：01登录功能
2026-05-19 19:44:15,763 - baseUtils.py - INFO - 配置文件读取成功：E:\develop\PythonProject\OrangeHRM\Config\配置文件.ini
2026-05-19 19:44:15,763 - baseData.py - INFO - 数据驱动读取成功：02修改员工信息功能
2026-05-19 19:44:16,921 - conftest.py - INFO - ✅ 启动浏览器成功：chrome
2026-05-19 19:44:16,923 - baseUtils.py - INFO - 配置文件读取成功：E:\develop\PythonProject\OrangeHRM\Config\配置文件.ini
2026-05-19 19:44:16,923 - 01登录页面元素信息.yaml - INFO - ========== 开始执行 OrangeHRM 登录操作 ==========
2026-05-19 19:44:16,924 - baseUtils.py - INFO - 配置文件读取成功：E:\develop\PythonProject\OrangeHRM\Config\配置文件.ini
2026-05-19 19:44:22,362 - 01登录页面元素信息.yaml - INFO - ========== OrangeHRM 登录操作执行完成 ==========
2026-05-19 19:44:22,363 - baseUtils.py - INFO - 配置文件读取成功：E:\develop\PythonProject\OrangeHRM\Config\配置文件.ini
2026-05-19 19:44:23,371 - 02修改员工信息.yaml - INFO - ✅ 管理员禁用用户登录成功
2026-05-19 19:44:23,372 - test_web_ohrm.py - INFO - ✅ 【管理员禁用用户】用例执行完成
2026-05-19 19:44:25,564 - conftest.py - INFO - ✅ 浏览器驱动已退出
2026-05-19 19:45:00,888 - baseUtils.py - INFO - 配置文件读取成功：E:\develop\PythonProject\OrangeHRM\Config\配置文件.ini
2026-05-19 19:45:00,888 - globalManager.py - INFO - 全局变量管理器初始化成功
2026-05-19 19:45:01,202 - baseUtils.py - INFO - 配置文件读取成功：E:\develop\PythonProject\OrangeHRM\Config\配置文件.ini
2026-05-19 19:45:01,203 - baseData.py - INFO - 数据驱动读取成功：01登录功能
2026-05-19 19:45:01,204 - baseUtils.py - INFO - 配置文件读取成功：E:\develop\PythonProject\OrangeHRM\Config\配置文件.ini
2026-05-19 19:45:01,205 - baseData.py - INFO - 数据驱动读取成功：02修改员工信息功能
2026-05-19 19:45:02,365 - conftest.py - INFO - ✅ 启动浏览器成功：chrome
2026-05-19 19:45:02,367 - baseUtils.py - INFO - 配置文件读取成功：E:\develop\PythonProject\OrangeHRM\Config\配置文件.ini
2026-05-19 19:45:02,367 - 01登录页面元素信息.yaml - INFO - ========== 开始执行 OrangeHRM 登录操作 ==========
2026-05-19 19:45:02,368 - baseUtils.py - INFO - 配置文件读取成功：E:\develop\PythonProject\OrangeHRM\Config\配置文件.ini
2026-05-19 19:45:07,833 - 01登录页面元素信息.yaml - INFO - ========== OrangeHRM 登录操作执行完成 ==========
2026-05-19 19:45:07,836 - baseUtils.py - INFO - 配置文件读取成功：E:\develop\PythonProject\OrangeHRM\Config\配置文件.ini
2026-05-19 19:45:13,338 - baseAutoWeb.py - INFO - ✅ 通用联想下拉选择完成
2026-05-19 19:45:14,061 - baseAutoWeb.py - INFO - ✅ 滚动成功：conservator/add
2026-05-19 19:45:14,530 - baseAutoWeb.py - INFO - 🔍 通用下拉选择：禁用
2026-05-19 19:45:21,026 - baseAutoWeb.py - INFO - ✅ 通用自定义下拉选择成功
2026-05-19 19:45:21,232 - baseUtils.py - INFO - 配置文件读取成功：E:\develop\PythonProject\OrangeHRM\Config\配置文件.ini
2026-05-19 19:45:22,320 - 02修改员工信息.yaml - INFO - ✅ 管理员禁用用户登录操作成功
2026-05-19 19:45:22,320 - test_web_ohrm.py - INFO - ✅ 【管理员禁用用户】用例执行完成
2026-05-19 19:45:24,535 - conftest.py - INFO - ✅ 浏览器驱动已退出
2026-05-19 19:45:25,674 - conftest.py - INFO - ✅ 启动浏览器成功：chrome
2026-05-19 19:45:25,677 - baseUtils.py - INFO - 配置文件读取成功：E:\develop\PythonProject\OrangeHRM\Config\配置文件.ini
2026-05-19 19:45:25,678 - 01登录页面元素信息.yaml - INFO - ========== 开始执行 OrangeHRM 登录操作 ==========
2026-05-19 19:45:25,679 - baseUtils.py - INFO - 配置文件读取成功：E:\develop\PythonProject\OrangeHRM\Config\配置文件.ini
2026-05-19 19:45:31,854 - 01登录页面元素信息.yaml - INFO - ========== OrangeHRM 登录操作执行完成 ==========
2026-05-19 19:45:31,855 - baseUtils.py - INFO - 配置文件读取成功：E:\develop\PythonProject\OrangeHRM\Config\配置文件.ini
2026-05-19 19:45:32,862 - 02修改员工信息.yaml - INFO - ✅ 管理员禁用用户登录成功
2026-05-19 19:45:32,862 - test_web_ohrm.py - INFO - ✅ 【管理员禁用用户】用例执行完成
2026-05-19 19:45:35,032 - conftest.py - INFO - ✅ 浏览器驱动已退出
2026-05-19 19:58:49,720 - baseUtils.py - INFO - 配置文件读取成功：E:\develop\PythonProject\OrangeHRM\Config\配置文件.ini
2026-05-19 19:58:49,720 - globalManager.py - INFO - 全局变量管理器初始化成功
2026-05-19 19:58:50,097 - baseUtils.py - INFO - 配置文件读取成功：E:\develop\PythonProject\OrangeHRM\Config\配置文件.ini
2026-05-19 19:58:50,098 - baseData.py - INFO - 数据驱动读取成功：01登录功能
2026-05-19 19:58:50,099 - baseUtils.py - INFO - 配置文件读取成功：E:\develop\PythonProject\OrangeHRM\Config\配置文件.ini
2026-05-19 19:58:50,100 - baseData.py - INFO - 数据驱动读取成功：02修改员工信息功能
2026-05-19 19:58:51,273 - conftest.py - INFO - ✅ 启动浏览器成功：chrome
2026-05-19 19:58:51,275 - baseUtils.py - INFO - 配置文件读取成功：E:\develop\PythonProject\OrangeHRM\Config\配置文件.ini
2026-05-19 19:58:51,275 - 01登录页面元素信息.yaml - INFO - ========== 开始执行 OrangeHRM 登录操作 ==========
2026-05-19 19:58:51,276 - baseUtils.py - INFO - 配置文件读取成功：E:\develop\PythonProject\OrangeHRM\Config\配置文件.ini
2026-05-19 19:58:57,018 - 01登录页面元素信息.yaml - INFO - ========== OrangeHRM 登录操作执行完成 ==========
2026-05-19 19:58:57,020 - baseUtils.py - INFO - 配置文件读取成功：E:\develop\PythonProject\OrangeHRM\Config\配置文件.ini
2026-05-19 19:58:59,796 - baseAutoWeb.py - INFO - 🔍 顶部下拉选择：上/下班打卡
2026-05-19 19:59:01,094 - baseAutoWeb.py - INFO - ✅ 顶部导航选中：上/下班打卡
2026-05-19 19:59:01,094 - 02修改员工信息.yaml - INFO - 选择上/下班打卡
2026-05-19 19:59:01,784 - baseUtils.py - INFO - 配置文件读取成功：E:\develop\PythonProject\OrangeHRM\Config\配置文件.ini
2026-05-19 19:59:02,316 - 02修改员工信息.yaml - INFO - ✅ 上班打卡成功
2026-05-19 19:59:02,316 - test_web_ohrm.py - INFO - ✅ 【员工上班打卡】用例执行完成
2026-05-19 19:59:04,526 - conftest.py - INFO - ✅ 浏览器驱动已退出
