2026-05-17 22:04:16,895 - baseUtils.py - INFO - 配置文件读取成功：E:\develop\PythonProject\OrangeHRM\Config\配置文件.ini
2026-05-17 22:04:16,896 - globalManager.py - INFO - 全局变量管理器初始化成功
2026-05-17 22:04:17,251 - baseUtils.py - INFO - 配置文件读取成功：E:\develop\PythonProject\OrangeHRM\Config\配置文件.ini
2026-05-17 22:04:17,253 - baseData.py - INFO - 数据驱动读取成功：01登录功能
2026-05-17 22:04:17,253 - baseUtils.py - INFO - 配置文件读取成功：E:\develop\PythonProject\OrangeHRM\Config\配置文件.ini
2026-05-17 22:04:17,254 - baseData.py - INFO - 数据驱动读取成功：02修改员工信息功能
2026-05-17 22:04:18,429 - conftest.py - INFO - ✅ 启动浏览器成功：chrome
2026-05-17 22:04:18,431 - baseUtils.py - INFO - 配置文件读取成功：E:\develop\PythonProject\OrangeHRM\Config\配置文件.ini
2026-05-17 22:04:18,431 - 01登录页面元素信息.yaml - INFO - ========== 开始执行 OrangeHRM 登录操作 ==========
2026-05-17 22:04:18,432 - baseUtils.py - INFO - 配置文件读取成功：E:\develop\PythonProject\OrangeHRM\Config\配置文件.ini
2026-05-17 22:04:23,913 - 01登录页面元素信息.yaml - INFO - ========== OrangeHRM 登录操作执行完成 ==========
2026-05-17 22:04:23,915 - baseUtils.py - INFO - 配置文件读取成功：E:\develop\PythonProject\OrangeHRM\Config\配置文件.ini
2026-05-17 22:04:23,917 - baseUtils.py - INFO - 配置文件读取成功：E:\develop\PythonProject\OrangeHRM\Config\配置文件.ini
2026-05-17 22:04:27,121 - 02修改员工信息.yaml - INFO - ✅ 点击个人信息管理系统
2026-05-17 22:04:28,426 - 02修改员工信息.yaml - INFO - ✅ 勾选成功
2026-05-17 22:04:41,523 - baseAutoWeb.py - ERROR - 元素定位失败：('xpath', "//span[contains(.,'(1) Records Selected')]")
2026-05-17 22:04:41,523 - baseAutoWeb.py - ERROR - ❌ 滚动元素失败：workerupdate/record_selected，错误：Message: 
Stacktrace:
	chromedriver!GetHandleVerifier [0x7ff666580295+146d5]
	chromedriver!GetHandleVerifier [0x7ff666580300+14740]
	chromedriver!(No symbol) [0x7ff6662ed7cd]
	chromedriver!(No symbol) [0x7ff666346c4e]
	chromedriver!(No symbol) [0x7ff666346f5c]
	chromedriver!(No symbol) [0x7ff666397cc7]
	chromedriver!(No symbol) [0x7ff666394818]
	chromedriver!(No symbol) [0x7ff666339018]
	chromedriver!(No symbol) [0x7ff666339f03]
	chromedriver!GetHandleVerifier [0x7ff666895949+329d89]
	chromedriver!GetHandleVerifier [0x7ff66688fe96+3242d6]
	chromedriver!GetHandleVerifier [0x7ff6668b3102+347542]
	chromedriver!GetHandleVerifier [0x7ff66659d425+31865]
	chromedriver!GetHandleVerifier [0x7ff6665a605c+3a49c]
	chromedriver!GetHandleVerifier [0x7ff666589684+1dac4]
	chromedriver!GetHandleVerifier [0x7ff666589836+1dc76]
	chromedriver!GetHandleVerifier [0x7ff66656e347+2787]
	KERNEL32!BaseThreadInitThunk [0x7ffc4a11e8d7+17]
	ntdll!RtlUserThreadStart [0x7ffc4b40c3fc+2c]

2026-05-17 22:04:43,524 - 02修改员工信息.yaml - INFO - 滚动成功
2026-05-17 22:04:54,615 - baseAutoWeb.py - WARNING - ⚠️ 第1次点击失败，0.5秒后重试... 错误：Message: 
Stacktrace:
	chromedriver!GetHandleVerifier [0x7ff666580295+146d5]
	chromedriver!GetHandle
2026-05-17 22:05:06,223 - baseAutoWeb.py - WARNING - ⚠️ 第2次点击失败，0.5秒后重试... 错误：Message: 
Stacktrace:
	chromedriver!GetHandleVerifier [0x7ff666580295+146d5]
	chromedriver!GetHandle
2026-05-17 22:05:17,804 - baseAutoWeb.py - WARNING - ⚠️ 普通点击全部失败，尝试JS点击... 最后一次错误：Message: 
Stacktrace:
	chromedriver!GetHandleVerifier [0x7ff666580295+146d5]
	chromedriver!GetHandle
2026-05-17 22:05:28,895 - baseAutoWeb.py - ERROR - ❌ JS点击也失败：workerupdate/record_selected，错误：Message: 
Stacktrace:
	chromedriver!GetHandleVerifier [0x7ff666580295+146d5]
	chromedriver!GetHandleVerifier [0x7ff666580300+14740]
	chromedriver!(No symbol) [0x7ff6662ed7cd]
	chromedriver!(No symbol) [0x7ff666346c4e]
	chromedriver!(No symbol) [0x7ff666346f5c]
	chromedriver!(No symbol) [0x7ff666397cc7]
	chromedriver!(No symbol) [0x7ff666394818]
	chromedriver!(No symbol) [0x7ff666339018]
	chromedriver!(No symbol) [0x7ff666339f03]
	chromedriver!GetHandleVerifier [0x7ff666895949+329d89]
	chromedriver!GetHandleVerifier [0x7ff66688fe96+3242d6]
	chromedriver!GetHandleVerifier [0x7ff6668b3102+347542]
	chromedriver!GetHandleVerifier [0x7ff66659d425+31865]
	chromedriver!GetHandleVerifier [0x7ff6665a605c+3a49c]
	chromedriver!GetHandleVerifier [0x7ff666589684+1dac4]
	chromedriver!GetHandleVerifier [0x7ff666589836+1dc76]
	chromedriver!GetHandleVerifier [0x7ff66656e347+2787]
	KERNEL32!BaseThreadInitThunk [0x7ffc4a11e8d7+17]
	ntdll!RtlUserThreadStart [0x7ffc4b40c3fc+2c]

2026-05-17 22:05:28,895 - baseAutoWeb.py - ERROR - 执行click操作失败，元素：workerupdate/record_selected，错误：Message: 
Stacktrace:
	chromedriver!GetHandleVerifier [0x7ff666580295+146d5]
	chromedriver!GetHandleVerifier [0x7ff666580300+14740]
	chromedriver!(No symbol) [0x7ff6662ed7cd]
	chromedriver!(No symbol) [0x7ff666346c4e]
	chromedriver!(No symbol) [0x7ff666346f5c]
	chromedriver!(No symbol) [0x7ff666397cc7]
	chromedriver!(No symbol) [0x7ff666394818]
	chromedriver!(No symbol) [0x7ff666339018]
	chromedriver!(No symbol) [0x7ff666339f03]
	chromedriver!GetHandleVerifier [0x7ff666895949+329d89]
	chromedriver!GetHandleVerifier [0x7ff66688fe96+3242d6]
	chromedriver!GetHandleVerifier [0x7ff6668b3102+347542]
	chromedriver!GetHandleVerifier [0x7ff66659d425+31865]
	chromedriver!GetHandleVerifier [0x7ff6665a605c+3a49c]
	chromedriver!GetHandleVerifier [0x7ff666589684+1dac4]
	chromedriver!GetHandleVerifier [0x7ff666589836+1dc76]
	chromedriver!GetHandleVerifier [0x7ff66656e347+2787]
	KERNEL32!BaseThreadInitThunk [0x7ffc4a11e8d7+17]
	ntdll!RtlUserThreadStart [0x7ffc4b40c3fc+2c]

2026-05-17 22:05:31,495 - conftest.py - INFO - ✅ 浏览器驱动已退出
2026-05-17 22:12:38,229 - baseUtils.py - INFO - 配置文件读取成功：E:\develop\PythonProject\OrangeHRM\Config\配置文件.ini
2026-05-17 22:12:38,229 - globalManager.py - INFO - 全局变量管理器初始化成功
2026-05-17 22:12:38,580 - baseUtils.py - INFO - 配置文件读取成功：E:\develop\PythonProject\OrangeHRM\Config\配置文件.ini
2026-05-17 22:12:38,582 - baseData.py - INFO - 数据驱动读取成功：01登录功能
2026-05-17 22:12:38,584 - baseUtils.py - INFO - 配置文件读取成功：E:\develop\PythonProject\OrangeHRM\Config\配置文件.ini
2026-05-17 22:12:38,588 - baseData.py - INFO - 数据驱动读取成功：02修改员工信息功能
2026-05-17 22:12:39,768 - conftest.py - INFO - ✅ 启动浏览器成功：chrome
2026-05-17 22:12:39,769 - baseUtils.py - INFO - 配置文件读取成功：E:\develop\PythonProject\OrangeHRM\Config\配置文件.ini
2026-05-17 22:12:39,770 - 01登录页面元素信息.yaml - INFO - ========== 开始执行 OrangeHRM 登录操作 ==========
2026-05-17 22:12:39,771 - baseUtils.py - INFO - 配置文件读取成功：E:\develop\PythonProject\OrangeHRM\Config\配置文件.ini
2026-05-17 22:12:45,257 - 01登录页面元素信息.yaml - INFO - ========== OrangeHRM 登录操作执行完成 ==========
2026-05-17 22:12:45,260 - baseUtils.py - INFO - 配置文件读取成功：E:\develop\PythonProject\OrangeHRM\Config\配置文件.ini
2026-05-17 22:12:45,261 - baseUtils.py - INFO - 配置文件读取成功：E:\develop\PythonProject\OrangeHRM\Config\配置文件.ini
2026-05-17 22:12:48,518 - 02修改员工信息.yaml - INFO - ✅ 点击个人信息管理系统
2026-05-17 22:12:49,796 - 02修改员工信息.yaml - INFO - ✅ 勾选成功
2026-05-17 22:13:02,876 - baseAutoWeb.py - ERROR - 元素定位失败：('xpath', "//span[contains(.,'(1) Records Selected')]/following-sibling::button")
2026-05-17 22:13:02,877 - baseAutoWeb.py - ERROR - ❌ 滚动元素失败：workerupdate/delsel，错误：Message: 
Stacktrace:
	chromedriver!GetHandleVerifier [0x7ff666580295+146d5]
	chromedriver!GetHandleVerifier [0x7ff666580300+14740]
	chromedriver!(No symbol) [0x7ff6662ed7cd]
	chromedriver!(No symbol) [0x7ff666346c4e]
	chromedriver!(No symbol) [0x7ff666346f5c]
	chromedriver!(No symbol) [0x7ff666397cc7]
	chromedriver!(No symbol) [0x7ff666394818]
	chromedriver!(No symbol) [0x7ff666339018]
	chromedriver!(No symbol) [0x7ff666339f03]
	chromedriver!GetHandleVerifier [0x7ff666895949+329d89]
	chromedriver!GetHandleVerifier [0x7ff66688fe96+3242d6]
	chromedriver!GetHandleVerifier [0x7ff6668b3102+347542]
	chromedriver!GetHandleVerifier [0x7ff66659d425+31865]
	chromedriver!GetHandleVerifier [0x7ff6665a605c+3a49c]
	chromedriver!GetHandleVerifier [0x7ff666589684+1dac4]
	chromedriver!GetHandleVerifier [0x7ff666589836+1dc76]
	chromedriver!GetHandleVerifier [0x7ff66656e347+2787]
	KERNEL32!BaseThreadInitThunk [0x7ffc4a11e8d7+17]
	ntdll!RtlUserThreadStart [0x7ffc4b40c3fc+2c]

2026-05-17 22:13:04,877 - 02修改员工信息.yaml - INFO - 滚动成功
2026-05-17 22:13:15,907 - baseAutoWeb.py - WARNING - ⚠️ 第1次点击失败，0.5秒后重试... 错误：Message: 
Stacktrace:
	chromedriver!GetHandleVerifier [0x7ff666580295+146d5]
	chromedriver!GetHandle
2026-05-17 22:13:27,451 - baseAutoWeb.py - WARNING - ⚠️ 第2次点击失败，0.5秒后重试... 错误：Message: 
Stacktrace:
	chromedriver!GetHandleVerifier [0x7ff666580295+146d5]
	chromedriver!GetHandle
2026-05-17 22:13:38,971 - baseAutoWeb.py - WARNING - ⚠️ 普通点击全部失败，尝试JS点击... 最后一次错误：Message: 
Stacktrace:
	chromedriver!GetHandleVerifier [0x7ff666580295+146d5]
	chromedriver!GetHandle
2026-05-17 22:13:50,031 - baseAutoWeb.py - ERROR - ❌ JS点击也失败：workerupdate/delsel，错误：Message: 
Stacktrace:
	chromedriver!GetHandleVerifier [0x7ff666580295+146d5]
	chromedriver!GetHandleVerifier [0x7ff666580300+14740]
	chromedriver!(No symbol) [0x7ff6662ed7cd]
	chromedriver!(No symbol) [0x7ff666346c4e]
	chromedriver!(No symbol) [0x7ff666346f5c]
	chromedriver!(No symbol) [0x7ff666397cc7]
	chromedriver!(No symbol) [0x7ff666394818]
	chromedriver!(No symbol) [0x7ff666339018]
	chromedriver!(No symbol) [0x7ff666339f03]
	chromedriver!GetHandleVerifier [0x7ff666895949+329d89]
	chromedriver!GetHandleVerifier [0x7ff66688fe96+3242d6]
	chromedriver!GetHandleVerifier [0x7ff6668b3102+347542]
	chromedriver!GetHandleVerifier [0x7ff66659d425+31865]
	chromedriver!GetHandleVerifier [0x7ff6665a605c+3a49c]
	chromedriver!GetHandleVerifier [0x7ff666589684+1dac4]
	chromedriver!GetHandleVerifier [0x7ff666589836+1dc76]
	chromedriver!GetHandleVerifier [0x7ff66656e347+2787]
	KERNEL32!BaseThreadInitThunk [0x7ffc4a11e8d7+17]
	ntdll!RtlUserThreadStart [0x7ffc4b40c3fc+2c]

2026-05-17 22:13:50,031 - baseAutoWeb.py - ERROR - 执行click操作失败，元素：workerupdate/delsel，错误：Message: 
Stacktrace:
	chromedriver!GetHandleVerifier [0x7ff666580295+146d5]
	chromedriver!GetHandleVerifier [0x7ff666580300+14740]
	chromedriver!(No symbol) [0x7ff6662ed7cd]
	chromedriver!(No symbol) [0x7ff666346c4e]
	chromedriver!(No symbol) [0x7ff666346f5c]
	chromedriver!(No symbol) [0x7ff666397cc7]
	chromedriver!(No symbol) [0x7ff666394818]
	chromedriver!(No symbol) [0x7ff666339018]
	chromedriver!(No symbol) [0x7ff666339f03]
	chromedriver!GetHandleVerifier [0x7ff666895949+329d89]
	chromedriver!GetHandleVerifier [0x7ff66688fe96+3242d6]
	chromedriver!GetHandleVerifier [0x7ff6668b3102+347542]
	chromedriver!GetHandleVerifier [0x7ff66659d425+31865]
	chromedriver!GetHandleVerifier [0x7ff6665a605c+3a49c]
	chromedriver!GetHandleVerifier [0x7ff666589684+1dac4]
	chromedriver!GetHandleVerifier [0x7ff666589836+1dc76]
	chromedriver!GetHandleVerifier [0x7ff66656e347+2787]
	KERNEL32!BaseThreadInitThunk [0x7ffc4a11e8d7+17]
	ntdll!RtlUserThreadStart [0x7ffc4b40c3fc+2c]

2026-05-17 22:13:52,789 - conftest.py - INFO - ✅ 浏览器驱动已退出
2026-05-17 22:17:15,147 - baseUtils.py - INFO - 配置文件读取成功：E:\develop\PythonProject\OrangeHRM\Config\配置文件.ini
2026-05-17 22:17:15,148 - globalManager.py - INFO - 全局变量管理器初始化成功
2026-05-17 22:17:15,545 - baseUtils.py - INFO - 配置文件读取成功：E:\develop\PythonProject\OrangeHRM\Config\配置文件.ini
2026-05-17 22:17:15,546 - baseData.py - INFO - 数据驱动读取成功：01登录功能
2026-05-17 22:17:15,547 - baseUtils.py - INFO - 配置文件读取成功：E:\develop\PythonProject\OrangeHRM\Config\配置文件.ini
2026-05-17 22:17:15,549 - baseData.py - INFO - 数据驱动读取成功：02修改员工信息功能
2026-05-17 22:17:16,702 - conftest.py - INFO - ✅ 启动浏览器成功：chrome
2026-05-17 22:17:16,703 - baseUtils.py - INFO - 配置文件读取成功：E:\develop\PythonProject\OrangeHRM\Config\配置文件.ini
2026-05-17 22:17:16,704 - 01登录页面元素信息.yaml - INFO - ========== 开始执行 OrangeHRM 登录操作 ==========
2026-05-17 22:17:16,705 - baseUtils.py - INFO - 配置文件读取成功：E:\develop\PythonProject\OrangeHRM\Config\配置文件.ini
2026-05-17 22:17:22,212 - 01登录页面元素信息.yaml - INFO - ========== OrangeHRM 登录操作执行完成 ==========
2026-05-17 22:17:22,215 - baseUtils.py - INFO - 配置文件读取成功：E:\develop\PythonProject\OrangeHRM\Config\配置文件.ini
2026-05-17 22:17:22,216 - baseUtils.py - INFO - 配置文件读取成功：E:\develop\PythonProject\OrangeHRM\Config\配置文件.ini
2026-05-17 22:17:25,494 - 02修改员工信息.yaml - INFO - ✅ 点击个人信息管理系统
2026-05-17 22:17:26,958 - 02修改员工信息.yaml - INFO - ✅ 勾选成功
2026-05-17 22:17:39,990 - baseAutoWeb.py - ERROR - ❌ 滚动失败：Message: 
Stacktrace:
	chromedriver!GetHandleVerifier [0x7ff666580295+146d5]
	chromedriver!GetHandleVerifier [0x7ff666580300+14740]
	chromedriver!(No symbol) [0x7ff6662ed7cd]
	chromedriver!(No symbol) [0x7ff666346c4e]
	chromedriver!(No symbol) [0x7ff666346f5c]
	chromedriver!(No symbol) [0x7ff666397cc7]
	chromedriver!(No symbol) [0x7ff666394818]
	chromedriver!(No symbol) [0x7ff666339018]
	chromedriver!(No symbol) [0x7ff666339f03]
	chromedriver!GetHandleVerifier [0x7ff666895949+329d89]
	chromedriver!GetHandleVerifier [0x7ff66688fe96+3242d6]
	chromedriver!GetHandleVerifier [0x7ff6668b3102+347542]
	chromedriver!GetHandleVerifier [0x7ff66659d425+31865]
	chromedriver!GetHandleVerifier [0x7ff6665a605c+3a49c]
	chromedriver!GetHandleVerifier [0x7ff666589684+1dac4]
	chromedriver!GetHandleVerifier [0x7ff666589836+1dc76]
	chromedriver!GetHandleVerifier [0x7ff66656e347+2787]
	KERNEL32!BaseThreadInitThunk [0x7ffc4a11e8d7+17]
	ntdll!RtlUserThreadStart [0x7ffc4b40c3fc+2c]

2026-05-17 22:17:41,992 - 02修改员工信息.yaml - INFO - 滚动成功
2026-05-17 22:17:53,037 - baseAutoWeb.py - WARNING - ⚠️ 第1次点击失败，0.5秒后重试... 错误：Message: 
Stacktrace:
	chromedriver!GetHandleVerifier [0x7ff666580295+146d5]
	chromedriver!GetHandle
2026-05-17 22:18:04,609 - baseAutoWeb.py - WARNING - ⚠️ 第2次点击失败，0.5秒后重试... 错误：Message: 
Stacktrace:
	chromedriver!GetHandleVerifier [0x7ff666580295+146d5]
	chromedriver!GetHandle
2026-05-17 22:18:16,191 - baseAutoWeb.py - WARNING - ⚠️ 普通点击全部失败，尝试JS点击... 最后一次错误：Message: 
Stacktrace:
	chromedriver!GetHandleVerifier [0x7ff666580295+146d5]
	chromedriver!GetHandle
2026-05-17 22:18:27,318 - baseAutoWeb.py - ERROR - ❌ JS点击也失败：workerupdate/delsel，错误：Message: 
Stacktrace:
	chromedriver!GetHandleVerifier [0x7ff666580295+146d5]
	chromedriver!GetHandleVerifier [0x7ff666580300+14740]
	chromedriver!(No symbol) [0x7ff6662ed7cd]
	chromedriver!(No symbol) [0x7ff666346c4e]
	chromedriver!(No symbol) [0x7ff666346f5c]
	chromedriver!(No symbol) [0x7ff666397cc7]
	chromedriver!(No symbol) [0x7ff666394818]
	chromedriver!(No symbol) [0x7ff666339018]
	chromedriver!(No symbol) [0x7ff666339f03]
	chromedriver!GetHandleVerifier [0x7ff666895949+329d89]
	chromedriver!GetHandleVerifier [0x7ff66688fe96+3242d6]
	chromedriver!GetHandleVerifier [0x7ff6668b3102+347542]
	chromedriver!GetHandleVerifier [0x7ff66659d425+31865]
	chromedriver!GetHandleVerifier [0x7ff6665a605c+3a49c]
	chromedriver!GetHandleVerifier [0x7ff666589684+1dac4]
	chromedriver!GetHandleVerifier [0x7ff666589836+1dc76]
	chromedriver!GetHandleVerifier [0x7ff66656e347+2787]
	KERNEL32!BaseThreadInitThunk [0x7ffc4a11e8d7+17]
	ntdll!RtlUserThreadStart [0x7ffc4b40c3fc+2c]

2026-05-17 22:18:27,318 - baseAutoWeb.py - ERROR - 执行click操作失败，元素：workerupdate/delsel，错误：Message: 
Stacktrace:
	chromedriver!GetHandleVerifier [0x7ff666580295+146d5]
	chromedriver!GetHandleVerifier [0x7ff666580300+14740]
	chromedriver!(No symbol) [0x7ff6662ed7cd]
	chromedriver!(No symbol) [0x7ff666346c4e]
	chromedriver!(No symbol) [0x7ff666346f5c]
	chromedriver!(No symbol) [0x7ff666397cc7]
	chromedriver!(No symbol) [0x7ff666394818]
	chromedriver!(No symbol) [0x7ff666339018]
	chromedriver!(No symbol) [0x7ff666339f03]
	chromedriver!GetHandleVerifier [0x7ff666895949+329d89]
	chromedriver!GetHandleVerifier [0x7ff66688fe96+3242d6]
	chromedriver!GetHandleVerifier [0x7ff6668b3102+347542]
	chromedriver!GetHandleVerifier [0x7ff66659d425+31865]
	chromedriver!GetHandleVerifier [0x7ff6665a605c+3a49c]
	chromedriver!GetHandleVerifier [0x7ff666589684+1dac4]
	chromedriver!GetHandleVerifier [0x7ff666589836+1dc76]
	chromedriver!GetHandleVerifier [0x7ff66656e347+2787]
	KERNEL32!BaseThreadInitThunk [0x7ffc4a11e8d7+17]
	ntdll!RtlUserThreadStart [0x7ffc4b40c3fc+2c]

2026-05-17 22:18:30,052 - conftest.py - INFO - ✅ 浏览器驱动已退出
2026-05-17 22:23:42,866 - baseUtils.py - INFO - 配置文件读取成功：E:\develop\PythonProject\OrangeHRM\Config\配置文件.ini
2026-05-17 22:23:42,867 - globalManager.py - INFO - 全局变量管理器初始化成功
2026-05-17 22:23:43,313 - baseUtils.py - INFO - 配置文件读取成功：E:\develop\PythonProject\OrangeHRM\Config\配置文件.ini
2026-05-17 22:23:43,314 - baseData.py - INFO - 数据驱动读取成功：01登录功能
2026-05-17 22:23:43,315 - baseUtils.py - INFO - 配置文件读取成功：E:\develop\PythonProject\OrangeHRM\Config\配置文件.ini
2026-05-17 22:23:43,316 - baseData.py - INFO - 数据驱动读取成功：02修改员工信息功能
2026-05-17 22:23:44,476 - conftest.py - INFO - ✅ 启动浏览器成功：chrome
2026-05-17 22:23:44,478 - baseUtils.py - INFO - 配置文件读取成功：E:\develop\PythonProject\OrangeHRM\Config\配置文件.ini
2026-05-17 22:23:44,478 - 01登录页面元素信息.yaml - INFO - ========== 开始执行 OrangeHRM 登录操作 ==========
2026-05-17 22:23:44,479 - baseUtils.py - INFO - 配置文件读取成功：E:\develop\PythonProject\OrangeHRM\Config\配置文件.ini
2026-05-17 22:23:50,132 - 01登录页面元素信息.yaml - INFO - ========== OrangeHRM 登录操作执行完成 ==========
2026-05-17 22:23:50,134 - baseUtils.py - INFO - 配置文件读取成功：E:\develop\PythonProject\OrangeHRM\Config\配置文件.ini
2026-05-17 22:23:50,136 - baseUtils.py - INFO - 配置文件读取成功：E:\develop\PythonProject\OrangeHRM\Config\配置文件.ini
2026-05-17 22:23:54,432 - 02修改员工信息.yaml - INFO - ✅ 点击个人信息管理系统
2026-05-17 22:23:56,072 - baseAutoWeb.py - INFO - ✅ 勾选成功：0086
2026-05-17 22:23:56,816 - baseAutoWeb.py - INFO - ✅ 勾选成功：0087
2026-05-17 22:23:56,817 - 02修改员工信息.yaml - INFO - ✅ 勾选成功
2026-05-17 22:24:12,543 - conftest.py - INFO - ✅ 浏览器驱动已退出
2026-05-17 22:26:46,846 - baseUtils.py - INFO - 配置文件读取成功：E:\develop\PythonProject\OrangeHRM\Config\配置文件.ini
2026-05-17 22:26:46,846 - globalManager.py - INFO - 全局变量管理器初始化成功
2026-05-17 22:26:47,265 - baseUtils.py - INFO - 配置文件读取成功：E:\develop\PythonProject\OrangeHRM\Config\配置文件.ini
2026-05-17 22:26:47,266 - baseData.py - INFO - 数据驱动读取成功：01登录功能
2026-05-17 22:26:47,267 - baseUtils.py - INFO - 配置文件读取成功：E:\develop\PythonProject\OrangeHRM\Config\配置文件.ini
2026-05-17 22:26:47,268 - baseData.py - INFO - 数据驱动读取成功：02修改员工信息功能
2026-05-17 22:26:48,433 - conftest.py - INFO - ✅ 启动浏览器成功：chrome
2026-05-17 22:26:48,434 - baseUtils.py - INFO - 配置文件读取成功：E:\develop\PythonProject\OrangeHRM\Config\配置文件.ini
2026-05-17 22:26:48,435 - 01登录页面元素信息.yaml - INFO - ========== 开始执行 OrangeHRM 登录操作 ==========
2026-05-17 22:26:48,436 - baseUtils.py - INFO - 配置文件读取成功：E:\develop\PythonProject\OrangeHRM\Config\配置文件.ini
2026-05-17 22:26:53,933 - 01登录页面元素信息.yaml - INFO - ========== OrangeHRM 登录操作执行完成 ==========
2026-05-17 22:26:53,936 - baseUtils.py - INFO - 配置文件读取成功：E:\develop\PythonProject\OrangeHRM\Config\配置文件.ini
2026-05-17 22:26:53,938 - baseUtils.py - INFO - 配置文件读取成功：E:\develop\PythonProject\OrangeHRM\Config\配置文件.ini
2026-05-17 22:26:57,234 - 02修改员工信息.yaml - INFO - ✅ 点击个人信息管理系统
2026-05-17 22:26:59,368 - baseAutoWeb.py - INFO - ✅ 勾选成功：0086
2026-05-17 22:27:13,032 - conftest.py - INFO - ✅ 浏览器驱动已退出
2026-05-17 22:29:00,841 - baseUtils.py - INFO - 配置文件读取成功：E:\develop\PythonProject\OrangeHRM\Config\配置文件.ini
2026-05-17 22:29:00,841 - globalManager.py - INFO - 全局变量管理器初始化成功
2026-05-17 22:29:01,249 - baseUtils.py - INFO - 配置文件读取成功：E:\develop\PythonProject\OrangeHRM\Config\配置文件.ini
2026-05-17 22:29:01,250 - baseData.py - INFO - 数据驱动读取成功：01登录功能
2026-05-17 22:29:01,251 - baseUtils.py - INFO - 配置文件读取成功：E:\develop\PythonProject\OrangeHRM\Config\配置文件.ini
2026-05-17 22:29:01,252 - baseData.py - INFO - 数据驱动读取成功：02修改员工信息功能
2026-05-17 22:29:02,430 - conftest.py - INFO - ✅ 启动浏览器成功：chrome
2026-05-17 22:29:02,432 - baseUtils.py - INFO - 配置文件读取成功：E:\develop\PythonProject\OrangeHRM\Config\配置文件.ini
2026-05-17 22:29:02,433 - 01登录页面元素信息.yaml - INFO - ========== 开始执行 OrangeHRM 登录操作 ==========
2026-05-17 22:29:02,434 - baseUtils.py - INFO - 配置文件读取成功：E:\develop\PythonProject\OrangeHRM\Config\配置文件.ini
2026-05-17 22:29:07,948 - 01登录页面元素信息.yaml - INFO - ========== OrangeHRM 登录操作执行完成 ==========
2026-05-17 22:29:07,950 - baseUtils.py - INFO - 配置文件读取成功：E:\develop\PythonProject\OrangeHRM\Config\配置文件.ini
2026-05-17 22:29:07,952 - baseUtils.py - INFO - 配置文件读取成功：E:\develop\PythonProject\OrangeHRM\Config\配置文件.ini
2026-05-17 22:29:11,218 - 02修改员工信息.yaml - INFO - ✅ 点击个人信息管理系统
2026-05-17 22:29:13,024 - baseAutoWeb.py - INFO - ✅ 勾选成功：0086
2026-05-17 22:29:13,777 - baseAutoWeb.py - INFO - ✅ 勾选成功：0087
2026-05-17 22:29:13,778 - 02修改员工信息.yaml - INFO - ✅ 勾选成功
2026-05-17 22:29:29,408 - conftest.py - INFO - ✅ 浏览器驱动已退出
2026-05-17 22:36:52,123 - baseUtils.py - INFO - 配置文件读取成功：E:\develop\PythonProject\OrangeHRM\Config\配置文件.ini
2026-05-17 22:36:52,124 - globalManager.py - INFO - 全局变量管理器初始化成功
2026-05-17 22:36:52,483 - baseUtils.py - INFO - 配置文件读取成功：E:\develop\PythonProject\OrangeHRM\Config\配置文件.ini
2026-05-17 22:36:52,484 - baseData.py - INFO - 数据驱动读取成功：01登录功能
2026-05-17 22:36:52,485 - baseUtils.py - INFO - 配置文件读取成功：E:\develop\PythonProject\OrangeHRM\Config\配置文件.ini
2026-05-17 22:36:52,486 - baseData.py - INFO - 数据驱动读取成功：02修改员工信息功能
2026-05-17 22:36:53,663 - conftest.py - INFO - ✅ 启动浏览器成功：chrome
2026-05-17 22:36:53,665 - baseUtils.py - INFO - 配置文件读取成功：E:\develop\PythonProject\OrangeHRM\Config\配置文件.ini
2026-05-17 22:36:53,666 - 01登录页面元素信息.yaml - INFO - ========== 开始执行 OrangeHRM 登录操作 ==========
2026-05-17 22:36:53,667 - baseUtils.py - INFO - 配置文件读取成功：E:\develop\PythonProject\OrangeHRM\Config\配置文件.ini
2026-05-17 22:36:59,104 - 01登录页面元素信息.yaml - INFO - ========== OrangeHRM 登录操作执行完成 ==========
2026-05-17 22:36:59,107 - baseUtils.py - INFO - 配置文件读取成功：E:\develop\PythonProject\OrangeHRM\Config\配置文件.ini
2026-05-17 22:36:59,108 - baseUtils.py - INFO - 配置文件读取成功：E:\develop\PythonProject\OrangeHRM\Config\配置文件.ini
2026-05-17 22:37:02,286 - 02修改员工信息.yaml - INFO - ✅ 点击个人信息管理系统
2026-05-17 22:37:04,140 - baseAutoWeb.py - INFO - ✅ 勾选成功：0086
2026-05-17 22:37:04,894 - baseAutoWeb.py - INFO - ✅ 勾选成功：0087
2026-05-17 22:37:04,894 - 02修改员工信息.yaml - INFO - ✅ 勾选成功
2026-05-17 22:37:18,001 - baseAutoWeb.py - WARNING - ⚠️ 第1次点击失败，0.5秒后重试... 错误：Message: 
Stacktrace:
	chromedriver!GetHandleVerifier [0x7ff666580295+146d5]
	chromedriver!GetHandle
2026-05-17 22:37:29,520 - baseAutoWeb.py - WARNING - ⚠️ 第2次点击失败，0.5秒后重试... 错误：Message: 
Stacktrace:
	chromedriver!GetHandleVerifier [0x7ff666580295+146d5]
	chromedriver!GetHandle
2026-05-17 22:37:41,075 - baseAutoWeb.py - WARNING - ⚠️ 普通点击全部失败，尝试JS点击... 最后一次错误：Message: 
Stacktrace:
	chromedriver!GetHandleVerifier [0x7ff666580295+146d5]
	chromedriver!GetHandle
2026-05-17 22:37:52,153 - baseAutoWeb.py - ERROR - ❌ JS点击也失败：workerupdate/delsel，错误：Message: 
Stacktrace:
	chromedriver!GetHandleVerifier [0x7ff666580295+146d5]
	chromedriver!GetHandleVerifier [0x7ff666580300+14740]
	chromedriver!(No symbol) [0x7ff6662ed7cd]
	chromedriver!(No symbol) [0x7ff666346c4e]
	chromedriver!(No symbol) [0x7ff666346f5c]
	chromedriver!(No symbol) [0x7ff666397cc7]
	chromedriver!(No symbol) [0x7ff666394818]
	chromedriver!(No symbol) [0x7ff666339018]
	chromedriver!(No symbol) [0x7ff666339f03]
	chromedriver!GetHandleVerifier [0x7ff666895949+329d89]
	chromedriver!GetHandleVerifier [0x7ff66688fe96+3242d6]
	chromedriver!GetHandleVerifier [0x7ff6668b3102+347542]
	chromedriver!GetHandleVerifier [0x7ff66659d425+31865]
	chromedriver!GetHandleVerifier [0x7ff6665a605c+3a49c]
	chromedriver!GetHandleVerifier [0x7ff666589684+1dac4]
	chromedriver!GetHandleVerifier [0x7ff666589836+1dc76]
	chromedriver!GetHandleVerifier [0x7ff66656e347+2787]
	KERNEL32!BaseThreadInitThunk [0x7ffc4a11e8d7+17]
	ntdll!RtlUserThreadStart [0x7ffc4b40c3fc+2c]

2026-05-17 22:37:52,154 - baseAutoWeb.py - ERROR - 执行click操作失败，元素：workerupdate/delsel，错误：Message: 
Stacktrace:
	chromedriver!GetHandleVerifier [0x7ff666580295+146d5]
	chromedriver!GetHandleVerifier [0x7ff666580300+14740]
	chromedriver!(No symbol) [0x7ff6662ed7cd]
	chromedriver!(No symbol) [0x7ff666346c4e]
	chromedriver!(No symbol) [0x7ff666346f5c]
	chromedriver!(No symbol) [0x7ff666397cc7]
	chromedriver!(No symbol) [0x7ff666394818]
	chromedriver!(No symbol) [0x7ff666339018]
	chromedriver!(No symbol) [0x7ff666339f03]
	chromedriver!GetHandleVerifier [0x7ff666895949+329d89]
	chromedriver!GetHandleVerifier [0x7ff66688fe96+3242d6]
	chromedriver!GetHandleVerifier [0x7ff6668b3102+347542]
	chromedriver!GetHandleVerifier [0x7ff66659d425+31865]
	chromedriver!GetHandleVerifier [0x7ff6665a605c+3a49c]
	chromedriver!GetHandleVerifier [0x7ff666589684+1dac4]
	chromedriver!GetHandleVerifier [0x7ff666589836+1dc76]
	chromedriver!GetHandleVerifier [0x7ff66656e347+2787]
	KERNEL32!BaseThreadInitThunk [0x7ffc4a11e8d7+17]
	ntdll!RtlUserThreadStart [0x7ffc4b40c3fc+2c]

2026-05-17 22:37:54,778 - conftest.py - INFO - ✅ 浏览器驱动已退出
2026-05-17 22:40:41,780 - baseUtils.py - INFO - 配置文件读取成功：E:\develop\PythonProject\OrangeHRM\Config\配置文件.ini
2026-05-17 22:40:41,780 - globalManager.py - INFO - 全局变量管理器初始化成功
2026-05-17 22:40:42,100 - baseUtils.py - INFO - 配置文件读取成功：E:\develop\PythonProject\OrangeHRM\Config\配置文件.ini
2026-05-17 22:40:42,101 - baseData.py - INFO - 数据驱动读取成功：01登录功能
2026-05-17 22:40:42,102 - baseUtils.py - INFO - 配置文件读取成功：E:\develop\PythonProject\OrangeHRM\Config\配置文件.ini
2026-05-17 22:40:42,103 - baseData.py - INFO - 数据驱动读取成功：02修改员工信息功能
2026-05-17 22:40:43,283 - conftest.py - INFO - ✅ 启动浏览器成功：chrome
2026-05-17 22:40:43,285 - baseUtils.py - INFO - 配置文件读取成功：E:\develop\PythonProject\OrangeHRM\Config\配置文件.ini
2026-05-17 22:40:43,285 - 01登录页面元素信息.yaml - INFO - ========== 开始执行 OrangeHRM 登录操作 ==========
2026-05-17 22:40:43,286 - baseUtils.py - INFO - 配置文件读取成功：E:\develop\PythonProject\OrangeHRM\Config\配置文件.ini
2026-05-17 22:40:48,776 - 01登录页面元素信息.yaml - INFO - ========== OrangeHRM 登录操作执行完成 ==========
2026-05-17 22:40:48,778 - baseUtils.py - INFO - 配置文件读取成功：E:\develop\PythonProject\OrangeHRM\Config\配置文件.ini
2026-05-17 22:40:48,779 - baseUtils.py - INFO - 配置文件读取成功：E:\develop\PythonProject\OrangeHRM\Config\配置文件.ini
2026-05-17 22:40:51,996 - 02修改员工信息.yaml - INFO - ✅ 点击个人信息管理系统
2026-05-17 22:40:53,670 - baseAutoWeb.py - INFO - ✅ 勾选成功：0086
2026-05-17 22:40:54,426 - baseAutoWeb.py - INFO - ✅ 勾选成功：0087
2026-05-17 22:40:54,427 - 02修改员工信息.yaml - INFO - ✅ 勾选成功
2026-05-17 22:40:56,953 - baseAutoWeb.py - INFO - ✅ 滚动成功：workerupdate/delsel
2026-05-17 22:40:58,953 - 02修改员工信息.yaml - INFO - 滚动成功
2026-05-17 22:40:59,151 - 02修改员工信息.yaml - INFO - 点击成功
2026-05-17 22:41:16,862 - conftest.py - INFO - ✅ 浏览器驱动已退出
2026-05-17 22:53:08,584 - baseUtils.py - INFO - 配置文件读取成功：E:\develop\PythonProject\OrangeHRM\Config\配置文件.ini
2026-05-17 22:53:08,584 - globalManager.py - INFO - 全局变量管理器初始化成功
2026-05-17 22:53:08,966 - baseUtils.py - INFO - 配置文件读取成功：E:\develop\PythonProject\OrangeHRM\Config\配置文件.ini
2026-05-17 22:53:08,967 - baseData.py - INFO - 数据驱动读取成功：01登录功能
2026-05-17 22:53:08,968 - baseUtils.py - INFO - 配置文件读取成功：E:\develop\PythonProject\OrangeHRM\Config\配置文件.ini
2026-05-17 22:53:08,969 - baseData.py - INFO - 数据驱动读取成功：02修改员工信息功能
2026-05-17 22:53:10,136 - conftest.py - INFO - ✅ 启动浏览器成功：chrome
2026-05-17 22:53:10,138 - baseUtils.py - INFO - 配置文件读取成功：E:\develop\PythonProject\OrangeHRM\Config\配置文件.ini
2026-05-17 22:53:10,139 - 01登录页面元素信息.yaml - INFO - ========== 开始执行 OrangeHRM 登录操作 ==========
2026-05-17 22:53:10,140 - baseUtils.py - INFO - 配置文件读取成功：E:\develop\PythonProject\OrangeHRM\Config\配置文件.ini
2026-05-17 22:53:15,653 - 01登录页面元素信息.yaml - INFO - ========== OrangeHRM 登录操作执行完成 ==========
2026-05-17 22:53:15,655 - baseUtils.py - INFO - 配置文件读取成功：E:\develop\PythonProject\OrangeHRM\Config\配置文件.ini
2026-05-17 22:53:15,656 - baseUtils.py - INFO - 配置文件读取成功：E:\develop\PythonProject\OrangeHRM\Config\配置文件.ini
2026-05-17 22:53:18,952 - 02修改员工信息.yaml - INFO - ✅ 点击个人信息管理系统
2026-05-17 22:53:20,356 - baseAutoWeb.py - INFO - ✅ 勾选成功：0086
2026-05-17 22:53:21,110 - baseAutoWeb.py - INFO - ✅ 勾选成功：0087
2026-05-17 22:53:21,111 - 02修改员工信息.yaml - INFO - ✅ 勾选成功
2026-05-17 22:53:23,633 - baseAutoWeb.py - INFO - ✅ 滚动成功：workerupdate/delsel
2026-05-17 22:53:25,635 - 02修改员工信息.yaml - INFO - 滚动成功
2026-05-17 22:53:25,828 - 02修改员工信息.yaml - INFO - 点击成功
2026-05-17 22:53:25,829 - baseAutoWeb.py - INFO - 🔍 智能处理确认弹窗，操作：confirm
2026-05-17 22:53:26,681 - baseAutoWeb.py - INFO - ✅ 点击按钮成功
2026-05-17 22:53:26,713 - baseAutoWeb.py - INFO - ✅ 弹窗已关闭，操作完成
2026-05-17 22:53:27,019 - 02修改员工信息.yaml - INFO - ✅ 成功删除
2026-05-17 22:53:29,215 - conftest.py - INFO - ✅ 浏览器驱动已退出
2026-05-17 22:55:58,593 - baseUtils.py - INFO - 配置文件读取成功：E:\develop\PythonProject\OrangeHRM\Config\配置文件.ini
2026-05-17 22:55:58,593 - globalManager.py - INFO - 全局变量管理器初始化成功
2026-05-17 22:55:58,925 - baseUtils.py - INFO - 配置文件读取成功：E:\develop\PythonProject\OrangeHRM\Config\配置文件.ini
2026-05-17 22:55:58,927 - baseData.py - INFO - 数据驱动读取成功：01登录功能
2026-05-17 22:55:58,928 - baseUtils.py - INFO - 配置文件读取成功：E:\develop\PythonProject\OrangeHRM\Config\配置文件.ini
2026-05-17 22:55:58,929 - baseData.py - INFO - 数据驱动读取成功：02修改员工信息功能
2026-05-17 22:56:00,093 - conftest.py - INFO - ✅ 启动浏览器成功：chrome
2026-05-17 22:56:00,094 - baseUtils.py - INFO - 配置文件读取成功：E:\develop\PythonProject\OrangeHRM\Config\配置文件.ini
2026-05-17 22:56:00,095 - 01登录页面元素信息.yaml - INFO - ========== 开始执行 OrangeHRM 登录操作 ==========
2026-05-17 22:56:00,095 - baseUtils.py - INFO - 配置文件读取成功：E:\develop\PythonProject\OrangeHRM\Config\配置文件.ini
2026-05-17 22:56:05,606 - 01登录页面元素信息.yaml - INFO - ========== OrangeHRM 登录操作执行完成 ==========
2026-05-17 22:56:05,609 - baseUtils.py - INFO - 配置文件读取成功：E:\develop\PythonProject\OrangeHRM\Config\配置文件.ini
2026-05-17 22:56:05,611 - baseUtils.py - INFO - 配置文件读取成功：E:\develop\PythonProject\OrangeHRM\Config\配置文件.ini
2026-05-17 22:56:08,772 - 02修改员工信息.yaml - INFO - ✅ 点击个人信息管理系统
2026-05-17 22:56:10,596 - baseAutoWeb.py - INFO - ✅ 勾选成功：金刚
2026-05-17 22:56:10,596 - 02修改员工信息.yaml - INFO - ✅ 勾选成功
2026-05-17 22:56:13,119 - baseAutoWeb.py - INFO - ✅ 滚动成功：workerupdate/delsel
2026-05-17 22:56:15,120 - 02修改员工信息.yaml - INFO - 滚动成功
2026-05-17 22:56:15,316 - 02修改员工信息.yaml - INFO - 点击成功
2026-05-17 22:56:15,316 - baseAutoWeb.py - INFO - 🔍 智能处理确认弹窗，操作：confirm
2026-05-17 22:56:16,168 - baseAutoWeb.py - INFO - ✅ 点击按钮成功
2026-05-17 22:56:16,181 - baseAutoWeb.py - INFO - ✅ 弹窗已关闭，操作完成
2026-05-17 22:56:16,502 - 02修改员工信息.yaml - INFO - ✅ 成功删除
2026-05-17 22:56:18,703 - conftest.py - INFO - ✅ 浏览器驱动已退出
