2026-05-19 15:00:26,424 - baseUtils.py - INFO - 配置文件读取成功：E:\develop\PythonProject\OrangeHRM\Config\配置文件.ini
2026-05-19 15:00:26,424 - globalManager.py - INFO - 全局变量管理器初始化成功
2026-05-19 15:00:26,837 - baseUtils.py - INFO - 配置文件读取成功：E:\develop\PythonProject\OrangeHRM\Config\配置文件.ini
2026-05-19 15:00:26,838 - baseData.py - INFO - 数据驱动读取成功：01登录功能
2026-05-19 15:00:26,839 - baseUtils.py - INFO - 配置文件读取成功：E:\develop\PythonProject\OrangeHRM\Config\配置文件.ini
2026-05-19 15:00:26,841 - baseData.py - INFO - 数据驱动读取成功：02修改员工信息功能
2026-05-19 15:00:28,008 - conftest.py - INFO - ✅ 启动浏览器成功：chrome
2026-05-19 15:00:28,010 - baseUtils.py - INFO - 配置文件读取成功：E:\develop\PythonProject\OrangeHRM\Config\配置文件.ini
2026-05-19 15:00:28,010 - 01登录页面元素信息.yaml - INFO - ========== 开始执行 OrangeHRM 登录操作 ==========
2026-05-19 15:00:28,012 - baseUtils.py - INFO - 配置文件读取成功：E:\develop\PythonProject\OrangeHRM\Config\配置文件.ini
2026-05-19 15:00:33,455 - 01登录页面元素信息.yaml - INFO - ========== OrangeHRM 登录操作执行完成 ==========
2026-05-19 15:00:33,457 - baseUtils.py - INFO - 配置文件读取成功：E:\develop\PythonProject\OrangeHRM\Config\配置文件.ini
2026-05-19 15:00:37,491 - baseAutoWeb.py - INFO - 🔍 通用下拉选择：年假
2026-05-19 15:00:44,298 - baseAutoWeb.py - INFO - ✅ 通用自定义下拉选择成功
2026-05-19 15:00:44,972 - 02修改员工信息.yaml - INFO - 输入请假原因
2026-05-19 15:00:50,174 - 02修改员工信息.yaml - INFO - 点击申请
2026-05-19 15:00:50,175 - baseUtils.py - INFO - 配置文件读取成功：E:\develop\PythonProject\OrangeHRM\Config\配置文件.ini
2026-05-19 15:00:50,780 - 02修改员工信息.yaml - INFO - ✅ 假期余额不足提示成功
2026-05-19 15:00:50,780 - test_web_ohrm.py - INFO - ✅ 【员工假期余额不足】用例执行完成
2026-05-19 15:00:52,987 - conftest.py - INFO - ✅ 浏览器驱动已退出
2026-05-19 15:01:12,223 - baseUtils.py - INFO - 配置文件读取成功：E:\develop\PythonProject\OrangeHRM\Config\配置文件.ini
2026-05-19 15:01:12,223 - globalManager.py - INFO - 全局变量管理器初始化成功
2026-05-19 15:01:12,554 - baseUtils.py - INFO - 配置文件读取成功：E:\develop\PythonProject\OrangeHRM\Config\配置文件.ini
2026-05-19 15:01:12,556 - baseData.py - INFO - 数据驱动读取成功：01登录功能
2026-05-19 15:01:12,557 - baseUtils.py - INFO - 配置文件读取成功：E:\develop\PythonProject\OrangeHRM\Config\配置文件.ini
2026-05-19 15:01:12,558 - baseData.py - INFO - 数据驱动读取成功：02修改员工信息功能
2026-05-19 15:01:13,722 - conftest.py - INFO - ✅ 启动浏览器成功：chrome
2026-05-19 15:01:13,723 - baseUtils.py - INFO - 配置文件读取成功：E:\develop\PythonProject\OrangeHRM\Config\配置文件.ini
2026-05-19 15:01:13,723 - 01登录页面元素信息.yaml - INFO - ========== 开始执行 OrangeHRM 登录操作 ==========
2026-05-19 15:01:13,724 - baseUtils.py - INFO - 配置文件读取成功：E:\develop\PythonProject\OrangeHRM\Config\配置文件.ini
2026-05-19 15:01:19,248 - 01登录页面元素信息.yaml - INFO - ========== OrangeHRM 登录操作执行完成 ==========
2026-05-19 15:01:19,251 - baseUtils.py - INFO - 配置文件读取成功：E:\develop\PythonProject\OrangeHRM\Config\配置文件.ini
2026-05-19 15:01:23,754 - baseAutoWeb.py - INFO - 🔍 通用下拉选择：年假
2026-05-19 15:01:30,504 - baseAutoWeb.py - INFO - ✅ 通用自定义下拉选择成功
2026-05-19 15:01:30,722 - 02修改员工信息.yaml - INFO - 输入请假原因
2026-05-19 15:01:35,918 - 02修改员工信息.yaml - INFO - 点击申请
2026-05-19 15:01:35,919 - baseUtils.py - INFO - 配置文件读取成功：E:\develop\PythonProject\OrangeHRM\Config\配置文件.ini
2026-05-19 15:01:40,563 - conftest.py - INFO - ✅ 浏览器驱动已退出
2026-05-19 15:05:28,863 - baseUtils.py - INFO - 配置文件读取成功：E:\develop\PythonProject\OrangeHRM\Config\配置文件.ini
2026-05-19 15:05:28,863 - globalManager.py - INFO - 全局变量管理器初始化成功
2026-05-19 15:05:29,312 - baseUtils.py - INFO - 配置文件读取成功：E:\develop\PythonProject\OrangeHRM\Config\配置文件.ini
2026-05-19 15:05:29,313 - baseData.py - INFO - 数据驱动读取成功：01登录功能
2026-05-19 15:05:29,314 - baseUtils.py - INFO - 配置文件读取成功：E:\develop\PythonProject\OrangeHRM\Config\配置文件.ini
2026-05-19 15:05:29,315 - baseData.py - INFO - 数据驱动读取成功：02修改员工信息功能
2026-05-19 15:05:30,480 - conftest.py - INFO - ✅ 启动浏览器成功：chrome
2026-05-19 15:05:30,482 - baseUtils.py - INFO - 配置文件读取成功：E:\develop\PythonProject\OrangeHRM\Config\配置文件.ini
2026-05-19 15:05:30,482 - 01登录页面元素信息.yaml - INFO - ========== 开始执行 OrangeHRM 登录操作 ==========
2026-05-19 15:05:30,483 - baseUtils.py - INFO - 配置文件读取成功：E:\develop\PythonProject\OrangeHRM\Config\配置文件.ini
2026-05-19 15:05:36,049 - 01登录页面元素信息.yaml - INFO - ========== OrangeHRM 登录操作执行完成 ==========
2026-05-19 15:05:36,051 - baseUtils.py - INFO - 配置文件读取成功：E:\develop\PythonProject\OrangeHRM\Config\配置文件.ini
2026-05-19 15:05:52,640 - baseAutoWeb.py - ERROR - ❌ 表单下拉失败：Message: 
Stacktrace:
	chromedriver!GetHandleVerifier [0x7ff726c00295+146d5]
	chromedriver!GetHandleVerifier [0x7ff726c00300+14740]
	chromedriver!(No symbol) [0x7ff72696d7cd]
	chromedriver!(No symbol) [0x7ff7269c6c4e]
	chromedriver!(No symbol) [0x7ff7269c6f5c]
	chromedriver!(No symbol) [0x7ff726a17cc7]
	chromedriver!(No symbol) [0x7ff726a14818]
	chromedriver!(No symbol) [0x7ff7269b9018]
	chromedriver!(No symbol) [0x7ff7269b9f03]
	chromedriver!GetHandleVerifier [0x7ff726f15949+329d89]
	chromedriver!GetHandleVerifier [0x7ff726f0fe96+3242d6]
	chromedriver!GetHandleVerifier [0x7ff726f33102+347542]
	chromedriver!GetHandleVerifier [0x7ff726c1d425+31865]
	chromedriver!GetHandleVerifier [0x7ff726c2605c+3a49c]
	chromedriver!GetHandleVerifier [0x7ff726c09684+1dac4]
	chromedriver!GetHandleVerifier [0x7ff726c09836+1dc76]
	chromedriver!GetHandleVerifier [0x7ff726bee347+2787]
	KERNEL32!BaseThreadInitThunk [0x7ffc4a11e8d7+17]
	ntdll!RtlUserThreadStart [0x7ffc4b40c3fc+2c]

2026-05-19 15:05:55,194 - conftest.py - INFO - ✅ 浏览器驱动已退出
2026-05-19 15:11:35,328 - baseUtils.py - INFO - 配置文件读取成功：E:\develop\PythonProject\OrangeHRM\Config\配置文件.ini
2026-05-19 15:11:35,328 - globalManager.py - INFO - 全局变量管理器初始化成功
2026-05-19 15:11:35,722 - baseUtils.py - INFO - 配置文件读取成功：E:\develop\PythonProject\OrangeHRM\Config\配置文件.ini
2026-05-19 15:11:35,724 - baseData.py - INFO - 数据驱动读取成功：01登录功能
2026-05-19 15:11:35,725 - baseUtils.py - INFO - 配置文件读取成功：E:\develop\PythonProject\OrangeHRM\Config\配置文件.ini
2026-05-19 15:11:35,726 - baseData.py - INFO - 数据驱动读取成功：02修改员工信息功能
2026-05-19 15:11:36,896 - conftest.py - INFO - ✅ 启动浏览器成功：chrome
2026-05-19 15:11:36,897 - baseUtils.py - INFO - 配置文件读取成功：E:\develop\PythonProject\OrangeHRM\Config\配置文件.ini
2026-05-19 15:11:36,897 - 01登录页面元素信息.yaml - INFO - ========== 开始执行 OrangeHRM 登录操作 ==========
2026-05-19 15:11:36,898 - baseUtils.py - INFO - 配置文件读取成功：E:\develop\PythonProject\OrangeHRM\Config\配置文件.ini
2026-05-19 15:11:42,408 - 01登录页面元素信息.yaml - INFO - ========== OrangeHRM 登录操作执行完成 ==========
2026-05-19 15:11:42,410 - baseUtils.py - INFO - 配置文件读取成功：E:\develop\PythonProject\OrangeHRM\Config\配置文件.ini
2026-05-19 15:11:47,791 - baseAutoWeb.py - ERROR - ❌ 表单下拉失败：Message: invalid selector: Unable to locate an element with the xpath expression //*[@id="app"]/div[1]/div[2]/div[2]/div/div/form/div[1]/div/div[1]/div/div[2]/div/div"] because of the following error:
SyntaxError: Failed to execute 'evaluate' on 'Document': The string '//*[@id="app"]/div[1]/div[2]/div[2]/div/div/form/div[1]/div/div[1]/div/div[2]/div/div"]' is not a valid XPath expression.
  (Session info: chrome=148.0.7778.168)
Stacktrace:
	chromedriver!GetHandleVerifier [0x7ff726c00295+146d5]
	chromedriver!GetHandleVerifier [0x7ff726c00300+14740]
	chromedriver!(No symbol) [0x7ff72696d7cd]
	chromedriver!(No symbol) [0x7ff726975751]
	chromedriver!(No symbol) [0x7ff726978875]
	chromedriver!(No symbol) [0x7ff72697893f]
	chromedriver!(No symbol) [0x7ff7269c63ce]
	chromedriver!(No symbol) [0x7ff7269c6f5c]
	chromedriver!(No symbol) [0x7ff726a17cc7]
	chromedriver!(No symbol) [0x7ff726a14818]
	chromedriver!(No symbol) [0x7ff7269b9018]
	chromedriver!(No symbol) [0x7ff7269b9f03]
	chromedriver!GetHandleVerifier [0x7ff726f15949+329d89]
	chromedriver!GetHandleVerifier [0x7ff726f0fe96+3242d6]
	chromedriver!GetHandleVerifier [0x7ff726f33102+347542]
	chromedriver!GetHandleVerifier [0x7ff726c1d425+31865]
	chromedriver!GetHandleVerifier [0x7ff726c2605c+3a49c]
	chromedriver!GetHandleVerifier [0x7ff726c09684+1dac4]
	chromedriver!GetHandleVerifier [0x7ff726c09836+1dc76]
	chromedriver!GetHandleVerifier [0x7ff726bee347+2787]
	KERNEL32!BaseThreadInitThunk [0x7ffc4a11e8d7+17]
	ntdll!RtlUserThreadStart [0x7ffc4b40c3fc+2c]

2026-05-19 15:11:50,431 - conftest.py - INFO - ✅ 浏览器驱动已退出
2026-05-19 15:13:49,770 - baseUtils.py - INFO - 配置文件读取成功：E:\develop\PythonProject\OrangeHRM\Config\配置文件.ini
2026-05-19 15:13:49,771 - globalManager.py - INFO - 全局变量管理器初始化成功
2026-05-19 15:13:50,105 - baseUtils.py - INFO - 配置文件读取成功：E:\develop\PythonProject\OrangeHRM\Config\配置文件.ini
2026-05-19 15:13:50,107 - baseData.py - INFO - 数据驱动读取成功：01登录功能
2026-05-19 15:13:50,108 - baseUtils.py - INFO - 配置文件读取成功：E:\develop\PythonProject\OrangeHRM\Config\配置文件.ini
2026-05-19 15:13:50,109 - baseData.py - INFO - 数据驱动读取成功：02修改员工信息功能
2026-05-19 15:13:51,275 - conftest.py - INFO - ✅ 启动浏览器成功：chrome
2026-05-19 15:13:51,277 - baseUtils.py - INFO - 配置文件读取成功：E:\develop\PythonProject\OrangeHRM\Config\配置文件.ini
2026-05-19 15:13:51,277 - 01登录页面元素信息.yaml - INFO - ========== 开始执行 OrangeHRM 登录操作 ==========
2026-05-19 15:13:51,278 - baseUtils.py - INFO - 配置文件读取成功：E:\develop\PythonProject\OrangeHRM\Config\配置文件.ini
2026-05-19 15:13:56,778 - 01登录页面元素信息.yaml - INFO - ========== OrangeHRM 登录操作执行完成 ==========
2026-05-19 15:13:56,781 - baseUtils.py - INFO - 配置文件读取成功：E:\develop\PythonProject\OrangeHRM\Config\配置文件.ini
2026-05-19 15:14:02,116 - baseAutoWeb.py - INFO - ✅ 表单下拉选择：年假
2026-05-19 15:14:02,764 - 02修改员工信息.yaml - INFO - 输入请假原因
2026-05-19 15:14:07,956 - 02修改员工信息.yaml - INFO - 点击申请
2026-05-19 15:14:07,957 - baseUtils.py - INFO - 配置文件读取成功：E:\develop\PythonProject\OrangeHRM\Config\配置文件.ini
2026-05-19 15:14:12,574 - conftest.py - INFO - ✅ 浏览器驱动已退出
2026-05-19 15:15:47,980 - baseUtils.py - INFO - 配置文件读取成功：E:\develop\PythonProject\OrangeHRM\Config\配置文件.ini
2026-05-19 15:15:47,981 - globalManager.py - INFO - 全局变量管理器初始化成功
2026-05-19 15:15:48,322 - baseUtils.py - INFO - 配置文件读取成功：E:\develop\PythonProject\OrangeHRM\Config\配置文件.ini
2026-05-19 15:15:48,324 - baseData.py - INFO - 数据驱动读取成功：01登录功能
2026-05-19 15:15:48,325 - baseUtils.py - INFO - 配置文件读取成功：E:\develop\PythonProject\OrangeHRM\Config\配置文件.ini
2026-05-19 15:15:48,326 - baseData.py - INFO - 数据驱动读取成功：02修改员工信息功能
2026-05-19 15:15:49,488 - conftest.py - INFO - ✅ 启动浏览器成功：chrome
2026-05-19 15:15:49,490 - baseUtils.py - INFO - 配置文件读取成功：E:\develop\PythonProject\OrangeHRM\Config\配置文件.ini
2026-05-19 15:15:49,490 - 01登录页面元素信息.yaml - INFO - ========== 开始执行 OrangeHRM 登录操作 ==========
2026-05-19 15:15:49,491 - baseUtils.py - INFO - 配置文件读取成功：E:\develop\PythonProject\OrangeHRM\Config\配置文件.ini
2026-05-19 15:15:54,982 - 01登录页面元素信息.yaml - INFO - ========== OrangeHRM 登录操作执行完成 ==========
2026-05-19 15:15:54,984 - baseUtils.py - INFO - 配置文件读取成功：E:\develop\PythonProject\OrangeHRM\Config\配置文件.ini
2026-05-19 15:16:11,416 - baseAutoWeb.py - ERROR - ❌ 表单下拉失败：Message: 
Stacktrace:
	chromedriver!GetHandleVerifier [0x7ff726c00295+146d5]
	chromedriver!GetHandleVerifier [0x7ff726c00300+14740]
	chromedriver!(No symbol) [0x7ff72696d7cd]
	chromedriver!(No symbol) [0x7ff7269c6c4e]
	chromedriver!(No symbol) [0x7ff7269c6f5c]
	chromedriver!(No symbol) [0x7ff726a17cc7]
	chromedriver!(No symbol) [0x7ff726a14818]
	chromedriver!(No symbol) [0x7ff7269b9018]
	chromedriver!(No symbol) [0x7ff7269b9f03]
	chromedriver!GetHandleVerifier [0x7ff726f15949+329d89]
	chromedriver!GetHandleVerifier [0x7ff726f0fe96+3242d6]
	chromedriver!GetHandleVerifier [0x7ff726f33102+347542]
	chromedriver!GetHandleVerifier [0x7ff726c1d425+31865]
	chromedriver!GetHandleVerifier [0x7ff726c2605c+3a49c]
	chromedriver!GetHandleVerifier [0x7ff726c09684+1dac4]
	chromedriver!GetHandleVerifier [0x7ff726c09836+1dc76]
	chromedriver!GetHandleVerifier [0x7ff726bee347+2787]
	KERNEL32!BaseThreadInitThunk [0x7ffc4a11e8d7+17]
	ntdll!RtlUserThreadStart [0x7ffc4b40c3fc+2c]

2026-05-19 15:16:13,989 - conftest.py - INFO - ✅ 浏览器驱动已退出
2026-05-19 15:22:57,224 - baseUtils.py - INFO - 配置文件读取成功：E:\develop\PythonProject\OrangeHRM\Config\配置文件.ini
2026-05-19 15:22:57,225 - globalManager.py - INFO - 全局变量管理器初始化成功
2026-05-19 15:22:58,277 - baseUtils.py - INFO - 配置文件读取成功：E:\develop\PythonProject\OrangeHRM\Config\配置文件.ini
2026-05-19 15:22:58,278 - baseData.py - INFO - 数据驱动读取成功：01登录功能
2026-05-19 15:22:58,280 - baseUtils.py - INFO - 配置文件读取成功：E:\develop\PythonProject\OrangeHRM\Config\配置文件.ini
2026-05-19 15:22:58,281 - baseData.py - INFO - 数据驱动读取成功：02修改员工信息功能
2026-05-19 15:23:01,392 - conftest.py - INFO - ✅ 启动浏览器成功：chrome
2026-05-19 15:23:01,393 - baseUtils.py - INFO - 配置文件读取成功：E:\develop\PythonProject\OrangeHRM\Config\配置文件.ini
2026-05-19 15:23:01,394 - 01登录页面元素信息.yaml - INFO - ========== 开始执行 OrangeHRM 登录操作 ==========
2026-05-19 15:23:01,395 - baseUtils.py - INFO - 配置文件读取成功：E:\develop\PythonProject\OrangeHRM\Config\配置文件.ini
2026-05-19 15:23:06,977 - 01登录页面元素信息.yaml - INFO - ========== OrangeHRM 登录操作执行完成 ==========
2026-05-19 15:23:06,979 - baseUtils.py - INFO - 配置文件读取成功：E:\develop\PythonProject\OrangeHRM\Config\配置文件.ini
2026-05-19 15:23:11,750 - baseAutoWeb.py - INFO - 🔍 已点击下拉框，等待选项弹出：年假
2026-05-19 15:23:23,596 - baseAutoWeb.py - ERROR - ❌ 表单下拉失败：Message: 
Stacktrace:
	chromedriver!GetHandleVerifier [0x7ff726c00295+146d5]
	chromedriver!GetHandleVerifier [0x7ff726c00300+14740]
	chromedriver!(No symbol) [0x7ff72696d7cd]
	chromedriver!(No symbol) [0x7ff7269c6c4e]
	chromedriver!(No symbol) [0x7ff7269c6f5c]
	chromedriver!(No symbol) [0x7ff726a17cc7]
	chromedriver!(No symbol) [0x7ff726a14818]
	chromedriver!(No symbol) [0x7ff7269b9018]
	chromedriver!(No symbol) [0x7ff7269b9f03]
	chromedriver!GetHandleVerifier [0x7ff726f15949+329d89]
	chromedriver!GetHandleVerifier [0x7ff726f0fe96+3242d6]
	chromedriver!GetHandleVerifier [0x7ff726f33102+347542]
	chromedriver!GetHandleVerifier [0x7ff726c1d425+31865]
	chromedriver!GetHandleVerifier [0x7ff726c2605c+3a49c]
	chromedriver!GetHandleVerifier [0x7ff726c09684+1dac4]
	chromedriver!GetHandleVerifier [0x7ff726c09836+1dc76]
	chromedriver!GetHandleVerifier [0x7ff726bee347+2787]
	KERNEL32!BaseThreadInitThunk [0x7ffc4a11e8d7+17]
	ntdll!RtlUserThreadStart [0x7ffc4b40c3fc+2c]

2026-05-19 15:23:26,353 - conftest.py - INFO - ✅ 浏览器驱动已退出
2026-05-19 15:24:44,860 - baseUtils.py - INFO - 配置文件读取成功：E:\develop\PythonProject\OrangeHRM\Config\配置文件.ini
2026-05-19 15:24:44,861 - globalManager.py - INFO - 全局变量管理器初始化成功
2026-05-19 15:24:45,196 - baseUtils.py - INFO - 配置文件读取成功：E:\develop\PythonProject\OrangeHRM\Config\配置文件.ini
2026-05-19 15:24:45,198 - baseData.py - INFO - 数据驱动读取成功：01登录功能
2026-05-19 15:24:45,199 - baseUtils.py - INFO - 配置文件读取成功：E:\develop\PythonProject\OrangeHRM\Config\配置文件.ini
2026-05-19 15:24:45,200 - baseData.py - INFO - 数据驱动读取成功：02修改员工信息功能
2026-05-19 15:24:46,370 - conftest.py - INFO - ✅ 启动浏览器成功：chrome
2026-05-19 15:24:46,371 - baseUtils.py - INFO - 配置文件读取成功：E:\develop\PythonProject\OrangeHRM\Config\配置文件.ini
2026-05-19 15:24:46,372 - 01登录页面元素信息.yaml - INFO - ========== 开始执行 OrangeHRM 登录操作 ==========
2026-05-19 15:24:46,373 - baseUtils.py - INFO - 配置文件读取成功：E:\develop\PythonProject\OrangeHRM\Config\配置文件.ini
2026-05-19 15:24:51,892 - 01登录页面元素信息.yaml - INFO - ========== OrangeHRM 登录操作执行完成 ==========
2026-05-19 15:24:51,894 - baseUtils.py - INFO - 配置文件读取成功：E:\develop\PythonProject\OrangeHRM\Config\配置文件.ini
2026-05-19 15:24:56,530 - baseAutoWeb.py - INFO - 🔍 已点击下拉框，等待选项弹出：年假
2026-05-19 15:25:08,408 - baseAutoWeb.py - ERROR - ❌ 表单下拉失败：Message: 
Stacktrace:
	chromedriver!GetHandleVerifier [0x7ff726c00295+146d5]
	chromedriver!GetHandleVerifier [0x7ff726c00300+14740]
	chromedriver!(No symbol) [0x7ff72696d7cd]
	chromedriver!(No symbol) [0x7ff7269c6c4e]
	chromedriver!(No symbol) [0x7ff7269c6f5c]
	chromedriver!(No symbol) [0x7ff726a17cc7]
	chromedriver!(No symbol) [0x7ff726a14818]
	chromedriver!(No symbol) [0x7ff7269b9018]
	chromedriver!(No symbol) [0x7ff7269b9f03]
	chromedriver!GetHandleVerifier [0x7ff726f15949+329d89]
	chromedriver!GetHandleVerifier [0x7ff726f0fe96+3242d6]
	chromedriver!GetHandleVerifier [0x7ff726f33102+347542]
	chromedriver!GetHandleVerifier [0x7ff726c1d425+31865]
	chromedriver!GetHandleVerifier [0x7ff726c2605c+3a49c]
	chromedriver!GetHandleVerifier [0x7ff726c09684+1dac4]
	chromedriver!GetHandleVerifier [0x7ff726c09836+1dc76]
	chromedriver!GetHandleVerifier [0x7ff726bee347+2787]
	KERNEL32!BaseThreadInitThunk [0x7ffc4a11e8d7+17]
	ntdll!RtlUserThreadStart [0x7ffc4b40c3fc+2c]

2026-05-19 15:25:11,080 - conftest.py - INFO - ✅ 浏览器驱动已退出
2026-05-19 15:25:45,167 - baseUtils.py - INFO - 配置文件读取成功：E:\develop\PythonProject\OrangeHRM\Config\配置文件.ini
2026-05-19 15:25:45,168 - globalManager.py - INFO - 全局变量管理器初始化成功
2026-05-19 15:25:45,501 - baseUtils.py - INFO - 配置文件读取成功：E:\develop\PythonProject\OrangeHRM\Config\配置文件.ini
2026-05-19 15:25:45,502 - baseData.py - INFO - 数据驱动读取成功：01登录功能
2026-05-19 15:25:45,503 - baseUtils.py - INFO - 配置文件读取成功：E:\develop\PythonProject\OrangeHRM\Config\配置文件.ini
2026-05-19 15:25:45,504 - baseData.py - INFO - 数据驱动读取成功：02修改员工信息功能
2026-05-19 15:25:46,661 - conftest.py - INFO - ✅ 启动浏览器成功：chrome
2026-05-19 15:25:46,663 - baseUtils.py - INFO - 配置文件读取成功：E:\develop\PythonProject\OrangeHRM\Config\配置文件.ini
2026-05-19 15:25:46,663 - 01登录页面元素信息.yaml - INFO - ========== 开始执行 OrangeHRM 登录操作 ==========
2026-05-19 15:25:46,665 - baseUtils.py - INFO - 配置文件读取成功：E:\develop\PythonProject\OrangeHRM\Config\配置文件.ini
2026-05-19 15:25:49,228 - baseAutoWeb.py - ERROR - 执行click操作失败，元素：login/username，错误：Message: invalid session id: session deleted as the browser has closed the connection
from disconnected: not connected to DevTools
  (Session info: chrome=148.0.7778.168)
Stacktrace:
	chromedriver!GetHandleVerifier [0x7ff726c00295+146d5]
	chromedriver!GetHandleVerifier [0x7ff726c00300+14740]
	chromedriver!(No symbol) [0x7ff72696d7cd]
	chromedriver!(No symbol) [0x7ff726958842]
	chromedriver!(No symbol) [0x7ff72697f0b1]
	chromedriver!(No symbol) [0x7ff7269f70b0]
	chromedriver!(No symbol) [0x7ff726a140e2]
	chromedriver!(No symbol) [0x7ff7269b9018]
	chromedriver!(No symbol) [0x7ff7269b9f03]
	chromedriver!GetHandleVerifier [0x7ff726f15949+329d89]
	chromedriver!GetHandleVerifier [0x7ff726f0fe96+3242d6]
	chromedriver!GetHandleVerifier [0x7ff726f33102+347542]
	chromedriver!GetHandleVerifier [0x7ff726c1d425+31865]
	chromedriver!GetHandleVerifier [0x7ff726c2605c+3a49c]
	chromedriver!GetHandleVerifier [0x7ff726c09684+1dac4]
	chromedriver!GetHandleVerifier [0x7ff726c09836+1dc76]
	chromedriver!GetHandleVerifier [0x7ff726bee347+2787]
	KERNEL32!BaseThreadInitThunk [0x7ffc4a11e8d7+17]
	ntdll!RtlUserThreadStart [0x7ffc4b40c3fc+2c]

2026-05-19 15:25:49,457 - conftest.py - ERROR - Web截图异常：Message: invalid session id
Stacktrace:
	chromedriver!GetHandleVerifier [0x7ff726c00295+146d5]
	chromedriver!GetHandleVerifier [0x7ff726c00300+14740]
	chromedriver!(No symbol) [0x7ff72696d5b6]
	chromedriver!(No symbol) [0x7ff7269b8093]
	chromedriver!(No symbol) [0x7ff7269efe72]
	chromedriver!(No symbol) [0x7ff7269ea0d1]
	chromedriver!(No symbol) [0x7ff7269e9383]
	chromedriver!(No symbol) [0x7ff7269360b5]
	chromedriver!GetHandleVerifier [0x7ff726f15949+329d89]
	chromedriver!GetHandleVerifier [0x7ff726f0fe96+3242d6]
	chromedriver!GetHandleVerifier [0x7ff726f33102+347542]
	chromedriver!GetHandleVerifier [0x7ff726c1d425+31865]
	chromedriver!GetHandleVerifier [0x7ff726c2605c+3a49c]
	chromedriver!(No symbol) [0x7ff726934e4a]
	chromedriver!GetHandleVerifier [0x7ff727072118+486558]
	KERNEL32!BaseThreadInitThunk [0x7ffc4a11e8d7+17]
	ntdll!RtlUserThreadStart [0x7ffc4b40c3fc+2c]

2026-05-19 15:25:51,521 - conftest.py - INFO - ✅ 浏览器驱动已退出
2026-05-19 15:25:59,922 - baseUtils.py - INFO - 配置文件读取成功：E:\develop\PythonProject\OrangeHRM\Config\配置文件.ini
2026-05-19 15:25:59,922 - globalManager.py - INFO - 全局变量管理器初始化成功
2026-05-19 15:26:00,240 - baseUtils.py - INFO - 配置文件读取成功：E:\develop\PythonProject\OrangeHRM\Config\配置文件.ini
2026-05-19 15:26:00,241 - baseData.py - INFO - 数据驱动读取成功：01登录功能
2026-05-19 15:26:00,242 - baseUtils.py - INFO - 配置文件读取成功：E:\develop\PythonProject\OrangeHRM\Config\配置文件.ini
2026-05-19 15:26:00,243 - baseData.py - INFO - 数据驱动读取成功：02修改员工信息功能
2026-05-19 15:26:01,405 - conftest.py - INFO - ✅ 启动浏览器成功：chrome
2026-05-19 15:26:01,406 - baseUtils.py - INFO - 配置文件读取成功：E:\develop\PythonProject\OrangeHRM\Config\配置文件.ini
2026-05-19 15:26:01,407 - 01登录页面元素信息.yaml - INFO - ========== 开始执行 OrangeHRM 登录操作 ==========
2026-05-19 15:26:01,408 - baseUtils.py - INFO - 配置文件读取成功：E:\develop\PythonProject\OrangeHRM\Config\配置文件.ini
2026-05-19 15:26:06,935 - 01登录页面元素信息.yaml - INFO - ========== OrangeHRM 登录操作执行完成 ==========
2026-05-19 15:26:06,937 - baseUtils.py - INFO - 配置文件读取成功：E:\develop\PythonProject\OrangeHRM\Config\配置文件.ini
2026-05-19 15:26:11,163 - baseAutoWeb.py - INFO - 🔍 通用下拉选择：年假
2026-05-19 15:26:18,023 - baseAutoWeb.py - INFO - ✅ 通用自定义下拉选择成功
2026-05-19 15:26:18,693 - 02修改员工信息.yaml - INFO - 输入请假原因
2026-05-19 15:26:23,897 - 02修改员工信息.yaml - INFO - 点击申请
2026-05-19 15:26:23,898 - baseUtils.py - INFO - 配置文件读取成功：E:\develop\PythonProject\OrangeHRM\Config\配置文件.ini
2026-05-19 15:26:24,554 - 02修改员工信息.yaml - INFO - ✅ 假期余额不足提示成功
2026-05-19 15:26:24,554 - test_web_ohrm.py - INFO - ✅ 【员工假期余额不足】用例执行完成
2026-05-19 15:26:26,741 - conftest.py - INFO - ✅ 浏览器驱动已退出
2026-05-19 15:32:53,693 - baseUtils.py - INFO - 配置文件读取成功：E:\develop\PythonProject\OrangeHRM\Config\配置文件.ini
2026-05-19 15:32:53,693 - globalManager.py - INFO - 全局变量管理器初始化成功
2026-05-19 15:32:54,117 - baseUtils.py - INFO - 配置文件读取成功：E:\develop\PythonProject\OrangeHRM\Config\配置文件.ini
2026-05-19 15:32:54,118 - baseData.py - INFO - 数据驱动读取成功：01登录功能
2026-05-19 15:32:54,119 - baseUtils.py - INFO - 配置文件读取成功：E:\develop\PythonProject\OrangeHRM\Config\配置文件.ini
2026-05-19 15:32:54,120 - baseData.py - INFO - 数据驱动读取成功：02修改员工信息功能
2026-05-19 15:32:55,295 - conftest.py - INFO - ✅ 启动浏览器成功：chrome
2026-05-19 15:32:55,297 - baseUtils.py - INFO - 配置文件读取成功：E:\develop\PythonProject\OrangeHRM\Config\配置文件.ini
2026-05-19 15:32:55,297 - 01登录页面元素信息.yaml - INFO - ========== 开始执行 OrangeHRM 登录操作 ==========
2026-05-19 15:32:55,298 - baseUtils.py - INFO - 配置文件读取成功：E:\develop\PythonProject\OrangeHRM\Config\配置文件.ini
2026-05-19 15:33:00,847 - 01登录页面元素信息.yaml - INFO - ========== OrangeHRM 登录操作执行完成 ==========
2026-05-19 15:33:00,850 - baseUtils.py - INFO - 配置文件读取成功：E:\develop\PythonProject\OrangeHRM\Config\配置文件.ini
2026-05-19 15:33:05,210 - baseAutoWeb.py - INFO - ✅ 顶部导航选择：上/下班打卡
2026-05-19 15:33:06,668 - baseAutoWeb.py - WARNING - ⚠️ 第1次点击失败，0.5秒后重试... 错误：Message: element click intercepted: Element <button data-v-10d463b7="" data-v-597e1f38="" type="subm
2026-05-19 15:33:08,551 - baseAutoWeb.py - INFO - ✅ 顶部导航选择：我的记录
2026-05-19 15:33:08,558 - baseUtils.py - INFO - 配置文件读取成功：E:\develop\PythonProject\OrangeHRM\Config\配置文件.ini
2026-05-19 15:33:13,145 - conftest.py - INFO - ✅ 浏览器驱动已退出
2026-05-19 15:33:57,506 - baseUtils.py - INFO - 配置文件读取成功：E:\develop\PythonProject\OrangeHRM\Config\配置文件.ini
2026-05-19 15:33:57,506 - globalManager.py - INFO - 全局变量管理器初始化成功
2026-05-19 15:33:57,853 - baseUtils.py - INFO - 配置文件读取成功：E:\develop\PythonProject\OrangeHRM\Config\配置文件.ini
2026-05-19 15:33:57,854 - baseData.py - INFO - 数据驱动读取成功：01登录功能
2026-05-19 15:33:57,855 - baseUtils.py - INFO - 配置文件读取成功：E:\develop\PythonProject\OrangeHRM\Config\配置文件.ini
2026-05-19 15:33:57,856 - baseData.py - INFO - 数据驱动读取成功：02修改员工信息功能
2026-05-19 15:33:59,020 - conftest.py - INFO - ✅ 启动浏览器成功：chrome
2026-05-19 15:33:59,021 - baseUtils.py - INFO - 配置文件读取成功：E:\develop\PythonProject\OrangeHRM\Config\配置文件.ini
2026-05-19 15:33:59,022 - 01登录页面元素信息.yaml - INFO - ========== 开始执行 OrangeHRM 登录操作 ==========
2026-05-19 15:33:59,023 - baseUtils.py - INFO - 配置文件读取成功：E:\develop\PythonProject\OrangeHRM\Config\配置文件.ini
2026-05-19 15:34:04,456 - 01登录页面元素信息.yaml - INFO - ========== OrangeHRM 登录操作执行完成 ==========
2026-05-19 15:34:04,458 - baseUtils.py - INFO - 配置文件读取成功：E:\develop\PythonProject\OrangeHRM\Config\配置文件.ini
2026-05-19 15:34:08,405 - baseAutoWeb.py - INFO - ✅ 顶部导航选择：我的记录
2026-05-19 15:34:08,412 - baseUtils.py - INFO - 配置文件读取成功：E:\develop\PythonProject\OrangeHRM\Config\配置文件.ini
2026-05-19 15:34:12,992 - conftest.py - INFO - ✅ 浏览器驱动已退出
2026-05-19 15:40:30,892 - baseUtils.py - INFO - 配置文件读取成功：E:\develop\PythonProject\OrangeHRM\Config\配置文件.ini
2026-05-19 15:40:30,893 - globalManager.py - INFO - 全局变量管理器初始化成功
2026-05-19 15:40:31,303 - baseUtils.py - INFO - 配置文件读取成功：E:\develop\PythonProject\OrangeHRM\Config\配置文件.ini
2026-05-19 15:40:31,304 - baseData.py - INFO - 数据驱动读取成功：01登录功能
2026-05-19 15:40:31,305 - baseUtils.py - INFO - 配置文件读取成功：E:\develop\PythonProject\OrangeHRM\Config\配置文件.ini
2026-05-19 15:40:31,306 - baseData.py - INFO - 数据驱动读取成功：02修改员工信息功能
2026-05-19 15:40:32,469 - conftest.py - INFO - ✅ 启动浏览器成功：chrome
2026-05-19 15:40:32,472 - baseUtils.py - INFO - 配置文件读取成功：E:\develop\PythonProject\OrangeHRM\Config\配置文件.ini
2026-05-19 15:40:32,472 - 01登录页面元素信息.yaml - INFO - ========== 开始执行 OrangeHRM 登录操作 ==========
2026-05-19 15:40:32,473 - baseUtils.py - INFO - 配置文件读取成功：E:\develop\PythonProject\OrangeHRM\Config\配置文件.ini
2026-05-19 15:40:38,013 - 01登录页面元素信息.yaml - INFO - ========== OrangeHRM 登录操作执行完成 ==========
2026-05-19 15:40:38,016 - baseUtils.py - INFO - 配置文件读取成功：E:\develop\PythonProject\OrangeHRM\Config\配置文件.ini
2026-05-19 15:40:42,287 - baseAutoWeb.py - INFO - ✅ 顶部导航选中：我的记录
2026-05-19 15:40:42,294 - baseUtils.py - INFO - 配置文件读取成功：E:\develop\PythonProject\OrangeHRM\Config\配置文件.ini
2026-05-19 15:40:46,868 - conftest.py - INFO - ✅ 浏览器驱动已退出
2026-05-19 15:41:44,569 - baseUtils.py - INFO - 配置文件读取成功：E:\develop\PythonProject\OrangeHRM\Config\配置文件.ini
2026-05-19 15:41:44,570 - globalManager.py - INFO - 全局变量管理器初始化成功
2026-05-19 15:41:44,896 - baseUtils.py - INFO - 配置文件读取成功：E:\develop\PythonProject\OrangeHRM\Config\配置文件.ini
2026-05-19 15:41:44,898 - baseData.py - INFO - 数据驱动读取成功：01登录功能
2026-05-19 15:41:44,898 - baseUtils.py - INFO - 配置文件读取成功：E:\develop\PythonProject\OrangeHRM\Config\配置文件.ini
2026-05-19 15:41:44,899 - baseData.py - INFO - 数据驱动读取成功：02修改员工信息功能
2026-05-19 15:41:46,055 - conftest.py - INFO - ✅ 启动浏览器成功：chrome
2026-05-19 15:41:46,057 - baseUtils.py - INFO - 配置文件读取成功：E:\develop\PythonProject\OrangeHRM\Config\配置文件.ini
2026-05-19 15:41:46,057 - 01登录页面元素信息.yaml - INFO - ========== 开始执行 OrangeHRM 登录操作 ==========
2026-05-19 15:41:46,059 - baseUtils.py - INFO - 配置文件读取成功：E:\develop\PythonProject\OrangeHRM\Config\配置文件.ini
2026-05-19 15:41:51,526 - 01登录页面元素信息.yaml - INFO - ========== OrangeHRM 登录操作执行完成 ==========
2026-05-19 15:41:51,529 - baseUtils.py - INFO - 配置文件读取成功：E:\develop\PythonProject\OrangeHRM\Config\配置文件.ini
2026-05-19 15:41:55,611 - baseAutoWeb.py - INFO - ✅ 顶部导航选中：我的记录
2026-05-19 15:41:55,616 - test_web_ohrm.py - INFO - ✅ 【员工下班打卡】用例执行完成
2026-05-19 15:41:57,833 - conftest.py - INFO - ✅ 浏览器驱动已退出
2026-05-19 15:42:17,933 - baseUtils.py - INFO - 配置文件读取成功：E:\develop\PythonProject\OrangeHRM\Config\配置文件.ini
2026-05-19 15:42:17,933 - globalManager.py - INFO - 全局变量管理器初始化成功
2026-05-19 15:42:18,251 - baseUtils.py - INFO - 配置文件读取成功：E:\develop\PythonProject\OrangeHRM\Config\配置文件.ini
2026-05-19 15:42:18,253 - baseData.py - INFO - 数据驱动读取成功：01登录功能
2026-05-19 15:42:18,253 - baseUtils.py - INFO - 配置文件读取成功：E:\develop\PythonProject\OrangeHRM\Config\配置文件.ini
2026-05-19 15:42:18,254 - baseData.py - INFO - 数据驱动读取成功：02修改员工信息功能
2026-05-19 15:42:19,426 - conftest.py - INFO - ✅ 启动浏览器成功：chrome
2026-05-19 15:42:19,427 - baseUtils.py - INFO - 配置文件读取成功：E:\develop\PythonProject\OrangeHRM\Config\配置文件.ini
2026-05-19 15:42:19,427 - 01登录页面元素信息.yaml - INFO - ========== 开始执行 OrangeHRM 登录操作 ==========
2026-05-19 15:42:19,428 - baseUtils.py - INFO - 配置文件读取成功：E:\develop\PythonProject\OrangeHRM\Config\配置文件.ini
2026-05-19 15:42:24,844 - 01登录页面元素信息.yaml - INFO - ========== OrangeHRM 登录操作执行完成 ==========
2026-05-19 15:42:24,847 - baseUtils.py - INFO - 配置文件读取成功：E:\develop\PythonProject\OrangeHRM\Config\配置文件.ini
2026-05-19 15:42:28,858 - baseAutoWeb.py - INFO - ✅ 顶部导航选中：我的记录
2026-05-19 15:42:38,864 - test_web_ohrm.py - INFO - ✅ 【员工下班打卡】用例执行完成
2026-05-19 15:42:41,051 - conftest.py - INFO - ✅ 浏览器驱动已退出
2026-05-19 15:45:30,788 - baseUtils.py - INFO - 配置文件读取成功：E:\develop\PythonProject\OrangeHRM\Config\配置文件.ini
2026-05-19 15:45:30,788 - globalManager.py - INFO - 全局变量管理器初始化成功
2026-05-19 15:45:31,114 - baseUtils.py - INFO - 配置文件读取成功：E:\develop\PythonProject\OrangeHRM\Config\配置文件.ini
2026-05-19 15:45:31,115 - baseData.py - INFO - 数据驱动读取成功：01登录功能
2026-05-19 15:45:31,117 - baseUtils.py - INFO - 配置文件读取成功：E:\develop\PythonProject\OrangeHRM\Config\配置文件.ini
2026-05-19 15:45:31,118 - baseData.py - INFO - 数据驱动读取成功：02修改员工信息功能
2026-05-19 15:45:32,293 - conftest.py - INFO - ✅ 启动浏览器成功：chrome
2026-05-19 15:45:32,295 - baseUtils.py - INFO - 配置文件读取成功：E:\develop\PythonProject\OrangeHRM\Config\配置文件.ini
2026-05-19 15:45:32,296 - 01登录页面元素信息.yaml - INFO - ========== 开始执行 OrangeHRM 登录操作 ==========
2026-05-19 15:45:32,297 - baseUtils.py - INFO - 配置文件读取成功：E:\develop\PythonProject\OrangeHRM\Config\配置文件.ini
2026-05-19 15:45:37,757 - 01登录页面元素信息.yaml - INFO - ========== OrangeHRM 登录操作执行完成 ==========
2026-05-19 15:45:37,759 - baseUtils.py - INFO - 配置文件读取成功：E:\develop\PythonProject\OrangeHRM\Config\配置文件.ini
2026-05-19 15:45:43,156 - baseAutoWeb.py - INFO - ✅ 顶部导航选中：我的记录
2026-05-19 15:45:44,291 - baseAutoWeb.py - INFO - ✅ 滚动成功：punch/slither
2026-05-19 15:45:54,291 - test_web_ohrm.py - INFO - ✅ 【员工下班打卡】用例执行完成
2026-05-19 15:45:56,491 - conftest.py - INFO - ✅ 浏览器驱动已退出
2026-05-19 15:48:44,391 - baseUtils.py - INFO - 配置文件读取成功：E:\develop\PythonProject\OrangeHRM\Config\配置文件.ini
2026-05-19 15:48:44,391 - globalManager.py - INFO - 全局变量管理器初始化成功
2026-05-19 15:48:44,713 - baseUtils.py - INFO - 配置文件读取成功：E:\develop\PythonProject\OrangeHRM\Config\配置文件.ini
2026-05-19 15:48:44,714 - baseData.py - INFO - 数据驱动读取成功：01登录功能
2026-05-19 15:48:44,715 - baseUtils.py - INFO - 配置文件读取成功：E:\develop\PythonProject\OrangeHRM\Config\配置文件.ini
2026-05-19 15:48:44,716 - baseData.py - INFO - 数据驱动读取成功：02修改员工信息功能
2026-05-19 15:48:45,879 - conftest.py - INFO - ✅ 启动浏览器成功：chrome
2026-05-19 15:48:45,880 - baseUtils.py - INFO - 配置文件读取成功：E:\develop\PythonProject\OrangeHRM\Config\配置文件.ini
2026-05-19 15:48:45,881 - 01登录页面元素信息.yaml - INFO - ========== 开始执行 OrangeHRM 登录操作 ==========
2026-05-19 15:48:45,882 - baseUtils.py - INFO - 配置文件读取成功：E:\develop\PythonProject\OrangeHRM\Config\配置文件.ini
2026-05-19 15:48:51,442 - 01登录页面元素信息.yaml - INFO - ========== OrangeHRM 登录操作执行完成 ==========
2026-05-19 15:48:51,444 - baseUtils.py - INFO - 配置文件读取成功：E:\develop\PythonProject\OrangeHRM\Config\配置文件.ini
2026-05-19 15:48:55,604 - baseAutoWeb.py - INFO - ✅ 顶部导航选中：我的记录
2026-05-19 15:48:56,632 - baseAutoWeb.py - INFO - ✅ 滚动成功：punch/slither
2026-05-19 15:49:06,635 - baseUtils.py - INFO - 配置文件读取成功：E:\develop\PythonProject\OrangeHRM\Config\配置文件.ini
2026-05-19 15:49:07,680 - 02修改员工信息.yaml - INFO - ✅ 下班打卡成功
2026-05-19 15:49:07,680 - test_web_ohrm.py - INFO - ✅ 【员工下班打卡】用例执行完成
2026-05-19 15:49:09,888 - conftest.py - INFO - ✅ 浏览器驱动已退出
2026-05-19 15:50:47,468 - baseUtils.py - INFO - 配置文件读取成功：E:\develop\PythonProject\OrangeHRM\Config\配置文件.ini
2026-05-19 15:50:47,469 - globalManager.py - INFO - 全局变量管理器初始化成功
2026-05-19 15:50:47,804 - baseUtils.py - INFO - 配置文件读取成功：E:\develop\PythonProject\OrangeHRM\Config\配置文件.ini
2026-05-19 15:50:47,805 - baseData.py - INFO - 数据驱动读取成功：01登录功能
2026-05-19 15:50:47,806 - baseUtils.py - INFO - 配置文件读取成功：E:\develop\PythonProject\OrangeHRM\Config\配置文件.ini
2026-05-19 15:50:47,807 - baseData.py - INFO - 数据驱动读取成功：02修改员工信息功能
2026-05-19 15:50:48,964 - conftest.py - INFO - ✅ 启动浏览器成功：chrome
2026-05-19 15:50:48,965 - baseUtils.py - INFO - 配置文件读取成功：E:\develop\PythonProject\OrangeHRM\Config\配置文件.ini
2026-05-19 15:50:48,966 - 01登录页面元素信息.yaml - INFO - ========== 开始执行 OrangeHRM 登录操作 ==========
2026-05-19 15:50:48,967 - baseUtils.py - INFO - 配置文件读取成功：E:\develop\PythonProject\OrangeHRM\Config\配置文件.ini
2026-05-19 15:50:54,430 - 01登录页面元素信息.yaml - INFO - ========== OrangeHRM 登录操作执行完成 ==========
2026-05-19 15:50:54,432 - baseUtils.py - INFO - 配置文件读取成功：E:\develop\PythonProject\OrangeHRM\Config\配置文件.ini
2026-05-19 15:50:58,666 - baseAutoWeb.py - INFO - ✅ 顶部导航选中：上/下班打卡
2026-05-19 15:50:58,666 - 02修改员工信息.yaml - INFO - 选择上/下班打卡
2026-05-19 15:50:58,666 - test_web_ohrm.py - INFO - ✅ 【员工上班打卡】用例执行完成
2026-05-19 15:51:00,893 - conftest.py - INFO - ✅ 浏览器驱动已退出
2026-05-19 15:51:17,710 - baseUtils.py - INFO - 配置文件读取成功：E:\develop\PythonProject\OrangeHRM\Config\配置文件.ini
2026-05-19 15:51:17,711 - globalManager.py - INFO - 全局变量管理器初始化成功
2026-05-19 15:51:18,036 - baseUtils.py - INFO - 配置文件读取成功：E:\develop\PythonProject\OrangeHRM\Config\配置文件.ini
2026-05-19 15:51:18,038 - baseData.py - INFO - 数据驱动读取成功：01登录功能
2026-05-19 15:51:18,039 - baseUtils.py - INFO - 配置文件读取成功：E:\develop\PythonProject\OrangeHRM\Config\配置文件.ini
2026-05-19 15:51:18,040 - baseData.py - INFO - 数据驱动读取成功：02修改员工信息功能
2026-05-19 15:51:19,197 - conftest.py - INFO - ✅ 启动浏览器成功：chrome
2026-05-19 15:51:19,199 - baseUtils.py - INFO - 配置文件读取成功：E:\develop\PythonProject\OrangeHRM\Config\配置文件.ini
2026-05-19 15:51:19,199 - 01登录页面元素信息.yaml - INFO - ========== 开始执行 OrangeHRM 登录操作 ==========
2026-05-19 15:51:19,201 - baseUtils.py - INFO - 配置文件读取成功：E:\develop\PythonProject\OrangeHRM\Config\配置文件.ini
2026-05-19 15:51:24,656 - 01登录页面元素信息.yaml - INFO - ========== OrangeHRM 登录操作执行完成 ==========
2026-05-19 15:51:24,659 - baseUtils.py - INFO - 配置文件读取成功：E:\develop\PythonProject\OrangeHRM\Config\配置文件.ini
2026-05-19 15:51:28,608 - baseAutoWeb.py - INFO - ✅ 顶部导航选中：上/下班打卡
2026-05-19 15:51:28,609 - 02修改员工信息.yaml - INFO - 选择上/下班打卡
2026-05-19 15:51:29,396 - baseUtils.py - INFO - 配置文件读取成功：E:\develop\PythonProject\OrangeHRM\Config\配置文件.ini
2026-05-19 15:51:29,987 - 02修改员工信息.yaml - INFO - ✅ 上班打卡成功
2026-05-19 15:51:29,987 - test_web_ohrm.py - INFO - ✅ 【员工上班打卡】用例执行完成
2026-05-19 15:51:32,209 - conftest.py - INFO - ✅ 浏览器驱动已退出
2026-05-19 15:56:53,177 - baseUtils.py - INFO - 配置文件读取成功：E:\develop\PythonProject\OrangeHRM\Config\配置文件.ini
2026-05-19 15:56:53,177 - globalManager.py - INFO - 全局变量管理器初始化成功
2026-05-19 15:56:53,541 - baseUtils.py - INFO - 配置文件读取成功：E:\develop\PythonProject\OrangeHRM\Config\配置文件.ini
2026-05-19 15:56:53,542 - baseData.py - INFO - 数据驱动读取成功：01登录功能
2026-05-19 15:56:53,543 - baseUtils.py - INFO - 配置文件读取成功：E:\develop\PythonProject\OrangeHRM\Config\配置文件.ini
2026-05-19 15:56:53,545 - baseData.py - INFO - 数据驱动读取成功：02修改员工信息功能
2026-05-19 15:56:54,706 - conftest.py - INFO - ✅ 启动浏览器成功：chrome
2026-05-19 15:56:54,707 - baseUtils.py - INFO - 配置文件读取成功：E:\develop\PythonProject\OrangeHRM\Config\配置文件.ini
2026-05-19 15:56:54,708 - 01登录页面元素信息.yaml - INFO - ========== 开始执行 OrangeHRM 登录操作 ==========
2026-05-19 15:56:54,708 - baseUtils.py - INFO - 配置文件读取成功：E:\develop\PythonProject\OrangeHRM\Config\配置文件.ini
2026-05-19 15:57:00,160 - 01登录页面元素信息.yaml - INFO - ========== OrangeHRM 登录操作执行完成 ==========
2026-05-19 15:57:00,163 - baseUtils.py - INFO - 配置文件读取成功：E:\develop\PythonProject\OrangeHRM\Config\配置文件.ini
2026-05-19 15:57:18,872 - conftest.py - INFO - ✅ 浏览器驱动已退出
2026-05-19 15:57:49,907 - baseUtils.py - INFO - 配置文件读取成功：E:\develop\PythonProject\OrangeHRM\Config\配置文件.ini
2026-05-19 15:57:49,908 - globalManager.py - INFO - 全局变量管理器初始化成功
2026-05-19 15:57:50,240 - baseUtils.py - INFO - 配置文件读取成功：E:\develop\PythonProject\OrangeHRM\Config\配置文件.ini
2026-05-19 15:57:50,242 - baseData.py - INFO - 数据驱动读取成功：01登录功能
2026-05-19 15:57:50,243 - baseUtils.py - INFO - 配置文件读取成功：E:\develop\PythonProject\OrangeHRM\Config\配置文件.ini
2026-05-19 15:57:50,243 - baseData.py - INFO - 数据驱动读取成功：02修改员工信息功能
2026-05-19 15:57:51,405 - conftest.py - INFO - ✅ 启动浏览器成功：chrome
2026-05-19 15:57:51,407 - baseUtils.py - INFO - 配置文件读取成功：E:\develop\PythonProject\OrangeHRM\Config\配置文件.ini
2026-05-19 15:57:51,407 - 01登录页面元素信息.yaml - INFO - ========== 开始执行 OrangeHRM 登录操作 ==========
2026-05-19 15:57:51,408 - baseUtils.py - INFO - 配置文件读取成功：E:\develop\PythonProject\OrangeHRM\Config\配置文件.ini
2026-05-19 15:57:56,824 - 01登录页面元素信息.yaml - INFO - ========== OrangeHRM 登录操作执行完成 ==========
2026-05-19 15:57:56,826 - baseUtils.py - INFO - 配置文件读取成功：E:\develop\PythonProject\OrangeHRM\Config\配置文件.ini
2026-05-19 15:58:15,439 - conftest.py - INFO - ✅ 浏览器驱动已退出
2026-05-19 15:58:46,596 - baseUtils.py - INFO - 配置文件读取成功：E:\develop\PythonProject\OrangeHRM\Config\配置文件.ini
2026-05-19 15:58:46,596 - globalManager.py - INFO - 全局变量管理器初始化成功
2026-05-19 15:58:46,920 - baseUtils.py - INFO - 配置文件读取成功：E:\develop\PythonProject\OrangeHRM\Config\配置文件.ini
2026-05-19 15:58:46,922 - baseData.py - INFO - 数据驱动读取成功：01登录功能
2026-05-19 15:58:46,924 - baseUtils.py - INFO - 配置文件读取成功：E:\develop\PythonProject\OrangeHRM\Config\配置文件.ini
2026-05-19 15:58:46,925 - baseData.py - INFO - 数据驱动读取成功：02修改员工信息功能
2026-05-19 15:58:48,098 - conftest.py - INFO - ✅ 启动浏览器成功：chrome
2026-05-19 15:58:48,100 - baseUtils.py - INFO - 配置文件读取成功：E:\develop\PythonProject\OrangeHRM\Config\配置文件.ini
2026-05-19 15:58:48,100 - 01登录页面元素信息.yaml - INFO - ========== 开始执行 OrangeHRM 登录操作 ==========
2026-05-19 15:58:48,101 - baseUtils.py - INFO - 配置文件读取成功：E:\develop\PythonProject\OrangeHRM\Config\配置文件.ini
2026-05-19 15:58:53,542 - 01登录页面元素信息.yaml - INFO - ========== OrangeHRM 登录操作执行完成 ==========
2026-05-19 15:58:53,544 - baseUtils.py - INFO - 配置文件读取成功：E:\develop\PythonProject\OrangeHRM\Config\配置文件.ini
2026-05-19 15:59:12,254 - conftest.py - INFO - ✅ 浏览器驱动已退出
2026-05-19 15:59:43,292 - baseUtils.py - INFO - 配置文件读取成功：E:\develop\PythonProject\OrangeHRM\Config\配置文件.ini
2026-05-19 15:59:43,293 - globalManager.py - INFO - 全局变量管理器初始化成功
2026-05-19 15:59:43,640 - baseUtils.py - INFO - 配置文件读取成功：E:\develop\PythonProject\OrangeHRM\Config\配置文件.ini
2026-05-19 15:59:43,641 - baseData.py - INFO - 数据驱动读取成功：01登录功能
2026-05-19 15:59:43,642 - baseUtils.py - INFO - 配置文件读取成功：E:\develop\PythonProject\OrangeHRM\Config\配置文件.ini
2026-05-19 15:59:43,643 - baseData.py - INFO - 数据驱动读取成功：02修改员工信息功能
2026-05-19 15:59:44,810 - conftest.py - INFO - ✅ 启动浏览器成功：chrome
2026-05-19 15:59:44,812 - baseUtils.py - INFO - 配置文件读取成功：E:\develop\PythonProject\OrangeHRM\Config\配置文件.ini
2026-05-19 15:59:44,812 - 01登录页面元素信息.yaml - INFO - ========== 开始执行 OrangeHRM 登录操作 ==========
2026-05-19 15:59:44,813 - baseUtils.py - INFO - 配置文件读取成功：E:\develop\PythonProject\OrangeHRM\Config\配置文件.ini
2026-05-19 15:59:50,281 - 01登录页面元素信息.yaml - INFO - ========== OrangeHRM 登录操作执行完成 ==========
2026-05-19 15:59:50,283 - baseUtils.py - INFO - 配置文件读取成功：E:\develop\PythonProject\OrangeHRM\Config\配置文件.ini
2026-05-19 15:59:54,506 - baseAutoWeb.py - INFO - 🔍 通用下拉选择：年假
2026-05-19 16:00:01,196 - baseAutoWeb.py - INFO - ✅ 通用自定义下拉选择成功
2026-05-19 16:00:01,873 - 02修改员工信息.yaml - INFO - 输入请假原因
2026-05-19 16:00:07,067 - 02修改员工信息.yaml - INFO - 点击申请
2026-05-19 16:00:07,068 - baseUtils.py - INFO - 配置文件读取成功：E:\develop\PythonProject\OrangeHRM\Config\配置文件.ini
2026-05-19 16:00:07,726 - 02修改员工信息.yaml - INFO - ✅ 假期余额不足提示成功
2026-05-19 16:00:07,726 - test_web_ohrm.py - INFO - ✅ 【员工假期余额不足】用例执行完成
2026-05-19 16:00:09,928 - conftest.py - INFO - ✅ 浏览器驱动已退出
