2026-05-29 17:51:21,555 - baseUtils.py - INFO - 配置文件读取成功：E:\develop\PythonProject\OrangeHRM\Config\配置文件.ini
2026-05-29 17:51:21,557 - globalManager.py - INFO - 全局变量管理器初始化成功
2026-05-29 17:51:23,050 - baseUtils.py - INFO - 配置文件读取成功：E:\develop\PythonProject\OrangeHRM\Config\配置文件.ini
2026-05-29 17:51:23,051 - globalManager.py - INFO - 全局变量管理器初始化成功
2026-05-29 17:51:23,586 - baseUtils.py - INFO - 配置文件读取成功：E:\develop\PythonProject\OrangeHRM\Config\配置文件.ini
2026-05-29 17:51:23,848 - baseUtils.py - INFO - 配置文件读取成功：E:\develop\PythonProject\OrangeHRM\Config\配置文件.ini
2026-05-29 17:51:24,085 - web_login_page.py - INFO - 断言成功
2026-05-29 17:51:24,087 - baseUtils.py - INFO - 配置文件读取成功：E:\develop\PythonProject\OrangeHRM\Config\配置文件.ini
2026-05-29 17:51:24,088 - baseData.py - INFO - 数据驱动读取成功：01登录接口
2026-05-29 17:51:24,688 - baseUtils.py - INFO - 配置文件读取成功：E:\develop\PythonProject\OrangeHRM\Config\配置文件.ini
2026-05-29 17:51:24,718 - baseDB.py - INFO - ✅ MySQL 数据库连接成功
2026-05-29 17:51:24,718 - conftest.py - INFO - ✅ conftest：获取数据库连接（MysqlHelp）
2026-05-29 17:51:24,720 - baseUtils.py - INFO - 配置文件读取成功：E:\develop\PythonProject\OrangeHRM\Config\配置文件.ini
2026-05-29 17:51:24,886 - baseAutoHttp.py - INFO - 【03新增员工:add_employee_api】接口调用开始
2026-05-29 17:51:24,888 - baseData.py - INFO - 动态参数替换成功：{'_token': '&quot;92bddd97a2b336a5c289078ca.2Lv24ul0dddbvd0bnsksRLwNwH5aylbWwzUXB3B0hBw.q-vErKUFMLEP8eVuzbx7Ne9Ehg9r-iHgjQByYj0x6C-QjbCOhjsBoT3FjA&quot;', 'firstName': 'John', 'lastName': 'Doe', 'employeeId': 1001}
2026-05-29 17:51:24,888 - baseAutoHttp.py - INFO - 请求方式: POST
2026-05-29 17:51:24,888 - baseAutoHttp.py - INFO - 请求地址: http://127.0.0.1:8080/web/index.php/api/v2/pim/employees
2026-05-29 17:51:24,888 - baseAutoHttp.py - INFO - 请求头: {'User-Agent': 'Mozilla/5.0 (Windows NT 10.0; Win64; x64) AppleWebKit/537.36 (KHTML, like Gecko) Chrome/148.0.0.0 Safari/537.36', 'Content-Type': 'application/json', 'Accept': 'application/json'}
2026-05-29 17:51:24,888 - baseAutoHttp.py - INFO - 请求参数: params=None | data=None | json={'_token': '&quot;92bddd97a2b336a5c289078ca.2Lv24ul0dddbvd0bnsksRLwNwH5aylbWwzUXB3B0hBw.q-vErKUFMLEP8eVuzbx7Ne9Ehg9r-iHgjQByYj0x6C-QjbCOhjsBoT3FjA&quot;', 'firstName': 'John', 'lastName': 'Doe', 'middleName': '', 'empPicture': None, 'employeeId': '1001'}
2026-05-29 17:51:24,984 - baseAutoHttp.py - INFO - 响应状态码: 401
2026-05-29 17:51:24,985 - baseAutoHttp.py - INFO - 响应耗时: 0.094907s
2026-05-29 17:51:24,985 - baseAutoHttp.py - INFO - 响应JSON: {'error': {'status': 401, 'message': 'Session expired'}}
2026-05-29 17:51:24,985 - baseAutoHttp.py - INFO - 【03新增员工:add_employee_api】接口调用结束

2026-05-29 17:51:25,389 - conftest.py - INFO - 🔌 conftest：数据库连接已关闭
2026-05-29 17:51:26,446 - web_login_page.py - INFO - 断言成功
2026-05-29 17:51:26,450 - baseUtils.py - INFO - 配置文件读取成功：E:\develop\PythonProject\OrangeHRM\Config\配置文件.ini
2026-05-29 17:51:26,456 - baseData.py - INFO - 数据驱动读取成功：01登录接口
2026-05-29 17:51:26,839 - baseUtils.py - INFO - 配置文件读取成功：E:\develop\PythonProject\OrangeHRM\Config\配置文件.ini
2026-05-29 17:51:26,874 - baseDB.py - INFO - ✅ MySQL 数据库连接成功
2026-05-29 17:51:26,875 - conftest.py - INFO - ✅ conftest：获取数据库连接（MysqlHelp）
2026-05-29 17:51:26,881 - baseUtils.py - INFO - 配置文件读取成功：E:\develop\PythonProject\OrangeHRM\Config\配置文件.ini
2026-05-29 17:51:27,063 - baseAutoHttp.py - INFO - 【03新增员工:add_employee_api】接口调用开始
2026-05-29 17:51:27,070 - baseData.py - INFO - 动态参数替换成功：{'_token': '&quot;1ea2336521403d5.Lu0bNtpX4cA5UGYPLCgm0IzRhlZfS2DD9oJx8I22eXs.SZ9fWK8UhaJeIDVDeRxq4_uatTEOf1mnutU5pcD-Ph5dg3R_6S2NuQwIUg&quot;', 'firstName': 'John', 'lastName': 'Doe', 'employeeId': 1001}
2026-05-29 17:51:27,071 - baseAutoHttp.py - INFO - 请求方式: POST
2026-05-29 17:51:27,071 - baseAutoHttp.py - INFO - 请求地址: http://127.0.0.1:8080/web/index.php/api/v2/pim/employees
2026-05-29 17:51:27,071 - baseAutoHttp.py - INFO - 请求头: {'User-Agent': 'Mozilla/5.0 (Windows NT 10.0; Win64; x64) AppleWebKit/537.36 (KHTML, like Gecko) Chrome/148.0.0.0 Safari/537.36', 'Content-Type': 'application/json', 'Accept': 'application/json'}
2026-05-29 17:51:27,072 - baseAutoHttp.py - INFO - 请求参数: params=None | data=None | json={'_token': '&quot;1ea2336521403d5.Lu0bNtpX4cA5UGYPLCgm0IzRhlZfS2DD9oJx8I22eXs.SZ9fWK8UhaJeIDVDeRxq4_uatTEOf1mnutU5pcD-Ph5dg3R_6S2NuQwIUg&quot;', 'firstName': 'John', 'lastName': 'Doe', 'middleName': '', 'empPicture': None, 'employeeId': '1001'}
2026-05-29 17:51:27,162 - baseAutoHttp.py - INFO - 响应状态码: 401
2026-05-29 17:51:27,162 - baseAutoHttp.py - INFO - 响应耗时: 0.083013s
2026-05-29 17:51:27,162 - baseAutoHttp.py - INFO - 响应JSON: {'error': {'status': 401, 'message': 'Session expired'}}
2026-05-29 17:51:27,163 - baseAutoHttp.py - INFO - 【03新增员工:add_employee_api】接口调用结束

2026-05-29 17:51:27,647 - conftest.py - INFO - 🔌 conftest：数据库连接已关闭
2026-05-29 17:56:42,318 - baseUtils.py - INFO - 配置文件读取成功：E:\develop\PythonProject\OrangeHRM\Config\配置文件.ini
2026-05-29 17:56:42,318 - globalManager.py - INFO - 全局变量管理器初始化成功
2026-05-29 17:56:42,802 - baseUtils.py - INFO - 配置文件读取成功：E:\develop\PythonProject\OrangeHRM\Config\配置文件.ini
2026-05-29 17:56:43,121 - web_login_page.py - INFO - 断言成功
2026-05-29 17:56:43,122 - baseUtils.py - INFO - 配置文件读取成功：E:\develop\PythonProject\OrangeHRM\Config\配置文件.ini
2026-05-29 17:56:43,124 - baseData.py - INFO - 数据驱动读取成功：01登录接口
2026-05-29 17:56:43,350 - baseUtils.py - INFO - 配置文件读取成功：E:\develop\PythonProject\OrangeHRM\Config\配置文件.ini
2026-05-29 17:56:43,360 - baseDB.py - INFO - ✅ MySQL 数据库连接成功
2026-05-29 17:56:43,361 - conftest.py - INFO - ✅ conftest：获取数据库连接（MysqlHelp）
2026-05-29 17:56:43,363 - baseUtils.py - INFO - 配置文件读取成功：E:\develop\PythonProject\OrangeHRM\Config\配置文件.ini
2026-05-29 17:56:43,476 - baseAutoHttp.py - INFO - 【03新增员工:add_employee_api】接口调用开始
2026-05-29 17:56:43,478 - baseData.py - ERROR - 读取元素数据失败：03新增员工，错误：while parsing a block mapping
  in "<unicode string>", line 9, column 5:
        _token: ""c234c7a8dee2.S-3Pn284z ... 
        ^
expected <block end>, but found '<scalar>'
  in "<unicode string>", line 9, column 15:
        _token: ""c234c7a8dee2.S-3Pn284zwTgHpya581 ... 
                  ^
2026-05-29 17:56:43,478 - baseAutoHttp.py - ERROR - 【add_employee_api】接口请求失败: while parsing a block mapping
  in "<unicode string>", line 9, column 5:
        _token: ""c234c7a8dee2.S-3Pn284z ... 
        ^
expected <block end>, but found '<scalar>'
  in "<unicode string>", line 9, column 15:
        _token: ""c234c7a8dee2.S-3Pn284zwTgHpya581 ... 
                  ^
Traceback (most recent call last):
  File "E:\develop\PythonProject\OrangeHRM\Base\baseAutoHttp.py", line 45, in request_base
    yaml_data: Dict[str, Any] = self.get_element_data(change_data)[apiName]
                                ~~~~~~~~~~~~~~~~~~~~~^^^^^^^^^^^^^
  File "E:\develop\PythonProject\OrangeHRM\Base\baseData.py", line 97, in get_element_data
    data = yaml.load(content, Loader=yaml.FullLoader)
  File "E:\develop\PythonProject\OrangeHRM\.venv\Lib\site-packages\yaml\__init__.py", line 81, in load
    return loader.get_single_data()
           ~~~~~~~~~~~~~~~~~~~~~~^^
  File "E:\develop\PythonProject\OrangeHRM\.venv\Lib\site-packages\yaml\constructor.py", line 49, in get_single_data
    node = self.get_single_node()
  File "E:\develop\PythonProject\OrangeHRM\.venv\Lib\site-packages\yaml\composer.py", line 36, in get_single_node
    document = self.compose_document()
  File "E:\develop\PythonProject\OrangeHRM\.venv\Lib\site-packages\yaml\composer.py", line 55, in compose_document
    node = self.compose_node(None, None)
  File "E:\develop\PythonProject\OrangeHRM\.venv\Lib\site-packages\yaml\composer.py", line 84, in compose_node
    node = self.compose_mapping_node(anchor)
  File "E:\develop\PythonProject\OrangeHRM\.venv\Lib\site-packages\yaml\composer.py", line 133, in compose_mapping_node
    item_value = self.compose_node(node, item_key)
  File "E:\develop\PythonProject\OrangeHRM\.venv\Lib\site-packages\yaml\composer.py", line 84, in compose_node
    node = self.compose_mapping_node(anchor)
  File "E:\develop\PythonProject\OrangeHRM\.venv\Lib\site-packages\yaml\composer.py", line 133, in compose_mapping_node
    item_value = self.compose_node(node, item_key)
  File "E:\develop\PythonProject\OrangeHRM\.venv\Lib\site-packages\yaml\composer.py", line 84, in compose_node
    node = self.compose_mapping_node(anchor)
  File "E:\develop\PythonProject\OrangeHRM\.venv\Lib\site-packages\yaml\composer.py", line 127, in compose_mapping_node
    while not self.check_event(MappingEndEvent):
              ~~~~~~~~~~~~~~~~^^^^^^^^^^^^^^^^^
  File "E:\develop\PythonProject\OrangeHRM\.venv\Lib\site-packages\yaml\parser.py", line 98, in check_event
    self.current_event = self.state()
                         ~~~~~~~~~~^^
  File "E:\develop\PythonProject\OrangeHRM\.venv\Lib\site-packages\yaml\parser.py", line 438, in parse_block_mapping_key
    raise ParserError("while parsing a block mapping", self.marks[-1],
            "expected <block end>, but found %r" % token.id, token.start_mark)
yaml.parser.ParserError: while parsing a block mapping
  in "<unicode string>", line 9, column 5:
        _token: ""c234c7a8dee2.S-3Pn284z ... 
        ^
expected <block end>, but found '<scalar>'
  in "<unicode string>", line 9, column 15:
        _token: ""c234c7a8dee2.S-3Pn284zwTgHpya581 ... 
                  ^
2026-05-29 17:56:43,955 - conftest.py - INFO - 🔌 conftest：数据库连接已关闭
2026-05-29 17:59:01,155 - baseUtils.py - INFO - 配置文件读取成功：E:\develop\PythonProject\OrangeHRM\Config\配置文件.ini
2026-05-29 17:59:01,155 - globalManager.py - INFO - 全局变量管理器初始化成功
2026-05-29 17:59:01,341 - baseUtils.py - INFO - 配置文件读取成功：E:\develop\PythonProject\OrangeHRM\Config\配置文件.ini
2026-05-29 17:59:01,602 - web_login_page.py - INFO - 断言成功
2026-05-29 17:59:01,604 - baseUtils.py - INFO - 配置文件读取成功：E:\develop\PythonProject\OrangeHRM\Config\配置文件.ini
2026-05-29 17:59:01,605 - baseData.py - INFO - 数据驱动读取成功：01登录接口
2026-05-29 17:59:01,795 - baseUtils.py - INFO - 配置文件读取成功：E:\develop\PythonProject\OrangeHRM\Config\配置文件.ini
2026-05-29 17:59:01,805 - baseDB.py - INFO - ✅ MySQL 数据库连接成功
2026-05-29 17:59:01,805 - conftest.py - INFO - ✅ conftest：获取数据库连接（MysqlHelp）
2026-05-29 17:59:01,808 - baseUtils.py - INFO - 配置文件读取成功：E:\develop\PythonProject\OrangeHRM\Config\配置文件.ini
2026-05-29 17:59:01,923 - baseAutoHttp.py - INFO - 【03新增员工:add_employee_api】接口调用开始
2026-05-29 17:59:01,925 - baseData.py - INFO - 动态参数替换成功：{'_token': '9.gCMOfhZHajYRJ4Bl7UL63aNUQQ1mAAWgBS9wjSB5k7Y.smhiLlEDK3hwQs4PixSNn_YeKz42aGDVbh80vWERoo_4YkMqISscAXJjsA', 'firstName': 'John', 'lastName': 'Doe', 'employeeId': 1001}
2026-05-29 17:59:01,925 - baseAutoHttp.py - INFO - 请求方式: POST
2026-05-29 17:59:01,925 - baseAutoHttp.py - INFO - 请求地址: http://127.0.0.1:8080/web/index.php/api/v2/pim/employees
2026-05-29 17:59:01,925 - baseAutoHttp.py - INFO - 请求头: {'User-Agent': 'Mozilla/5.0 (Windows NT 10.0; Win64; x64) AppleWebKit/537.36 (KHTML, like Gecko) Chrome/148.0.0.0 Safari/537.36', 'Content-Type': 'application/json', 'Accept': 'application/json'}
2026-05-29 17:59:01,925 - baseAutoHttp.py - INFO - 请求参数: params=None | data=None | json={'_token': '9.gCMOfhZHajYRJ4Bl7UL63aNUQQ1mAAWgBS9wjSB5k7Y.smhiLlEDK3hwQs4PixSNn_YeKz42aGDVbh80vWERoo_4YkMqISscAXJjsA', 'firstName': 'John', 'lastName': 'Doe', 'middleName': '', 'empPicture': None, 'employeeId': '1001'}
2026-05-29 17:59:01,992 - baseAutoHttp.py - INFO - 响应状态码: 401
2026-05-29 17:59:01,993 - baseAutoHttp.py - INFO - 响应耗时: 0.066007s
2026-05-29 17:59:01,993 - baseAutoHttp.py - INFO - 响应JSON: {'error': {'status': 401, 'message': 'Session expired'}}
2026-05-29 17:59:01,993 - baseAutoHttp.py - INFO - 【03新增员工:add_employee_api】接口调用结束

2026-05-29 17:59:02,395 - conftest.py - INFO - 🔌 conftest：数据库连接已关闭
