2026-05-16 18:18:54,189 - baseUtils.py - INFO - 配置文件读取成功：E:\develop\PythonProject\OrangeHRM\Config\配置文件.ini
2026-05-16 18:18:54,190 - globalManager.py - INFO - 全局变量管理器初始化成功
2026-05-16 18:18:54,534 - baseUtils.py - INFO - 配置文件读取成功：E:\develop\PythonProject\OrangeHRM\Config\配置文件.ini
2026-05-16 18:18:54,536 - baseData.py - INFO - 数据驱动读取成功：01登录功能
2026-05-16 18:18:54,537 - baseUtils.py - INFO - 配置文件读取成功：E:\develop\PythonProject\OrangeHRM\Config\配置文件.ini
2026-05-16 18:18:54,538 - baseData.py - INFO - 数据驱动读取成功：02修改员工信息功能
2026-05-16 18:18:55,713 - conftest.py - INFO - ✅ 启动浏览器成功：chrome
2026-05-16 18:18:55,715 - baseUtils.py - INFO - 配置文件读取成功：E:\develop\PythonProject\OrangeHRM\Config\配置文件.ini
2026-05-16 18:18:55,715 - 01登录页面元素信息.yaml - INFO - ========== 开始执行 OrangeHRM 登录操作 ==========
2026-05-16 18:18:55,716 - baseUtils.py - INFO - 配置文件读取成功：E:\develop\PythonProject\OrangeHRM\Config\配置文件.ini
2026-05-16 18:19:00,831 - 01登录页面元素信息.yaml - INFO - ========== OrangeHRM 登录操作执行完成 ==========
2026-05-16 18:19:00,833 - test_web_ohrm.py - INFO - ========== 开始执行【添加员工信息】用例 ==========
2026-05-16 18:19:00,834 - baseUtils.py - INFO - 配置文件读取成功：E:\develop\PythonProject\OrangeHRM\Config\配置文件.ini
2026-05-16 18:19:03,738 - 02修改员工信息.yaml - INFO - ✅ 点击个人信息管理系统
2026-05-16 18:19:04,913 - 02修改员工信息.yaml - INFO - ✅ 点击添加员工按钮
2026-05-16 18:19:05,972 - 02修改员工信息.yaml - INFO - ✅ 员工姓名输入完成：Xie Shengqiang
2026-05-16 18:19:06,204 - 02修改员工信息.yaml - INFO - ✅ 员工ID输入完成：202501
2026-05-16 18:19:08,584 - conftest.py - INFO - ✅ 浏览器驱动已退出
2026-05-16 18:24:48,631 - baseUtils.py - INFO - 配置文件读取成功：E:\develop\PythonProject\OrangeHRM\Config\配置文件.ini
2026-05-16 18:24:48,632 - globalManager.py - INFO - 全局变量管理器初始化成功
2026-05-16 18:24:49,048 - baseUtils.py - INFO - 配置文件读取成功：E:\develop\PythonProject\OrangeHRM\Config\配置文件.ini
2026-05-16 18:24:49,049 - baseData.py - INFO - 数据驱动读取成功：01登录功能
2026-05-16 18:24:49,050 - baseUtils.py - INFO - 配置文件读取成功：E:\develop\PythonProject\OrangeHRM\Config\配置文件.ini
2026-05-16 18:24:49,051 - baseData.py - INFO - 数据驱动读取成功：02修改员工信息功能
2026-05-16 18:24:50,216 - conftest.py - INFO - ✅ 启动浏览器成功：chrome
2026-05-16 18:24:50,217 - baseUtils.py - INFO - 配置文件读取成功：E:\develop\PythonProject\OrangeHRM\Config\配置文件.ini
2026-05-16 18:24:50,218 - 01登录页面元素信息.yaml - INFO - ========== 开始执行 OrangeHRM 登录操作 ==========
2026-05-16 18:24:50,219 - baseUtils.py - INFO - 配置文件读取成功：E:\develop\PythonProject\OrangeHRM\Config\配置文件.ini
2026-05-16 18:24:55,252 - 01登录页面元素信息.yaml - INFO - ========== OrangeHRM 登录操作执行完成 ==========
2026-05-16 18:24:55,253 - test_web_ohrm.py - INFO - ========== 开始执行【添加员工信息】用例 ==========
2026-05-16 18:24:55,254 - baseUtils.py - INFO - 配置文件读取成功：E:\develop\PythonProject\OrangeHRM\Config\配置文件.ini
2026-05-16 18:24:58,198 - 02修改员工信息.yaml - INFO - ✅ 点击个人信息管理系统
2026-05-16 18:24:59,370 - 02修改员工信息.yaml - INFO - ✅ 点击添加员工按钮
2026-05-16 18:25:00,381 - 02修改员工信息.yaml - INFO - ✅ 员工姓名输入完成：Xie Shengqiang
2026-05-16 18:25:00,578 - 02修改员工信息.yaml - INFO - ✅ 员工ID输入完成：202501
2026-05-16 18:25:02,946 - conftest.py - INFO - ✅ 浏览器驱动已退出
2026-05-16 18:27:12,933 - baseUtils.py - INFO - 配置文件读取成功：E:\develop\PythonProject\OrangeHRM\Config\配置文件.ini
2026-05-16 18:27:12,934 - globalManager.py - INFO - 全局变量管理器初始化成功
2026-05-16 18:27:13,261 - baseUtils.py - INFO - 配置文件读取成功：E:\develop\PythonProject\OrangeHRM\Config\配置文件.ini
2026-05-16 18:27:13,263 - baseData.py - INFO - 数据驱动读取成功：01登录功能
2026-05-16 18:27:13,264 - baseUtils.py - INFO - 配置文件读取成功：E:\develop\PythonProject\OrangeHRM\Config\配置文件.ini
2026-05-16 18:27:13,264 - baseData.py - INFO - 数据驱动读取成功：02修改员工信息功能
2026-05-16 18:27:14,428 - conftest.py - INFO - ✅ 启动浏览器成功：chrome
2026-05-16 18:27:14,429 - baseUtils.py - INFO - 配置文件读取成功：E:\develop\PythonProject\OrangeHRM\Config\配置文件.ini
2026-05-16 18:27:14,430 - 01登录页面元素信息.yaml - INFO - ========== 开始执行 OrangeHRM 登录操作 ==========
2026-05-16 18:27:14,430 - baseUtils.py - INFO - 配置文件读取成功：E:\develop\PythonProject\OrangeHRM\Config\配置文件.ini
2026-05-16 18:27:19,501 - 01登录页面元素信息.yaml - INFO - ========== OrangeHRM 登录操作执行完成 ==========
2026-05-16 18:27:19,503 - test_web_ohrm.py - INFO - ========== 开始执行【添加员工信息】用例 ==========
2026-05-16 18:27:19,505 - baseUtils.py - INFO - 配置文件读取成功：E:\develop\PythonProject\OrangeHRM\Config\配置文件.ini
2026-05-16 18:27:22,350 - 02修改员工信息.yaml - INFO - ✅ 点击个人信息管理系统
2026-05-16 18:27:23,513 - 02修改员工信息.yaml - INFO - ✅ 点击添加员工按钮
2026-05-16 18:27:24,500 - 02修改员工信息.yaml - INFO - ✅ 员工姓名输入完成：Xie Shengqiang
2026-05-16 18:27:24,705 - 02修改员工信息.yaml - INFO - ✅ 员工ID输入完成：202501
2026-05-16 18:27:24,779 - 02修改员工信息.yaml - INFO - ✅ 员工信息添加完成，点击保存
2026-05-16 18:27:27,782 - baseUtils.py - INFO - 配置文件读取成功：E:\develop\PythonProject\OrangeHRM\Config\配置文件.ini
2026-05-16 18:27:40,404 - conftest.py - INFO - ✅ 浏览器驱动已退出
2026-05-16 18:29:27,826 - baseUtils.py - INFO - 配置文件读取成功：E:\develop\PythonProject\OrangeHRM\Config\配置文件.ini
2026-05-16 18:29:27,827 - globalManager.py - INFO - 全局变量管理器初始化成功
2026-05-16 18:29:28,143 - baseUtils.py - INFO - 配置文件读取成功：E:\develop\PythonProject\OrangeHRM\Config\配置文件.ini
2026-05-16 18:29:28,145 - baseData.py - INFO - 数据驱动读取成功：01登录功能
2026-05-16 18:29:28,146 - baseUtils.py - INFO - 配置文件读取成功：E:\develop\PythonProject\OrangeHRM\Config\配置文件.ini
2026-05-16 18:29:28,147 - baseData.py - INFO - 数据驱动读取成功：02修改员工信息功能
2026-05-16 18:29:29,304 - conftest.py - INFO - ✅ 启动浏览器成功：chrome
2026-05-16 18:29:29,305 - baseUtils.py - INFO - 配置文件读取成功：E:\develop\PythonProject\OrangeHRM\Config\配置文件.ini
2026-05-16 18:29:29,306 - 01登录页面元素信息.yaml - INFO - ========== 开始执行 OrangeHRM 登录操作 ==========
2026-05-16 18:29:29,306 - baseUtils.py - INFO - 配置文件读取成功：E:\develop\PythonProject\OrangeHRM\Config\配置文件.ini
2026-05-16 18:29:34,381 - 01登录页面元素信息.yaml - INFO - ========== OrangeHRM 登录操作执行完成 ==========
2026-05-16 18:29:34,383 - test_web_ohrm.py - INFO - ========== 开始执行【添加员工信息】用例 ==========
2026-05-16 18:29:34,385 - baseUtils.py - INFO - 配置文件读取成功：E:\develop\PythonProject\OrangeHRM\Config\配置文件.ini
2026-05-16 18:29:37,327 - 02修改员工信息.yaml - INFO - ✅ 点击个人信息管理系统
2026-05-16 18:29:38,540 - 02修改员工信息.yaml - INFO - ✅ 点击添加员工按钮
2026-05-16 18:29:39,519 - 02修改员工信息.yaml - INFO - ✅ 员工姓名输入完成：Xie Shengqiang
2026-05-16 18:29:39,727 - 02修改员工信息.yaml - INFO - ✅ 员工ID输入完成：202501
2026-05-16 18:29:39,799 - 02修改员工信息.yaml - INFO - ✅ 员工信息添加完成，点击保存
2026-05-16 18:29:42,802 - baseUtils.py - INFO - 配置文件读取成功：E:\develop\PythonProject\OrangeHRM\Config\配置文件.ini
2026-05-16 18:30:00,537 - conftest.py - INFO - ✅ 浏览器驱动已退出
2026-05-16 18:37:09,753 - baseUtils.py - INFO - 配置文件读取成功：E:\develop\PythonProject\OrangeHRM\Config\配置文件.ini
2026-05-16 18:37:09,753 - globalManager.py - INFO - 全局变量管理器初始化成功
2026-05-16 18:37:10,087 - baseUtils.py - INFO - 配置文件读取成功：E:\develop\PythonProject\OrangeHRM\Config\配置文件.ini
2026-05-16 18:37:10,088 - baseData.py - INFO - 数据驱动读取成功：01登录功能
2026-05-16 18:37:10,089 - baseUtils.py - INFO - 配置文件读取成功：E:\develop\PythonProject\OrangeHRM\Config\配置文件.ini
2026-05-16 18:37:10,090 - baseData.py - INFO - 数据驱动读取成功：02修改员工信息功能
2026-05-16 18:37:11,248 - conftest.py - INFO - ✅ 启动浏览器成功：chrome
2026-05-16 18:37:11,249 - baseUtils.py - INFO - 配置文件读取成功：E:\develop\PythonProject\OrangeHRM\Config\配置文件.ini
2026-05-16 18:37:11,250 - 01登录页面元素信息.yaml - INFO - ========== 开始执行 OrangeHRM 登录操作 ==========
2026-05-16 18:37:11,250 - baseUtils.py - INFO - 配置文件读取成功：E:\develop\PythonProject\OrangeHRM\Config\配置文件.ini
2026-05-16 18:37:16,313 - 01登录页面元素信息.yaml - INFO - ========== OrangeHRM 登录操作执行完成 ==========
2026-05-16 18:37:16,314 - test_web_ohrm.py - INFO - ========== 开始执行【添加员工信息】用例 ==========
2026-05-16 18:37:16,316 - baseUtils.py - INFO - 配置文件读取成功：E:\develop\PythonProject\OrangeHRM\Config\配置文件.ini
2026-05-16 18:37:19,197 - 02修改员工信息.yaml - INFO - ✅ 点击个人信息管理系统
2026-05-16 18:37:20,403 - 02修改员工信息.yaml - INFO - ✅ 点击添加员工按钮
2026-05-16 18:37:21,426 - 02修改员工信息.yaml - INFO - ✅ 员工姓名输入完成：Xie Shengqiang
2026-05-16 18:37:21,644 - 02修改员工信息.yaml - INFO - ✅ 员工ID输入完成：202501
2026-05-16 18:37:24,720 - 02修改员工信息.yaml - INFO - ✅ 员工信息添加完成，点击保存
2026-05-16 18:37:24,721 - baseUtils.py - INFO - 配置文件读取成功：E:\develop\PythonProject\OrangeHRM\Config\配置文件.ini
2026-05-16 18:37:32,283 - conftest.py - INFO - ✅ 浏览器驱动已退出
2026-05-16 18:40:12,997 - baseUtils.py - INFO - 配置文件读取成功：E:\develop\PythonProject\OrangeHRM\Config\配置文件.ini
2026-05-16 18:40:12,997 - globalManager.py - INFO - 全局变量管理器初始化成功
2026-05-16 18:40:13,323 - baseUtils.py - INFO - 配置文件读取成功：E:\develop\PythonProject\OrangeHRM\Config\配置文件.ini
2026-05-16 18:40:13,324 - baseData.py - INFO - 数据驱动读取成功：01登录功能
2026-05-16 18:40:13,325 - baseUtils.py - INFO - 配置文件读取成功：E:\develop\PythonProject\OrangeHRM\Config\配置文件.ini
2026-05-16 18:40:13,326 - baseData.py - INFO - 数据驱动读取成功：02修改员工信息功能
2026-05-16 18:40:14,507 - conftest.py - INFO - ✅ 启动浏览器成功：chrome
2026-05-16 18:40:14,509 - baseUtils.py - INFO - 配置文件读取成功：E:\develop\PythonProject\OrangeHRM\Config\配置文件.ini
2026-05-16 18:40:14,509 - 01登录页面元素信息.yaml - INFO - ========== 开始执行 OrangeHRM 登录操作 ==========
2026-05-16 18:40:14,510 - baseUtils.py - INFO - 配置文件读取成功：E:\develop\PythonProject\OrangeHRM\Config\配置文件.ini
2026-05-16 18:40:19,631 - 01登录页面元素信息.yaml - INFO - ========== OrangeHRM 登录操作执行完成 ==========
2026-05-16 18:40:19,633 - test_web_ohrm.py - INFO - ========== 开始执行【添加员工信息】用例 ==========
2026-05-16 18:40:19,635 - baseUtils.py - INFO - 配置文件读取成功：E:\develop\PythonProject\OrangeHRM\Config\配置文件.ini
2026-05-16 18:40:23,735 - 02修改员工信息.yaml - INFO - ✅ 点击个人信息管理系统
2026-05-16 18:40:24,996 - 02修改员工信息.yaml - INFO - ✅ 点击添加员工按钮
2026-05-16 18:40:25,977 - 02修改员工信息.yaml - INFO - ✅ 员工姓名输入完成：Xie Shengqiang
2026-05-16 18:40:26,184 - 02修改员工信息.yaml - INFO - ✅ 员工ID输入完成：202501
2026-05-16 18:40:29,259 - 02修改员工信息.yaml - INFO - ✅ 员工信息添加完成，点击保存
2026-05-16 18:40:29,261 - baseUtils.py - INFO - 配置文件读取成功：E:\develop\PythonProject\OrangeHRM\Config\配置文件.ini
2026-05-16 18:40:36,786 - conftest.py - INFO - ✅ 浏览器驱动已退出
2026-05-16 18:44:34,925 - baseUtils.py - INFO - 配置文件读取成功：E:\develop\PythonProject\OrangeHRM\Config\配置文件.ini
2026-05-16 18:44:34,925 - globalManager.py - INFO - 全局变量管理器初始化成功
2026-05-16 18:44:35,255 - baseUtils.py - INFO - 配置文件读取成功：E:\develop\PythonProject\OrangeHRM\Config\配置文件.ini
2026-05-16 18:44:35,256 - baseData.py - INFO - 数据驱动读取成功：01登录功能
2026-05-16 18:44:35,258 - baseUtils.py - INFO - 配置文件读取成功：E:\develop\PythonProject\OrangeHRM\Config\配置文件.ini
2026-05-16 18:44:35,258 - baseData.py - INFO - 数据驱动读取成功：02修改员工信息功能
2026-05-16 18:44:36,430 - conftest.py - INFO - ✅ 启动浏览器成功：chrome
2026-05-16 18:44:36,432 - baseUtils.py - INFO - 配置文件读取成功：E:\develop\PythonProject\OrangeHRM\Config\配置文件.ini
2026-05-16 18:44:36,432 - 01登录页面元素信息.yaml - INFO - ========== 开始执行 OrangeHRM 登录操作 ==========
2026-05-16 18:44:36,433 - baseUtils.py - INFO - 配置文件读取成功：E:\develop\PythonProject\OrangeHRM\Config\配置文件.ini
2026-05-16 18:44:41,514 - 01登录页面元素信息.yaml - INFO - ========== OrangeHRM 登录操作执行完成 ==========
2026-05-16 18:44:41,515 - test_web_ohrm.py - INFO - ========== 开始执行【添加员工信息】用例 ==========
2026-05-16 18:44:41,516 - baseUtils.py - INFO - 配置文件读取成功：E:\develop\PythonProject\OrangeHRM\Config\配置文件.ini
2026-05-16 18:44:44,485 - 02修改员工信息.yaml - INFO - ✅ 点击个人信息管理系统
2026-05-16 18:44:45,589 - 02修改员工信息.yaml - INFO - ✅ 点击添加员工按钮
2026-05-16 18:44:46,616 - 02修改员工信息.yaml - INFO - ✅ 员工姓名输入完成：Xie Shengqiang
2026-05-16 18:44:46,831 - 02修改员工信息.yaml - INFO - ✅ 员工ID输入完成：202501
2026-05-16 18:44:49,914 - 02修改员工信息.yaml - INFO - ✅ 员工信息添加完成，点击保存
2026-05-16 18:44:49,916 - baseUtils.py - INFO - 配置文件读取成功：E:\develop\PythonProject\OrangeHRM\Config\配置文件.ini
2026-05-16 18:45:02,732 - conftest.py - INFO - ✅ 浏览器驱动已退出
2026-05-16 18:46:36,839 - baseUtils.py - INFO - 配置文件读取成功：E:\develop\PythonProject\OrangeHRM\Config\配置文件.ini
2026-05-16 18:46:36,839 - globalManager.py - INFO - 全局变量管理器初始化成功
2026-05-16 18:46:37,183 - baseUtils.py - INFO - 配置文件读取成功：E:\develop\PythonProject\OrangeHRM\Config\配置文件.ini
2026-05-16 18:46:37,184 - baseData.py - INFO - 数据驱动读取成功：01登录功能
2026-05-16 18:46:37,185 - baseUtils.py - INFO - 配置文件读取成功：E:\develop\PythonProject\OrangeHRM\Config\配置文件.ini
2026-05-16 18:46:37,186 - baseData.py - INFO - 数据驱动读取成功：02修改员工信息功能
2026-05-16 18:46:38,358 - conftest.py - INFO - ✅ 启动浏览器成功：chrome
2026-05-16 18:46:38,360 - baseUtils.py - INFO - 配置文件读取成功：E:\develop\PythonProject\OrangeHRM\Config\配置文件.ini
2026-05-16 18:46:38,361 - 01登录页面元素信息.yaml - INFO - ========== 开始执行 OrangeHRM 登录操作 ==========
2026-05-16 18:46:38,362 - baseUtils.py - INFO - 配置文件读取成功：E:\develop\PythonProject\OrangeHRM\Config\配置文件.ini
2026-05-16 18:46:43,418 - 01登录页面元素信息.yaml - INFO - ========== OrangeHRM 登录操作执行完成 ==========
2026-05-16 18:46:43,420 - test_web_ohrm.py - INFO - ========== 开始执行【添加员工信息】用例 ==========
2026-05-16 18:46:43,421 - baseUtils.py - INFO - 配置文件读取成功：E:\develop\PythonProject\OrangeHRM\Config\配置文件.ini
2026-05-16 18:46:46,290 - 02修改员工信息.yaml - INFO - ✅ 点击个人信息管理系统
2026-05-16 18:46:47,491 - 02修改员工信息.yaml - INFO - ✅ 点击添加员工按钮
2026-05-16 18:46:48,463 - 02修改员工信息.yaml - INFO - ✅ 员工姓名输入完成：Xie Shengqiang
2026-05-16 18:46:48,676 - 02修改员工信息.yaml - INFO - ✅ 员工ID输入完成：202501
2026-05-16 18:46:51,754 - 02修改员工信息.yaml - INFO - ✅ 员工信息添加完成，点击保存
2026-05-16 18:46:51,755 - baseUtils.py - INFO - 配置文件读取成功：E:\develop\PythonProject\OrangeHRM\Config\配置文件.ini
2026-05-16 18:47:04,526 - conftest.py - INFO - ✅ 浏览器驱动已退出
2026-05-16 18:49:09,048 - baseUtils.py - INFO - 配置文件读取成功：E:\develop\PythonProject\OrangeHRM\Config\配置文件.ini
2026-05-16 18:49:09,049 - globalManager.py - INFO - 全局变量管理器初始化成功
2026-05-16 18:49:09,444 - baseUtils.py - INFO - 配置文件读取成功：E:\develop\PythonProject\OrangeHRM\Config\配置文件.ini
2026-05-16 18:49:09,445 - baseData.py - INFO - 数据驱动读取成功：01登录功能
2026-05-16 18:49:09,446 - baseUtils.py - INFO - 配置文件读取成功：E:\develop\PythonProject\OrangeHRM\Config\配置文件.ini
2026-05-16 18:49:09,447 - baseData.py - INFO - 数据驱动读取成功：02修改员工信息功能
2026-05-16 18:49:10,617 - conftest.py - INFO - ✅ 启动浏览器成功：chrome
2026-05-16 18:49:10,619 - baseUtils.py - INFO - 配置文件读取成功：E:\develop\PythonProject\OrangeHRM\Config\配置文件.ini
2026-05-16 18:49:10,619 - 01登录页面元素信息.yaml - INFO - ========== 开始执行 OrangeHRM 登录操作 ==========
2026-05-16 18:49:10,620 - baseUtils.py - INFO - 配置文件读取成功：E:\develop\PythonProject\OrangeHRM\Config\配置文件.ini
2026-05-16 18:49:15,681 - 01登录页面元素信息.yaml - INFO - ========== OrangeHRM 登录操作执行完成 ==========
2026-05-16 18:49:15,683 - test_web_ohrm.py - INFO - ========== 开始执行【添加员工信息】用例 ==========
2026-05-16 18:49:15,685 - baseUtils.py - INFO - 配置文件读取成功：E:\develop\PythonProject\OrangeHRM\Config\配置文件.ini
2026-05-16 18:49:18,597 - 02修改员工信息.yaml - INFO - ✅ 点击个人信息管理系统
2026-05-16 18:49:19,800 - 02修改员工信息.yaml - INFO - ✅ 点击添加员工按钮
2026-05-16 18:49:20,827 - 02修改员工信息.yaml - INFO - ✅ 员工姓名输入完成：Xie Shengqiang
2026-05-16 18:49:21,043 - 02修改员工信息.yaml - INFO - ✅ 员工ID输入完成：202501
2026-05-16 18:49:24,124 - 02修改员工信息.yaml - INFO - ✅ 员工信息添加完成，点击保存
2026-05-16 18:49:24,126 - baseUtils.py - INFO - 配置文件读取成功：E:\develop\PythonProject\OrangeHRM\Config\配置文件.ini
2026-05-16 18:49:43,174 - conftest.py - INFO - ✅ 浏览器驱动已退出
2026-05-16 18:54:45,435 - baseUtils.py - INFO - 配置文件读取成功：E:\develop\PythonProject\OrangeHRM\Config\配置文件.ini
2026-05-16 18:54:45,435 - globalManager.py - INFO - 全局变量管理器初始化成功
2026-05-16 18:54:45,837 - baseUtils.py - INFO - 配置文件读取成功：E:\develop\PythonProject\OrangeHRM\Config\配置文件.ini
2026-05-16 18:54:45,838 - baseData.py - INFO - 数据驱动读取成功：01登录功能
2026-05-16 18:54:45,839 - baseUtils.py - INFO - 配置文件读取成功：E:\develop\PythonProject\OrangeHRM\Config\配置文件.ini
2026-05-16 18:54:45,840 - baseData.py - INFO - 数据驱动读取成功：02修改员工信息功能
2026-05-16 18:54:47,002 - conftest.py - INFO - ✅ 启动浏览器成功：chrome
2026-05-16 18:54:47,003 - baseUtils.py - INFO - 配置文件读取成功：E:\develop\PythonProject\OrangeHRM\Config\配置文件.ini
2026-05-16 18:54:47,004 - 01登录页面元素信息.yaml - INFO - ========== 开始执行 OrangeHRM 登录操作 ==========
2026-05-16 18:54:47,005 - baseUtils.py - INFO - 配置文件读取成功：E:\develop\PythonProject\OrangeHRM\Config\配置文件.ini
2026-05-16 18:54:52,043 - 01登录页面元素信息.yaml - INFO - ========== OrangeHRM 登录操作执行完成 ==========
2026-05-16 18:54:52,044 - test_web_ohrm.py - INFO - ========== 开始执行【添加员工信息】用例 ==========
2026-05-16 18:54:52,046 - baseUtils.py - INFO - 配置文件读取成功：E:\develop\PythonProject\OrangeHRM\Config\配置文件.ini
2026-05-16 18:54:55,004 - 02修改员工信息.yaml - INFO - ✅ 点击个人信息管理系统
2026-05-16 18:54:56,206 - 02修改员工信息.yaml - INFO - ✅ 点击添加员工按钮
2026-05-16 18:54:57,219 - 02修改员工信息.yaml - INFO - ✅ 员工姓名输入完成：Xie Shengqiang
2026-05-16 18:54:57,430 - 02修改员工信息.yaml - INFO - ✅ 员工ID输入完成：202501
2026-05-16 18:55:00,510 - 02修改员工信息.yaml - INFO - ✅ 员工信息添加完成，点击保存
2026-05-16 18:55:00,512 - baseUtils.py - INFO - 配置文件读取成功：E:\develop\PythonProject\OrangeHRM\Config\配置文件.ini
2026-05-16 18:55:13,297 - conftest.py - INFO - ✅ 浏览器驱动已退出
2026-05-16 18:56:39,853 - baseUtils.py - INFO - 配置文件读取成功：E:\develop\PythonProject\OrangeHRM\Config\配置文件.ini
2026-05-16 18:56:39,853 - globalManager.py - INFO - 全局变量管理器初始化成功
2026-05-16 18:56:40,185 - baseUtils.py - INFO - 配置文件读取成功：E:\develop\PythonProject\OrangeHRM\Config\配置文件.ini
2026-05-16 18:56:40,187 - baseData.py - INFO - 数据驱动读取成功：01登录功能
2026-05-16 18:56:40,188 - baseUtils.py - INFO - 配置文件读取成功：E:\develop\PythonProject\OrangeHRM\Config\配置文件.ini
2026-05-16 18:56:40,189 - baseData.py - INFO - 数据驱动读取成功：02修改员工信息功能
2026-05-16 18:57:08,820 - baseUtils.py - INFO - 配置文件读取成功：E:\develop\PythonProject\OrangeHRM\Config\配置文件.ini
2026-05-16 18:57:08,821 - globalManager.py - INFO - 全局变量管理器初始化成功
2026-05-16 18:57:09,127 - baseUtils.py - INFO - 配置文件读取成功：E:\develop\PythonProject\OrangeHRM\Config\配置文件.ini
2026-05-16 18:57:09,128 - baseData.py - INFO - 数据驱动读取成功：01登录功能
2026-05-16 18:57:09,129 - baseUtils.py - INFO - 配置文件读取成功：E:\develop\PythonProject\OrangeHRM\Config\配置文件.ini
2026-05-16 18:57:09,130 - baseData.py - INFO - 数据驱动读取成功：02修改员工信息功能
2026-05-16 18:57:10,286 - conftest.py - INFO - ✅ 启动浏览器成功：chrome
2026-05-16 18:57:10,287 - baseUtils.py - INFO - 配置文件读取成功：E:\develop\PythonProject\OrangeHRM\Config\配置文件.ini
2026-05-16 18:57:10,287 - 01登录页面元素信息.yaml - INFO - ========== 开始执行 OrangeHRM 登录操作 ==========
2026-05-16 18:57:10,288 - baseUtils.py - INFO - 配置文件读取成功：E:\develop\PythonProject\OrangeHRM\Config\配置文件.ini
2026-05-16 18:57:15,376 - 01登录页面元素信息.yaml - INFO - ========== OrangeHRM 登录操作执行完成 ==========
2026-05-16 18:57:15,378 - test_web_ohrm.py - INFO - ========== 开始执行【添加员工信息】用例 ==========
2026-05-16 18:57:15,379 - baseUtils.py - INFO - 配置文件读取成功：E:\develop\PythonProject\OrangeHRM\Config\配置文件.ini
2026-05-16 18:57:18,241 - 02修改员工信息.yaml - INFO - ✅ 点击个人信息管理系统
2026-05-16 18:57:19,424 - 02修改员工信息.yaml - INFO - ✅ 点击添加员工按钮
2026-05-16 18:57:20,462 - 02修改员工信息.yaml - INFO - ✅ 员工姓名输入完成：Xie Shengqiang
2026-05-16 18:57:20,687 - 02修改员工信息.yaml - INFO - ✅ 员工ID输入完成：202501
2026-05-16 18:57:23,767 - 02修改员工信息.yaml - INFO - ✅ 员工信息添加完成，点击保存
2026-05-16 18:57:23,768 - baseUtils.py - INFO - 配置文件读取成功：E:\develop\PythonProject\OrangeHRM\Config\配置文件.ini
2026-05-16 18:57:36,526 - conftest.py - INFO - ✅ 浏览器驱动已退出
