2026-05-16 20:00:15,491 - baseUtils.py - INFO - 配置文件读取成功：E:\develop\PythonProject\OrangeHRM\Config\配置文件.ini
2026-05-16 20:00:15,492 - globalManager.py - INFO - 全局变量管理器初始化成功
2026-05-16 20:00:15,909 - baseUtils.py - INFO - 配置文件读取成功：E:\develop\PythonProject\OrangeHRM\Config\配置文件.ini
2026-05-16 20:00:15,910 - baseData.py - INFO - 数据驱动读取成功：01登录功能
2026-05-16 20:00:15,912 - baseUtils.py - INFO - 配置文件读取成功：E:\develop\PythonProject\OrangeHRM\Config\配置文件.ini
2026-05-16 20:00:15,912 - baseData.py - INFO - 数据驱动读取成功：02修改员工信息功能
2026-05-16 20:00:17,078 - conftest.py - INFO - ✅ 启动浏览器成功：chrome
2026-05-16 20:00:17,079 - baseUtils.py - INFO - 配置文件读取成功：E:\develop\PythonProject\OrangeHRM\Config\配置文件.ini
2026-05-16 20:00:17,080 - 01登录页面元素信息.yaml - INFO - ========== 开始执行 OrangeHRM 登录操作 ==========
2026-05-16 20:00:17,081 - baseUtils.py - INFO - 配置文件读取成功：E:\develop\PythonProject\OrangeHRM\Config\配置文件.ini
2026-05-16 20:00:22,323 - 01登录页面元素信息.yaml - INFO - ========== OrangeHRM 登录操作执行完成 ==========
2026-05-16 20:00:22,324 - test_web_ohrm.py - INFO - ========== 开始执行【添加员工信息】用例 ==========
2026-05-16 20:00:22,325 - baseUtils.py - INFO - 配置文件读取成功：E:\develop\PythonProject\OrangeHRM\Config\配置文件.ini
2026-05-16 20:00:25,419 - 02修改员工信息.yaml - INFO - ✅ 点击个人信息管理系统
2026-05-16 20:00:26,736 - 02修改员工信息.yaml - INFO - ✅ 点击添加员工按钮
2026-05-16 20:00:27,865 - 02修改员工信息.yaml - INFO - ✅ 员工姓名输入完成：Xie Shengqiang
2026-05-16 20:00:28,129 - 02修改员工信息.yaml - INFO - ✅ 员工ID输入完成：202501
2026-05-16 20:00:31,223 - 02修改员工信息.yaml - INFO - ✅ 员工信息添加完成，点击保存
2026-05-16 20:00:31,225 - baseUtils.py - INFO - 配置文件读取成功：E:\develop\PythonProject\OrangeHRM\Config\配置文件.ini
2026-05-16 20:00:35,636 - 02修改员工信息.yaml - INFO - 添加员工信息成功
2026-05-16 20:00:35,637 - test_web_ohrm.py - INFO - ✅ 【添加员工信息】用例执行完成
2026-05-16 20:00:37,917 - conftest.py - INFO - ✅ 浏览器驱动已退出
2026-05-16 20:11:34,126 - baseUtils.py - INFO - 配置文件读取成功：E:\develop\PythonProject\OrangeHRM\Config\配置文件.ini
2026-05-16 20:11:34,126 - globalManager.py - INFO - 全局变量管理器初始化成功
2026-05-16 20:11:34,463 - baseUtils.py - INFO - 配置文件读取成功：E:\develop\PythonProject\OrangeHRM\Config\配置文件.ini
2026-05-16 20:11:34,465 - baseData.py - INFO - 数据驱动读取成功：01登录功能
2026-05-16 20:11:34,466 - baseUtils.py - INFO - 配置文件读取成功：E:\develop\PythonProject\OrangeHRM\Config\配置文件.ini
2026-05-16 20:11:34,466 - baseData.py - INFO - 数据驱动读取成功：02修改员工信息功能
2026-05-16 20:11:35,632 - conftest.py - INFO - ✅ 启动浏览器成功：chrome
2026-05-16 20:11:35,634 - baseUtils.py - INFO - 配置文件读取成功：E:\develop\PythonProject\OrangeHRM\Config\配置文件.ini
2026-05-16 20:11:35,634 - 01登录页面元素信息.yaml - INFO - ========== 开始执行 OrangeHRM 登录操作 ==========
2026-05-16 20:11:35,635 - baseUtils.py - INFO - 配置文件读取成功：E:\develop\PythonProject\OrangeHRM\Config\配置文件.ini
2026-05-16 20:11:40,732 - 01登录页面元素信息.yaml - INFO - ========== OrangeHRM 登录操作执行完成 ==========
2026-05-16 20:11:40,733 - test_web_ohrm.py - INFO - ========== 开始执行【添加员工信息】用例 ==========
2026-05-16 20:11:40,734 - baseUtils.py - INFO - 配置文件读取成功：E:\develop\PythonProject\OrangeHRM\Config\配置文件.ini
2026-05-16 20:11:43,623 - 02修改员工信息.yaml - INFO - ✅ 点击个人信息管理系统
2026-05-16 20:11:44,755 - 02修改员工信息.yaml - INFO - ✅ 点击添加员工按钮
2026-05-16 20:11:45,760 - 02修改员工信息.yaml - INFO - ✅ 员工姓名输入完成：Xie Shengqiang
2026-05-16 20:11:45,972 - 02修改员工信息.yaml - INFO - ✅ 员工ID输入完成：202501
2026-05-16 20:11:49,064 - 02修改员工信息.yaml - INFO - ✅ 员工信息添加完成，点击保存
2026-05-16 20:11:49,065 - baseUtils.py - INFO - 配置文件读取成功：E:\develop\PythonProject\OrangeHRM\Config\配置文件.ini
2026-05-16 20:12:06,716 - conftest.py - INFO - ✅ 浏览器驱动已退出
2026-05-16 20:16:32,493 - baseUtils.py - INFO - 配置文件读取成功：E:\develop\PythonProject\OrangeHRM\Config\配置文件.ini
2026-05-16 20:16:32,493 - globalManager.py - INFO - 全局变量管理器初始化成功
2026-05-16 20:16:32,824 - baseUtils.py - INFO - 配置文件读取成功：E:\develop\PythonProject\OrangeHRM\Config\配置文件.ini
2026-05-16 20:16:32,825 - baseData.py - INFO - 数据驱动读取成功：01登录功能
2026-05-16 20:16:32,826 - baseUtils.py - INFO - 配置文件读取成功：E:\develop\PythonProject\OrangeHRM\Config\配置文件.ini
2026-05-16 20:16:32,827 - baseData.py - INFO - 数据驱动读取成功：02修改员工信息功能
2026-05-16 20:16:33,991 - conftest.py - INFO - ✅ 启动浏览器成功：chrome
2026-05-16 20:16:33,994 - baseUtils.py - INFO - 配置文件读取成功：E:\develop\PythonProject\OrangeHRM\Config\配置文件.ini
2026-05-16 20:16:33,994 - 01登录页面元素信息.yaml - INFO - ========== 开始执行 OrangeHRM 登录操作 ==========
2026-05-16 20:16:33,996 - baseUtils.py - INFO - 配置文件读取成功：E:\develop\PythonProject\OrangeHRM\Config\配置文件.ini
2026-05-16 20:16:39,066 - 01登录页面元素信息.yaml - INFO - ========== OrangeHRM 登录操作执行完成 ==========
2026-05-16 20:16:39,068 - test_web_ohrm.py - INFO - ========== 开始执行【添加员工信息】用例 ==========
2026-05-16 20:16:39,070 - baseUtils.py - INFO - 配置文件读取成功：E:\develop\PythonProject\OrangeHRM\Config\配置文件.ini
2026-05-16 20:16:42,027 - 02修改员工信息.yaml - INFO - ✅ 点击个人信息管理系统
2026-05-16 20:16:43,239 - 02修改员工信息.yaml - INFO - ✅ 点击添加员工按钮
2026-05-16 20:16:44,250 - 02修改员工信息.yaml - INFO - ✅ 员工姓名输入完成：Xie Shengqiang
2026-05-16 20:16:44,454 - 02修改员工信息.yaml - INFO - ✅ 员工ID输入完成：202501
2026-05-16 20:16:47,531 - 02修改员工信息.yaml - INFO - ✅ 员工信息添加完成，点击保存
2026-05-16 20:16:47,533 - baseUtils.py - INFO - 配置文件读取成功：E:\develop\PythonProject\OrangeHRM\Config\配置文件.ini
2026-05-16 20:16:52,746 - 02修改员工信息.yaml - INFO - 添加员工信息成功
2026-05-16 20:16:52,746 - test_web_ohrm.py - INFO - ✅ 【添加员工信息】用例执行完成
2026-05-16 20:16:54,980 - conftest.py - INFO - ✅ 浏览器驱动已退出
