2026-05-16 23:28:32,245 - baseUtils.py - INFO - 配置文件读取成功：E:\develop\PythonProject\OrangeHRM\Config\配置文件.ini
2026-05-16 23:28:32,246 - globalManager.py - INFO - 全局变量管理器初始化成功
2026-05-16 23:28:32,674 - baseUtils.py - INFO - 配置文件读取成功：E:\develop\PythonProject\OrangeHRM\Config\配置文件.ini
2026-05-16 23:28:32,675 - baseData.py - INFO - 数据驱动读取成功：01登录功能
2026-05-16 23:28:32,676 - baseUtils.py - INFO - 配置文件读取成功：E:\develop\PythonProject\OrangeHRM\Config\配置文件.ini
2026-05-16 23:28:32,677 - baseData.py - INFO - 数据驱动读取成功：02修改员工信息功能
2026-05-16 23:28:33,842 - conftest.py - INFO - ✅ 启动浏览器成功：chrome
2026-05-16 23:28:33,844 - baseUtils.py - INFO - 配置文件读取成功：E:\develop\PythonProject\OrangeHRM\Config\配置文件.ini
2026-05-16 23:28:33,844 - 01登录页面元素信息.yaml - INFO - ========== 开始执行 OrangeHRM 登录操作 ==========
2026-05-16 23:28:33,845 - baseUtils.py - INFO - 配置文件读取成功：E:\develop\PythonProject\OrangeHRM\Config\配置文件.ini
2026-05-16 23:28:39,440 - 01登录页面元素信息.yaml - INFO - ========== OrangeHRM 登录操作执行完成 ==========
2026-05-16 23:28:39,442 - test_web_ohrm.py - INFO - ========== 开始执行【修改员工生日】用例 ==========
2026-05-16 23:28:39,443 - baseUtils.py - INFO - 配置文件读取成功：E:\develop\PythonProject\OrangeHRM\Config\配置文件.ini
2026-05-16 23:28:44,847 - 02修改员工信息.yaml - INFO - ✅ 点击个人信息管理系统
2026-05-16 23:28:45,470 - 02修改员工信息.yaml - INFO - ✅ 输入搜索内容：Shengqiang
2026-05-16 23:28:45,674 - 02修改员工信息.yaml - INFO - ✅ 点击搜索按钮
2026-05-16 23:28:46,397 - 02修改员工信息.yaml - INFO - ✅ 点击员工：Shengqiang
2026-05-16 23:28:59,490 - baseAutoWeb.py - ERROR - 元素定位失败：('xpath', "//label[@class='oxd-label' and text()='出生日期']/../following-sibling::div//inpput")
2026-05-16 23:28:59,490 - baseAutoWeb.py - WARNING - ⚠️ 第1次点击失败，0.5秒后重试... 错误：Message: 
Stacktrace:
	chromedriver!GetHandleVerifier [0x7ff78ea10295+146d5]
	chromedriver!GetHandle
2026-05-16 23:29:11,051 - baseAutoWeb.py - ERROR - 元素定位失败：('xpath', "//label[@class='oxd-label' and text()='出生日期']/../following-sibling::div//inpput")
2026-05-16 23:29:11,052 - baseAutoWeb.py - WARNING - ⚠️ 第2次点击失败，0.5秒后重试... 错误：Message: 
Stacktrace:
	chromedriver!GetHandleVerifier [0x7ff78ea10295+146d5]
	chromedriver!GetHandle
2026-05-16 23:29:22,663 - baseAutoWeb.py - ERROR - 元素定位失败：('xpath', "//label[@class='oxd-label' and text()='出生日期']/../following-sibling::div//inpput")
2026-05-16 23:29:22,663 - baseAutoWeb.py - WARNING - ⚠️ 普通点击全部失败，尝试JS点击... 最后一次错误：Message: 
Stacktrace:
	chromedriver!GetHandleVerifier [0x7ff78ea10295+146d5]
	chromedriver!GetHandle
2026-05-16 23:29:33,718 - baseAutoWeb.py - ERROR - 元素定位失败：('xpath', "//label[@class='oxd-label' and text()='出生日期']/../following-sibling::div//inpput")
2026-05-16 23:29:33,718 - baseAutoWeb.py - ERROR - ❌ JS点击也失败：workerupdate/birtext，错误：Message: 
Stacktrace:
	chromedriver!GetHandleVerifier [0x7ff78ea10295+146d5]
	chromedriver!GetHandleVerifier [0x7ff78ea10300+14740]
	chromedriver!(No symbol) [0x7ff78e77d7cd]
	chromedriver!(No symbol) [0x7ff78e7d6c4e]
	chromedriver!(No symbol) [0x7ff78e7d6f5c]
	chromedriver!(No symbol) [0x7ff78e827cc7]
	chromedriver!(No symbol) [0x7ff78e824818]
	chromedriver!(No symbol) [0x7ff78e7c9018]
	chromedriver!(No symbol) [0x7ff78e7c9f03]
	chromedriver!GetHandleVerifier [0x7ff78ed25949+329d89]
	chromedriver!GetHandleVerifier [0x7ff78ed1fe96+3242d6]
	chromedriver!GetHandleVerifier [0x7ff78ed43102+347542]
	chromedriver!GetHandleVerifier [0x7ff78ea2d425+31865]
	chromedriver!GetHandleVerifier [0x7ff78ea3605c+3a49c]
	chromedriver!GetHandleVerifier [0x7ff78ea19684+1dac4]
	chromedriver!GetHandleVerifier [0x7ff78ea19836+1dc76]
	chromedriver!GetHandleVerifier [0x7ff78e9fe347+2787]
	KERNEL32!BaseThreadInitThunk [0x7ffc4a11e8d7+17]
	ntdll!RtlUserThreadStart [0x7ffc4b40c3fc+2c]

2026-05-16 23:29:33,719 - baseAutoWeb.py - ERROR - 执行click操作失败，元素：workerupdate/birtext，错误：Message: 
Stacktrace:
	chromedriver!GetHandleVerifier [0x7ff78ea10295+146d5]
	chromedriver!GetHandleVerifier [0x7ff78ea10300+14740]
	chromedriver!(No symbol) [0x7ff78e77d7cd]
	chromedriver!(No symbol) [0x7ff78e7d6c4e]
	chromedriver!(No symbol) [0x7ff78e7d6f5c]
	chromedriver!(No symbol) [0x7ff78e827cc7]
	chromedriver!(No symbol) [0x7ff78e824818]
	chromedriver!(No symbol) [0x7ff78e7c9018]
	chromedriver!(No symbol) [0x7ff78e7c9f03]
	chromedriver!GetHandleVerifier [0x7ff78ed25949+329d89]
	chromedriver!GetHandleVerifier [0x7ff78ed1fe96+3242d6]
	chromedriver!GetHandleVerifier [0x7ff78ed43102+347542]
	chromedriver!GetHandleVerifier [0x7ff78ea2d425+31865]
	chromedriver!GetHandleVerifier [0x7ff78ea3605c+3a49c]
	chromedriver!GetHandleVerifier [0x7ff78ea19684+1dac4]
	chromedriver!GetHandleVerifier [0x7ff78ea19836+1dc76]
	chromedriver!GetHandleVerifier [0x7ff78e9fe347+2787]
	KERNEL32!BaseThreadInitThunk [0x7ffc4a11e8d7+17]
	ntdll!RtlUserThreadStart [0x7ffc4b40c3fc+2c]

2026-05-16 23:29:36,445 - conftest.py - INFO - ✅ 浏览器驱动已退出
2026-05-16 23:34:37,007 - baseUtils.py - INFO - 配置文件读取成功：E:\develop\PythonProject\OrangeHRM\Config\配置文件.ini
2026-05-16 23:34:37,007 - globalManager.py - INFO - 全局变量管理器初始化成功
2026-05-16 23:34:37,406 - baseUtils.py - INFO - 配置文件读取成功：E:\develop\PythonProject\OrangeHRM\Config\配置文件.ini
2026-05-16 23:34:37,407 - baseData.py - INFO - 数据驱动读取成功：01登录功能
2026-05-16 23:34:37,408 - baseUtils.py - INFO - 配置文件读取成功：E:\develop\PythonProject\OrangeHRM\Config\配置文件.ini
2026-05-16 23:34:37,409 - baseData.py - INFO - 数据驱动读取成功：02修改员工信息功能
2026-05-16 23:34:38,567 - conftest.py - INFO - ✅ 启动浏览器成功：chrome
2026-05-16 23:34:38,568 - baseUtils.py - INFO - 配置文件读取成功：E:\develop\PythonProject\OrangeHRM\Config\配置文件.ini
2026-05-16 23:34:38,569 - 01登录页面元素信息.yaml - INFO - ========== 开始执行 OrangeHRM 登录操作 ==========
2026-05-16 23:34:38,570 - baseUtils.py - INFO - 配置文件读取成功：E:\develop\PythonProject\OrangeHRM\Config\配置文件.ini
2026-05-16 23:34:44,077 - 01登录页面元素信息.yaml - INFO - ========== OrangeHRM 登录操作执行完成 ==========
2026-05-16 23:34:44,078 - test_web_ohrm.py - INFO - ========== 开始执行【修改员工生日】用例 ==========
2026-05-16 23:34:44,079 - baseUtils.py - INFO - 配置文件读取成功：E:\develop\PythonProject\OrangeHRM\Config\配置文件.ini
2026-05-16 23:34:47,209 - 02修改员工信息.yaml - INFO - ✅ 点击个人信息管理系统
2026-05-16 23:34:47,785 - 02修改员工信息.yaml - INFO - ✅ 输入搜索内容：Shengqiang
2026-05-16 23:34:47,998 - 02修改员工信息.yaml - INFO - ✅ 点击搜索按钮
2026-05-16 23:34:49,023 - 02修改员工信息.yaml - INFO - ✅ 点击员工：Shengqiang
2026-05-16 23:34:51,309 - 02修改员工信息.yaml - INFO - ✅ 清空生日输入框
2026-05-16 23:34:51,601 - 02修改员工信息.yaml - INFO - ✅ 生日修改完成：1995-01-01，点击保存
2026-05-16 23:34:51,603 - baseUtils.py - INFO - 配置文件读取成功：E:\develop\PythonProject\OrangeHRM\Config\配置文件.ini
2026-05-16 23:34:51,945 - 02修改员工信息.yaml - INFO - ✅ 修改员工生日断言通过
2026-05-16 23:34:51,946 - test_web_ohrm.py - INFO - ✅ 【修改员工生日】用例执行完成
2026-05-16 23:34:54,146 - conftest.py - INFO - ✅ 浏览器驱动已退出
