2026-05-29 12:43:11,024 - baseUtils.py - INFO - 配置文件读取成功：E:\develop\PythonProject\OrangeHRM\Config\配置文件.ini
2026-05-29 12:43:11,025 - globalManager.py - INFO - 全局变量管理器初始化成功
2026-05-29 12:43:11,856 - web_login_page.py - INFO - 断言成功
2026-05-29 12:43:11,857 - baseUtils.py - INFO - 配置文件读取成功：E:\develop\PythonProject\OrangeHRM\Config\配置文件.ini
2026-05-29 12:43:11,859 - baseData.py - INFO - 数据驱动读取成功：01登录接口
2026-05-29 12:43:11,867 - baseUtils.py - INFO - 配置文件读取成功：E:\develop\PythonProject\OrangeHRM\Config\配置文件.ini
2026-05-29 12:43:11,948 - baseAutoHttp.py - INFO - 【01登录页面接口信息:login_api】接口调用开始
2026-05-29 12:43:11,950 - baseData.py - INFO - 动态参数替换成功：{'_token': '08dc609f9c9acce29cf19082897.GqhyVD4SF28KHNUZa5Qv8hqwG9TYQbXJ2GdLenNvFyE.YJkfHFFEcjY9eopOOuJ5oFjjb5_vKOWd7UofFUQ6cHJF-0UxdGVVH2xw4Q', 'username': 'wrong', 'password': 'wrong'}
2026-05-29 12:43:11,950 - baseAutoHttp.py - INFO - 请求方式: POST
2026-05-29 12:43:11,950 - baseAutoHttp.py - INFO - 请求地址: http://127.0.0.1:8080/web/index.php/auth/validate
2026-05-29 12:43:11,950 - baseAutoHttp.py - INFO - 请求头: {'User-Agent': 'Mozilla/5.0 (Windows NT 10.0; Win64; x64) AppleWebKit/537.36 (KHTML, like Gecko) Chrome/148.0.0.0 Safari/537.36', 'Content-Type': 'application/x-www-form-urlencoded'}
2026-05-29 12:43:11,951 - baseAutoHttp.py - INFO - 请求参数: params=None | data={'_token': '08dc609f9c9acce29cf19082897.GqhyVD4SF28KHNUZa5Qv8hqwG9TYQbXJ2GdLenNvFyE.YJkfHFFEcjY9eopOOuJ5oFjjb5_vKOWd7UofFUQ6cHJF-0UxdGVVH2xw4Q', 'username': 'wrong', 'password': 'wrong'} | json=None
2026-05-29 12:43:12,078 - baseAutoHttp.py - INFO - 响应状态码: 200
2026-05-29 12:43:12,079 - baseAutoHttp.py - INFO - 响应耗时: 0.049696s
2026-05-29 12:43:12,079 - baseAutoHttp.py - INFO - 响应文本: <!DOCTYPE html>
<html>
<head>
  <meta charset="UTF-8">
  <meta http-equiv="X-UA-Compatible" content="IE=edge">
  <meta name="viewport" content="width=device-width,initial-scale=1">
  <title>OrangeHRM</title>
      <link rel="icon" href="/web/dist/favicon.ico?v=1775433284510">
    <link href="/web/dist/css/chunk-vendors.css?v=1775433284510" rel="preload" as="style">
    <link href="/web/dist/css/app.css?v=1775433284510" rel="preload" as="style">
    <link href="/web/dist/js/chunk-vendors.js?v=1775433284510" rel="preload" as="script">
    <link href="/web/dist/js/app.js?v=1775433284510" rel="preload" as="script">
      <link href="/web/dist/css/chunk-vendors.css?v=1775433284510" rel="stylesheet"/>
    <link href="/web/dist/css/app.css?v=1775433284510" rel="stylesheet"/>
</head>
<body>
  <style>
    :root {
            --oxd-primary-one-color:#FF7B1D;
            --oxd-primary-font-color:#FFFFFF;
            --oxd-secondary-four-color:#76BC21;
            --oxd-secondary-font-color:#FFFFFF;
            --oxd-primary-gradient-start-color:#FF920B;
            --oxd-primary-gradient-end-color:#F35C17;
            --oxd-secondary-gradient-start-color:#FF920B;
            --oxd-secondary-gradient-end-color:#F35C17;
            --oxd-primary-one-lighten-5-color:#ff8a37;
            --oxd-primary-one-lighten-30-color:#ffd4b6;
            --oxd-primary-one-darken-5-color:#ff6c03;
            --oxd-primary-one-alpha-10-color:rgba(255, 123, 29, 0.1);
            --oxd-primary-one-alpha-15-color:rgba(255, 123, 29, 0.15);
            --oxd-primary-one-alpha-20-color:rgba(255, 123, 29, 0.2);
            --oxd-primary-one-alpha-50-color:rgba(255, 123, 29, 0.5);
            --oxd-secondary-four-lighten-5-color:#84d225;
            --oxd-secondary-four-darken-5-color:#68a61d;
            --oxd-secondary-four-alpha-10-color:rgba(118, 188, 33, 0.1);
            --oxd-secondary-four-alpha-15-color:rgba(118, 188, 33, 0.15);
            --oxd-secondary-four-alpha-20-color:rgba(118, 188, 33, 0.2);
            --oxd-secondary-four-alpha-50-color:rgba(118, 188, 33, 0.5);
        }
  </style>
    <noscript>
        <strong>
            We're sorry but orangehrm doesn't work properly without JavaScript enabled. Please enable it to continue.
        </strong>
    </noscript>

    <div id="app">
    <auth-login
            :error="{&quot;error&quot;:&quot;invalid_credentials&quot;,&quot;message&quot;:&quot;Invalid credentials&quot;}"
            :token="&quot;8452de723dd1ecc632d74494dbdce.vKwxc4MjCIjXTbTITVgEdY7Rlc_STUHu8goCFBDTP7c.xp1cO-x1bdHgK-ufHC5SJ8yC4YTlJBG6xydWeyeGWOTj_wYWyVRK-LEhgA&quot;"
            :login-logo-src="&quot;\/web\/images\/ohrm_logo.png&quot;"
            :login-banner-src="&quot;\/web\/images\/ohrm_branding.png?v=1775433284510&quot;"
            :show-social-media="true"
            :is-demo-mode="false"
            :authenticators="[]"
        >
    <template v-slot:footer>
        <div class="orangehrm-copyright-wrapper">
            <oxd-text tag="p" class="orangehrm-copyright">OrangeHRM OS 5.8.1</oxd-text>
<oxd-text tag="p" class="orangehrm-copyright">&copy; 2005 - 2026 <a href="http://www.orangehrm.com" target="_blank">OrangeHRM, Inc</a>. All rights reserved.</oxd-text>
        </div>
    </template>
    </auth-login>
    </div>
    <script type="text/javascript">
        window.appGlobal = {
          baseUrl: "/web/index.php",
          publicPath: "/web",
        };
    </script>
    <script src="/web/dist/js/chunk-vendors.js?v=1775433284510"></script>
    <script src="/web/dist/js/app.js?v=1775433284510"></script>
</body>
</html>

2026-05-29 12:43:12,079 - baseAutoHttp.py - INFO - 【01登录页面接口信息:login_api】接口调用结束

2026-05-29 12:43:12,079 - web_login_page.py - INFO - 断言成功
2026-05-29 12:43:12,079 - test_web_ohrm.py - INFO - 【错误用户名/密码】用例执行成功
2026-05-29 12:43:12,088 - baseUtils.py - INFO - 配置文件读取成功：E:\develop\PythonProject\OrangeHRM\Config\配置文件.ini
2026-05-29 12:43:12,139 - baseAutoHttp.py - INFO - 【01登录页面接口信息:login_api】接口调用开始
2026-05-29 12:43:12,141 - baseData.py - INFO - 动态参数替换成功：{'_token': '0ace0f915ce.qjew0MUIk1hqkM6-bpyL-_HMTNlzKcLvqbLn3VftFPQ.h1Dk5p85wCwPpq3fJczHkceuKrE-Z6it7fqXtT-mVoHTbtaflmzBKyfKpQ', 'username': '', 'password': 'Keepmoving624.'}
2026-05-29 12:43:12,141 - baseAutoHttp.py - INFO - 请求方式: POST
2026-05-29 12:43:12,141 - baseAutoHttp.py - INFO - 请求地址: http://127.0.0.1:8080/web/index.php/auth/validate
2026-05-29 12:43:12,141 - baseAutoHttp.py - INFO - 请求头: {'User-Agent': 'Mozilla/5.0 (Windows NT 10.0; Win64; x64) AppleWebKit/537.36 (KHTML, like Gecko) Chrome/148.0.0.0 Safari/537.36', 'Content-Type': 'application/x-www-form-urlencoded'}
2026-05-29 12:43:12,141 - baseAutoHttp.py - INFO - 请求参数: params=None | data={'_token': '0ace0f915ce.qjew0MUIk1hqkM6-bpyL-_HMTNlzKcLvqbLn3VftFPQ.h1Dk5p85wCwPpq3fJczHkceuKrE-Z6it7fqXtT-mVoHTbtaflmzBKyfKpQ', 'username': '', 'password': 'Keepmoving624.'} | json=None
2026-05-29 12:43:12,262 - baseAutoHttp.py - INFO - 响应状态码: 200
2026-05-29 12:43:12,262 - baseAutoHttp.py - INFO - 响应耗时: 0.071359s
2026-05-29 12:43:12,262 - baseAutoHttp.py - INFO - 响应文本: <!DOCTYPE html>
<html>
<head>
  <meta charset="UTF-8">
  <meta http-equiv="X-UA-Compatible" content="IE=edge">
  <meta name="viewport" content="width=device-width,initial-scale=1">
  <title>OrangeHRM</title>
      <link rel="icon" href="/web/dist/favicon.ico?v=1775433284510">
    <link href="/web/dist/css/chunk-vendors.css?v=1775433284510" rel="preload" as="style">
    <link href="/web/dist/css/app.css?v=1775433284510" rel="preload" as="style">
    <link href="/web/dist/js/chunk-vendors.js?v=1775433284510" rel="preload" as="script">
    <link href="/web/dist/js/app.js?v=1775433284510" rel="preload" as="script">
      <link href="/web/dist/css/chunk-vendors.css?v=1775433284510" rel="stylesheet"/>
    <link href="/web/dist/css/app.css?v=1775433284510" rel="stylesheet"/>
</head>
<body>
  <style>
    :root {
            --oxd-primary-one-color:#FF7B1D;
            --oxd-primary-font-color:#FFFFFF;
            --oxd-secondary-four-color:#76BC21;
            --oxd-secondary-font-color:#FFFFFF;
            --oxd-primary-gradient-start-color:#FF920B;
            --oxd-primary-gradient-end-color:#F35C17;
            --oxd-secondary-gradient-start-color:#FF920B;
            --oxd-secondary-gradient-end-color:#F35C17;
            --oxd-primary-one-lighten-5-color:#ff8a37;
            --oxd-primary-one-lighten-30-color:#ffd4b6;
            --oxd-primary-one-darken-5-color:#ff6c03;
            --oxd-primary-one-alpha-10-color:rgba(255, 123, 29, 0.1);
            --oxd-primary-one-alpha-15-color:rgba(255, 123, 29, 0.15);
            --oxd-primary-one-alpha-20-color:rgba(255, 123, 29, 0.2);
            --oxd-primary-one-alpha-50-color:rgba(255, 123, 29, 0.5);
            --oxd-secondary-four-lighten-5-color:#84d225;
            --oxd-secondary-four-darken-5-color:#68a61d;
            --oxd-secondary-four-alpha-10-color:rgba(118, 188, 33, 0.1);
            --oxd-secondary-four-alpha-15-color:rgba(118, 188, 33, 0.15);
            --oxd-secondary-four-alpha-20-color:rgba(118, 188, 33, 0.2);
            --oxd-secondary-four-alpha-50-color:rgba(118, 188, 33, 0.5);
        }
  </style>
    <noscript>
        <strong>
            We're sorry but orangehrm doesn't work properly without JavaScript enabled. Please enable it to continue.
        </strong>
    </noscript>

    <div id="app">
    <auth-login
            :error="{&quot;error&quot;:&quot;invalid_credentials&quot;,&quot;message&quot;:&quot;Invalid credentials&quot;}"
            :token="&quot;6b7de88b40eca7f.jgd8bIS1S82xh4ecsvevGNt5ETWPnuNcE-5TW3t8WIM.o2AoWt6EGLnUseT9-afjcu0bd13C0IkeV6YjMxM3Gvb3Xhoj19EZvvzd7A&quot;"
            :login-logo-src="&quot;\/web\/images\/ohrm_logo.png&quot;"
            :login-banner-src="&quot;\/web\/images\/ohrm_branding.png?v=1775433284510&quot;"
            :show-social-media="true"
            :is-demo-mode="false"
            :authenticators="[]"
        >
    <template v-slot:footer>
        <div class="orangehrm-copyright-wrapper">
            <oxd-text tag="p" class="orangehrm-copyright">OrangeHRM OS 5.8.1</oxd-text>
<oxd-text tag="p" class="orangehrm-copyright">&copy; 2005 - 2026 <a href="http://www.orangehrm.com" target="_blank">OrangeHRM, Inc</a>. All rights reserved.</oxd-text>
        </div>
    </template>
    </auth-login>
    </div>
    <script type="text/javascript">
        window.appGlobal = {
          baseUrl: "/web/index.php",
          publicPath: "/web",
        };
    </script>
    <script src="/web/dist/js/chunk-vendors.js?v=1775433284510"></script>
    <script src="/web/dist/js/app.js?v=1775433284510"></script>
</body>
</html>

2026-05-29 12:43:12,263 - baseAutoHttp.py - INFO - 【01登录页面接口信息:login_api】接口调用结束

2026-05-29 12:43:12,263 - web_login_page.py - INFO - 断言成功
2026-05-29 12:43:12,263 - test_web_ohrm.py - INFO - 【用户名为空】用例执行成功
2026-05-29 12:43:12,269 - baseUtils.py - INFO - 配置文件读取成功：E:\develop\PythonProject\OrangeHRM\Config\配置文件.ini
2026-05-29 12:43:12,322 - baseAutoHttp.py - INFO - 【01登录页面接口信息:login_api】接口调用开始
2026-05-29 12:43:12,324 - baseData.py - INFO - 动态参数替换成功：{'_token': 'c50ddf43efd.ypCe-SylOQAXLd3HRt0tWqxm7Kghx8V_xtM6c5CT3Og.mOPZyxXgCXIgeZK3NYxlA_swpd1vj_0WgZhgK_jUu4T_6va0evZOcS5Zug', 'username': 'admin', 'password': ''}
2026-05-29 12:43:12,324 - baseAutoHttp.py - INFO - 请求方式: POST
2026-05-29 12:43:12,324 - baseAutoHttp.py - INFO - 请求地址: http://127.0.0.1:8080/web/index.php/auth/validate
2026-05-29 12:43:12,325 - baseAutoHttp.py - INFO - 请求头: {'User-Agent': 'Mozilla/5.0 (Windows NT 10.0; Win64; x64) AppleWebKit/537.36 (KHTML, like Gecko) Chrome/148.0.0.0 Safari/537.36', 'Content-Type': 'application/x-www-form-urlencoded'}
2026-05-29 12:43:12,325 - baseAutoHttp.py - INFO - 请求参数: params=None | data={'_token': 'c50ddf43efd.ypCe-SylOQAXLd3HRt0tWqxm7Kghx8V_xtM6c5CT3Og.mOPZyxXgCXIgeZK3NYxlA_swpd1vj_0WgZhgK_jUu4T_6va0evZOcS5Zug', 'username': 'admin', 'password': ''} | json=None
2026-05-29 12:43:12,622 - baseAutoHttp.py - INFO - 响应状态码: 200
2026-05-29 12:43:12,622 - baseAutoHttp.py - INFO - 响应耗时: 0.045941s
2026-05-29 12:43:12,623 - baseAutoHttp.py - INFO - 响应文本: <!DOCTYPE html>
<html>
<head>
  <meta charset="UTF-8">
  <meta http-equiv="X-UA-Compatible" content="IE=edge">
  <meta name="viewport" content="width=device-width,initial-scale=1">
  <title>OrangeHRM</title>
      <link rel="icon" href="/web/dist/favicon.ico?v=1775433284510">
    <link href="/web/dist/css/chunk-vendors.css?v=1775433284510" rel="preload" as="style">
    <link href="/web/dist/css/app.css?v=1775433284510" rel="preload" as="style">
    <link href="/web/dist/js/chunk-vendors.js?v=1775433284510" rel="preload" as="script">
    <link href="/web/dist/js/app.js?v=1775433284510" rel="preload" as="script">
      <link href="/web/dist/css/chunk-vendors.css?v=1775433284510" rel="stylesheet"/>
    <link href="/web/dist/css/app.css?v=1775433284510" rel="stylesheet"/>
</head>
<body>
  <style>
    :root {
            --oxd-primary-one-color:#FF7B1D;
            --oxd-primary-font-color:#FFFFFF;
            --oxd-secondary-four-color:#76BC21;
            --oxd-secondary-font-color:#FFFFFF;
            --oxd-primary-gradient-start-color:#FF920B;
            --oxd-primary-gradient-end-color:#F35C17;
            --oxd-secondary-gradient-start-color:#FF920B;
            --oxd-secondary-gradient-end-color:#F35C17;
            --oxd-primary-one-lighten-5-color:#ff8a37;
            --oxd-primary-one-lighten-30-color:#ffd4b6;
            --oxd-primary-one-darken-5-color:#ff6c03;
            --oxd-primary-one-alpha-10-color:rgba(255, 123, 29, 0.1);
            --oxd-primary-one-alpha-15-color:rgba(255, 123, 29, 0.15);
            --oxd-primary-one-alpha-20-color:rgba(255, 123, 29, 0.2);
            --oxd-primary-one-alpha-50-color:rgba(255, 123, 29, 0.5);
            --oxd-secondary-four-lighten-5-color:#84d225;
            --oxd-secondary-four-darken-5-color:#68a61d;
            --oxd-secondary-four-alpha-10-color:rgba(118, 188, 33, 0.1);
            --oxd-secondary-four-alpha-15-color:rgba(118, 188, 33, 0.15);
            --oxd-secondary-four-alpha-20-color:rgba(118, 188, 33, 0.2);
            --oxd-secondary-four-alpha-50-color:rgba(118, 188, 33, 0.5);
        }
  </style>
    <noscript>
        <strong>
            We're sorry but orangehrm doesn't work properly without JavaScript enabled. Please enable it to continue.
        </strong>
    </noscript>

    <div id="app">
    <auth-login
            :error="{&quot;error&quot;:&quot;invalid_credentials&quot;,&quot;message&quot;:&quot;Invalid credentials&quot;}"
            :token="&quot;7b363f1f37a90da79db83d4f25.GXKdISiGvwL0GkfSUoqgPDAzHoLQaJbUIOfmeWcrnTQ.SwHaExHDj3DDTgiiIdvoZWdlV_eeIK69Z6y8IQ9s-lgsCPVsftXIc81uIA&quot;"
            :login-logo-src="&quot;\/web\/images\/ohrm_logo.png&quot;"
            :login-banner-src="&quot;\/web\/images\/ohrm_branding.png?v=1775433284510&quot;"
            :show-social-media="true"
            :is-demo-mode="false"
            :authenticators="[]"
        >
    <template v-slot:footer>
        <div class="orangehrm-copyright-wrapper">
            <oxd-text tag="p" class="orangehrm-copyright">OrangeHRM OS 5.8.1</oxd-text>
<oxd-text tag="p" class="orangehrm-copyright">&copy; 2005 - 2026 <a href="http://www.orangehrm.com" target="_blank">OrangeHRM, Inc</a>. All rights reserved.</oxd-text>
        </div>
    </template>
    </auth-login>
    </div>
    <script type="text/javascript">
        window.appGlobal = {
          baseUrl: "/web/index.php",
          publicPath: "/web",
        };
    </script>
    <script src="/web/dist/js/chunk-vendors.js?v=1775433284510"></script>
    <script src="/web/dist/js/app.js?v=1775433284510"></script>
</body>
</html>

2026-05-29 12:43:12,623 - baseAutoHttp.py - INFO - 【01登录页面接口信息:login_api】接口调用结束

2026-05-29 12:43:12,623 - web_login_page.py - INFO - 断言成功
2026-05-29 12:43:12,623 - test_web_ohrm.py - INFO - 【密码为空】用例执行成功
