2026-05-31 13:02:39,257 - baseUtils.py - INFO - 配置文件读取成功：E:\develop\PythonProject\OrangeHRM\Config\配置文件.ini
2026-05-31 13:02:39,258 - globalManager.py - INFO - 全局变量管理器初始化成功
2026-05-31 13:02:39,412 - baseUtils.py - INFO - 配置文件读取成功：E:\develop\PythonProject\OrangeHRM\Config\配置文件.ini
2026-05-31 13:02:39,413 - baseUtils.py - INFO - 配置文件读取成功：E:\develop\PythonProject\OrangeHRM\Config\配置文件.ini
2026-05-31 13:02:39,696 - baseUtils.py - INFO - 配置文件读取成功：E:\develop\PythonProject\OrangeHRM\Config\配置文件.ini
2026-05-31 13:02:39,698 - baseData.py - INFO - 数据驱动读取成功：01登录接口
2026-05-31 13:02:39,699 - baseUtils.py - INFO - 配置文件读取成功：E:\develop\PythonProject\OrangeHRM\Config\配置文件.ini
2026-05-31 13:02:39,701 - baseData.py - INFO - 数据驱动读取成功：02添加员工接口
2026-05-31 13:02:39,702 - baseUtils.py - INFO - 配置文件读取成功：E:\develop\PythonProject\OrangeHRM\Config\配置文件.ini
2026-05-31 13:02:39,704 - baseData.py - INFO - 数据驱动读取成功：03指定查询
2026-05-31 13:02:40,289 - baseDB.py - INFO - ✅ MySQL 数据库连接成功
2026-05-31 13:02:40,289 - conftest - INFO - ✅ conftest: 获取数据库连接（MysqlHelp）
2026-05-31 13:02:40,292 - baseUtils.py - INFO - 配置文件读取成功：E:\develop\PythonProject\OrangeHRM\Config\配置文件.ini
2026-05-31 13:02:40,322 - baseDB.py - INFO - ✅ MySQL 数据库连接成功
2026-05-31 13:02:40,324 - baseAutoHttp.py - INFO - 【04更新员工:update_employee】接口调用开始
2026-05-31 13:02:40,326 - baseData.py - INFO - 动态参数替换成功：{'firstName': 'John', 'lastName': 'Doe', 'employeeId': '1001'}
2026-05-31 13:02:40,326 - baseAutoHttp.py - INFO - 请求方式: PUT
2026-05-31 13:02:40,326 - baseAutoHttp.py - INFO - 请求地址: http://127.0.0.1:8080/web/index.php/api/v2/pim/employees/5/personal-details
2026-05-31 13:02:40,326 - baseAutoHttp.py - INFO - 请求头: {'User-Agent': 'Mozilla/5.0 (Windows NT 10.0; Win64; x64) AppleWebKit/537.36 (KHTML, like Gecko) Chrome/148.0.0.0 Safari/537.36', 'Content-Type': 'application/json', 'Referer': 'http://127.0.0.1:8080/web/index.php/pim/viewPersonalDetails/empNumber/5', 'Origin': 'http://127.0.0.1:8080'}
2026-05-31 13:02:40,326 - baseAutoHttp.py - INFO - 请求参数: params=None | data=None | json={'birthday': None, 'drivingLicenseExpiredDate': None, 'drivingLicenseNo': None, 'employeeId': '1001', 'firstName': 'John', 'gender': None, 'lastName': 'Doe', 'middleName': None, 'otherId': None}
2026-05-31 13:02:40,412 - baseAutoHttp.py - INFO - 响应状态码: 500
2026-05-31 13:02:40,412 - baseAutoHttp.py - INFO - 响应耗时: 0.084488s
2026-05-31 13:02:40,412 - baseAutoHttp.py - INFO - 响应JSON: {'error': {'status': '500', 'message': 'Unexpected Error Occurred'}}
2026-05-31 13:02:40,412 - baseAutoHttp.py - INFO - 【04更新员工:update_employee】接口调用结束

2026-05-31 13:02:40,419 - baseDB.py - INFO - ✅ MySQL 数据库连接成功
2026-05-31 13:04:04,000 - baseUtils.py - INFO - 配置文件读取成功：E:\develop\PythonProject\OrangeHRM\Config\配置文件.ini
2026-05-31 13:04:04,001 - globalManager.py - INFO - 全局变量管理器初始化成功
2026-05-31 13:04:04,180 - baseUtils.py - INFO - 配置文件读取成功：E:\develop\PythonProject\OrangeHRM\Config\配置文件.ini
2026-05-31 13:04:04,181 - baseUtils.py - INFO - 配置文件读取成功：E:\develop\PythonProject\OrangeHRM\Config\配置文件.ini
2026-05-31 13:04:04,454 - baseUtils.py - INFO - 配置文件读取成功：E:\develop\PythonProject\OrangeHRM\Config\配置文件.ini
2026-05-31 13:04:04,457 - baseData.py - INFO - 数据驱动读取成功：01登录接口
2026-05-31 13:04:04,458 - baseUtils.py - INFO - 配置文件读取成功：E:\develop\PythonProject\OrangeHRM\Config\配置文件.ini
2026-05-31 13:04:04,459 - baseData.py - INFO - 数据驱动读取成功：02添加员工接口
2026-05-31 13:04:04,460 - baseUtils.py - INFO - 配置文件读取成功：E:\develop\PythonProject\OrangeHRM\Config\配置文件.ini
2026-05-31 13:04:04,461 - baseData.py - INFO - 数据驱动读取成功：03指定查询
2026-05-31 13:04:05,038 - baseDB.py - INFO - ✅ MySQL 数据库连接成功
2026-05-31 13:04:05,039 - conftest - INFO - ✅ conftest: 获取数据库连接（MysqlHelp）
2026-05-31 13:04:05,041 - baseUtils.py - INFO - 配置文件读取成功：E:\develop\PythonProject\OrangeHRM\Config\配置文件.ini
2026-05-31 13:04:05,049 - baseDB.py - INFO - ✅ MySQL 数据库连接成功
2026-05-31 13:04:05,052 - baseAutoHttp.py - INFO - 【04更新员工:update_employee】接口调用开始
2026-05-31 13:04:05,054 - baseData.py - INFO - 动态参数替换成功：{'firstName': 'John', 'lastName': 'Doe', 'employeeId': '1001'}
2026-05-31 13:04:05,054 - baseAutoHttp.py - INFO - 请求方式: PUT
2026-05-31 13:04:05,054 - baseAutoHttp.py - INFO - 请求地址: http://127.0.0.1:8080/web/index.php/api/v2/pim/employees/5/personal-details
2026-05-31 13:04:05,054 - baseAutoHttp.py - INFO - 请求头: {'User-Agent': 'Mozilla/5.0 (Windows NT 10.0; Win64; x64) AppleWebKit/537.36 (KHTML, like Gecko) Chrome/148.0.0.0 Safari/537.36', 'Content-Type': 'application/json', 'Referer': 'http://127.0.0.1:8080/web/index.php/pim/viewPersonalDetails/empNumber/5', 'Origin': 'http://127.0.0.1:8080'}
2026-05-31 13:04:05,054 - baseAutoHttp.py - INFO - 请求参数: params=None | data=None | json={'birthday': None, 'drivingLicenseExpiredDate': None, 'drivingLicenseNo': None, 'employeeId': '1001', 'firstName': 'John', 'gender': None, 'lastName': 'Doe', 'middleName': None, 'otherId': None}
2026-05-31 13:04:05,138 - baseAutoHttp.py - INFO - 响应状态码: 500
2026-05-31 13:04:05,139 - baseAutoHttp.py - INFO - 响应耗时: 0.082742s
2026-05-31 13:04:05,139 - baseAutoHttp.py - INFO - 响应JSON: {'error': {'status': '500', 'message': 'Unexpected Error Occurred'}}
2026-05-31 13:04:05,139 - baseAutoHttp.py - INFO - 【04更新员工:update_employee】接口调用结束

2026-05-31 13:04:05,161 - baseDB.py - INFO - ✅ MySQL 数据库连接成功
2026-05-31 13:04:05,175 - baseDB.py - INFO - ✅ MySQL 执行成功，事务已提交
2026-05-31 13:04:05,175 - baseDB.py - INFO - 🔌 MySQL 连接已关闭
2026-05-31 13:06:55,695 - baseUtils.py - INFO - 配置文件读取成功：E:\develop\PythonProject\OrangeHRM\Config\配置文件.ini
2026-05-31 13:06:55,695 - globalManager.py - INFO - 全局变量管理器初始化成功
2026-05-31 13:06:55,854 - baseUtils.py - INFO - 配置文件读取成功：E:\develop\PythonProject\OrangeHRM\Config\配置文件.ini
2026-05-31 13:06:55,856 - baseUtils.py - INFO - 配置文件读取成功：E:\develop\PythonProject\OrangeHRM\Config\配置文件.ini
2026-05-31 13:06:56,161 - baseUtils.py - INFO - 配置文件读取成功：E:\develop\PythonProject\OrangeHRM\Config\配置文件.ini
2026-05-31 13:06:56,163 - baseData.py - INFO - 数据驱动读取成功：01登录接口
2026-05-31 13:06:56,164 - baseUtils.py - INFO - 配置文件读取成功：E:\develop\PythonProject\OrangeHRM\Config\配置文件.ini
2026-05-31 13:06:56,165 - baseData.py - INFO - 数据驱动读取成功：02添加员工接口
2026-05-31 13:06:56,166 - baseUtils.py - INFO - 配置文件读取成功：E:\develop\PythonProject\OrangeHRM\Config\配置文件.ini
2026-05-31 13:06:56,168 - baseData.py - INFO - 数据驱动读取成功：03指定查询
2026-05-31 13:06:56,712 - baseDB.py - INFO - ✅ MySQL 数据库连接成功
2026-05-31 13:06:56,712 - conftest - INFO - ✅ conftest: 获取数据库连接（MysqlHelp）
2026-05-31 13:06:56,715 - baseUtils.py - INFO - 配置文件读取成功：E:\develop\PythonProject\OrangeHRM\Config\配置文件.ini
2026-05-31 13:06:56,736 - baseDB.py - INFO - ✅ MySQL 数据库连接成功
2026-05-31 13:06:56,738 - baseAutoHttp.py - INFO - 【04更新员工:update_employee】接口调用开始
2026-05-31 13:06:56,740 - baseData.py - INFO - 动态参数替换成功：{'firstName': 'John', 'lastName': 'Doe', 'employeeId': '1001'}
2026-05-31 13:06:56,741 - baseAutoHttp.py - INFO - 请求方式: PUT
2026-05-31 13:06:56,741 - baseAutoHttp.py - INFO - 请求地址: http://127.0.0.1:8080/web/index.php/api/v2/pim/employees/5/personal-details
2026-05-31 13:06:56,741 - baseAutoHttp.py - INFO - 请求头: {'User-Agent': 'Mozilla/5.0 (Windows NT 10.0; Win64; x64) AppleWebKit/537.36 (KHTML, like Gecko) Chrome/148.0.0.0 Safari/537.36', 'Content-Type': 'application/json', 'Referer': 'http://127.0.0.1:8080/web/index.php/pim/viewPersonalDetails/empNumber/5', 'Origin': 'http://127.0.0.1:8080'}
2026-05-31 13:06:56,741 - baseAutoHttp.py - INFO - 请求参数: params=None | data=None | json={'birthday': None, 'drivingLicenseExpiredDate': None, 'drivingLicenseNo': None, 'employeeId': '1001', 'firstName': 'John', 'gender': None, 'lastName': 'Doe', 'middleName': None, 'otherId': None}
2026-05-31 13:06:56,820 - baseAutoHttp.py - INFO - 响应状态码: 500
2026-05-31 13:06:56,821 - baseAutoHttp.py - INFO - 响应耗时: 0.078451s
2026-05-31 13:06:56,821 - baseAutoHttp.py - INFO - 响应JSON: {'error': {'status': '500', 'message': 'Unexpected Error Occurred'}}
2026-05-31 13:06:56,821 - baseAutoHttp.py - INFO - 【04更新员工:update_employee】接口调用结束

2026-05-31 13:06:56,844 - baseDB.py - INFO - ✅ MySQL 数据库连接成功
2026-05-31 13:06:56,848 - baseDB.py - INFO - ✅ MySQL 执行成功，事务已提交
2026-05-31 13:06:56,848 - baseDB.py - INFO - 🔌 MySQL 连接已关闭
2026-05-31 13:06:56,876 - baseDB.py - INFO - ✅ MySQL 数据库连接成功
2026-05-31 13:07:36,453 - baseUtils.py - INFO - 配置文件读取成功：E:\develop\PythonProject\OrangeHRM\Config\配置文件.ini
2026-05-31 13:07:36,453 - globalManager.py - INFO - 全局变量管理器初始化成功
2026-05-31 13:07:36,615 - baseUtils.py - INFO - 配置文件读取成功：E:\develop\PythonProject\OrangeHRM\Config\配置文件.ini
2026-05-31 13:07:36,616 - baseUtils.py - INFO - 配置文件读取成功：E:\develop\PythonProject\OrangeHRM\Config\配置文件.ini
2026-05-31 13:07:36,871 - baseUtils.py - INFO - 配置文件读取成功：E:\develop\PythonProject\OrangeHRM\Config\配置文件.ini
2026-05-31 13:07:36,877 - baseData.py - INFO - 数据驱动读取成功：01登录接口
2026-05-31 13:07:36,878 - baseUtils.py - INFO - 配置文件读取成功：E:\develop\PythonProject\OrangeHRM\Config\配置文件.ini
2026-05-31 13:07:36,879 - baseData.py - INFO - 数据驱动读取成功：02添加员工接口
2026-05-31 13:07:36,880 - baseUtils.py - INFO - 配置文件读取成功：E:\develop\PythonProject\OrangeHRM\Config\配置文件.ini
2026-05-31 13:07:36,880 - baseData.py - INFO - 数据驱动读取成功：03指定查询
2026-05-31 13:07:37,391 - baseDB.py - INFO - ✅ MySQL 数据库连接成功
2026-05-31 13:07:37,391 - conftest - INFO - ✅ conftest: 获取数据库连接（MysqlHelp）
2026-05-31 13:07:37,393 - baseUtils.py - INFO - 配置文件读取成功：E:\develop\PythonProject\OrangeHRM\Config\配置文件.ini
2026-05-31 13:07:37,412 - baseDB.py - INFO - ✅ MySQL 数据库连接成功
2026-05-31 13:07:37,414 - baseAutoHttp.py - INFO - 【04更新员工:update_employee】接口调用开始
2026-05-31 13:07:37,417 - baseData.py - INFO - 动态参数替换成功：{'firstName': 'John', 'lastName': 'Doe', 'employeeId': '1001'}
2026-05-31 13:07:37,417 - baseAutoHttp.py - INFO - 请求方式: PUT
2026-05-31 13:07:37,417 - baseAutoHttp.py - INFO - 请求地址: http://127.0.0.1:8080/web/index.php/api/v2/pim/employees/5/personal-details
2026-05-31 13:07:37,417 - baseAutoHttp.py - INFO - 请求头: {'User-Agent': 'Mozilla/5.0 (Windows NT 10.0; Win64; x64) AppleWebKit/537.36 (KHTML, like Gecko) Chrome/148.0.0.0 Safari/537.36', 'Content-Type': 'application/json', 'Referer': 'http://127.0.0.1:8080/web/index.php/pim/viewPersonalDetails/empNumber/5', 'Origin': 'http://127.0.0.1:8080'}
2026-05-31 13:07:37,417 - baseAutoHttp.py - INFO - 请求参数: params=None | data=None | json={'birthday': None, 'drivingLicenseExpiredDate': None, 'drivingLicenseNo': None, 'employeeId': '1001', 'firstName': 'John', 'gender': None, 'lastName': 'Doe', 'middleName': None, 'otherId': None}
2026-05-31 13:07:37,494 - baseAutoHttp.py - INFO - 响应状态码: 500
2026-05-31 13:07:37,495 - baseAutoHttp.py - INFO - 响应耗时: 0.07614s
2026-05-31 13:07:37,495 - baseAutoHttp.py - INFO - 响应JSON: {'error': {'status': '500', 'message': 'Unexpected Error Occurred'}}
2026-05-31 13:07:37,495 - baseAutoHttp.py - INFO - 【04更新员工:update_employee】接口调用结束

2026-05-31 13:07:37,520 - baseDB.py - INFO - ✅ MySQL 数据库连接成功
2026-05-31 13:07:37,533 - baseDB.py - INFO - ✅ MySQL 执行成功，事务已提交
2026-05-31 13:07:37,533 - baseDB.py - INFO - 🔌 MySQL 连接已关闭
2026-05-31 13:07:37,542 - baseDB.py - INFO - ✅ MySQL 数据库连接成功
2026-05-31 13:07:37,545 - test_web_ohrm.py - INFO - ☑️【编辑已存在员工】用例执行成功
