2026-05-18 18:02:59,618 - baseUtils.py - INFO - 配置文件读取成功：E:\develop\PythonProject\OrangeHRM\Config\配置文件.ini
2026-05-18 18:02:59,619 - globalManager.py - INFO - 全局变量管理器初始化成功
2026-05-18 18:02:59,995 - baseUtils.py - INFO - 配置文件读取成功：E:\develop\PythonProject\OrangeHRM\Config\配置文件.ini
2026-05-18 18:02:59,996 - baseData.py - INFO - 数据驱动读取成功：01登录功能
2026-05-18 18:02:59,997 - baseUtils.py - INFO - 配置文件读取成功：E:\develop\PythonProject\OrangeHRM\Config\配置文件.ini
2026-05-18 18:02:59,998 - baseData.py - INFO - 数据驱动读取成功：02修改员工信息功能
2026-05-18 18:03:01,163 - conftest.py - INFO - ✅ 启动浏览器成功：chrome
2026-05-18 18:03:01,165 - baseUtils.py - INFO - 配置文件读取成功：E:\develop\PythonProject\OrangeHRM\Config\配置文件.ini
2026-05-18 18:03:01,165 - 01登录页面元素信息.yaml - INFO - ========== 开始执行 OrangeHRM 登录操作 ==========
2026-05-18 18:03:01,166 - baseUtils.py - INFO - 配置文件读取成功：E:\develop\PythonProject\OrangeHRM\Config\配置文件.ini
2026-05-18 18:03:06,683 - 01登录页面元素信息.yaml - INFO - ========== OrangeHRM 登录操作执行完成 ==========
2026-05-18 18:03:06,686 - baseUtils.py - INFO - 配置文件读取成功：E:\develop\PythonProject\OrangeHRM\Config\配置文件.ini
2026-05-18 18:03:10,956 - baseAutoWeb.py - INFO - 🔍 通用下拉选择：年假
2026-05-18 18:03:22,930 - baseAutoWeb.py - ERROR - ❌ 下拉选择失败：Message: 
Stacktrace:
	chromedriver!GetHandleVerifier [0x7ff726c00295+146d5]
	chromedriver!GetHandleVerifier [0x7ff726c00300+14740]
	chromedriver!(No symbol) [0x7ff72696d7cd]
	chromedriver!(No symbol) [0x7ff7269c6c4e]
	chromedriver!(No symbol) [0x7ff7269c6f5c]
	chromedriver!(No symbol) [0x7ff726a17cc7]
	chromedriver!(No symbol) [0x7ff726a14818]
	chromedriver!(No symbol) [0x7ff7269b9018]
	chromedriver!(No symbol) [0x7ff7269b9f03]
	chromedriver!GetHandleVerifier [0x7ff726f15949+329d89]
	chromedriver!GetHandleVerifier [0x7ff726f0fe96+3242d6]
	chromedriver!GetHandleVerifier [0x7ff726f33102+347542]
	chromedriver!GetHandleVerifier [0x7ff726c1d425+31865]
	chromedriver!GetHandleVerifier [0x7ff726c2605c+3a49c]
	chromedriver!GetHandleVerifier [0x7ff726c09684+1dac4]
	chromedriver!GetHandleVerifier [0x7ff726c09836+1dc76]
	chromedriver!GetHandleVerifier [0x7ff726bee347+2787]
	KERNEL32!BaseThreadInitThunk [0x7ffc4a11e8d7+17]
	ntdll!RtlUserThreadStart [0x7ffc4b40c3fc+2c]

2026-05-18 18:03:22,931 - 02修改员工信息.yaml - INFO - ✅ 选择成功
2026-05-18 18:03:25,138 - conftest.py - INFO - ✅ 浏览器驱动已退出
2026-05-18 18:03:45,987 - baseUtils.py - INFO - 配置文件读取成功：E:\develop\PythonProject\OrangeHRM\Config\配置文件.ini
2026-05-18 18:03:45,987 - globalManager.py - INFO - 全局变量管理器初始化成功
2026-05-18 18:03:46,293 - baseUtils.py - INFO - 配置文件读取成功：E:\develop\PythonProject\OrangeHRM\Config\配置文件.ini
2026-05-18 18:03:46,294 - baseData.py - INFO - 数据驱动读取成功：01登录功能
2026-05-18 18:03:46,295 - baseUtils.py - INFO - 配置文件读取成功：E:\develop\PythonProject\OrangeHRM\Config\配置文件.ini
2026-05-18 18:03:46,296 - baseData.py - INFO - 数据驱动读取成功：02修改员工信息功能
2026-05-18 18:03:47,455 - conftest.py - INFO - ✅ 启动浏览器成功：chrome
2026-05-18 18:03:47,456 - baseUtils.py - INFO - 配置文件读取成功：E:\develop\PythonProject\OrangeHRM\Config\配置文件.ini
2026-05-18 18:03:47,457 - 01登录页面元素信息.yaml - INFO - ========== 开始执行 OrangeHRM 登录操作 ==========
2026-05-18 18:03:47,458 - baseUtils.py - INFO - 配置文件读取成功：E:\develop\PythonProject\OrangeHRM\Config\配置文件.ini
2026-05-18 18:03:52,854 - 01登录页面元素信息.yaml - INFO - ========== OrangeHRM 登录操作执行完成 ==========
2026-05-18 18:03:52,856 - baseUtils.py - INFO - 配置文件读取成功：E:\develop\PythonProject\OrangeHRM\Config\配置文件.ini
2026-05-18 18:03:56,815 - baseAutoWeb.py - INFO - 🔍 通用下拉选择：年假
2026-05-18 18:04:08,779 - baseAutoWeb.py - ERROR - ❌ 下拉选择失败：Message: 
Stacktrace:
	chromedriver!GetHandleVerifier [0x7ff726c00295+146d5]
	chromedriver!GetHandleVerifier [0x7ff726c00300+14740]
	chromedriver!(No symbol) [0x7ff72696d7cd]
	chromedriver!(No symbol) [0x7ff7269c6c4e]
	chromedriver!(No symbol) [0x7ff7269c6f5c]
	chromedriver!(No symbol) [0x7ff726a17cc7]
	chromedriver!(No symbol) [0x7ff726a14818]
	chromedriver!(No symbol) [0x7ff7269b9018]
	chromedriver!(No symbol) [0x7ff7269b9f03]
	chromedriver!GetHandleVerifier [0x7ff726f15949+329d89]
	chromedriver!GetHandleVerifier [0x7ff726f0fe96+3242d6]
	chromedriver!GetHandleVerifier [0x7ff726f33102+347542]
	chromedriver!GetHandleVerifier [0x7ff726c1d425+31865]
	chromedriver!GetHandleVerifier [0x7ff726c2605c+3a49c]
	chromedriver!GetHandleVerifier [0x7ff726c09684+1dac4]
	chromedriver!GetHandleVerifier [0x7ff726c09836+1dc76]
	chromedriver!GetHandleVerifier [0x7ff726bee347+2787]
	KERNEL32!BaseThreadInitThunk [0x7ffc4a11e8d7+17]
	ntdll!RtlUserThreadStart [0x7ffc4b40c3fc+2c]

2026-05-18 18:04:08,780 - 02修改员工信息.yaml - INFO - ✅ 选择成功
2026-05-18 18:04:10,967 - conftest.py - INFO - ✅ 浏览器驱动已退出
2026-05-18 18:16:55,441 - baseUtils.py - INFO - 配置文件读取成功：E:\develop\PythonProject\OrangeHRM\Config\配置文件.ini
2026-05-18 18:16:55,441 - globalManager.py - INFO - 全局变量管理器初始化成功
2026-05-18 18:16:55,788 - baseUtils.py - INFO - 配置文件读取成功：E:\develop\PythonProject\OrangeHRM\Config\配置文件.ini
2026-05-18 18:16:55,789 - baseData.py - INFO - 数据驱动读取成功：01登录功能
2026-05-18 18:16:55,790 - baseUtils.py - INFO - 配置文件读取成功：E:\develop\PythonProject\OrangeHRM\Config\配置文件.ini
2026-05-18 18:16:55,791 - baseData.py - INFO - 数据驱动读取成功：02修改员工信息功能
2026-05-18 18:16:56,964 - conftest.py - INFO - ✅ 启动浏览器成功：chrome
2026-05-18 18:16:56,966 - baseUtils.py - INFO - 配置文件读取成功：E:\develop\PythonProject\OrangeHRM\Config\配置文件.ini
2026-05-18 18:16:56,966 - 01登录页面元素信息.yaml - INFO - ========== 开始执行 OrangeHRM 登录操作 ==========
2026-05-18 18:16:56,967 - baseUtils.py - INFO - 配置文件读取成功：E:\develop\PythonProject\OrangeHRM\Config\配置文件.ini
2026-05-18 18:17:02,509 - 01登录页面元素信息.yaml - INFO - ========== OrangeHRM 登录操作执行完成 ==========
2026-05-18 18:17:02,512 - baseUtils.py - INFO - 配置文件读取成功：E:\develop\PythonProject\OrangeHRM\Config\配置文件.ini
2026-05-18 18:17:06,701 - baseAutoWeb.py - INFO - 🔍 通用下拉选择：年假
2026-05-18 18:17:18,637 - baseAutoWeb.py - ERROR - ❌ 下拉选择失败：Message: 
Stacktrace:
	chromedriver!GetHandleVerifier [0x7ff726c00295+146d5]
	chromedriver!GetHandleVerifier [0x7ff726c00300+14740]
	chromedriver!(No symbol) [0x7ff72696d7cd]
	chromedriver!(No symbol) [0x7ff7269c6c4e]
	chromedriver!(No symbol) [0x7ff7269c6f5c]
	chromedriver!(No symbol) [0x7ff726a17cc7]
	chromedriver!(No symbol) [0x7ff726a14818]
	chromedriver!(No symbol) [0x7ff7269b9018]
	chromedriver!(No symbol) [0x7ff7269b9f03]
	chromedriver!GetHandleVerifier [0x7ff726f15949+329d89]
	chromedriver!GetHandleVerifier [0x7ff726f0fe96+3242d6]
	chromedriver!GetHandleVerifier [0x7ff726f33102+347542]
	chromedriver!GetHandleVerifier [0x7ff726c1d425+31865]
	chromedriver!GetHandleVerifier [0x7ff726c2605c+3a49c]
	chromedriver!GetHandleVerifier [0x7ff726c09684+1dac4]
	chromedriver!GetHandleVerifier [0x7ff726c09836+1dc76]
	chromedriver!GetHandleVerifier [0x7ff726bee347+2787]
	KERNEL32!BaseThreadInitThunk [0x7ffc4a11e8d7+17]
	ntdll!RtlUserThreadStart [0x7ffc4b40c3fc+2c]

2026-05-18 18:17:18,667 - 02修改员工信息.yaml - INFO - None
2026-05-18 18:17:18,668 - 02修改员工信息.yaml - INFO - ✅ 选择成功
2026-05-18 18:17:20,879 - conftest.py - INFO - ✅ 浏览器驱动已退出
2026-05-18 18:22:34,674 - baseUtils.py - INFO - 配置文件读取成功：E:\develop\PythonProject\OrangeHRM\Config\配置文件.ini
2026-05-18 18:22:34,674 - globalManager.py - INFO - 全局变量管理器初始化成功
2026-05-18 18:22:35,009 - baseUtils.py - INFO - 配置文件读取成功：E:\develop\PythonProject\OrangeHRM\Config\配置文件.ini
2026-05-18 18:22:35,010 - baseData.py - INFO - 数据驱动读取成功：01登录功能
2026-05-18 18:22:35,011 - baseUtils.py - INFO - 配置文件读取成功：E:\develop\PythonProject\OrangeHRM\Config\配置文件.ini
2026-05-18 18:22:35,012 - baseData.py - INFO - 数据驱动读取成功：02修改员工信息功能
2026-05-18 18:22:36,180 - conftest.py - INFO - ✅ 启动浏览器成功：chrome
2026-05-18 18:22:36,181 - baseUtils.py - INFO - 配置文件读取成功：E:\develop\PythonProject\OrangeHRM\Config\配置文件.ini
2026-05-18 18:22:36,182 - 01登录页面元素信息.yaml - INFO - ========== 开始执行 OrangeHRM 登录操作 ==========
2026-05-18 18:22:36,183 - baseUtils.py - INFO - 配置文件读取成功：E:\develop\PythonProject\OrangeHRM\Config\配置文件.ini
2026-05-18 18:22:41,716 - 01登录页面元素信息.yaml - INFO - ========== OrangeHRM 登录操作执行完成 ==========
2026-05-18 18:22:41,719 - baseUtils.py - INFO - 配置文件读取成功：E:\develop\PythonProject\OrangeHRM\Config\配置文件.ini
2026-05-18 18:22:45,876 - baseAutoWeb.py - INFO - 🔍 通用下拉选择：年假
2026-05-18 18:22:57,787 - baseAutoWeb.py - ERROR - ❌ 下拉选择失败：Message: 
Stacktrace:
	chromedriver!GetHandleVerifier [0x7ff726c00295+146d5]
	chromedriver!GetHandleVerifier [0x7ff726c00300+14740]
	chromedriver!(No symbol) [0x7ff72696d7cd]
	chromedriver!(No symbol) [0x7ff7269c6c4e]
	chromedriver!(No symbol) [0x7ff7269c6f5c]
	chromedriver!(No symbol) [0x7ff726a17cc7]
	chromedriver!(No symbol) [0x7ff726a14818]
	chromedriver!(No symbol) [0x7ff7269b9018]
	chromedriver!(No symbol) [0x7ff7269b9f03]
	chromedriver!GetHandleVerifier [0x7ff726f15949+329d89]
	chromedriver!GetHandleVerifier [0x7ff726f0fe96+3242d6]
	chromedriver!GetHandleVerifier [0x7ff726f33102+347542]
	chromedriver!GetHandleVerifier [0x7ff726c1d425+31865]
	chromedriver!GetHandleVerifier [0x7ff726c2605c+3a49c]
	chromedriver!GetHandleVerifier [0x7ff726c09684+1dac4]
	chromedriver!GetHandleVerifier [0x7ff726c09836+1dc76]
	chromedriver!GetHandleVerifier [0x7ff726bee347+2787]
	KERNEL32!BaseThreadInitThunk [0x7ffc4a11e8d7+17]
	ntdll!RtlUserThreadStart [0x7ffc4b40c3fc+2c]

2026-05-18 18:22:57,819 - baseAutoWeb.py - INFO - ✅ 获取下拉选中值：-- Select --
2026-05-18 18:22:57,819 - 02修改员工信息.yaml - INFO - -- Select --
2026-05-18 18:22:57,819 - 02修改员工信息.yaml - INFO - ✅ 选择成功
2026-05-18 18:23:00,015 - conftest.py - INFO - ✅ 浏览器驱动已退出
2026-05-18 18:33:36,831 - baseUtils.py - INFO - 配置文件读取成功：E:\develop\PythonProject\OrangeHRM\Config\配置文件.ini
2026-05-18 18:33:36,831 - globalManager.py - INFO - 全局变量管理器初始化成功
2026-05-18 18:33:37,185 - baseUtils.py - INFO - 配置文件读取成功：E:\develop\PythonProject\OrangeHRM\Config\配置文件.ini
2026-05-18 18:33:37,187 - baseData.py - INFO - 数据驱动读取成功：01登录功能
2026-05-18 18:33:37,188 - baseUtils.py - INFO - 配置文件读取成功：E:\develop\PythonProject\OrangeHRM\Config\配置文件.ini
2026-05-18 18:33:37,189 - baseData.py - INFO - 数据驱动读取成功：02修改员工信息功能
2026-05-18 18:33:38,350 - conftest.py - INFO - ✅ 启动浏览器成功：chrome
2026-05-18 18:33:38,352 - baseUtils.py - INFO - 配置文件读取成功：E:\develop\PythonProject\OrangeHRM\Config\配置文件.ini
2026-05-18 18:33:38,352 - 01登录页面元素信息.yaml - INFO - ========== 开始执行 OrangeHRM 登录操作 ==========
2026-05-18 18:33:38,353 - baseUtils.py - INFO - 配置文件读取成功：E:\develop\PythonProject\OrangeHRM\Config\配置文件.ini
2026-05-18 18:33:44,743 - 01登录页面元素信息.yaml - INFO - ========== OrangeHRM 登录操作执行完成 ==========
2026-05-18 18:33:44,745 - baseUtils.py - INFO - 配置文件读取成功：E:\develop\PythonProject\OrangeHRM\Config\配置文件.ini
2026-05-18 18:33:48,003 - baseAutoWeb.py - INFO - 🔍 通用下拉选择：年假
2026-05-18 18:33:59,918 - baseAutoWeb.py - ERROR - ❌ 下拉选择失败：Message: 
Stacktrace:
	chromedriver!GetHandleVerifier [0x7ff726c00295+146d5]
	chromedriver!GetHandleVerifier [0x7ff726c00300+14740]
	chromedriver!(No symbol) [0x7ff72696d7cd]
	chromedriver!(No symbol) [0x7ff7269c6c4e]
	chromedriver!(No symbol) [0x7ff7269c6f5c]
	chromedriver!(No symbol) [0x7ff726a17cc7]
	chromedriver!(No symbol) [0x7ff726a14818]
	chromedriver!(No symbol) [0x7ff7269b9018]
	chromedriver!(No symbol) [0x7ff7269b9f03]
	chromedriver!GetHandleVerifier [0x7ff726f15949+329d89]
	chromedriver!GetHandleVerifier [0x7ff726f0fe96+3242d6]
	chromedriver!GetHandleVerifier [0x7ff726f33102+347542]
	chromedriver!GetHandleVerifier [0x7ff726c1d425+31865]
	chromedriver!GetHandleVerifier [0x7ff726c2605c+3a49c]
	chromedriver!GetHandleVerifier [0x7ff726c09684+1dac4]
	chromedriver!GetHandleVerifier [0x7ff726c09836+1dc76]
	chromedriver!GetHandleVerifier [0x7ff726bee347+2787]
	KERNEL32!BaseThreadInitThunk [0x7ffc4a11e8d7+17]
	ntdll!RtlUserThreadStart [0x7ffc4b40c3fc+2c]

2026-05-18 18:34:00,553 - 02修改员工信息.yaml - INFO - 点击申请
2026-05-18 18:34:00,554 - baseUtils.py - INFO - 配置文件读取成功：E:\develop\PythonProject\OrangeHRM\Config\配置文件.ini
2026-05-18 18:34:05,221 - conftest.py - INFO - ✅ 浏览器驱动已退出
2026-05-18 18:43:02,849 - baseUtils.py - INFO - 配置文件读取成功：E:\develop\PythonProject\OrangeHRM\Config\配置文件.ini
2026-05-18 18:43:02,850 - globalManager.py - INFO - 全局变量管理器初始化成功
2026-05-18 18:43:03,175 - baseUtils.py - INFO - 配置文件读取成功：E:\develop\PythonProject\OrangeHRM\Config\配置文件.ini
2026-05-18 18:43:03,176 - baseData.py - INFO - 数据驱动读取成功：01登录功能
2026-05-18 18:43:03,177 - baseUtils.py - INFO - 配置文件读取成功：E:\develop\PythonProject\OrangeHRM\Config\配置文件.ini
2026-05-18 18:43:03,178 - baseData.py - INFO - 数据驱动读取成功：02修改员工信息功能
2026-05-18 18:43:04,341 - conftest.py - INFO - ✅ 启动浏览器成功：chrome
2026-05-18 18:43:04,342 - baseUtils.py - INFO - 配置文件读取成功：E:\develop\PythonProject\OrangeHRM\Config\配置文件.ini
2026-05-18 18:43:04,343 - 01登录页面元素信息.yaml - INFO - ========== 开始执行 OrangeHRM 登录操作 ==========
2026-05-18 18:43:04,344 - baseUtils.py - INFO - 配置文件读取成功：E:\develop\PythonProject\OrangeHRM\Config\配置文件.ini
2026-05-18 18:43:09,850 - 01登录页面元素信息.yaml - INFO - ========== OrangeHRM 登录操作执行完成 ==========
2026-05-18 18:43:09,852 - baseUtils.py - INFO - 配置文件读取成功：E:\develop\PythonProject\OrangeHRM\Config\配置文件.ini
2026-05-18 18:43:14,243 - baseAutoWeb.py - INFO - 🔍 通用下拉选择：年假
2026-05-18 18:43:26,159 - baseAutoWeb.py - ERROR - ❌ 下拉选择失败：Message: 
Stacktrace:
	chromedriver!GetHandleVerifier [0x7ff726c00295+146d5]
	chromedriver!GetHandleVerifier [0x7ff726c00300+14740]
	chromedriver!(No symbol) [0x7ff72696d7cd]
	chromedriver!(No symbol) [0x7ff7269c6c4e]
	chromedriver!(No symbol) [0x7ff7269c6f5c]
	chromedriver!(No symbol) [0x7ff726a17cc7]
	chromedriver!(No symbol) [0x7ff726a14818]
	chromedriver!(No symbol) [0x7ff7269b9018]
	chromedriver!(No symbol) [0x7ff7269b9f03]
	chromedriver!GetHandleVerifier [0x7ff726f15949+329d89]
	chromedriver!GetHandleVerifier [0x7ff726f0fe96+3242d6]
	chromedriver!GetHandleVerifier [0x7ff726f33102+347542]
	chromedriver!GetHandleVerifier [0x7ff726c1d425+31865]
	chromedriver!GetHandleVerifier [0x7ff726c2605c+3a49c]
	chromedriver!GetHandleVerifier [0x7ff726c09684+1dac4]
	chromedriver!GetHandleVerifier [0x7ff726c09836+1dc76]
	chromedriver!GetHandleVerifier [0x7ff726bee347+2787]
	KERNEL32!BaseThreadInitThunk [0x7ffc4a11e8d7+17]
	ntdll!RtlUserThreadStart [0x7ffc4b40c3fc+2c]

2026-05-18 18:43:26,191 - baseAutoWeb.py - INFO - ✅ 获取下拉选中值：
2026-05-18 18:43:26,191 - 02修改员工信息.yaml - INFO - 
2026-05-18 18:43:26,786 - 02修改员工信息.yaml - INFO - 点击申请
2026-05-18 18:43:26,787 - baseUtils.py - INFO - 配置文件读取成功：E:\develop\PythonProject\OrangeHRM\Config\配置文件.ini
2026-05-18 18:43:31,400 - conftest.py - INFO - ✅ 浏览器驱动已退出
2026-05-18 18:44:06,731 - baseUtils.py - INFO - 配置文件读取成功：E:\develop\PythonProject\OrangeHRM\Config\配置文件.ini
2026-05-18 18:44:06,732 - globalManager.py - INFO - 全局变量管理器初始化成功
2026-05-18 18:44:07,037 - baseUtils.py - INFO - 配置文件读取成功：E:\develop\PythonProject\OrangeHRM\Config\配置文件.ini
2026-05-18 18:44:07,039 - baseData.py - INFO - 数据驱动读取成功：01登录功能
2026-05-18 18:44:07,040 - baseUtils.py - INFO - 配置文件读取成功：E:\develop\PythonProject\OrangeHRM\Config\配置文件.ini
2026-05-18 18:44:07,041 - baseData.py - INFO - 数据驱动读取成功：02修改员工信息功能
2026-05-18 18:44:08,214 - conftest.py - INFO - ✅ 启动浏览器成功：chrome
2026-05-18 18:44:08,216 - baseUtils.py - INFO - 配置文件读取成功：E:\develop\PythonProject\OrangeHRM\Config\配置文件.ini
2026-05-18 18:44:08,216 - 01登录页面元素信息.yaml - INFO - ========== 开始执行 OrangeHRM 登录操作 ==========
2026-05-18 18:44:08,217 - baseUtils.py - INFO - 配置文件读取成功：E:\develop\PythonProject\OrangeHRM\Config\配置文件.ini
2026-05-18 18:44:13,655 - 01登录页面元素信息.yaml - INFO - ========== OrangeHRM 登录操作执行完成 ==========
2026-05-18 18:44:13,657 - baseUtils.py - INFO - 配置文件读取成功：E:\develop\PythonProject\OrangeHRM\Config\配置文件.ini
2026-05-18 18:44:17,641 - baseAutoWeb.py - INFO - 🔍 通用下拉选择：年假
2026-05-18 18:44:29,566 - baseAutoWeb.py - ERROR - ❌ 下拉选择失败：Message: 
Stacktrace:
	chromedriver!GetHandleVerifier [0x7ff726c00295+146d5]
	chromedriver!GetHandleVerifier [0x7ff726c00300+14740]
	chromedriver!(No symbol) [0x7ff72696d7cd]
	chromedriver!(No symbol) [0x7ff7269c6c4e]
	chromedriver!(No symbol) [0x7ff7269c6f5c]
	chromedriver!(No symbol) [0x7ff726a17cc7]
	chromedriver!(No symbol) [0x7ff726a14818]
	chromedriver!(No symbol) [0x7ff7269b9018]
	chromedriver!(No symbol) [0x7ff7269b9f03]
	chromedriver!GetHandleVerifier [0x7ff726f15949+329d89]
	chromedriver!GetHandleVerifier [0x7ff726f0fe96+3242d6]
	chromedriver!GetHandleVerifier [0x7ff726f33102+347542]
	chromedriver!GetHandleVerifier [0x7ff726c1d425+31865]
	chromedriver!GetHandleVerifier [0x7ff726c2605c+3a49c]
	chromedriver!GetHandleVerifier [0x7ff726c09684+1dac4]
	chromedriver!GetHandleVerifier [0x7ff726c09836+1dc76]
	chromedriver!GetHandleVerifier [0x7ff726bee347+2787]
	KERNEL32!BaseThreadInitThunk [0x7ffc4a11e8d7+17]
	ntdll!RtlUserThreadStart [0x7ffc4b40c3fc+2c]

2026-05-18 18:44:29,602 - baseAutoWeb.py - INFO - ✅ 获取下拉选中值：
2026-05-18 18:44:29,602 - 02修改员工信息.yaml - INFO - 
2026-05-18 18:44:30,248 - 02修改员工信息.yaml - INFO - 点击申请
2026-05-18 18:44:30,250 - baseUtils.py - INFO - 配置文件读取成功：E:\develop\PythonProject\OrangeHRM\Config\配置文件.ini
2026-05-18 18:44:34,849 - conftest.py - INFO - ✅ 浏览器驱动已退出
2026-05-18 18:55:54,773 - baseUtils.py - INFO - 配置文件读取成功：E:\develop\PythonProject\OrangeHRM\Config\配置文件.ini
2026-05-18 18:55:54,773 - globalManager.py - INFO - 全局变量管理器初始化成功
2026-05-18 18:55:55,122 - baseUtils.py - INFO - 配置文件读取成功：E:\develop\PythonProject\OrangeHRM\Config\配置文件.ini
2026-05-18 18:55:55,124 - baseData.py - INFO - 数据驱动读取成功：01登录功能
2026-05-18 18:55:55,125 - baseUtils.py - INFO - 配置文件读取成功：E:\develop\PythonProject\OrangeHRM\Config\配置文件.ini
2026-05-18 18:55:55,126 - baseData.py - INFO - 数据驱动读取成功：02修改员工信息功能
2026-05-18 18:55:56,286 - conftest.py - INFO - ✅ 启动浏览器成功：chrome
2026-05-18 18:55:56,288 - baseUtils.py - INFO - 配置文件读取成功：E:\develop\PythonProject\OrangeHRM\Config\配置文件.ini
2026-05-18 18:55:56,288 - 01登录页面元素信息.yaml - INFO - ========== 开始执行 OrangeHRM 登录操作 ==========
2026-05-18 18:55:56,289 - baseUtils.py - INFO - 配置文件读取成功：E:\develop\PythonProject\OrangeHRM\Config\配置文件.ini
2026-05-18 18:56:02,675 - 01登录页面元素信息.yaml - INFO - ========== OrangeHRM 登录操作执行完成 ==========
2026-05-18 18:56:02,679 - baseUtils.py - INFO - 配置文件读取成功：E:\develop\PythonProject\OrangeHRM\Config\配置文件.ini
2026-05-18 18:56:06,936 - baseAutoWeb.py - INFO - 🔍 通用下拉选择：年假
2026-05-18 18:56:14,140 - baseAutoWeb.py - INFO - ✅ 通用自定义下拉选择成功
2026-05-18 18:56:14,191 - 02修改员工信息.yaml - INFO - 
2026-05-18 18:56:14,849 - 02修改员工信息.yaml - INFO - 点击申请
2026-05-18 18:56:14,851 - baseUtils.py - INFO - 配置文件读取成功：E:\develop\PythonProject\OrangeHRM\Config\配置文件.ini
2026-05-18 18:56:19,441 - conftest.py - INFO - ✅ 浏览器驱动已退出
2026-05-18 18:58:49,563 - baseUtils.py - INFO - 配置文件读取成功：E:\develop\PythonProject\OrangeHRM\Config\配置文件.ini
2026-05-18 18:58:49,564 - globalManager.py - INFO - 全局变量管理器初始化成功
2026-05-18 18:58:49,897 - baseUtils.py - INFO - 配置文件读取成功：E:\develop\PythonProject\OrangeHRM\Config\配置文件.ini
2026-05-18 18:58:49,898 - baseData.py - INFO - 数据驱动读取成功：01登录功能
2026-05-18 18:58:49,899 - baseUtils.py - INFO - 配置文件读取成功：E:\develop\PythonProject\OrangeHRM\Config\配置文件.ini
2026-05-18 18:58:49,900 - baseData.py - INFO - 数据驱动读取成功：02修改员工信息功能
2026-05-18 18:58:51,065 - conftest.py - INFO - ✅ 启动浏览器成功：chrome
2026-05-18 18:58:51,067 - baseUtils.py - INFO - 配置文件读取成功：E:\develop\PythonProject\OrangeHRM\Config\配置文件.ini
2026-05-18 18:58:51,067 - 01登录页面元素信息.yaml - INFO - ========== 开始执行 OrangeHRM 登录操作 ==========
2026-05-18 18:58:51,068 - baseUtils.py - INFO - 配置文件读取成功：E:\develop\PythonProject\OrangeHRM\Config\配置文件.ini
2026-05-18 18:58:56,591 - 01登录页面元素信息.yaml - INFO - ========== OrangeHRM 登录操作执行完成 ==========
2026-05-18 18:58:56,594 - baseUtils.py - INFO - 配置文件读取成功：E:\develop\PythonProject\OrangeHRM\Config\配置文件.ini
2026-05-18 18:59:00,809 - baseAutoWeb.py - INFO - 🔍 通用下拉选择：年假
2026-05-18 18:59:07,873 - baseAutoWeb.py - INFO - ✅ 通用自定义下拉选择成功
2026-05-18 18:59:07,924 - 02修改员工信息.yaml - INFO - 
2026-05-18 18:59:08,636 - 02修改员工信息.yaml - INFO - 点击申请
2026-05-18 18:59:08,638 - baseUtils.py - INFO - 配置文件读取成功：E:\develop\PythonProject\OrangeHRM\Config\配置文件.ini
2026-05-18 18:59:13,246 - conftest.py - INFO - ✅ 浏览器驱动已退出
