2026-05-18 16:53:23,938 - baseUtils.py - INFO - 配置文件读取成功：E:\develop\PythonProject\OrangeHRM\Config\配置文件.ini
2026-05-18 16:53:23,939 - globalManager.py - INFO - 全局变量管理器初始化成功
2026-05-18 16:53:25,097 - baseUtils.py - INFO - 配置文件读取成功：E:\develop\PythonProject\OrangeHRM\Config\配置文件.ini
2026-05-18 16:53:25,099 - baseData.py - INFO - 数据驱动读取成功：01登录功能
2026-05-18 16:53:25,100 - baseUtils.py - INFO - 配置文件读取成功：E:\develop\PythonProject\OrangeHRM\Config\配置文件.ini
2026-05-18 16:53:25,101 - baseData.py - INFO - 数据驱动读取成功：02修改员工信息功能
2026-05-18 16:53:27,979 - conftest.py - INFO - ✅ 启动浏览器成功：chrome
2026-05-18 16:53:27,982 - baseUtils.py - INFO - 配置文件读取成功：E:\develop\PythonProject\OrangeHRM\Config\配置文件.ini
2026-05-18 16:53:27,982 - 01登录页面元素信息.yaml - INFO - ========== 开始执行 OrangeHRM 登录操作 ==========
2026-05-18 16:53:27,984 - baseUtils.py - INFO - 配置文件读取成功：E:\develop\PythonProject\OrangeHRM\Config\配置文件.ini
2026-05-18 16:53:33,458 - 01登录页面元素信息.yaml - INFO - ========== OrangeHRM 登录操作执行完成 ==========
2026-05-18 16:53:33,460 - test_web_ohrm.py - INFO - ========== 开始执行【修改员工生日】用例 ==========
2026-05-18 16:53:33,461 - baseUtils.py - INFO - 配置文件读取成功：E:\develop\PythonProject\OrangeHRM\Config\配置文件.ini
2026-05-18 16:53:37,566 - 02修改员工信息.yaml - INFO - ✅ 点击个人信息管理系统
2026-05-18 16:53:38,133 - 02修改员工信息.yaml - INFO - ✅ 输入搜索内容：Shengqiang
2026-05-18 16:53:38,341 - 02修改员工信息.yaml - INFO - ✅ 点击搜索按钮
2026-05-18 16:53:39,264 - 02修改员工信息.yaml - INFO - ✅ 点击员工：Shengqiang
2026-05-18 16:53:41,527 - 02修改员工信息.yaml - INFO - ✅ 清空生日输入框
2026-05-18 16:53:41,527 - baseAutoWeb.py - INFO - 📅 开始选择日期：1995-01-01，定位KEY：workerupdate/birtext
2026-05-18 16:53:42,294 - baseAutoWeb.py - INFO - ✅ 日历面板加载成功
2026-05-18 16:53:52,341 - baseAutoWeb.py - ERROR - ❌ 日历元素未找到，请检查YAML定位
2026-05-18 16:53:52,533 - 02修改员工信息.yaml - INFO - ✅ 生日修改完成：1995-01-01，点击保存
2026-05-18 16:53:52,534 - baseUtils.py - INFO - 配置文件读取成功：E:\develop\PythonProject\OrangeHRM\Config\配置文件.ini
2026-05-18 16:53:55,535 - conftest.py - INFO - ✅ 浏览器驱动已退出
